{"Time":"2026-10-03T22:47:24.106169-03:00","Action":"start","Package":"go/ast"}
{"Time":"2026-10-03T22:47:24.296249-03:00","Action":"run","Package":"go/ast","Test":"TestCommentText"}
{"Time":"2026-10-03T22:47:24.296408-03:00","Action":"output","Package":"go/ast","Test":"TestCommentText","Output":"=== RUN   TestCommentText\n","OutputType":"frame"}
{"Time":"2026-10-03T22:47:24.296517-03:00","Action":"output","Package":"go/ast","Test":"TestCommentText","Output":"--- PASS: TestCommentText (0.00s)\n","OutputType":"frame"}
{"Time":"2026-10-03T22:47:24.296529-03:00","Action":"pass","Package":"go/ast","Test":"TestCommentText","Elapsed":0}
{"Time":"2026-10-03T22:47:24.296546-03:00","Action":"run","Package":"go/ast","Test":"TestIsDirective"}
{"Time":"2026-10-03T22:47:24.296555-03:00","Action":"output","Package":"go/ast","Test":"TestIsDirective","Output":"=== RUN   TestIsDirective\n","OutputType":"frame"}
{"Time":"2026-10-03T22:47:24.296568-03:00","Action":"output","Package":"go/ast","Test":"TestIsDirective","Output":"--- PASS: TestIsDirective (0.00s)\n","OutputType":"frame"}
{"Time":"2026-10-03T22:47:24.296577-03:00","Action":"pass","Package":"go/ast","Test":"TestIsDirective","Elapsed":0}
{"Time":"2026-10-03T22:47:24.29659-03:00","Action":"run","Package":"go/ast","Test":"TestParseDirectiveMatchesIsDirective"}
{"Time":"2026-10-03T22:47:24.296599-03:00","Action":"output","Package":"go/ast","Test":"TestParseDirectiveMatchesIsDirective","Output":"=== RUN   TestParseDirectiveMatchesIsDirective\n","OutputType":"frame"}
{"Time":"2026-10-03T22:47:24.296631-03:00","Action":"output","Package":"go/ast","Test":"TestParseDirectiveMatchesIsDirective","Output":"--- PASS: TestParseDirectiveMatchesIsDirective (0.00s)\n","OutputType":"frame"}
{"Time":"2026-10-03T22:47:24.296646-03:00","Action":"pass","Package":"go/ast","Test":"TestParseDirectiveMatchesIsDirective","Elapsed":0}
{"Time":"2026-10-03T22:47:24.296655-03:00","Action":"run","Package":"go/ast","Test":"TestParseDirective"}
{"Time":"2026-10-03T22:47:24.296662-03:00","Action":"output","Package":"go/ast","Test":"TestParseDirective","Output":"=== RUN   TestParseDirective\n","OutputType":"frame"}
{"Time":"2026-10-03T22:47:24.296671-03:00","Action":"run","Package":"go/ast","Test":"TestParseDirective/valid"}
{"Time":"2026-10-03T22:47:24.296691-03:00","Action":"output","Package":"go/ast","Test":"TestParseDirective/valid","Output":"=== RUN   TestParseDirective/valid\n","OutputType":"frame"}
{"Time":"2026-10-03T22:47:24.296707-03:00","Action":"output","Package":"go/ast","Test":"TestParseDirective/valid","Output":"--- PASS: TestParseDirective/valid (0.00s)\n","OutputType":"frame"}
{"Time":"2026-10-03T22:47:24.296716-03:00","Action":"pass","Package":"go/ast","Test":"TestParseDirective/valid","Elapsed":0}
{"Time":"2026-10-03T22:47:24.296724-03:00","Action":"run","Package":"go/ast","Test":"TestParseDirective/no_args"}
{"Time":"2026-10-03T22:47:24.296732-03:00","Action":"output","Package":"go/ast","Test":"TestParseDirective/no_args","Output":"=== RUN   TestParseDirective/no_args\n","OutputType":"frame"}
{"Time":"2026-10-03T22:47:24.29674-03:00","Action":"output","Package":"go/ast","Test":"TestParseDirective/no_args","Output":"--- PASS: TestParseDirective/no_args (0.00s)\n","OutputType":"frame"}
{"Time":"2026-10-03T22:47:24.296749-03:00","Action":"pass","Package":"go/ast","Test":"TestParseDirective/no_args","Elapsed":0}
{"Time":"2026-10-03T22:47:24.296757-03:00","Action":"run","Package":"go/ast","Test":"TestParseDirective/not_a_directive"}
{"Time":"2026-10-03T22:47:24.296764-03:00","Action":"output","Package":"go/ast","Test":"TestParseDirective/not_a_directive","Output":"=== RUN   TestParseDirective/not_a_directive\n","OutputType":"frame"}
{"Time":"2026-10-03T22:47:24.296781-03:00","Action":"output","Package":"go/ast","Test":"TestParseDirective/not_a_directive","Output":"--- PASS: TestParseDirective/not_a_directive (0.00s)\n","OutputType":"frame"}
{"Time":"2026-10-03T22:47:24.296791-03:00","Action":"pass","Package":"go/ast","Test":"TestParseDirective/not_a_directive","Elapsed":0}
{"Time":"2026-10-03T22:47:24.296799-03:00","Action":"run","Package":"go/ast","Test":"TestParseDirective/not_a_comment"}
{"Time":"2026-10-03T22:47:24.296832-03:00","Action":"output","Package":"go/ast","Test":"TestParseDirective/not_a_comment","Output":"=== RUN   TestParseDirective/not_a_comment\n","OutputType":"frame"}
{"Time":"2026-10-03T22:47:24.296841-03:00","Action":"output","Package":"go/ast","Test":"TestParseDirective/not_a_comment","Output":"--- PASS: TestParseDirective/not_a_comment (0.00s)\n","OutputType":"frame"}
{"Time":"2026-10-03T22:47:24.296857-03:00","Action":"pass","Package":"go/ast","Test":"TestParseDirective/not_a_comment","Elapsed":0}
{"Time":"2026-10-03T22:47:24.296866-03:00","Action":"run","Package":"go/ast","Test":"TestParseDirective/empty"}
{"Time":"2026-10-03T22:47:24.296893-03:00","Action":"output","Package":"go/ast","Test":"TestParseDirective/empty","Output":"=== RUN   TestParseDirective/empty\n","OutputType":"frame"}
{"Time":"2026-10-03T22:47:24.296903-03:00","Action":"output","Package":"go/ast","Test":"TestParseDirective/empty","Output":"--- PASS: TestParseDirective/empty (0.00s)\n","OutputType":"frame"}
{"Time":"2026-10-03T22:47:24.296911-03:00","Action":"pass","Package":"go/ast","Test":"TestParseDirective/empty","Elapsed":0}
{"Time":"2026-10-03T22:47:24.296918-03:00","Action":"run","Package":"go/ast","Test":"TestParseDirective/just_slashes"}
{"Time":"2026-10-03T22:47:24.296925-03:00","Action":"output","Package":"go/ast","Test":"TestParseDirective/just_slashes","Output":"=== RUN   TestParseDirective/just_slashes\n","OutputType":"frame"}
{"Time":"2026-10-03T22:47:24.296934-03:00","Action":"output","Package":"go/ast","Test":"TestParseDirective/just_slashes","Output":"--- PASS: TestParseDirective/just_slashes (0.00s)\n","OutputType":"frame"}
{"Time":"2026-10-03T22:47:24.296942-03:00","Action":"pass","Package":"go/ast","Test":"TestParseDirective/just_slashes","Elapsed":0}
{"Time":"2026-10-03T22:47:24.29695-03:00","Action":"run","Package":"go/ast","Test":"TestParseDirective/no_name"}
{"Time":"2026-10-03T22:47:24.296957-03:00","Action":"output","Package":"go/ast","Test":"TestParseDirective/no_name","Output":"=== RUN   TestParseDirective/no_name\n","OutputType":"frame"}
{"Time":"2026-10-03T22:47:24.296971-03:00","Action":"output","Package":"go/ast","Test":"TestParseDirective/no_name","Output":"--- PASS: TestParseDirective/no_name (0.00s)\n","OutputType":"frame"}
{"Time":"2026-10-03T22:47:24.29698-03:00","Action":"pass","Package":"go/ast","Test":"TestParseDirective/no_name","Elapsed":0}
{"Time":"2026-10-03T22:47:24.296987-03:00","Action":"run","Package":"go/ast","Test":"TestParseDirective/no_tool"}
{"Time":"2026-10-03T22:47:24.296994-03:00","Action":"output","Package":"go/ast","Test":"TestParseDirective/no_tool","Output":"=== RUN   TestParseDirective/no_tool\n","OutputType":"frame"}
{"Time":"2026-10-03T22:47:24.297002-03:00","Action":"output","Package":"go/ast","Test":"TestParseDirective/no_tool","Output":"--- PASS: TestParseDirective/no_tool (0.00s)\n","OutputType":"frame"}
{"Time":"2026-10-03T22:47:24.29701-03:00","Action":"pass","Package":"go/ast","Test":"TestParseDirective/no_tool","Elapsed":0}
{"Time":"2026-10-03T22:47:24.297021-03:00","Action":"run","Package":"go/ast","Test":"TestParseDirective/multiple_spaces"}
{"Time":"2026-10-03T22:47:24.297029-03:00","Action":"output","Package":"go/ast","Test":"TestParseDirective/multiple_spaces","Output":"=== RUN   TestParseDirective/multiple_spaces\n","OutputType":"frame"}
{"Time":"2026-10-03T22:47:24.297043-03:00","Action":"output","Package":"go/ast","Test":"TestParseDirective/multiple_spaces","Output":"--- PASS: TestParseDirective/multiple_spaces (0.00s)\n","OutputType":"frame"}
{"Time":"2026-10-03T22:47:24.297052-03:00","Action":"pass","Package":"go/ast","Test":"TestParseDirective/multiple_spaces","Elapsed":0}
{"Time":"2026-10-03T22:47:24.297059-03:00","Action":"run","Package":"go/ast","Test":"TestParseDirective/trailing_space"}
{"Time":"2026-10-03T22:47:24.297066-03:00","Action":"output","Package":"go/ast","Test":"TestParseDirective/trailing_space","Output":"=== RUN   TestParseDirective/trailing_space\n","OutputType":"frame"}
{"Time":"2026-10-03T22:47:24.297083-03:00","Action":"output","Package":"go/ast","Test":"TestParseDirective/trailing_space","Output":"--- PASS: TestParseDirective/trailing_space (0.00s)\n","OutputType":"frame"}
{"Time":"2026-10-03T22:47:24.297091-03:00","Action":"pass","Package":"go/ast","Test":"TestParseDirective/trailing_space","Elapsed":0}
{"Time":"2026-10-03T22:47:24.297099-03:00","Action":"output","Package":"go/ast","Test":"TestParseDirective","Output":"--- PASS: TestParseDirective (0.00s)\n","OutputType":"frame"}
{"Time":"2026-10-03T22:47:24.297107-03:00","Action":"pass","Package":"go/ast","Test":"TestParseDirective","Elapsed":0}
{"Time":"2026-10-03T22:47:24.297114-03:00","Action":"run","Package":"go/ast","Test":"TestParseArgs"}
{"Time":"2026-10-03T22:47:24.297121-03:00","Action":"output","Package":"go/ast","Test":"TestParseArgs","Output":"=== RUN   TestParseArgs\n","OutputType":"frame"}
{"Time":"2026-10-03T22:47:24.297129-03:00","Action":"run","Package":"go/ast","Test":"TestParseArgs/simple"}
{"Time":"2026-10-03T22:47:24.297136-03:00","Action":"output","Package":"go/ast","Test":"TestParseArgs/simple","Output":"=== RUN   TestParseArgs/simple\n","OutputType":"frame"}
{"Time":"2026-10-03T22:47:24.297144-03:00","Action":"output","Package":"go/ast","Test":"TestParseArgs/simple","Output":"--- PASS: TestParseArgs/simple (0.00s)\n","OutputType":"frame"}
{"Time":"2026-10-03T22:47:24.297152-03:00","Action":"pass","Package":"go/ast","Test":"TestParseArgs/simple","Elapsed":0}
{"Time":"2026-10-03T22:47:24.297159-03:00","Action":"run","Package":"go/ast","Test":"TestParseArgs/quoted"}
{"Time":"2026-10-03T22:47:24.297166-03:00","Action":"output","Package":"go/ast","Test":"TestParseArgs/quoted","Output":"=== RUN   TestParseArgs/quoted\n","OutputType":"frame"}
{"Time":"2026-10-03T22:47:24.297182-03:00","Action":"output","Package":"go/ast","Test":"TestParseArgs/quoted","Output":"--- PASS: TestParseArgs/quoted (0.00s)\n","OutputType":"frame"}
{"Time":"2026-10-03T22:47:24.297191-03:00","Action":"pass","Package":"go/ast","Test":"TestParseArgs/quoted","Elapsed":0}
{"Time":"2026-10-03T22:47:24.297199-03:00","Action":"run","Package":"go/ast","Test":"TestParseArgs/raw_quoted"}
{"Time":"2026-10-03T22:47:24.297206-03:00","Action":"output","Package":"go/ast","Test":"TestParseArgs/raw_quoted","Output":"=== RUN   TestParseArgs/raw_quoted\n","OutputType":"frame"}
{"Time":"2026-10-03T22:47:24.297218-03:00","Action":"output","Package":"go/ast","Test":"TestParseArgs/raw_quoted","Output":"--- PASS: TestParseArgs/raw_quoted (0.00s)\n","OutputType":"frame"}
{"Time":"2026-10-03T22:47:24.297226-03:00","Action":"pass","Package":"go/ast","Test":"TestParseArgs/raw_quoted","Elapsed":0}
{"Time":"2026-10-03T22:47:24.297233-03:00","Action":"run","Package":"go/ast","Test":"TestParseArgs/escapes"}
{"Time":"2026-10-03T22:47:24.297244-03:00","Action":"output","Package":"go/ast","Test":"TestParseArgs/escapes","Output":"=== RUN   TestParseArgs/escapes\n","OutputType":"frame"}
{"Time":"2026-10-03T22:47:24.297253-03:00","Action":"output","Package":"go/ast","Test":"TestParseArgs/escapes","Output":"--- PASS: TestParseArgs/escapes (0.00s)\n","OutputType":"frame"}
{"Time":"2026-10-03T22:47:24.297266-03:00","Action":"pass","Package":"go/ast","Test":"TestParseArgs/escapes","Elapsed":0}
{"Time":"2026-10-03T22:47:24.297274-03:00","Action":"run","Package":"go/ast","Test":"TestParseArgs/empty_args"}
{"Time":"2026-10-03T22:47:24.297281-03:00","Action":"output","Package":"go/ast","Test":"TestParseArgs/empty_args","Output":"=== RUN   TestParseArgs/empty_args\n","OutputType":"frame"}
{"Time":"2026-10-03T22:47:24.297295-03:00","Action":"output","Package":"go/ast","Test":"TestParseArgs/empty_args","Output":"--- PASS: TestParseArgs/empty_args (0.00s)\n","OutputType":"frame"}
{"Time":"2026-10-03T22:47:24.297304-03:00","Action":"pass","Package":"go/ast","Test":"TestParseArgs/empty_args","Elapsed":0}
{"Time":"2026-10-03T22:47:24.297325-03:00","Action":"run","Package":"go/ast","Test":"TestParseArgs/spaces"}
{"Time":"2026-10-03T22:47:24.297334-03:00","Action":"output","Package":"go/ast","Test":"TestParseArgs/spaces","Output":"=== RUN   TestParseArgs/spaces\n","OutputType":"frame"}
{"Time":"2026-10-03T22:47:24.297356-03:00","Action":"output","Package":"go/ast","Test":"TestParseArgs/spaces","Output":"--- PASS: TestParseArgs/spaces (0.00s)\n","OutputType":"frame"}
{"Time":"2026-10-03T22:47:24.297369-03:00","Action":"pass","Package":"go/ast","Test":"TestParseArgs/spaces","Elapsed":0}
{"Time":"2026-10-03T22:47:24.297378-03:00","Action":"run","Package":"go/ast","Test":"TestParseArgs/unterminated_quote"}
{"Time":"2026-10-03T22:47:24.297385-03:00","Action":"output","Package":"go/ast","Test":"TestParseArgs/unterminated_quote","Output":"=== RUN   TestParseArgs/unterminated_quote\n","OutputType":"frame"}
{"Time":"2026-10-03T22:47:24.297394-03:00","Action":"output","Package":"go/ast","Test":"TestParseArgs/unterminated_quote","Output":"--- PASS: TestParseArgs/unterminated_quote (0.00s)\n","OutputType":"frame"}
{"Time":"2026-10-03T22:47:24.297402-03:00","Action":"pass","Package":"go/ast","Test":"TestParseArgs/unterminated_quote","Elapsed":0}
{"Time":"2026-10-03T22:47:24.29741-03:00","Action":"run","Package":"go/ast","Test":"TestParseArgs/no_space_after_quote"}
{"Time":"2026-10-03T22:47:24.297417-03:00","Action":"output","Package":"go/ast","Test":"TestParseArgs/no_space_after_quote","Output":"=== RUN   TestParseArgs/no_space_after_quote\n","OutputType":"frame"}
{"Time":"2026-10-03T22:47:24.297425-03:00","Action":"output","Package":"go/ast","Test":"TestParseArgs/no_space_after_quote","Output":"--- PASS: TestParseArgs/no_space_after_quote (0.00s)\n","OutputType":"frame"}
{"Time":"2026-10-03T22:47:24.297433-03:00","Action":"pass","Package":"go/ast","Test":"TestParseArgs/no_space_after_quote","Elapsed":0}
{"Time":"2026-10-03T22:47:24.297441-03:00","Action":"output","Package":"go/ast","Test":"TestParseArgs","Output":"--- PASS: TestParseArgs (0.00s)\n","OutputType":"frame"}
{"Time":"2026-10-03T22:47:24.297449-03:00","Action":"pass","Package":"go/ast","Test":"TestParseArgs","Elapsed":0}
{"Time":"2026-10-03T22:47:24.297457-03:00","Action":"run","Package":"go/ast","Test":"TestPrint"}
{"Time":"2026-10-03T22:47:24.297477-03:00","Action":"output","Package":"go/ast","Test":"TestPrint","Output":"=== RUN   TestPrint\n","OutputType":"frame"}
{"Time":"2026-10-03T22:47:24.297502-03:00","Action":"output","Package":"go/ast","Test":"TestPrint","Output":"--- PASS: TestPrint (0.00s)\n","OutputType":"frame"}
{"Time":"2026-10-03T22:47:24.297513-03:00","Action":"pass","Package":"go/ast","Test":"TestPrint","Elapsed":0}
{"Time":"2026-10-03T22:47:24.297522-03:00","Action":"run","Package":"go/ast","Test":"TestChildren"}
{"Time":"2026-10-03T22:47:24.29753-03:00","Action":"output","Package":"go/ast","Test":"TestChildren","Output":"=== RUN   TestChildren\n","OutputType":"frame"}
{"Time":"2026-10-03T22:47:24.29754-03:00","Action":"output","Package":"go/ast","Test":"TestChildren","Output":"--- PASS: TestChildren (0.00s)\n","OutputType":"frame"}
{"Time":"2026-10-03T22:47:24.297549-03:00","Action":"pass","Package":"go/ast","Test":"TestChildren","Elapsed":0}
{"Time":"2026-10-03T22:47:24.297558-03:00","Action":"run","Package":"go/ast","Test":"TestChildrenIncomplete"}
{"Time":"2026-10-03T22:47:24.297566-03:00","Action":"output","Package":"go/ast","Test":"TestChildrenIncomplete","Output":"=== RUN   TestChildrenIncomplete\n","OutputType":"frame"}
{"Time":"2026-10-03T22:47:24.297576-03:00","Action":"output","Package":"go/ast","Test":"TestChildrenIncomplete","Output":"--- PASS: TestChildrenIncomplete (0.00s)\n","OutputType":"frame"}
{"Time":"2026-10-03T22:47:24.297585-03:00","Action":"pass","Package":"go/ast","Test":"TestChildrenIncomplete","Elapsed":0}
{"Time":"2026-10-03T22:47:24.297593-03:00","Action":"run","Package":"go/ast","Test":"TestCommentMap"}
{"Time":"2026-10-03T22:47:24.297602-03:00","Action":"output","Package":"go/ast","Test":"TestCommentMap","Output":"=== RUN   TestCommentMap\n","OutputType":"frame"}
{"Time":"2026-10-03T22:47:24.297619-03:00","Action":"output","Package":"go/ast","Test":"TestCommentMap","Output":"--- PASS: TestCommentMap (0.00s)\n","OutputType":"frame"}
{"Time":"2026-10-03T22:47:24.297638-03:00","Action":"pass","Package":"go/ast","Test":"TestCommentMap","Elapsed":0}
{"Time":"2026-10-03T22:47:24.297647-03:00","Action":"run","Package":"go/ast","Test":"TestFilter"}
{"Time":"2026-10-03T22:47:24.297654-03:00","Action":"output","Package":"go/ast","Test":"TestFilter","Output":"=== RUN   TestFilter\n","OutputType":"frame"}
{"Time":"2026-10-03T22:47:24.297678-03:00","Action":"output","Package":"go/ast","Test":"TestFilter","Output":"--- PASS: TestFilter (0.00s)\n","OutputType":"frame"}
{"Time":"2026-10-03T22:47:24.297687-03:00","Action":"pass","Package":"go/ast","Test":"TestFilter","Elapsed":0}
{"Time":"2026-10-03T22:47:24.297694-03:00","Action":"run","Package":"go/ast","Test":"TestCondExprWalk"}
{"Time":"2026-10-03T22:47:24.297702-03:00","Action":"output","Package":"go/ast","Test":"TestCondExprWalk","Output":"=== RUN   TestCondExprWalk\n","OutputType":"frame"}
{"Time":"2026-10-03T22:47:24.29771-03:00","Action":"output","Package":"go/ast","Test":"TestCondExprWalk","Output":"--- PASS: TestCondExprWalk (0.00s)\n","OutputType":"frame"}
{"Time":"2026-10-03T22:47:24.297718-03:00","Action":"pass","Package":"go/ast","Test":"TestCondExprWalk","Elapsed":0}
{"Time":"2026-10-03T22:47:24.297725-03:00","Action":"run","Package":"go/ast","Test":"TestCondExprPosEnd"}
{"Time":"2026-10-03T22:47:24.297732-03:00","Action":"output","Package":"go/ast","Test":"TestCondExprPosEnd","Output":"=== RUN   TestCondExprPosEnd\n","OutputType":"frame"}
{"Time":"2026-10-03T22:47:24.297741-03:00","Action":"output","Package":"go/ast","Test":"TestCondExprPosEnd","Output":"--- PASS: TestCondExprPosEnd (0.00s)\n","OutputType":"frame"}
{"Time":"2026-10-03T22:47:24.297748-03:00","Action":"pass","Package":"go/ast","Test":"TestCondExprPosEnd","Elapsed":0}
{"Time":"2026-10-03T22:47:24.297757-03:00","Action":"run","Package":"go/ast","Test":"TestFilterDuplicates"}
{"Time":"2026-10-03T22:47:24.297764-03:00","Action":"output","Package":"go/ast","Test":"TestFilterDuplicates","Output":"=== RUN   TestFilterDuplicates\n","OutputType":"frame"}
{"Time":"2026-10-03T22:47:24.297773-03:00","Action":"output","Package":"go/ast","Test":"TestFilterDuplicates","Output":"--- PASS: TestFilterDuplicates (0.00s)\n","OutputType":"frame"}
{"Time":"2026-10-03T22:47:24.297781-03:00","Action":"pass","Package":"go/ast","Test":"TestFilterDuplicates","Elapsed":0}
{"Time":"2026-10-03T22:47:24.29779-03:00","Action":"run","Package":"go/ast","Test":"TestSortImportsUpdatesFileImportsField"}
{"Time":"2026-10-03T22:47:24.297797-03:00","Action":"output","Package":"go/ast","Test":"TestSortImportsUpdatesFileImportsField","Output":"=== RUN   TestSortImportsUpdatesFileImportsField\n","OutputType":"frame"}
{"Time":"2026-10-03T22:47:24.297813-03:00","Action":"run","Package":"go/ast","Test":"TestSortImportsUpdatesFileImportsField/one_import_statement"}
{"Time":"2026-10-03T22:47:24.297821-03:00","Action":"output","Package":"go/ast","Test":"TestSortImportsUpdatesFileImportsField/one_import_statement","Output":"=== RUN   TestSortImportsUpdatesFileImportsField/one_import_statement\n","OutputType":"frame"}
{"Time":"2026-10-03T22:47:24.297831-03:00","Action":"output","Package":"go/ast","Test":"TestSortImportsUpdatesFileImportsField/one_import_statement","Output":"--- PASS: TestSortImportsUpdatesFileImportsField/one_import_statement (0.00s)\n","OutputType":"frame"}
{"Time":"2026-10-03T22:47:24.297852-03:00","Action":"pass","Package":"go/ast","Test":"TestSortImportsUpdatesFileImportsField/one_import_statement","Elapsed":0}
{"Time":"2026-10-03T22:47:24.29786-03:00","Action":"run","Package":"go/ast","Test":"TestSortImportsUpdatesFileImportsField/multiple_import_statements"}
{"Time":"2026-10-03T22:47:24.297868-03:00","Action":"output","Package":"go/ast","Test":"TestSortImportsUpdatesFileImportsField/multiple_import_statements","Output":"=== RUN   TestSortImportsUpdatesFileImportsField/multiple_import_statements\n","OutputType":"frame"}
{"Time":"2026-10-03T22:47:24.297877-03:00","Action":"output","Package":"go/ast","Test":"TestSortImportsUpdatesFileImportsField/multiple_import_statements","Output":"--- PASS: TestSortImportsUpdatesFileImportsField/multiple_import_statements (0.00s)\n","OutputType":"frame"}
{"Time":"2026-10-03T22:47:24.297891-03:00","Action":"pass","Package":"go/ast","Test":"TestSortImportsUpdatesFileImportsField/multiple_import_statements","Elapsed":0}
{"Time":"2026-10-03T22:47:24.2979-03:00","Action":"output","Package":"go/ast","Test":"TestSortImportsUpdatesFileImportsField","Output":"--- PASS: TestSortImportsUpdatesFileImportsField (0.00s)\n","OutputType":"frame"}
{"Time":"2026-10-03T22:47:24.297908-03:00","Action":"pass","Package":"go/ast","Test":"TestSortImportsUpdatesFileImportsField","Elapsed":0}
{"Time":"2026-10-03T22:47:24.297915-03:00","Action":"run","Package":"go/ast","Test":"TestIssue69183"}
{"Time":"2026-10-03T22:47:24.297922-03:00","Action":"output","Package":"go/ast","Test":"TestIssue69183","Output":"=== RUN   TestIssue69183\n","OutputType":"frame"}
{"Time":"2026-10-03T22:47:24.29793-03:00","Action":"output","Package":"go/ast","Test":"TestIssue69183","Output":"--- PASS: TestIssue69183 (0.00s)\n","OutputType":"frame"}
{"Time":"2026-10-03T22:47:24.297937-03:00","Action":"pass","Package":"go/ast","Test":"TestIssue69183","Elapsed":0}
{"Time":"2026-10-03T22:47:24.297945-03:00","Action":"run","Package":"go/ast","Test":"TestSortImportsSameLastLine"}
{"Time":"2026-10-03T22:47:24.297952-03:00","Action":"output","Package":"go/ast","Test":"TestSortImportsSameLastLine","Output":"=== RUN   TestSortImportsSameLastLine\n","OutputType":"frame"}
{"Time":"2026-10-03T22:47:24.297963-03:00","Action":"output","Package":"go/ast","Test":"TestSortImportsSameLastLine","Output":"--- PASS: TestSortImportsSameLastLine (0.00s)\n","OutputType":"frame"}
{"Time":"2026-10-03T22:47:24.297972-03:00","Action":"pass","Package":"go/ast","Test":"TestSortImportsSameLastLine","Elapsed":0}
{"Time":"2026-10-03T22:47:24.298004-03:00","Action":"run","Package":"go/ast","Test":"TestIssue33649"}
{"Time":"2026-10-03T22:47:24.298011-03:00","Action":"output","Package":"go/ast","Test":"TestIssue33649","Output":"=== RUN   TestIssue33649\n","OutputType":"frame"}
{"Time":"2026-10-03T22:47:24.29802-03:00","Action":"output","Package":"go/ast","Test":"TestIssue33649","Output":"--- PASS: TestIssue33649 (0.00s)\n","OutputType":"frame"}
{"Time":"2026-10-03T22:47:24.298027-03:00","Action":"pass","Package":"go/ast","Test":"TestIssue33649","Elapsed":0}
{"Time":"2026-10-03T22:47:24.298034-03:00","Action":"run","Package":"go/ast","Test":"TestIssue28089"}
{"Time":"2026-10-03T22:47:24.298042-03:00","Action":"output","Package":"go/ast","Test":"TestIssue28089","Output":"=== RUN   TestIssue28089\n","OutputType":"frame"}
{"Time":"2026-10-03T22:47:24.29805-03:00","Action":"output","Package":"go/ast","Test":"TestIssue28089","Output":"--- PASS: TestIssue28089 (0.00s)\n","OutputType":"frame"}
{"Time":"2026-10-03T22:47:24.298058-03:00","Action":"pass","Package":"go/ast","Test":"TestIssue28089","Elapsed":0}
{"Time":"2026-10-03T22:47:24.298066-03:00","Action":"run","Package":"go/ast","Test":"TestPreorder_Break"}
{"Time":"2026-10-03T22:47:24.298074-03:00","Action":"output","Package":"go/ast","Test":"TestPreorder_Break","Output":"=== RUN   TestPreorder_Break\n","OutputType":"frame"}
{"Time":"2026-10-03T22:47:24.298083-03:00","Action":"output","Package":"go/ast","Test":"TestPreorder_Break","Output":"--- PASS: TestPreorder_Break (0.00s)\n","OutputType":"frame"}
{"Time":"2026-10-03T22:47:24.298091-03:00","Action":"pass","Package":"go/ast","Test":"TestPreorder_Break","Elapsed":0}
{"Time":"2026-10-03T22:47:24.298098-03:00","Action":"run","Package":"go/ast","Test":"TestPreorderStack"}
{"Time":"2026-10-03T22:47:24.298105-03:00","Action":"output","Package":"go/ast","Test":"TestPreorderStack","Output":"=== RUN   TestPreorderStack\n","OutputType":"frame"}
{"Time":"2026-10-03T22:47:24.298137-03:00","Action":"output","Package":"go/ast","Test":"TestPreorderStack","Output":"--- PASS: TestPreorderStack (0.00s)\n","OutputType":"frame"}
{"Time":"2026-10-03T22:47:24.298168-03:00","Action":"pass","Package":"go/ast","Test":"TestPreorderStack","Elapsed":0}
{"Time":"2026-10-03T22:47:24.298183-03:00","Action":"run","Package":"go/ast","Test":"ExampleInspect"}
{"Time":"2026-10-03T22:47:24.29819-03:00","Action":"output","Package":"go/ast","Test":"ExampleInspect","Output":"=== RUN   ExampleInspect\n","OutputType":"frame"}
{"Time":"2026-10-03T22:47:24.298199-03:00","Action":"output","Package":"go/ast","Test":"ExampleInspect","Output":"--- PASS: ExampleInspect (0.00s)\n","OutputType":"frame"}
{"Time":"2026-10-03T22:47:24.298206-03:00","Action":"pass","Package":"go/ast","Test":"ExampleInspect","Elapsed":0}
{"Time":"2026-10-03T22:47:24.298213-03:00","Action":"run","Package":"go/ast","Test":"ExamplePrint"}
{"Time":"2026-10-03T22:47:24.298221-03:00","Action":"output","Package":"go/ast","Test":"ExamplePrint","Output":"=== RUN   ExamplePrint\n","OutputType":"frame"}
{"Time":"2026-10-03T22:47:24.298851-03:00","Action":"output","Package":"go/ast","Test":"ExamplePrint","Output":"--- PASS: ExamplePrint (0.00s)\n","OutputType":"frame"}
{"Time":"2026-10-03T22:47:24.298878-03:00","Action":"pass","Package":"go/ast","Test":"ExamplePrint","Elapsed":0}
{"Time":"2026-10-03T22:47:24.298893-03:00","Action":"run","Package":"go/ast","Test":"ExamplePreorder"}
{"Time":"2026-10-03T22:47:24.298904-03:00","Action":"output","Package":"go/ast","Test":"ExamplePreorder","Output":"=== RUN   ExamplePreorder\n","OutputType":"frame"}
{"Time":"2026-10-03T22:47:24.298918-03:00","Action":"output","Package":"go/ast","Test":"ExamplePreorder","Output":"--- PASS: ExamplePreorder (0.00s)\n","OutputType":"frame"}
{"Time":"2026-10-03T22:47:24.29893-03:00","Action":"pass","Package":"go/ast","Test":"ExamplePreorder","Elapsed":0}
{"Time":"2026-10-03T22:47:24.29894-03:00","Action":"run","Package":"go/ast","Test":"ExampleCommentMap"}
{"Time":"2026-10-03T22:47:24.298948-03:00","Action":"output","Package":"go/ast","Test":"ExampleCommentMap","Output":"=== RUN   ExampleCommentMap\n","OutputType":"frame"}
{"Time":"2026-10-03T22:47:24.299071-03:00","Action":"output","Package":"go/ast","Test":"ExampleCommentMap","Output":"--- PASS: ExampleCommentMap (0.00s)\n","OutputType":"frame"}
{"Time":"2026-10-03T22:47:24.299095-03:00","Action":"pass","Package":"go/ast","Test":"ExampleCommentMap","Elapsed":0}
{"Time":"2026-10-03T22:47:24.299107-03:00","Action":"output","Package":"go/ast","Output":"PASS\n","OutputType":"frame"}
{"Time":"2026-10-03T22:47:24.300185-03:00","Action":"output","Package":"go/ast","Output":"ok  \tgo/ast\t0.194s\n"}
{"Time":"2026-10-03T22:47:24.300226-03:00","Action":"pass","Package":"go/ast","Elapsed":0.194}
