{"Time":"2026-10-03T22:47:24.590967-03:00","Action":"start","Package":"cmd/compile/internal/inline"}
{"Time":"2026-10-03T22:47:24.822994-03:00","Action":"run","Package":"cmd/compile/internal/inline","Test":"TestGonLoweringAdministrativeCost"}
{"Time":"2026-10-03T22:47:24.823186-03:00","Action":"output","Package":"cmd/compile/internal/inline","Test":"TestGonLoweringAdministrativeCost","Output":"=== RUN   TestGonLoweringAdministrativeCost\n","OutputType":"frame"}
{"Time":"2026-10-03T22:47:24.823282-03:00","Action":"run","Package":"cmd/compile/internal/inline","Test":"TestGonLoweringAdministrativeCost/AutoTemp/block"}
{"Time":"2026-10-03T22:47:24.823294-03:00","Action":"output","Package":"cmd/compile/internal/inline","Test":"TestGonLoweringAdministrativeCost/AutoTemp/block","Output":"=== RUN   TestGonLoweringAdministrativeCost/AutoTemp/block\n","OutputType":"frame"}
{"Time":"2026-10-03T22:47:24.823317-03:00","Action":"output","Package":"cmd/compile/internal/inline","Test":"TestGonLoweringAdministrativeCost/AutoTemp/block","Output":"--- PASS: TestGonLoweringAdministrativeCost/AutoTemp/block (0.00s)\n","OutputType":"frame"}
{"Time":"2026-10-03T22:47:24.823346-03:00","Action":"pass","Package":"cmd/compile/internal/inline","Test":"TestGonLoweringAdministrativeCost/AutoTemp/block","Elapsed":0}
{"Time":"2026-10-03T22:47:24.823372-03:00","Action":"run","Package":"cmd/compile/internal/inline","Test":"TestGonLoweringAdministrativeCost/AutoTemp/expression"}
{"Time":"2026-10-03T22:47:24.823382-03:00","Action":"output","Package":"cmd/compile/internal/inline","Test":"TestGonLoweringAdministrativeCost/AutoTemp/expression","Output":"=== RUN   TestGonLoweringAdministrativeCost/AutoTemp/expression\n","OutputType":"frame"}
{"Time":"2026-10-03T22:47:24.823401-03:00","Action":"output","Package":"cmd/compile/internal/inline","Test":"TestGonLoweringAdministrativeCost/AutoTemp/expression","Output":"--- PASS: TestGonLoweringAdministrativeCost/AutoTemp/expression (0.00s)\n","OutputType":"frame"}
{"Time":"2026-10-03T22:47:24.823413-03:00","Action":"pass","Package":"cmd/compile/internal/inline","Test":"TestGonLoweringAdministrativeCost/AutoTemp/expression","Elapsed":0}
{"Time":"2026-10-03T22:47:24.823423-03:00","Action":"run","Package":"cmd/compile/internal/inline","Test":"TestGonLoweringAdministrativeCost/GonTemporary/block"}
{"Time":"2026-10-03T22:47:24.823436-03:00","Action":"output","Package":"cmd/compile/internal/inline","Test":"TestGonLoweringAdministrativeCost/GonTemporary/block","Output":"=== RUN   TestGonLoweringAdministrativeCost/GonTemporary/block\n","OutputType":"frame"}
{"Time":"2026-10-03T22:47:24.823449-03:00","Action":"output","Package":"cmd/compile/internal/inline","Test":"TestGonLoweringAdministrativeCost/GonTemporary/block","Output":"--- PASS: TestGonLoweringAdministrativeCost/GonTemporary/block (0.00s)\n","OutputType":"frame"}
{"Time":"2026-10-03T22:47:24.823457-03:00","Action":"pass","Package":"cmd/compile/internal/inline","Test":"TestGonLoweringAdministrativeCost/GonTemporary/block","Elapsed":0}
{"Time":"2026-10-03T22:47:24.823467-03:00","Action":"run","Package":"cmd/compile/internal/inline","Test":"TestGonLoweringAdministrativeCost/GonTemporary/expression"}
{"Time":"2026-10-03T22:47:24.823475-03:00","Action":"output","Package":"cmd/compile/internal/inline","Test":"TestGonLoweringAdministrativeCost/GonTemporary/expression","Output":"=== RUN   TestGonLoweringAdministrativeCost/GonTemporary/expression\n","OutputType":"frame"}
{"Time":"2026-10-03T22:47:24.823487-03:00","Action":"output","Package":"cmd/compile/internal/inline","Test":"TestGonLoweringAdministrativeCost/GonTemporary/expression","Output":"--- PASS: TestGonLoweringAdministrativeCost/GonTemporary/expression (0.00s)\n","OutputType":"frame"}
{"Time":"2026-10-03T22:47:24.823496-03:00","Action":"pass","Package":"cmd/compile/internal/inline","Test":"TestGonLoweringAdministrativeCost/GonTemporary/expression","Elapsed":0}
{"Time":"2026-10-03T22:47:24.823508-03:00","Action":"output","Package":"cmd/compile/internal/inline","Test":"TestGonLoweringAdministrativeCost","Output":"--- PASS: TestGonLoweringAdministrativeCost (0.00s)\n","OutputType":"frame"}
{"Time":"2026-10-03T22:47:24.823544-03:00","Action":"pass","Package":"cmd/compile/internal/inline","Test":"TestGonLoweringAdministrativeCost","Elapsed":0}
{"Time":"2026-10-03T22:47:24.823558-03:00","Action":"run","Package":"cmd/compile/internal/inline","Test":"TestGonLoweringScope"}
{"Time":"2026-10-03T22:47:24.823566-03:00","Action":"output","Package":"cmd/compile/internal/inline","Test":"TestGonLoweringScope","Output":"=== RUN   TestGonLoweringScope\n","OutputType":"frame"}
{"Time":"2026-10-03T22:47:24.823593-03:00","Action":"output","Package":"cmd/compile/internal/inline","Test":"TestGonLoweringScope","Output":"--- PASS: TestGonLoweringScope (0.00s)\n","OutputType":"frame"}
{"Time":"2026-10-03T22:47:24.823603-03:00","Action":"pass","Package":"cmd/compile/internal/inline","Test":"TestGonLoweringScope","Elapsed":0}
{"Time":"2026-10-03T22:47:24.823614-03:00","Action":"run","Package":"cmd/compile/internal/inline","Test":"TestGonLoweringOperations"}
{"Time":"2026-10-03T22:47:24.823623-03:00","Action":"output","Package":"cmd/compile/internal/inline","Test":"TestGonLoweringOperations","Output":"=== RUN   TestGonLoweringOperations\n","OutputType":"frame"}
{"Time":"2026-10-03T22:47:24.823637-03:00","Action":"output","Package":"cmd/compile/internal/inline","Test":"TestGonLoweringOperations","Output":"--- PASS: TestGonLoweringOperations (0.00s)\n","OutputType":"frame"}
{"Time":"2026-10-03T22:47:24.823651-03:00","Action":"pass","Package":"cmd/compile/internal/inline","Test":"TestGonLoweringOperations","Elapsed":0}
{"Time":"2026-10-03T22:47:24.82366-03:00","Action":"run","Package":"cmd/compile/internal/inline","Test":"TestGonLoweringCallbackCost"}
{"Time":"2026-10-03T22:47:24.823671-03:00","Action":"output","Package":"cmd/compile/internal/inline","Test":"TestGonLoweringCallbackCost","Output":"=== RUN   TestGonLoweringCallbackCost\n","OutputType":"frame"}
{"Time":"2026-10-03T22:47:24.823693-03:00","Action":"run","Package":"cmd/compile/internal/inline","Test":"TestGonLoweringCallbackCost/immutable"}
{"Time":"2026-10-03T22:47:24.823702-03:00","Action":"output","Package":"cmd/compile/internal/inline","Test":"TestGonLoweringCallbackCost/immutable","Output":"=== RUN   TestGonLoweringCallbackCost/immutable\n","OutputType":"frame"}
{"Time":"2026-10-03T22:47:24.823712-03:00","Action":"output","Package":"cmd/compile/internal/inline","Test":"TestGonLoweringCallbackCost/immutable","Output":"--- PASS: TestGonLoweringCallbackCost/immutable (0.00s)\n","OutputType":"frame"}
{"Time":"2026-10-03T22:47:24.82372-03:00","Action":"pass","Package":"cmd/compile/internal/inline","Test":"TestGonLoweringCallbackCost/immutable","Elapsed":0}
{"Time":"2026-10-03T22:47:24.823729-03:00","Action":"run","Package":"cmd/compile/internal/inline","Test":"TestGonLoweringCallbackCost/reassigned"}
{"Time":"2026-10-03T22:47:24.823736-03:00","Action":"output","Package":"cmd/compile/internal/inline","Test":"TestGonLoweringCallbackCost/reassigned","Output":"=== RUN   TestGonLoweringCallbackCost/reassigned\n","OutputType":"frame"}
{"Time":"2026-10-03T22:47:24.823747-03:00","Action":"output","Package":"cmd/compile/internal/inline","Test":"TestGonLoweringCallbackCost/reassigned","Output":"--- PASS: TestGonLoweringCallbackCost/reassigned (0.00s)\n","OutputType":"frame"}
{"Time":"2026-10-03T22:47:24.823766-03:00","Action":"pass","Package":"cmd/compile/internal/inline","Test":"TestGonLoweringCallbackCost/reassigned","Elapsed":0}
{"Time":"2026-10-03T22:47:24.823774-03:00","Action":"run","Package":"cmd/compile/internal/inline","Test":"TestGonLoweringCallbackCost/address-taken"}
{"Time":"2026-10-03T22:47:24.823782-03:00","Action":"output","Package":"cmd/compile/internal/inline","Test":"TestGonLoweringCallbackCost/address-taken","Output":"=== RUN   TestGonLoweringCallbackCost/address-taken\n","OutputType":"frame"}
{"Time":"2026-10-03T22:47:24.823791-03:00","Action":"output","Package":"cmd/compile/internal/inline","Test":"TestGonLoweringCallbackCost/address-taken","Output":"--- PASS: TestGonLoweringCallbackCost/address-taken (0.00s)\n","OutputType":"frame"}
{"Time":"2026-10-03T22:47:24.82381-03:00","Action":"pass","Package":"cmd/compile/internal/inline","Test":"TestGonLoweringCallbackCost/address-taken","Elapsed":0}
{"Time":"2026-10-03T22:47:24.82382-03:00","Action":"run","Package":"cmd/compile/internal/inline","Test":"TestGonLoweringCallbackCost/source-local"}
{"Time":"2026-10-03T22:47:24.823829-03:00","Action":"output","Package":"cmd/compile/internal/inline","Test":"TestGonLoweringCallbackCost/source-local","Output":"=== RUN   TestGonLoweringCallbackCost/source-local\n","OutputType":"frame"}
{"Time":"2026-10-03T22:47:24.824016-03:00","Action":"output","Package":"cmd/compile/internal/inline","Test":"TestGonLoweringCallbackCost/source-local","Output":"--- PASS: TestGonLoweringCallbackCost/source-local (0.00s)\n","OutputType":"frame"}
{"Time":"2026-10-03T22:47:24.824045-03:00","Action":"pass","Package":"cmd/compile/internal/inline","Test":"TestGonLoweringCallbackCost/source-local","Elapsed":0}
{"Time":"2026-10-03T22:47:24.824083-03:00","Action":"output","Package":"cmd/compile/internal/inline","Test":"TestGonLoweringCallbackCost","Output":"--- PASS: TestGonLoweringCallbackCost (0.00s)\n","OutputType":"frame"}
{"Time":"2026-10-03T22:47:24.824102-03:00","Action":"pass","Package":"cmd/compile/internal/inline","Test":"TestGonLoweringCallbackCost","Elapsed":0}
{"Time":"2026-10-03T22:47:24.824114-03:00","Action":"run","Package":"cmd/compile/internal/inline","Test":"TestGonLoweringMultiResultCost"}
{"Time":"2026-10-03T22:47:24.824125-03:00","Action":"output","Package":"cmd/compile/internal/inline","Test":"TestGonLoweringMultiResultCost","Output":"=== RUN   TestGonLoweringMultiResultCost\n","OutputType":"frame"}
{"Time":"2026-10-03T22:47:24.824137-03:00","Action":"output","Package":"cmd/compile/internal/inline","Test":"TestGonLoweringMultiResultCost","Output":"--- PASS: TestGonLoweringMultiResultCost (0.00s)\n","OutputType":"frame"}
{"Time":"2026-10-03T22:47:24.824158-03:00","Action":"pass","Package":"cmd/compile/internal/inline","Test":"TestGonLoweringMultiResultCost","Elapsed":0}
{"Time":"2026-10-03T22:47:24.824169-03:00","Action":"run","Package":"cmd/compile/internal/inline","Test":"TestGonLoweringHardRejections"}
{"Time":"2026-10-03T22:47:24.824178-03:00","Action":"output","Package":"cmd/compile/internal/inline","Test":"TestGonLoweringHardRejections","Output":"=== RUN   TestGonLoweringHardRejections\n","OutputType":"frame"}
{"Time":"2026-10-03T22:47:24.824188-03:00","Action":"output","Package":"cmd/compile/internal/inline","Test":"TestGonLoweringHardRejections","Output":"--- PASS: TestGonLoweringHardRejections (0.00s)\n","OutputType":"frame"}
{"Time":"2026-10-03T22:47:24.824197-03:00","Action":"pass","Package":"cmd/compile/internal/inline","Test":"TestGonLoweringHardRejections","Elapsed":0}
{"Time":"2026-10-03T22:47:24.824206-03:00","Action":"run","Package":"cmd/compile/internal/inline","Test":"TestGonEnumStorageLiterals"}
{"Time":"2026-10-03T22:47:24.824217-03:00","Action":"output","Package":"cmd/compile/internal/inline","Test":"TestGonEnumStorageLiterals","Output":"=== RUN   TestGonEnumStorageLiterals\n","OutputType":"frame"}
{"Time":"2026-10-03T22:47:24.824228-03:00","Action":"run","Package":"cmd/compile/internal/inline","Test":"TestGonEnumStorageLiterals/arithmetic"}
{"Time":"2026-10-03T22:47:24.824236-03:00","Action":"output","Package":"cmd/compile/internal/inline","Test":"TestGonEnumStorageLiterals/arithmetic","Output":"=== RUN   TestGonEnumStorageLiterals/arithmetic\n","OutputType":"frame"}
{"Time":"2026-10-03T22:47:24.824246-03:00","Action":"output","Package":"cmd/compile/internal/inline","Test":"TestGonEnumStorageLiterals/arithmetic","Output":"--- PASS: TestGonEnumStorageLiterals/arithmetic (0.00s)\n","OutputType":"frame"}
{"Time":"2026-10-03T22:47:24.824255-03:00","Action":"pass","Package":"cmd/compile/internal/inline","Test":"TestGonEnumStorageLiterals/arithmetic","Elapsed":0}
{"Time":"2026-10-03T22:47:24.824264-03:00","Action":"run","Package":"cmd/compile/internal/inline","Test":"TestGonEnumStorageLiterals/call"}
{"Time":"2026-10-03T22:47:24.824273-03:00","Action":"output","Package":"cmd/compile/internal/inline","Test":"TestGonEnumStorageLiterals/call","Output":"=== RUN   TestGonEnumStorageLiterals/call\n","OutputType":"frame"}
{"Time":"2026-10-03T22:47:24.824295-03:00","Action":"output","Package":"cmd/compile/internal/inline","Test":"TestGonEnumStorageLiterals/call","Output":"--- PASS: TestGonEnumStorageLiterals/call (0.00s)\n","OutputType":"frame"}
{"Time":"2026-10-03T22:47:24.824305-03:00","Action":"pass","Package":"cmd/compile/internal/inline","Test":"TestGonEnumStorageLiterals/call","Elapsed":0}
{"Time":"2026-10-03T22:47:24.82432-03:00","Action":"output","Package":"cmd/compile/internal/inline","Test":"TestGonEnumStorageLiterals","Output":"--- PASS: TestGonEnumStorageLiterals (0.00s)\n","OutputType":"frame"}
{"Time":"2026-10-03T22:47:24.82433-03:00","Action":"pass","Package":"cmd/compile/internal/inline","Test":"TestGonEnumStorageLiterals","Elapsed":0}
{"Time":"2026-10-03T22:47:24.824337-03:00","Action":"run","Package":"cmd/compile/internal/inline","Test":"TestGonEnumStorageSelectors"}
{"Time":"2026-10-03T22:47:24.824346-03:00","Action":"output","Package":"cmd/compile/internal/inline","Test":"TestGonEnumStorageSelectors","Output":"=== RUN   TestGonEnumStorageSelectors\n","OutputType":"frame"}
{"Time":"2026-10-03T22:47:24.824354-03:00","Action":"run","Package":"cmd/compile/internal/inline","Test":"TestGonEnumStorageSelectors/parameter"}
{"Time":"2026-10-03T22:47:24.824362-03:00","Action":"output","Package":"cmd/compile/internal/inline","Test":"TestGonEnumStorageSelectors/parameter","Output":"=== RUN   TestGonEnumStorageSelectors/parameter\n","OutputType":"frame"}
{"Time":"2026-10-03T22:47:24.824372-03:00","Action":"output","Package":"cmd/compile/internal/inline","Test":"TestGonEnumStorageSelectors/parameter","Output":"--- PASS: TestGonEnumStorageSelectors/parameter (0.00s)\n","OutputType":"frame"}
{"Time":"2026-10-03T22:47:24.824381-03:00","Action":"pass","Package":"cmd/compile/internal/inline","Test":"TestGonEnumStorageSelectors/parameter","Elapsed":0}
{"Time":"2026-10-03T22:47:24.824389-03:00","Action":"run","Package":"cmd/compile/internal/inline","Test":"TestGonEnumStorageSelectors/call"}
{"Time":"2026-10-03T22:47:24.824397-03:00","Action":"output","Package":"cmd/compile/internal/inline","Test":"TestGonEnumStorageSelectors/call","Output":"=== RUN   TestGonEnumStorageSelectors/call\n","OutputType":"frame"}
{"Time":"2026-10-03T22:47:24.824406-03:00","Action":"output","Package":"cmd/compile/internal/inline","Test":"TestGonEnumStorageSelectors/call","Output":"--- PASS: TestGonEnumStorageSelectors/call (0.00s)\n","OutputType":"frame"}
{"Time":"2026-10-03T22:47:24.824415-03:00","Action":"pass","Package":"cmd/compile/internal/inline","Test":"TestGonEnumStorageSelectors/call","Elapsed":0}
{"Time":"2026-10-03T22:47:24.824423-03:00","Action":"output","Package":"cmd/compile/internal/inline","Test":"TestGonEnumStorageSelectors","Output":"--- PASS: TestGonEnumStorageSelectors (0.00s)\n","OutputType":"frame"}
{"Time":"2026-10-03T22:47:24.824432-03:00","Action":"pass","Package":"cmd/compile/internal/inline","Test":"TestGonEnumStorageSelectors","Elapsed":0}
{"Time":"2026-10-03T22:47:24.824441-03:00","Action":"run","Package":"cmd/compile/internal/inline","Test":"TestGonHandlerBindingCost"}
{"Time":"2026-10-03T22:47:24.824449-03:00","Action":"output","Package":"cmd/compile/internal/inline","Test":"TestGonHandlerBindingCost","Output":"=== RUN   TestGonHandlerBindingCost\n","OutputType":"frame"}
{"Time":"2026-10-03T22:47:24.824458-03:00","Action":"run","Package":"cmd/compile/internal/inline","Test":"TestGonHandlerBindingCost/arithmetic"}
{"Time":"2026-10-03T22:47:24.824466-03:00","Action":"output","Package":"cmd/compile/internal/inline","Test":"TestGonHandlerBindingCost/arithmetic","Output":"=== RUN   TestGonHandlerBindingCost/arithmetic\n","OutputType":"frame"}
{"Time":"2026-10-03T22:47:24.824481-03:00","Action":"output","Package":"cmd/compile/internal/inline","Test":"TestGonHandlerBindingCost/arithmetic","Output":"--- PASS: TestGonHandlerBindingCost/arithmetic (0.00s)\n","OutputType":"frame"}
{"Time":"2026-10-03T22:47:24.824499-03:00","Action":"pass","Package":"cmd/compile/internal/inline","Test":"TestGonHandlerBindingCost/arithmetic","Elapsed":0}
{"Time":"2026-10-03T22:47:24.824508-03:00","Action":"run","Package":"cmd/compile/internal/inline","Test":"TestGonHandlerBindingCost/call"}
{"Time":"2026-10-03T22:47:24.824516-03:00","Action":"output","Package":"cmd/compile/internal/inline","Test":"TestGonHandlerBindingCost/call","Output":"=== RUN   TestGonHandlerBindingCost/call\n","OutputType":"frame"}
{"Time":"2026-10-03T22:47:24.824524-03:00","Action":"output","Package":"cmd/compile/internal/inline","Test":"TestGonHandlerBindingCost/call","Output":"--- PASS: TestGonHandlerBindingCost/call (0.00s)\n","OutputType":"frame"}
{"Time":"2026-10-03T22:47:24.824533-03:00","Action":"pass","Package":"cmd/compile/internal/inline","Test":"TestGonHandlerBindingCost/call","Elapsed":0}
{"Time":"2026-10-03T22:47:24.824542-03:00","Action":"output","Package":"cmd/compile/internal/inline","Test":"TestGonHandlerBindingCost","Output":"--- PASS: TestGonHandlerBindingCost (0.00s)\n","OutputType":"frame"}
{"Time":"2026-10-03T22:47:24.82455-03:00","Action":"pass","Package":"cmd/compile/internal/inline","Test":"TestGonHandlerBindingCost","Elapsed":0}
{"Time":"2026-10-03T22:47:24.824558-03:00","Action":"run","Package":"cmd/compile/internal/inline","Test":"TestGonHandlerBindingInitRejections"}
{"Time":"2026-10-03T22:47:24.824566-03:00","Action":"output","Package":"cmd/compile/internal/inline","Test":"TestGonHandlerBindingInitRejections","Output":"=== RUN   TestGonHandlerBindingInitRejections\n","OutputType":"frame"}
{"Time":"2026-10-03T22:47:24.824575-03:00","Action":"output","Package":"cmd/compile/internal/inline","Test":"TestGonHandlerBindingInitRejections","Output":"--- PASS: TestGonHandlerBindingInitRejections (0.00s)\n","OutputType":"frame"}
{"Time":"2026-10-03T22:47:24.824583-03:00","Action":"pass","Package":"cmd/compile/internal/inline","Test":"TestGonHandlerBindingInitRejections","Elapsed":0}
{"Time":"2026-10-03T22:47:24.824591-03:00","Action":"output","Package":"cmd/compile/internal/inline","Output":"PASS\n","OutputType":"frame"}
{"Time":"2026-10-03T22:47:24.825195-03:00","Action":"output","Package":"cmd/compile/internal/inline","Output":"ok  \tcmd/compile/internal/inline\t0.234s\n"}
{"Time":"2026-10-03T22:47:24.825236-03:00","Action":"pass","Package":"cmd/compile/internal/inline","Elapsed":0.234}
