{"Time":"2026-10-03T22:48:08.342218-03:00","Action":"start","Package":"cmd/internal/testdir"}
{"Time":"2026-10-03T22:48:08.550468-03:00","Action":"run","Package":"cmd/internal/testdir","Test":"Test"}
{"Time":"2026-10-03T22:48:08.550577-03:00","Action":"output","Package":"cmd/internal/testdir","Test":"Test","Output":"=== RUN   Test\n","OutputType":"frame"}
{"Time":"2026-10-03T22:48:08.59761-03:00","Action":"run","Package":"cmd/internal/testdir","Test":"Test/conditional.go"}
{"Time":"2026-10-03T22:48:08.597625-03:00","Action":"output","Package":"cmd/internal/testdir","Test":"Test/conditional.go","Output":"=== RUN   Test/conditional.go\n","OutputType":"frame"}
{"Time":"2026-10-03T22:48:08.597643-03:00","Action":"output","Package":"cmd/internal/testdir","Test":"Test/conditional.go","Output":"=== PAUSE Test/conditional.go\n","OutputType":"frame"}
{"Time":"2026-10-03T22:48:08.597648-03:00","Action":"pause","Package":"cmd/internal/testdir","Test":"Test/conditional.go"}
{"Time":"2026-10-03T22:48:08.606033-03:00","Action":"cont","Package":"cmd/internal/testdir","Test":"Test/conditional.go"}
{"Time":"2026-10-03T22:48:08.606056-03:00","Action":"output","Package":"cmd/internal/testdir","Test":"Test/conditional.go","Output":"=== CONT  Test/conditional.go\n","OutputType":"frame"}
{"Time":"2026-10-03T22:48:13.485647-03:00","Action":"output","Package":"cmd/internal/testdir","Test":"Test/conditional.go","Output":"--- PASS: Test/conditional.go (4.88s)\n","OutputType":"frame"}
{"Time":"2026-10-03T22:48:13.486117-03:00","Action":"pass","Package":"cmd/internal/testdir","Test":"Test/conditional.go","Elapsed":4.88}
{"Time":"2026-10-03T22:48:13.486151-03:00","Action":"output","Package":"cmd/internal/testdir","Test":"Test","Output":"--- PASS: Test (0.06s)\n","OutputType":"frame"}
{"Time":"2026-10-03T22:48:13.486159-03:00","Action":"pass","Package":"cmd/internal/testdir","Test":"Test","Elapsed":0.06}
{"Time":"2026-10-03T22:48:13.486165-03:00","Action":"run","Package":"cmd/internal/testdir","Test":"TestShouldTest"}
{"Time":"2026-10-03T22:48:13.486169-03:00","Action":"output","Package":"cmd/internal/testdir","Test":"TestShouldTest","Output":"=== RUN   TestShouldTest\n","OutputType":"frame"}
{"Time":"2026-10-03T22:48:13.48622-03:00","Action":"output","Package":"cmd/internal/testdir","Test":"TestShouldTest","Output":"--- PASS: TestShouldTest (0.00s)\n","OutputType":"frame"}
{"Time":"2026-10-03T22:48:13.486231-03:00","Action":"pass","Package":"cmd/internal/testdir","Test":"TestShouldTest","Elapsed":0}
{"Time":"2026-10-03T22:48:13.486241-03:00","Action":"output","Package":"cmd/internal/testdir","Output":"PASS\n","OutputType":"frame"}
{"Time":"2026-10-03T22:48:13.486725-03:00","Action":"output","Package":"cmd/internal/testdir","Output":"ok  \tcmd/internal/testdir\t5.144s\n"}
{"Time":"2026-10-03T22:48:13.486736-03:00","Action":"pass","Package":"cmd/internal/testdir","Elapsed":5.145}
