{"Time":"2026-10-03T22:48:32.719616-03:00","Action":"start","Package":"cmd/internal/testdir"}
{"Time":"2026-10-03T22:48:32.927508-03:00","Action":"run","Package":"cmd/internal/testdir","Test":"Test"}
{"Time":"2026-10-03T22:48:32.927634-03:00","Action":"output","Package":"cmd/internal/testdir","Test":"Test","Output":"=== RUN   Test\n","OutputType":"frame"}
{"Time":"2026-10-03T22:48:32.970988-03:00","Action":"run","Package":"cmd/internal/testdir","Test":"Test/enums.go"}
{"Time":"2026-10-03T22:48:32.971006-03:00","Action":"output","Package":"cmd/internal/testdir","Test":"Test/enums.go","Output":"=== RUN   Test/enums.go\n","OutputType":"frame"}
{"Time":"2026-10-03T22:48:32.971032-03:00","Action":"output","Package":"cmd/internal/testdir","Test":"Test/enums.go","Output":"=== PAUSE Test/enums.go\n","OutputType":"frame"}
{"Time":"2026-10-03T22:48:32.971037-03:00","Action":"pause","Package":"cmd/internal/testdir","Test":"Test/enums.go"}
{"Time":"2026-10-03T22:48:32.978705-03:00","Action":"cont","Package":"cmd/internal/testdir","Test":"Test/enums.go"}
{"Time":"2026-10-03T22:48:32.978719-03:00","Action":"output","Package":"cmd/internal/testdir","Test":"Test/enums.go","Output":"=== CONT  Test/enums.go\n","OutputType":"frame"}
{"Time":"2026-10-03T22:48:38.838425-03:00","Action":"output","Package":"cmd/internal/testdir","Test":"Test/enums.go","Output":"--- PASS: Test/enums.go (5.86s)\n","OutputType":"frame"}
{"Time":"2026-10-03T22:48:38.838983-03:00","Action":"pass","Package":"cmd/internal/testdir","Test":"Test/enums.go","Elapsed":5.86}
{"Time":"2026-10-03T22:48:38.838998-03:00","Action":"output","Package":"cmd/internal/testdir","Test":"Test","Output":"--- PASS: Test (0.05s)\n","OutputType":"frame"}
{"Time":"2026-10-03T22:48:38.839004-03:00","Action":"pass","Package":"cmd/internal/testdir","Test":"Test","Elapsed":0.05}
{"Time":"2026-10-03T22:48:38.839027-03:00","Action":"run","Package":"cmd/internal/testdir","Test":"TestShouldTest"}
{"Time":"2026-10-03T22:48:38.839031-03:00","Action":"output","Package":"cmd/internal/testdir","Test":"TestShouldTest","Output":"=== RUN   TestShouldTest\n","OutputType":"frame"}
{"Time":"2026-10-03T22:48:38.839059-03:00","Action":"output","Package":"cmd/internal/testdir","Test":"TestShouldTest","Output":"--- PASS: TestShouldTest (0.00s)\n","OutputType":"frame"}
{"Time":"2026-10-03T22:48:38.839064-03:00","Action":"pass","Package":"cmd/internal/testdir","Test":"TestShouldTest","Elapsed":0}
{"Time":"2026-10-03T22:48:38.839071-03:00","Action":"output","Package":"cmd/internal/testdir","Output":"PASS\n","OutputType":"frame"}
{"Time":"2026-10-03T22:48:38.839511-03:00","Action":"output","Package":"cmd/internal/testdir","Output":"ok  \tcmd/internal/testdir\t6.119s\n"}
{"Time":"2026-10-03T22:48:38.839528-03:00","Action":"pass","Package":"cmd/internal/testdir","Elapsed":6.119}
