{"Time":"2026-10-03T22:49:13.129663-03:00","Action":"start","Package":"golang.org/x/tools/internal/gcimporter"}
{"Time":"2026-10-03T22:49:13.370626-03:00","Action":"run","Package":"golang.org/x/tools/internal/gcimporter","Test":"TestGonAlternativesSimplification"}
{"Time":"2026-10-03T22:49:13.370776-03:00","Action":"output","Package":"golang.org/x/tools/internal/gcimporter","Test":"TestGonAlternativesSimplification","Output":"=== RUN   TestGonAlternativesSimplification\n","OutputType":"frame"}
{"Time":"2026-10-03T22:49:13.372314-03:00","Action":"run","Package":"golang.org/x/tools/internal/gcimporter","Test":"TestGonAlternativesSimplification/baseline_legacy"}
{"Time":"2026-10-03T22:49:13.372333-03:00","Action":"output","Package":"golang.org/x/tools/internal/gcimporter","Test":"TestGonAlternativesSimplification/baseline_legacy","Output":"=== RUN   TestGonAlternativesSimplification/baseline_legacy\n","OutputType":"frame"}
{"Time":"2026-10-03T22:49:13.689039-03:00","Action":"output","Package":"golang.org/x/tools/internal/gcimporter","Test":"TestGonAlternativesSimplification/baseline_legacy","Output":"--- PASS: TestGonAlternativesSimplification/baseline_legacy (0.32s)\n","OutputType":"frame"}
{"Time":"2026-10-03T22:49:13.689111-03:00","Action":"pass","Package":"golang.org/x/tools/internal/gcimporter","Test":"TestGonAlternativesSimplification/baseline_legacy","Elapsed":0.32}
{"Time":"2026-10-03T22:49:13.689157-03:00","Action":"run","Package":"golang.org/x/tools/internal/gcimporter","Test":"TestGonAlternativesSimplification/Gon_legacy"}
{"Time":"2026-10-03T22:49:13.689168-03:00","Action":"output","Package":"golang.org/x/tools/internal/gcimporter","Test":"TestGonAlternativesSimplification/Gon_legacy","Output":"=== RUN   TestGonAlternativesSimplification/Gon_legacy\n","OutputType":"frame"}
{"Time":"2026-10-03T22:49:14.00342-03:00","Action":"output","Package":"golang.org/x/tools/internal/gcimporter","Test":"TestGonAlternativesSimplification/Gon_legacy","Output":"--- PASS: TestGonAlternativesSimplification/Gon_legacy (0.31s)\n","OutputType":"frame"}
{"Time":"2026-10-03T22:49:14.003488-03:00","Action":"pass","Package":"golang.org/x/tools/internal/gcimporter","Test":"TestGonAlternativesSimplification/Gon_legacy","Elapsed":0.31}
{"Time":"2026-10-03T22:49:14.003523-03:00","Action":"run","Package":"golang.org/x/tools/internal/gcimporter","Test":"TestGonAlternativesSimplification/Gon_modern"}
{"Time":"2026-10-03T22:49:14.003535-03:00","Action":"output","Package":"golang.org/x/tools/internal/gcimporter","Test":"TestGonAlternativesSimplification/Gon_modern","Output":"=== RUN   TestGonAlternativesSimplification/Gon_modern\n","OutputType":"frame"}
{"Time":"2026-10-03T22:49:14.307962-03:00","Action":"output","Package":"golang.org/x/tools/internal/gcimporter","Test":"TestGonAlternativesSimplification/Gon_modern","Output":"--- PASS: TestGonAlternativesSimplification/Gon_modern (0.30s)\n","OutputType":"frame"}
{"Time":"2026-10-03T22:49:14.308022-03:00","Action":"pass","Package":"golang.org/x/tools/internal/gcimporter","Test":"TestGonAlternativesSimplification/Gon_modern","Elapsed":0.3}
{"Time":"2026-10-03T22:49:14.308043-03:00","Action":"run","Package":"golang.org/x/tools/internal/gcimporter","Test":"TestGonAlternativesSimplification/imported_bodies_without_inlining"}
{"Time":"2026-10-03T22:49:14.308053-03:00","Action":"output","Package":"golang.org/x/tools/internal/gcimporter","Test":"TestGonAlternativesSimplification/imported_bodies_without_inlining","Output":"=== RUN   TestGonAlternativesSimplification/imported_bodies_without_inlining\n","OutputType":"frame"}
{"Time":"2026-10-03T22:49:14.653735-03:00","Action":"output","Package":"golang.org/x/tools/internal/gcimporter","Test":"TestGonAlternativesSimplification/imported_bodies_without_inlining","Output":"--- PASS: TestGonAlternativesSimplification/imported_bodies_without_inlining (0.35s)\n","OutputType":"frame"}
{"Time":"2026-10-03T22:49:14.653796-03:00","Action":"pass","Package":"golang.org/x/tools/internal/gcimporter","Test":"TestGonAlternativesSimplification/imported_bodies_without_inlining","Elapsed":0.35}
{"Time":"2026-10-03T22:49:14.697936-03:00","Action":"run","Package":"golang.org/x/tools/internal/gcimporter","Test":"TestGonAlternativesSimplification/unified"}
{"Time":"2026-10-03T22:49:14.697951-03:00","Action":"output","Package":"golang.org/x/tools/internal/gcimporter","Test":"TestGonAlternativesSimplification/unified","Output":"=== RUN   TestGonAlternativesSimplification/unified\n","OutputType":"frame"}
{"Time":"2026-10-03T22:49:14.697993-03:00","Action":"output","Package":"golang.org/x/tools/internal/gcimporter","Test":"TestGonAlternativesSimplification/unified","Output":"--- PASS: TestGonAlternativesSimplification/unified (0.00s)\n","OutputType":"frame"}
{"Time":"2026-10-03T22:49:14.698005-03:00","Action":"pass","Package":"golang.org/x/tools/internal/gcimporter","Test":"TestGonAlternativesSimplification/unified","Elapsed":0}
{"Time":"2026-10-03T22:49:14.698011-03:00","Action":"run","Package":"golang.org/x/tools/internal/gcimporter","Test":"TestGonAlternativesSimplification/indexed"}
{"Time":"2026-10-03T22:49:14.698014-03:00","Action":"output","Package":"golang.org/x/tools/internal/gcimporter","Test":"TestGonAlternativesSimplification/indexed","Output":"=== RUN   TestGonAlternativesSimplification/indexed\n","OutputType":"frame"}
{"Time":"2026-10-03T22:49:14.698643-03:00","Action":"output","Package":"golang.org/x/tools/internal/gcimporter","Test":"TestGonAlternativesSimplification/indexed","Output":"--- PASS: TestGonAlternativesSimplification/indexed (0.00s)\n","OutputType":"frame"}
{"Time":"2026-10-03T22:49:14.698654-03:00","Action":"pass","Package":"golang.org/x/tools/internal/gcimporter","Test":"TestGonAlternativesSimplification/indexed","Elapsed":0}
{"Time":"2026-10-03T22:49:14.698659-03:00","Action":"run","Package":"golang.org/x/tools/internal/gcimporter","Test":"TestGonAlternativesSimplification/shallow"}
{"Time":"2026-10-03T22:49:14.698663-03:00","Action":"output","Package":"golang.org/x/tools/internal/gcimporter","Test":"TestGonAlternativesSimplification/shallow","Output":"=== RUN   TestGonAlternativesSimplification/shallow\n","OutputType":"frame"}
{"Time":"2026-10-03T22:49:14.698812-03:00","Action":"output","Package":"golang.org/x/tools/internal/gcimporter","Test":"TestGonAlternativesSimplification/shallow","Output":"--- PASS: TestGonAlternativesSimplification/shallow (0.00s)\n","OutputType":"frame"}
{"Time":"2026-10-03T22:49:14.698818-03:00","Action":"pass","Package":"golang.org/x/tools/internal/gcimporter","Test":"TestGonAlternativesSimplification/shallow","Elapsed":0}
{"Time":"2026-10-03T22:49:15.063997-03:00","Action":"run","Package":"golang.org/x/tools/internal/gcimporter","Test":"TestGonAlternativesSimplification/public_compiler_export"}
{"Time":"2026-10-03T22:49:15.064012-03:00","Action":"output","Package":"golang.org/x/tools/internal/gcimporter","Test":"TestGonAlternativesSimplification/public_compiler_export","Output":"=== RUN   TestGonAlternativesSimplification/public_compiler_export\n","OutputType":"frame"}
{"Time":"2026-10-03T22:49:15.064476-03:00","Action":"output","Package":"golang.org/x/tools/internal/gcimporter","Test":"TestGonAlternativesSimplification/public_compiler_export","Output":"--- PASS: TestGonAlternativesSimplification/public_compiler_export (0.00s)\n","OutputType":"frame"}
{"Time":"2026-10-03T22:49:15.064485-03:00","Action":"pass","Package":"golang.org/x/tools/internal/gcimporter","Test":"TestGonAlternativesSimplification/public_compiler_export","Elapsed":0}
{"Time":"2026-10-03T22:49:15.064491-03:00","Action":"run","Package":"golang.org/x/tools/internal/gcimporter","Test":"TestGonAlternativesSimplification/public_client_export"}
{"Time":"2026-10-03T22:49:15.064495-03:00","Action":"output","Package":"golang.org/x/tools/internal/gcimporter","Test":"TestGonAlternativesSimplification/public_client_export","Output":"=== RUN   TestGonAlternativesSimplification/public_client_export\n","OutputType":"frame"}
{"Time":"2026-10-03T22:49:15.220221-03:00","Action":"output","Package":"golang.org/x/tools/internal/gcimporter","Test":"TestGonAlternativesSimplification/public_client_export","Output":"--- PASS: TestGonAlternativesSimplification/public_client_export (0.16s)\n","OutputType":"frame"}
{"Time":"2026-10-03T22:49:15.220277-03:00","Action":"pass","Package":"golang.org/x/tools/internal/gcimporter","Test":"TestGonAlternativesSimplification/public_client_export","Elapsed":0.16}
{"Time":"2026-10-03T22:49:15.220295-03:00","Action":"run","Package":"golang.org/x/tools/internal/gcimporter","Test":"TestGonAlternativesSimplification/toolchain_importer"}
{"Time":"2026-10-03T22:49:15.220313-03:00","Action":"output","Package":"golang.org/x/tools/internal/gcimporter","Test":"TestGonAlternativesSimplification/toolchain_importer","Output":"=== RUN   TestGonAlternativesSimplification/toolchain_importer\n","OutputType":"frame"}
{"Time":"2026-10-03T22:49:15.220549-03:00","Action":"output","Package":"golang.org/x/tools/internal/gcimporter","Test":"TestGonAlternativesSimplification/toolchain_importer","Output":"--- PASS: TestGonAlternativesSimplification/toolchain_importer (0.00s)\n","OutputType":"frame"}
{"Time":"2026-10-03T22:49:15.220562-03:00","Action":"pass","Package":"golang.org/x/tools/internal/gcimporter","Test":"TestGonAlternativesSimplification/toolchain_importer","Elapsed":0}
{"Time":"2026-10-03T22:49:15.222041-03:00","Action":"output","Package":"golang.org/x/tools/internal/gcimporter","Test":"TestGonAlternativesSimplification","Output":"--- PASS: TestGonAlternativesSimplification (1.85s)\n","OutputType":"frame"}
{"Time":"2026-10-03T22:49:15.222052-03:00","Action":"pass","Package":"golang.org/x/tools/internal/gcimporter","Test":"TestGonAlternativesSimplification","Elapsed":1.85}
{"Time":"2026-10-03T22:49:15.222061-03:00","Action":"run","Package":"golang.org/x/tools/internal/gcimporter","Test":"TestGonAlternatives"}
{"Time":"2026-10-03T22:49:15.222065-03:00","Action":"output","Package":"golang.org/x/tools/internal/gcimporter","Test":"TestGonAlternatives","Output":"=== RUN   TestGonAlternatives\n","OutputType":"frame"}
{"Time":"2026-10-03T22:49:15.222273-03:00","Action":"output","Package":"golang.org/x/tools/internal/gcimporter","Test":"TestGonAlternatives","Output":"--- PASS: TestGonAlternatives (0.00s)\n","OutputType":"frame"}
{"Time":"2026-10-03T22:49:15.222288-03:00","Action":"pass","Package":"golang.org/x/tools/internal/gcimporter","Test":"TestGonAlternatives","Elapsed":0}
{"Time":"2026-10-03T22:49:15.222294-03:00","Action":"output","Package":"golang.org/x/tools/internal/gcimporter","Output":"PASS\n","OutputType":"frame"}
{"Time":"2026-10-03T22:49:15.222747-03:00","Action":"output","Package":"golang.org/x/tools/internal/gcimporter","Output":"ok  \tgolang.org/x/tools/internal/gcimporter\t2.093s\n"}
{"Time":"2026-10-03T22:49:15.222775-03:00","Action":"pass","Package":"golang.org/x/tools/internal/gcimporter","Elapsed":2.093}
