{"Time":"2026-10-03T22:48:39.01725-03:00","Action":"start","Package":"cmd/internal/testdir"}
{"Time":"2026-10-03T22:48:39.22791-03:00","Action":"run","Package":"cmd/internal/testdir","Test":"Test"}
{"Time":"2026-10-03T22:48:39.228084-03:00","Action":"output","Package":"cmd/internal/testdir","Test":"Test","Output":"=== RUN   Test\n","OutputType":"frame"}
{"Time":"2026-10-03T22:48:39.275387-03:00","Action":"run","Package":"cmd/internal/testdir","Test":"Test/matching.go"}
{"Time":"2026-10-03T22:48:39.275406-03:00","Action":"output","Package":"cmd/internal/testdir","Test":"Test/matching.go","Output":"=== RUN   Test/matching.go\n","OutputType":"frame"}
{"Time":"2026-10-03T22:48:39.27543-03:00","Action":"output","Package":"cmd/internal/testdir","Test":"Test/matching.go","Output":"=== PAUSE Test/matching.go\n","OutputType":"frame"}
{"Time":"2026-10-03T22:48:39.275435-03:00","Action":"pause","Package":"cmd/internal/testdir","Test":"Test/matching.go"}
{"Time":"2026-10-03T22:48:39.282973-03:00","Action":"cont","Package":"cmd/internal/testdir","Test":"Test/matching.go"}
{"Time":"2026-10-03T22:48:39.282985-03:00","Action":"output","Package":"cmd/internal/testdir","Test":"Test/matching.go","Output":"=== CONT  Test/matching.go\n","OutputType":"frame"}
{"Time":"2026-10-03T22:48:42.146438-03:00","Action":"output","Package":"cmd/internal/testdir","Test":"Test/matching.go","Output":"--- PASS: Test/matching.go (2.86s)\n","OutputType":"frame"}
{"Time":"2026-10-03T22:48:42.146977-03:00","Action":"pass","Package":"cmd/internal/testdir","Test":"Test/matching.go","Elapsed":2.86}
{"Time":"2026-10-03T22:48:42.146993-03:00","Action":"output","Package":"cmd/internal/testdir","Test":"Test","Output":"--- PASS: Test (0.06s)\n","OutputType":"frame"}
{"Time":"2026-10-03T22:48:42.14701-03:00","Action":"pass","Package":"cmd/internal/testdir","Test":"Test","Elapsed":0.06}
{"Time":"2026-10-03T22:48:42.147027-03:00","Action":"run","Package":"cmd/internal/testdir","Test":"TestShouldTest"}
{"Time":"2026-10-03T22:48:42.147031-03:00","Action":"output","Package":"cmd/internal/testdir","Test":"TestShouldTest","Output":"=== RUN   TestShouldTest\n","OutputType":"frame"}
{"Time":"2026-10-03T22:48:42.147062-03:00","Action":"output","Package":"cmd/internal/testdir","Test":"TestShouldTest","Output":"--- PASS: TestShouldTest (0.00s)\n","OutputType":"frame"}
{"Time":"2026-10-03T22:48:42.147071-03:00","Action":"pass","Package":"cmd/internal/testdir","Test":"TestShouldTest","Elapsed":0}
{"Time":"2026-10-03T22:48:42.14708-03:00","Action":"output","Package":"cmd/internal/testdir","Output":"PASS\n","OutputType":"frame"}
{"Time":"2026-10-03T22:48:42.147561-03:00","Action":"output","Package":"cmd/internal/testdir","Output":"ok  \tcmd/internal/testdir\t3.130s\n"}
{"Time":"2026-10-03T22:48:42.14757-03:00","Action":"pass","Package":"cmd/internal/testdir","Elapsed":3.13}
