{"Time":"2026-10-03T22:48:42.321513-03:00","Action":"start","Package":"cmd/internal/testdir"}
{"Time":"2026-10-03T22:48:42.524259-03:00","Action":"run","Package":"cmd/internal/testdir","Test":"Test"}
{"Time":"2026-10-03T22:48:42.52444-03:00","Action":"output","Package":"cmd/internal/testdir","Test":"Test","Output":"=== RUN   Test\n","OutputType":"frame"}
{"Time":"2026-10-03T22:48:42.571413-03:00","Action":"run","Package":"cmd/internal/testdir","Test":"Test/optionresult.go"}
{"Time":"2026-10-03T22:48:42.571433-03:00","Action":"output","Package":"cmd/internal/testdir","Test":"Test/optionresult.go","Output":"=== RUN   Test/optionresult.go\n","OutputType":"frame"}
{"Time":"2026-10-03T22:48:42.571454-03:00","Action":"output","Package":"cmd/internal/testdir","Test":"Test/optionresult.go","Output":"=== PAUSE Test/optionresult.go\n","OutputType":"frame"}
{"Time":"2026-10-03T22:48:42.57146-03:00","Action":"pause","Package":"cmd/internal/testdir","Test":"Test/optionresult.go"}
{"Time":"2026-10-03T22:48:42.579989-03:00","Action":"cont","Package":"cmd/internal/testdir","Test":"Test/optionresult.go"}
{"Time":"2026-10-03T22:48:42.580006-03:00","Action":"output","Package":"cmd/internal/testdir","Test":"Test/optionresult.go","Output":"=== CONT  Test/optionresult.go\n","OutputType":"frame"}
{"Time":"2026-10-03T22:48:44.599269-03:00","Action":"output","Package":"cmd/internal/testdir","Test":"Test/optionresult.go","Output":"--- PASS: Test/optionresult.go (2.02s)\n","OutputType":"frame"}
{"Time":"2026-10-03T22:48:44.599631-03:00","Action":"pass","Package":"cmd/internal/testdir","Test":"Test/optionresult.go","Elapsed":2.02}
{"Time":"2026-10-03T22:48:44.599648-03:00","Action":"output","Package":"cmd/internal/testdir","Test":"Test","Output":"--- PASS: Test (0.06s)\n","OutputType":"frame"}
{"Time":"2026-10-03T22:48:44.599657-03:00","Action":"pass","Package":"cmd/internal/testdir","Test":"Test","Elapsed":0.06}
{"Time":"2026-10-03T22:48:44.599673-03:00","Action":"run","Package":"cmd/internal/testdir","Test":"TestShouldTest"}
{"Time":"2026-10-03T22:48:44.599677-03:00","Action":"output","Package":"cmd/internal/testdir","Test":"TestShouldTest","Output":"=== RUN   TestShouldTest\n","OutputType":"frame"}
{"Time":"2026-10-03T22:48:44.59972-03:00","Action":"output","Package":"cmd/internal/testdir","Test":"TestShouldTest","Output":"--- PASS: TestShouldTest (0.00s)\n","OutputType":"frame"}
{"Time":"2026-10-03T22:48:44.599736-03:00","Action":"pass","Package":"cmd/internal/testdir","Test":"TestShouldTest","Elapsed":0}
{"Time":"2026-10-03T22:48:44.599752-03:00","Action":"output","Package":"cmd/internal/testdir","Output":"PASS\n","OutputType":"frame"}
{"Time":"2026-10-03T22:48:44.60021-03:00","Action":"output","Package":"cmd/internal/testdir","Output":"ok  \tcmd/internal/testdir\t2.278s\n"}
{"Time":"2026-10-03T22:48:44.600217-03:00","Action":"pass","Package":"cmd/internal/testdir","Elapsed":2.279}
