{"Time":"2026-10-03T22:48:51.388662-03:00","Action":"start","Package":"honnef.co/go/tools/go/ir"}
{"Time":"2026-10-03T22:48:51.655724-03:00","Action":"run","Package":"honnef.co/go/tools/go/ir","Test":"TestGonAlternatives"}
{"Time":"2026-10-03T22:48:51.655921-03:00","Action":"output","Package":"honnef.co/go/tools/go/ir","Test":"TestGonAlternatives","Output":"=== RUN   TestGonAlternatives\n","OutputType":"frame"}
{"Time":"2026-10-03T22:48:51.656022-03:00","Action":"run","Package":"honnef.co/go/tools/go/ir","Test":"TestGonAlternatives/legacy"}
{"Time":"2026-10-03T22:48:51.656035-03:00","Action":"output","Package":"honnef.co/go/tools/go/ir","Test":"TestGonAlternatives/legacy","Output":"=== RUN   TestGonAlternatives/legacy\n","OutputType":"frame"}
{"Time":"2026-10-03T22:48:51.660763-03:00","Action":"output","Package":"honnef.co/go/tools/go/ir","Test":"TestGonAlternatives/legacy","Output":"--- PASS: TestGonAlternatives/legacy (0.00s)\n","OutputType":"frame"}
{"Time":"2026-10-03T22:48:51.660804-03:00","Action":"pass","Package":"honnef.co/go/tools/go/ir","Test":"TestGonAlternatives/legacy","Elapsed":0}
{"Time":"2026-10-03T22:48:51.660831-03:00","Action":"run","Package":"honnef.co/go/tools/go/ir","Test":"TestGonAlternatives/modern"}
{"Time":"2026-10-03T22:48:51.660841-03:00","Action":"output","Package":"honnef.co/go/tools/go/ir","Test":"TestGonAlternatives/modern","Output":"=== RUN   TestGonAlternatives/modern\n","OutputType":"frame"}
{"Time":"2026-10-03T22:48:51.663741-03:00","Action":"output","Package":"honnef.co/go/tools/go/ir","Test":"TestGonAlternatives/modern","Output":"--- PASS: TestGonAlternatives/modern (0.00s)\n","OutputType":"frame"}
{"Time":"2026-10-03T22:48:51.663753-03:00","Action":"pass","Package":"honnef.co/go/tools/go/ir","Test":"TestGonAlternatives/modern","Elapsed":0}
{"Time":"2026-10-03T22:48:51.663761-03:00","Action":"output","Package":"honnef.co/go/tools/go/ir","Test":"TestGonAlternatives","Output":"--- PASS: TestGonAlternatives (0.01s)\n","OutputType":"frame"}
{"Time":"2026-10-03T22:48:51.663773-03:00","Action":"pass","Package":"honnef.co/go/tools/go/ir","Test":"TestGonAlternatives","Elapsed":0.01}
{"Time":"2026-10-03T22:48:51.663794-03:00","Action":"run","Package":"honnef.co/go/tools/go/ir","Test":"TestGonSyntaxSimplification"}
{"Time":"2026-10-03T22:48:51.6638-03:00","Action":"output","Package":"honnef.co/go/tools/go/ir","Test":"TestGonSyntaxSimplification","Output":"=== RUN   TestGonSyntaxSimplification\n","OutputType":"frame"}
{"Time":"2026-10-03T22:48:51.663806-03:00","Action":"run","Package":"honnef.co/go/tools/go/ir","Test":"TestGonSyntaxSimplification/legacy"}
{"Time":"2026-10-03T22:48:51.663812-03:00","Action":"output","Package":"honnef.co/go/tools/go/ir","Test":"TestGonSyntaxSimplification/legacy","Output":"=== RUN   TestGonSyntaxSimplification/legacy\n","OutputType":"frame"}
{"Time":"2026-10-03T22:48:51.665487-03:00","Action":"output","Package":"honnef.co/go/tools/go/ir","Test":"TestGonSyntaxSimplification/legacy","Output":"--- PASS: TestGonSyntaxSimplification/legacy (0.00s)\n","OutputType":"frame"}
{"Time":"2026-10-03T22:48:51.665508-03:00","Action":"pass","Package":"honnef.co/go/tools/go/ir","Test":"TestGonSyntaxSimplification/legacy","Elapsed":0}
{"Time":"2026-10-03T22:48:51.665519-03:00","Action":"run","Package":"honnef.co/go/tools/go/ir","Test":"TestGonSyntaxSimplification/modern"}
{"Time":"2026-10-03T22:48:51.665525-03:00","Action":"output","Package":"honnef.co/go/tools/go/ir","Test":"TestGonSyntaxSimplification/modern","Output":"=== RUN   TestGonSyntaxSimplification/modern\n","OutputType":"frame"}
{"Time":"2026-10-03T22:48:51.666224-03:00","Action":"output","Package":"honnef.co/go/tools/go/ir","Test":"TestGonSyntaxSimplification/modern","Output":"--- PASS: TestGonSyntaxSimplification/modern (0.00s)\n","OutputType":"frame"}
{"Time":"2026-10-03T22:48:51.666229-03:00","Action":"pass","Package":"honnef.co/go/tools/go/ir","Test":"TestGonSyntaxSimplification/modern","Elapsed":0}
{"Time":"2026-10-03T22:48:51.666233-03:00","Action":"output","Package":"honnef.co/go/tools/go/ir","Test":"TestGonSyntaxSimplification","Output":"--- PASS: TestGonSyntaxSimplification (0.00s)\n","OutputType":"frame"}
{"Time":"2026-10-03T22:48:51.666246-03:00","Action":"pass","Package":"honnef.co/go/tools/go/ir","Test":"TestGonSyntaxSimplification","Elapsed":0}
{"Time":"2026-10-03T22:48:51.666251-03:00","Action":"run","Package":"honnef.co/go/tools/go/ir","Test":"TestGonConditional"}
{"Time":"2026-10-03T22:48:51.666254-03:00","Action":"output","Package":"honnef.co/go/tools/go/ir","Test":"TestGonConditional","Output":"=== RUN   TestGonConditional\n","OutputType":"frame"}
{"Time":"2026-10-03T22:48:51.666257-03:00","Action":"run","Package":"honnef.co/go/tools/go/ir","Test":"TestGonConditional/conditional_legacy"}
{"Time":"2026-10-03T22:48:51.66626-03:00","Action":"output","Package":"honnef.co/go/tools/go/ir","Test":"TestGonConditional/conditional_legacy","Output":"=== RUN   TestGonConditional/conditional_legacy\n","OutputType":"frame"}
{"Time":"2026-10-03T22:48:51.670237-03:00","Action":"output","Package":"honnef.co/go/tools/go/ir","Test":"TestGonConditional/conditional_legacy","Output":"--- PASS: TestGonConditional/conditional_legacy (0.00s)\n","OutputType":"frame"}
{"Time":"2026-10-03T22:48:51.670246-03:00","Action":"pass","Package":"honnef.co/go/tools/go/ir","Test":"TestGonConditional/conditional_legacy","Elapsed":0}
{"Time":"2026-10-03T22:48:51.670252-03:00","Action":"run","Package":"honnef.co/go/tools/go/ir","Test":"TestGonConditional/conditional_modern"}
{"Time":"2026-10-03T22:48:51.670257-03:00","Action":"output","Package":"honnef.co/go/tools/go/ir","Test":"TestGonConditional/conditional_modern","Output":"=== RUN   TestGonConditional/conditional_modern\n","OutputType":"frame"}
{"Time":"2026-10-03T22:48:51.674029-03:00","Action":"output","Package":"honnef.co/go/tools/go/ir","Test":"TestGonConditional/conditional_modern","Output":"--- PASS: TestGonConditional/conditional_modern (0.00s)\n","OutputType":"frame"}
{"Time":"2026-10-03T22:48:51.674036-03:00","Action":"pass","Package":"honnef.co/go/tools/go/ir","Test":"TestGonConditional/conditional_modern","Elapsed":0}
{"Time":"2026-10-03T22:48:51.674042-03:00","Action":"output","Package":"honnef.co/go/tools/go/ir","Test":"TestGonConditional","Output":"--- PASS: TestGonConditional (0.01s)\n","OutputType":"frame"}
{"Time":"2026-10-03T22:48:51.674046-03:00","Action":"pass","Package":"honnef.co/go/tools/go/ir","Test":"TestGonConditional","Elapsed":0.01}
{"Time":"2026-10-03T22:48:51.674061-03:00","Action":"run","Package":"honnef.co/go/tools/go/ir","Test":"TestGonSwitchTag"}
{"Time":"2026-10-03T22:48:51.674065-03:00","Action":"output","Package":"honnef.co/go/tools/go/ir","Test":"TestGonSwitchTag","Output":"=== RUN   TestGonSwitchTag\n","OutputType":"frame"}
{"Time":"2026-10-03T22:48:51.674278-03:00","Action":"output","Package":"honnef.co/go/tools/go/ir","Test":"TestGonSwitchTag","Output":"--- PASS: TestGonSwitchTag (0.00s)\n","OutputType":"frame"}
{"Time":"2026-10-03T22:48:51.674295-03:00","Action":"pass","Package":"honnef.co/go/tools/go/ir","Test":"TestGonSwitchTag","Elapsed":0}
{"Time":"2026-10-03T22:48:51.674304-03:00","Action":"run","Package":"honnef.co/go/tools/go/ir","Test":"TestGonFeatures"}
{"Time":"2026-10-03T22:48:51.67431-03:00","Action":"output","Package":"honnef.co/go/tools/go/ir","Test":"TestGonFeatures","Output":"=== RUN   TestGonFeatures\n","OutputType":"frame"}
{"Time":"2026-10-03T22:48:51.674325-03:00","Action":"run","Package":"honnef.co/go/tools/go/ir","Test":"TestGonFeatures/legacy"}
{"Time":"2026-10-03T22:48:51.674332-03:00","Action":"output","Package":"honnef.co/go/tools/go/ir","Test":"TestGonFeatures/legacy","Output":"=== RUN   TestGonFeatures/legacy\n","OutputType":"frame"}
{"Time":"2026-10-03T22:48:51.67815-03:00","Action":"output","Package":"honnef.co/go/tools/go/ir","Test":"TestGonFeatures/legacy","Output":"--- PASS: TestGonFeatures/legacy (0.00s)\n","OutputType":"frame"}
{"Time":"2026-10-03T22:48:51.67816-03:00","Action":"pass","Package":"honnef.co/go/tools/go/ir","Test":"TestGonFeatures/legacy","Elapsed":0}
{"Time":"2026-10-03T22:48:51.678165-03:00","Action":"run","Package":"honnef.co/go/tools/go/ir","Test":"TestGonFeatures/modern"}
{"Time":"2026-10-03T22:48:51.678179-03:00","Action":"output","Package":"honnef.co/go/tools/go/ir","Test":"TestGonFeatures/modern","Output":"=== RUN   TestGonFeatures/modern\n","OutputType":"frame"}
{"Time":"2026-10-03T22:48:51.681836-03:00","Action":"output","Package":"honnef.co/go/tools/go/ir","Test":"TestGonFeatures/modern","Output":"--- PASS: TestGonFeatures/modern (0.00s)\n","OutputType":"frame"}
{"Time":"2026-10-03T22:48:51.681858-03:00","Action":"pass","Package":"honnef.co/go/tools/go/ir","Test":"TestGonFeatures/modern","Elapsed":0}
{"Time":"2026-10-03T22:48:51.681869-03:00","Action":"output","Package":"honnef.co/go/tools/go/ir","Test":"TestGonFeatures","Output":"--- PASS: TestGonFeatures (0.01s)\n","OutputType":"frame"}
{"Time":"2026-10-03T22:48:51.681877-03:00","Action":"pass","Package":"honnef.co/go/tools/go/ir","Test":"TestGonFeatures","Elapsed":0.01}
{"Time":"2026-10-03T22:48:51.681888-03:00","Action":"run","Package":"honnef.co/go/tools/go/ir","Test":"TestGonErrorFlow"}
{"Time":"2026-10-03T22:48:51.681895-03:00","Action":"output","Package":"honnef.co/go/tools/go/ir","Test":"TestGonErrorFlow","Output":"=== RUN   TestGonErrorFlow\n","OutputType":"frame"}
{"Time":"2026-10-03T22:48:51.681902-03:00","Action":"run","Package":"honnef.co/go/tools/go/ir","Test":"TestGonErrorFlow/legacy"}
{"Time":"2026-10-03T22:48:51.681908-03:00","Action":"output","Package":"honnef.co/go/tools/go/ir","Test":"TestGonErrorFlow/legacy","Output":"=== RUN   TestGonErrorFlow/legacy\n","OutputType":"frame"}
{"Time":"2026-10-03T22:48:51.683269-03:00","Action":"output","Package":"honnef.co/go/tools/go/ir","Test":"TestGonErrorFlow/legacy","Output":"--- PASS: TestGonErrorFlow/legacy (0.00s)\n","OutputType":"frame"}
{"Time":"2026-10-03T22:48:51.683277-03:00","Action":"pass","Package":"honnef.co/go/tools/go/ir","Test":"TestGonErrorFlow/legacy","Elapsed":0}
{"Time":"2026-10-03T22:48:51.683282-03:00","Action":"run","Package":"honnef.co/go/tools/go/ir","Test":"TestGonErrorFlow/modern"}
{"Time":"2026-10-03T22:48:51.683286-03:00","Action":"output","Package":"honnef.co/go/tools/go/ir","Test":"TestGonErrorFlow/modern","Output":"=== RUN   TestGonErrorFlow/modern\n","OutputType":"frame"}
{"Time":"2026-10-03T22:48:51.684876-03:00","Action":"output","Package":"honnef.co/go/tools/go/ir","Test":"TestGonErrorFlow/modern","Output":"--- PASS: TestGonErrorFlow/modern (0.00s)\n","OutputType":"frame"}
{"Time":"2026-10-03T22:48:51.684893-03:00","Action":"pass","Package":"honnef.co/go/tools/go/ir","Test":"TestGonErrorFlow/modern","Elapsed":0}
{"Time":"2026-10-03T22:48:51.684901-03:00","Action":"output","Package":"honnef.co/go/tools/go/ir","Test":"TestGonErrorFlow","Output":"--- PASS: TestGonErrorFlow (0.00s)\n","OutputType":"frame"}
{"Time":"2026-10-03T22:48:51.684908-03:00","Action":"pass","Package":"honnef.co/go/tools/go/ir","Test":"TestGonErrorFlow","Elapsed":0}
{"Time":"2026-10-03T22:48:51.684914-03:00","Action":"run","Package":"honnef.co/go/tools/go/ir","Test":"TestGonNamedArguments"}
{"Time":"2026-10-03T22:48:51.684919-03:00","Action":"output","Package":"honnef.co/go/tools/go/ir","Test":"TestGonNamedArguments","Output":"=== RUN   TestGonNamedArguments\n","OutputType":"frame"}
{"Time":"2026-10-03T22:48:51.684925-03:00","Action":"run","Package":"honnef.co/go/tools/go/ir","Test":"TestGonNamedArguments/legacy"}
{"Time":"2026-10-03T22:48:51.684929-03:00","Action":"output","Package":"honnef.co/go/tools/go/ir","Test":"TestGonNamedArguments/legacy","Output":"=== RUN   TestGonNamedArguments/legacy\n","OutputType":"frame"}
{"Time":"2026-10-03T22:48:51.685666-03:00","Action":"output","Package":"honnef.co/go/tools/go/ir","Test":"TestGonNamedArguments/legacy","Output":"--- PASS: TestGonNamedArguments/legacy (0.00s)\n","OutputType":"frame"}
{"Time":"2026-10-03T22:48:51.685674-03:00","Action":"pass","Package":"honnef.co/go/tools/go/ir","Test":"TestGonNamedArguments/legacy","Elapsed":0}
{"Time":"2026-10-03T22:48:51.685678-03:00","Action":"run","Package":"honnef.co/go/tools/go/ir","Test":"TestGonNamedArguments/modern"}
{"Time":"2026-10-03T22:48:51.68569-03:00","Action":"output","Package":"honnef.co/go/tools/go/ir","Test":"TestGonNamedArguments/modern","Output":"=== RUN   TestGonNamedArguments/modern\n","OutputType":"frame"}
{"Time":"2026-10-03T22:48:51.686432-03:00","Action":"output","Package":"honnef.co/go/tools/go/ir","Test":"TestGonNamedArguments/modern","Output":"--- PASS: TestGonNamedArguments/modern (0.00s)\n","OutputType":"frame"}
{"Time":"2026-10-03T22:48:51.686438-03:00","Action":"pass","Package":"honnef.co/go/tools/go/ir","Test":"TestGonNamedArguments/modern","Elapsed":0}
{"Time":"2026-10-03T22:48:51.686443-03:00","Action":"output","Package":"honnef.co/go/tools/go/ir","Test":"TestGonNamedArguments","Output":"--- PASS: TestGonNamedArguments (0.00s)\n","OutputType":"frame"}
{"Time":"2026-10-03T22:48:51.686447-03:00","Action":"pass","Package":"honnef.co/go/tools/go/ir","Test":"TestGonNamedArguments","Elapsed":0}
{"Time":"2026-10-03T22:48:51.686452-03:00","Action":"output","Package":"honnef.co/go/tools/go/ir","Output":"PASS\n","OutputType":"frame"}
{"Time":"2026-10-03T22:48:51.68716-03:00","Action":"output","Package":"honnef.co/go/tools/go/ir","Output":"ok  \thonnef.co/go/tools/go/ir\t0.298s\n"}
{"Time":"2026-10-03T22:48:51.687176-03:00","Action":"pass","Package":"honnef.co/go/tools/go/ir","Elapsed":0.299}
