{"Time":"2026-10-03T22:48:02.015839-03:00","Action":"start","Package":"honnef.co/go/tools/analysis/code"}
{"Time":"2026-10-03T22:48:02.015938-03:00","Action":"start","Package":"honnef.co/go/tools/go/ast/astutil"}
{"Time":"2026-10-03T22:48:02.015984-03:00","Action":"start","Package":"honnef.co/go/tools/go/types/typeutil"}
{"Time":"2026-10-03T22:48:02.20633-03:00","Action":"run","Package":"honnef.co/go/tools/go/types/typeutil","Test":"TestGonOptionalUnify"}
{"Time":"2026-10-03T22:48:02.206509-03:00","Action":"output","Package":"honnef.co/go/tools/go/types/typeutil","Test":"TestGonOptionalUnify","Output":"=== RUN   TestGonOptionalUnify\n","OutputType":"frame"}
{"Time":"2026-10-03T22:48:02.206633-03:00","Action":"output","Package":"honnef.co/go/tools/go/types/typeutil","Test":"TestGonOptionalUnify","Output":"--- PASS: TestGonOptionalUnify (0.00s)\n","OutputType":"frame"}
{"Time":"2026-10-03T22:48:02.206658-03:00","Action":"pass","Package":"honnef.co/go/tools/go/types/typeutil","Test":"TestGonOptionalUnify","Elapsed":0}
{"Time":"2026-10-03T22:48:02.206671-03:00","Action":"output","Package":"honnef.co/go/tools/go/types/typeutil","Output":"PASS\n","OutputType":"frame"}
{"Time":"2026-10-03T22:48:02.207039-03:00","Action":"output","Package":"honnef.co/go/tools/go/types/typeutil","Output":"ok  \thonnef.co/go/tools/go/types/typeutil\t0.191s\n"}
{"Time":"2026-10-03T22:48:02.207061-03:00","Action":"pass","Package":"honnef.co/go/tools/go/types/typeutil","Elapsed":0.191}
{"Time":"2026-10-03T22:48:02.241338-03:00","Action":"run","Package":"honnef.co/go/tools/go/ast/astutil","Test":"TestGonTransformSafety"}
{"Time":"2026-10-03T22:48:02.241456-03:00","Action":"output","Package":"honnef.co/go/tools/go/ast/astutil","Test":"TestGonTransformSafety","Output":"=== RUN   TestGonTransformSafety\n","OutputType":"frame"}
{"Time":"2026-10-03T22:48:02.241546-03:00","Action":"output","Package":"honnef.co/go/tools/go/ast/astutil","Test":"TestGonTransformSafety","Output":"--- PASS: TestGonTransformSafety (0.00s)\n","OutputType":"frame"}
{"Time":"2026-10-03T22:48:02.24157-03:00","Action":"pass","Package":"honnef.co/go/tools/go/ast/astutil","Test":"TestGonTransformSafety","Elapsed":0}
{"Time":"2026-10-03T22:48:02.241586-03:00","Action":"output","Package":"honnef.co/go/tools/go/ast/astutil","Output":"PASS\n","OutputType":"frame"}
{"Time":"2026-10-03T22:48:02.242385-03:00","Action":"output","Package":"honnef.co/go/tools/go/ast/astutil","Output":"ok  \thonnef.co/go/tools/go/ast/astutil\t0.226s\n"}
{"Time":"2026-10-03T22:48:02.242425-03:00","Action":"pass","Package":"honnef.co/go/tools/go/ast/astutil","Elapsed":0.226}
{"Time":"2026-10-03T22:48:02.242887-03:00","Action":"run","Package":"honnef.co/go/tools/analysis/code","Test":"TestGonEffects"}
{"Time":"2026-10-03T22:48:02.242955-03:00","Action":"output","Package":"honnef.co/go/tools/analysis/code","Test":"TestGonEffects","Output":"=== RUN   TestGonEffects\n","OutputType":"frame"}
{"Time":"2026-10-03T22:48:02.243284-03:00","Action":"output","Package":"honnef.co/go/tools/analysis/code","Test":"TestGonEffects","Output":"--- PASS: TestGonEffects (0.00s)\n","OutputType":"frame"}
{"Time":"2026-10-03T22:48:02.243312-03:00","Action":"pass","Package":"honnef.co/go/tools/analysis/code","Test":"TestGonEffects","Elapsed":0}
{"Time":"2026-10-03T22:48:02.243324-03:00","Action":"output","Package":"honnef.co/go/tools/analysis/code","Output":"PASS\n","OutputType":"frame"}
{"Time":"2026-10-03T22:48:02.24416-03:00","Action":"output","Package":"honnef.co/go/tools/analysis/code","Output":"ok  \thonnef.co/go/tools/analysis/code\t0.228s\n"}
{"Time":"2026-10-03T22:48:02.244185-03:00","Action":"pass","Package":"honnef.co/go/tools/analysis/code","Elapsed":0.228}
