{"Time":"2026-10-03T22:47:57.461141-03:00","Action":"start","Package":"golang.org/x/tools/go/ast/inspector"}
{"Time":"2026-10-03T22:47:57.461281-03:00","Action":"start","Package":"golang.org/x/tools/go/ast/astutil"}
{"Time":"2026-10-03T22:47:57.461318-03:00","Action":"start","Package":"golang.org/x/tools/go/ast/edge"}
{"Time":"2026-10-03T22:47:57.570146-03:00","Action":"start","Package":"golang.org/x/tools/go/cfg"}
{"Time":"2026-10-03T22:47:57.570183-03:00","Action":"start","Package":"golang.org/x/tools/refactor/satisfy"}
{"Time":"2026-10-03T22:47:57.570224-03:00","Action":"start","Package":"golang.org/x/tools/internal/typesinternal"}
{"Time":"2026-10-03T22:47:57.645254-03:00","Action":"output","Package":"golang.org/x/tools/go/ast/edge","Output":"testing: warning: no tests to run\n"}
{"Time":"2026-10-03T22:47:57.645312-03:00","Action":"output","Package":"golang.org/x/tools/go/ast/edge","Output":"PASS\n","OutputType":"frame"}
{"Time":"2026-10-03T22:47:57.645637-03:00","Action":"output","Package":"golang.org/x/tools/go/ast/edge","Output":"ok  \tgolang.org/x/tools/go/ast/edge\t0.184s [no tests to run]\n"}
{"Time":"2026-10-03T22:47:57.645651-03:00","Action":"pass","Package":"golang.org/x/tools/go/ast/edge","Elapsed":0.184}
{"Time":"2026-10-03T22:47:57.649109-03:00","Action":"run","Package":"golang.org/x/tools/go/ast/astutil","Test":"TestCondExpr"}
{"Time":"2026-10-03T22:47:57.649131-03:00","Action":"output","Package":"golang.org/x/tools/go/ast/astutil","Test":"TestCondExpr","Output":"=== RUN   TestCondExpr\n","OutputType":"frame"}
{"Time":"2026-10-03T22:47:57.649464-03:00","Action":"output","Package":"golang.org/x/tools/go/ast/astutil","Test":"TestCondExpr","Output":"--- PASS: TestCondExpr (0.00s)\n","OutputType":"frame"}
{"Time":"2026-10-03T22:47:57.649478-03:00","Action":"pass","Package":"golang.org/x/tools/go/ast/astutil","Test":"TestCondExpr","Elapsed":0}
{"Time":"2026-10-03T22:47:57.649486-03:00","Action":"run","Package":"golang.org/x/tools/go/ast/astutil","Test":"TestCondExprMissingElse"}
{"Time":"2026-10-03T22:47:57.64949-03:00","Action":"output","Package":"golang.org/x/tools/go/ast/astutil","Test":"TestCondExprMissingElse","Output":"=== RUN   TestCondExprMissingElse\n","OutputType":"frame"}
{"Time":"2026-10-03T22:47:57.649529-03:00","Action":"output","Package":"golang.org/x/tools/go/ast/astutil","Test":"TestCondExprMissingElse","Output":"--- PASS: TestCondExprMissingElse (0.00s)\n","OutputType":"frame"}
{"Time":"2026-10-03T22:47:57.649538-03:00","Action":"pass","Package":"golang.org/x/tools/go/ast/astutil","Test":"TestCondExprMissingElse","Elapsed":0}
{"Time":"2026-10-03T22:47:57.649544-03:00","Action":"run","Package":"golang.org/x/tools/go/ast/astutil","Test":"TestGonFeatureRewrites"}
{"Time":"2026-10-03T22:47:57.649548-03:00","Action":"output","Package":"golang.org/x/tools/go/ast/astutil","Test":"TestGonFeatureRewrites","Output":"=== RUN   TestGonFeatureRewrites\n","OutputType":"frame"}
{"Time":"2026-10-03T22:47:57.649619-03:00","Action":"output","Package":"golang.org/x/tools/go/ast/astutil","Test":"TestGonFeatureRewrites","Output":"--- PASS: TestGonFeatureRewrites (0.00s)\n","OutputType":"frame"}
{"Time":"2026-10-03T22:47:57.649627-03:00","Action":"pass","Package":"golang.org/x/tools/go/ast/astutil","Test":"TestGonFeatureRewrites","Elapsed":0}
{"Time":"2026-10-03T22:47:57.649665-03:00","Action":"run","Package":"golang.org/x/tools/go/ast/astutil","Test":"TestGonAlternativesReplacement"}
{"Time":"2026-10-03T22:47:57.649672-03:00","Action":"output","Package":"golang.org/x/tools/go/ast/astutil","Test":"TestGonAlternativesReplacement","Output":"=== RUN   TestGonAlternativesReplacement\n","OutputType":"frame"}
{"Time":"2026-10-03T22:47:57.649727-03:00","Action":"output","Package":"golang.org/x/tools/go/ast/astutil","Test":"TestGonAlternativesReplacement","Output":"--- PASS: TestGonAlternativesReplacement (0.00s)\n","OutputType":"frame"}
{"Time":"2026-10-03T22:47:57.649732-03:00","Action":"pass","Package":"golang.org/x/tools/go/ast/astutil","Test":"TestGonAlternativesReplacement","Elapsed":0}
{"Time":"2026-10-03T22:47:57.649747-03:00","Action":"output","Package":"golang.org/x/tools/go/ast/astutil","Output":"PASS\n","OutputType":"frame"}
{"Time":"2026-10-03T22:47:57.650127-03:00","Action":"output","Package":"golang.org/x/tools/go/ast/astutil","Output":"ok  \tgolang.org/x/tools/go/ast/astutil\t0.189s\n"}
{"Time":"2026-10-03T22:47:57.650145-03:00","Action":"pass","Package":"golang.org/x/tools/go/ast/astutil","Elapsed":0.189}
{"Time":"2026-10-03T22:47:57.709156-03:00","Action":"run","Package":"golang.org/x/tools/go/ast/inspector","Test":"TestGonAlternativesInventory"}
{"Time":"2026-10-03T22:47:57.709213-03:00","Action":"output","Package":"golang.org/x/tools/go/ast/inspector","Test":"TestGonAlternativesInventory","Output":"=== RUN   TestGonAlternativesInventory\n","OutputType":"frame"}
{"Time":"2026-10-03T22:47:57.709247-03:00","Action":"output","Package":"golang.org/x/tools/go/ast/inspector","Test":"TestGonAlternativesInventory","Output":"--- PASS: TestGonAlternativesInventory (0.00s)\n","OutputType":"frame"}
{"Time":"2026-10-03T22:47:57.709257-03:00","Action":"pass","Package":"golang.org/x/tools/go/ast/inspector","Test":"TestGonAlternativesInventory","Elapsed":0}
{"Time":"2026-10-03T22:47:57.709264-03:00","Action":"run","Package":"golang.org/x/tools/go/ast/inspector","Test":"TestCondExpr"}
{"Time":"2026-10-03T22:47:57.709269-03:00","Action":"output","Package":"golang.org/x/tools/go/ast/inspector","Test":"TestCondExpr","Output":"=== RUN   TestCondExpr\n","OutputType":"frame"}
{"Time":"2026-10-03T22:47:57.709291-03:00","Action":"output","Package":"golang.org/x/tools/go/ast/inspector","Test":"TestCondExpr","Output":"--- PASS: TestCondExpr (0.00s)\n","OutputType":"frame"}
{"Time":"2026-10-03T22:47:57.709296-03:00","Action":"pass","Package":"golang.org/x/tools/go/ast/inspector","Test":"TestCondExpr","Elapsed":0}
{"Time":"2026-10-03T22:47:57.7093-03:00","Action":"run","Package":"golang.org/x/tools/go/ast/inspector","Test":"TestErrorHandling"}
{"Time":"2026-10-03T22:47:57.709303-03:00","Action":"output","Package":"golang.org/x/tools/go/ast/inspector","Test":"TestErrorHandling","Output":"=== RUN   TestErrorHandling\n","OutputType":"frame"}
{"Time":"2026-10-03T22:47:57.709323-03:00","Action":"output","Package":"golang.org/x/tools/go/ast/inspector","Test":"TestErrorHandling","Output":"--- PASS: TestErrorHandling (0.00s)\n","OutputType":"frame"}
{"Time":"2026-10-03T22:47:57.709328-03:00","Action":"pass","Package":"golang.org/x/tools/go/ast/inspector","Test":"TestErrorHandling","Elapsed":0}
{"Time":"2026-10-03T22:47:57.709331-03:00","Action":"run","Package":"golang.org/x/tools/go/ast/inspector","Test":"TestGonFeatureEdges"}
{"Time":"2026-10-03T22:47:57.709334-03:00","Action":"output","Package":"golang.org/x/tools/go/ast/inspector","Test":"TestGonFeatureEdges","Output":"=== RUN   TestGonFeatureEdges\n","OutputType":"frame"}
{"Time":"2026-10-03T22:47:57.709356-03:00","Action":"output","Package":"golang.org/x/tools/go/ast/inspector","Test":"TestGonFeatureEdges","Output":"--- PASS: TestGonFeatureEdges (0.00s)\n","OutputType":"frame"}
{"Time":"2026-10-03T22:47:57.709361-03:00","Action":"pass","Package":"golang.org/x/tools/go/ast/inspector","Test":"TestGonFeatureEdges","Elapsed":0}
{"Time":"2026-10-03T22:47:57.709405-03:00","Action":"run","Package":"golang.org/x/tools/go/ast/inspector","Test":"TestInspectAllNodes"}
{"Time":"2026-10-03T22:47:57.709408-03:00","Action":"output","Package":"golang.org/x/tools/go/ast/inspector","Test":"TestInspectAllNodes","Output":"=== RUN   TestInspectAllNodes\n","OutputType":"frame"}
{"Time":"2026-10-03T22:47:57.712987-03:00","Action":"output","Package":"golang.org/x/tools/go/ast/inspector","Test":"TestInspectAllNodes","Output":"--- PASS: TestInspectAllNodes (0.00s)\n","OutputType":"frame"}
{"Time":"2026-10-03T22:47:57.712997-03:00","Action":"pass","Package":"golang.org/x/tools/go/ast/inspector","Test":"TestInspectAllNodes","Elapsed":0}
{"Time":"2026-10-03T22:47:57.713017-03:00","Action":"output","Package":"golang.org/x/tools/go/ast/inspector","Output":"PASS\n","OutputType":"frame"}
{"Time":"2026-10-03T22:47:57.713688-03:00","Action":"output","Package":"golang.org/x/tools/go/ast/inspector","Output":"ok  \tgolang.org/x/tools/go/ast/inspector\t0.252s\n"}
{"Time":"2026-10-03T22:47:57.713713-03:00","Action":"pass","Package":"golang.org/x/tools/go/ast/inspector","Elapsed":0.253}
{"Time":"2026-10-03T22:47:57.777367-03:00","Action":"run","Package":"golang.org/x/tools/internal/typesinternal","Test":"TestErrorCodes"}
{"Time":"2026-10-03T22:47:57.777407-03:00","Action":"output","Package":"golang.org/x/tools/internal/typesinternal","Test":"TestErrorCodes","Output":"=== RUN   TestErrorCodes\n","OutputType":"frame"}
{"Time":"2026-10-03T22:47:57.777491-03:00","Action":"output","Package":"golang.org/x/tools/internal/typesinternal","Test":"TestErrorCodes","Output":"    errorcode_test.go:22: unskip this test to verify the correctness of errorcode.go for the current Go version\n"}
{"Time":"2026-10-03T22:47:57.777506-03:00","Action":"output","Package":"golang.org/x/tools/internal/typesinternal","Test":"TestErrorCodes","Output":"--- SKIP: TestErrorCodes (0.00s)\n","OutputType":"frame"}
{"Time":"2026-10-03T22:47:57.777511-03:00","Action":"skip","Package":"golang.org/x/tools/internal/typesinternal","Test":"TestErrorCodes","Elapsed":0}
{"Time":"2026-10-03T22:47:57.777518-03:00","Action":"run","Package":"golang.org/x/tools/internal/typesinternal","Test":"TestGonErrorCodes"}
{"Time":"2026-10-03T22:47:57.777522-03:00","Action":"output","Package":"golang.org/x/tools/internal/typesinternal","Test":"TestGonErrorCodes","Output":"=== RUN   TestGonErrorCodes\n","OutputType":"frame"}
{"Time":"2026-10-03T22:47:57.777564-03:00","Action":"run","Package":"golang.org/x/tools/refactor/satisfy","Test":"TestCondExpr"}
{"Time":"2026-10-03T22:47:57.777578-03:00","Action":"output","Package":"golang.org/x/tools/refactor/satisfy","Test":"TestCondExpr","Output":"=== RUN   TestCondExpr\n","OutputType":"frame"}
{"Time":"2026-10-03T22:47:57.778172-03:00","Action":"output","Package":"golang.org/x/tools/refactor/satisfy","Test":"TestCondExpr","Output":"--- PASS: TestCondExpr (0.00s)\n","OutputType":"frame"}
{"Time":"2026-10-03T22:47:57.778183-03:00","Action":"pass","Package":"golang.org/x/tools/refactor/satisfy","Test":"TestCondExpr","Elapsed":0}
{"Time":"2026-10-03T22:47:57.77819-03:00","Action":"run","Package":"golang.org/x/tools/refactor/satisfy","Test":"TestErrorHandling"}
{"Time":"2026-10-03T22:47:57.778195-03:00","Action":"output","Package":"golang.org/x/tools/refactor/satisfy","Test":"TestErrorHandling","Output":"=== RUN   TestErrorHandling\n","OutputType":"frame"}
{"Time":"2026-10-03T22:47:57.778292-03:00","Action":"output","Package":"golang.org/x/tools/refactor/satisfy","Test":"TestErrorHandling","Output":"--- PASS: TestErrorHandling (0.00s)\n","OutputType":"frame"}
{"Time":"2026-10-03T22:47:57.7783-03:00","Action":"pass","Package":"golang.org/x/tools/refactor/satisfy","Test":"TestErrorHandling","Elapsed":0}
{"Time":"2026-10-03T22:47:57.778304-03:00","Action":"run","Package":"golang.org/x/tools/refactor/satisfy","Test":"TestGonFeatureConstraints"}
{"Time":"2026-10-03T22:47:57.778308-03:00","Action":"output","Package":"golang.org/x/tools/refactor/satisfy","Test":"TestGonFeatureConstraints","Output":"=== RUN   TestGonFeatureConstraints\n","OutputType":"frame"}
{"Time":"2026-10-03T22:47:57.778508-03:00","Action":"output","Package":"golang.org/x/tools/refactor/satisfy","Test":"TestGonFeatureConstraints","Output":"--- PASS: TestGonFeatureConstraints (0.00s)\n","OutputType":"frame"}
{"Time":"2026-10-03T22:47:57.778514-03:00","Action":"pass","Package":"golang.org/x/tools/refactor/satisfy","Test":"TestGonFeatureConstraints","Elapsed":0}
{"Time":"2026-10-03T22:47:57.778518-03:00","Action":"run","Package":"golang.org/x/tools/refactor/satisfy","Test":"TestGonAlternatives"}
{"Time":"2026-10-03T22:47:57.778522-03:00","Action":"output","Package":"golang.org/x/tools/refactor/satisfy","Test":"TestGonAlternatives","Output":"=== RUN   TestGonAlternatives\n","OutputType":"frame"}
{"Time":"2026-10-03T22:47:57.778822-03:00","Action":"output","Package":"golang.org/x/tools/refactor/satisfy","Test":"TestGonAlternatives","Output":"--- PASS: TestGonAlternatives (0.00s)\n","OutputType":"frame"}
{"Time":"2026-10-03T22:47:57.77884-03:00","Action":"pass","Package":"golang.org/x/tools/refactor/satisfy","Test":"TestGonAlternatives","Elapsed":0}
{"Time":"2026-10-03T22:47:57.778852-03:00","Action":"output","Package":"golang.org/x/tools/refactor/satisfy","Output":"PASS\n","OutputType":"frame"}
{"Time":"2026-10-03T22:47:57.779011-03:00","Action":"output","Package":"golang.org/x/tools/internal/typesinternal","Test":"TestGonErrorCodes","Output":"--- PASS: TestGonErrorCodes (0.00s)\n","OutputType":"frame"}
{"Time":"2026-10-03T22:47:57.779018-03:00","Action":"pass","Package":"golang.org/x/tools/internal/typesinternal","Test":"TestGonErrorCodes","Elapsed":0}
{"Time":"2026-10-03T22:47:57.779022-03:00","Action":"run","Package":"golang.org/x/tools/internal/typesinternal","Test":"TestGonNoEffects"}
{"Time":"2026-10-03T22:47:57.779026-03:00","Action":"output","Package":"golang.org/x/tools/internal/typesinternal","Test":"TestGonNoEffects","Output":"=== RUN   TestGonNoEffects\n","OutputType":"frame"}
{"Time":"2026-10-03T22:47:57.779037-03:00","Action":"output","Package":"golang.org/x/tools/internal/typesinternal","Test":"TestGonNoEffects","Output":"--- PASS: TestGonNoEffects (0.00s)\n","OutputType":"frame"}
{"Time":"2026-10-03T22:47:57.779042-03:00","Action":"pass","Package":"golang.org/x/tools/internal/typesinternal","Test":"TestGonNoEffects","Elapsed":0}
{"Time":"2026-10-03T22:47:57.779046-03:00","Action":"run","Package":"golang.org/x/tools/internal/typesinternal","Test":"TestGonEnumZeroValue"}
{"Time":"2026-10-03T22:47:57.77905-03:00","Action":"output","Package":"golang.org/x/tools/internal/typesinternal","Test":"TestGonEnumZeroValue","Output":"=== RUN   TestGonEnumZeroValue\n","OutputType":"frame"}
{"Time":"2026-10-03T22:47:57.779121-03:00","Action":"run","Package":"golang.org/x/tools/internal/typesinternal","Test":"TestGonEnumZeroValue/int?"}
{"Time":"2026-10-03T22:47:57.779137-03:00","Action":"output","Package":"golang.org/x/tools/internal/typesinternal","Test":"TestGonEnumZeroValue/int?","Output":"=== RUN   TestGonEnumZeroValue/int?\n","OutputType":"frame"}
{"Time":"2026-10-03T22:47:57.779355-03:00","Action":"output","Package":"golang.org/x/tools/refactor/satisfy","Output":"ok  \tgolang.org/x/tools/refactor/satisfy\t0.209s\n"}
{"Time":"2026-10-03T22:47:57.779364-03:00","Action":"pass","Package":"golang.org/x/tools/refactor/satisfy","Elapsed":0.209}
{"Time":"2026-10-03T22:47:57.779397-03:00","Action":"output","Package":"golang.org/x/tools/internal/typesinternal","Test":"TestGonEnumZeroValue/int?","Output":"--- PASS: TestGonEnumZeroValue/int? (0.00s)\n","OutputType":"frame"}
{"Time":"2026-10-03T22:47:57.779434-03:00","Action":"pass","Package":"golang.org/x/tools/internal/typesinternal","Test":"TestGonEnumZeroValue/int?","Elapsed":0}
{"Time":"2026-10-03T22:47:57.779457-03:00","Action":"run","Package":"golang.org/x/tools/internal/typesinternal","Test":"TestGonEnumZeroValue/lib.Unit"}
{"Time":"2026-10-03T22:47:57.779469-03:00","Action":"output","Package":"golang.org/x/tools/internal/typesinternal","Test":"TestGonEnumZeroValue/lib.Unit","Output":"=== RUN   TestGonEnumZeroValue/lib.Unit\n","OutputType":"frame"}
{"Time":"2026-10-03T22:47:57.779477-03:00","Action":"output","Package":"golang.org/x/tools/internal/typesinternal","Test":"TestGonEnumZeroValue/lib.Unit","Output":"--- PASS: TestGonEnumZeroValue/lib.Unit (0.00s)\n","OutputType":"frame"}
{"Time":"2026-10-03T22:47:57.779483-03:00","Action":"pass","Package":"golang.org/x/tools/internal/typesinternal","Test":"TestGonEnumZeroValue/lib.Unit","Elapsed":0}
{"Time":"2026-10-03T22:47:57.779493-03:00","Action":"run","Package":"golang.org/x/tools/internal/typesinternal","Test":"TestGonEnumZeroValue/lib.Pos"}
{"Time":"2026-10-03T22:47:57.779498-03:00","Action":"output","Package":"golang.org/x/tools/internal/typesinternal","Test":"TestGonEnumZeroValue/lib.Pos","Output":"=== RUN   TestGonEnumZeroValue/lib.Pos\n","OutputType":"frame"}
{"Time":"2026-10-03T22:47:57.779503-03:00","Action":"output","Package":"golang.org/x/tools/internal/typesinternal","Test":"TestGonEnumZeroValue/lib.Pos","Output":"--- PASS: TestGonEnumZeroValue/lib.Pos (0.00s)\n","OutputType":"frame"}
{"Time":"2026-10-03T22:47:57.779516-03:00","Action":"pass","Package":"golang.org/x/tools/internal/typesinternal","Test":"TestGonEnumZeroValue/lib.Pos","Elapsed":0}
{"Time":"2026-10-03T22:47:57.77952-03:00","Action":"run","Package":"golang.org/x/tools/internal/typesinternal","Test":"TestGonEnumZeroValue/lib.Record"}
{"Time":"2026-10-03T22:47:57.779524-03:00","Action":"output","Package":"golang.org/x/tools/internal/typesinternal","Test":"TestGonEnumZeroValue/lib.Record","Output":"=== RUN   TestGonEnumZeroValue/lib.Record\n","OutputType":"frame"}
{"Time":"2026-10-03T22:47:57.779531-03:00","Action":"output","Package":"golang.org/x/tools/internal/typesinternal","Test":"TestGonEnumZeroValue/lib.Record","Output":"--- PASS: TestGonEnumZeroValue/lib.Record (0.00s)\n","OutputType":"frame"}
{"Time":"2026-10-03T22:47:57.779536-03:00","Action":"pass","Package":"golang.org/x/tools/internal/typesinternal","Test":"TestGonEnumZeroValue/lib.Record","Elapsed":0}
{"Time":"2026-10-03T22:47:57.77954-03:00","Action":"run","Package":"golang.org/x/tools/internal/typesinternal","Test":"TestGonEnumZeroValue/lib.Alias"}
{"Time":"2026-10-03T22:47:57.779544-03:00","Action":"output","Package":"golang.org/x/tools/internal/typesinternal","Test":"TestGonEnumZeroValue/lib.Alias","Output":"=== RUN   TestGonEnumZeroValue/lib.Alias\n","OutputType":"frame"}
{"Time":"2026-10-03T22:47:57.779548-03:00","Action":"output","Package":"golang.org/x/tools/internal/typesinternal","Test":"TestGonEnumZeroValue/lib.Alias","Output":"--- PASS: TestGonEnumZeroValue/lib.Alias (0.00s)\n","OutputType":"frame"}
{"Time":"2026-10-03T22:47:57.779552-03:00","Action":"pass","Package":"golang.org/x/tools/internal/typesinternal","Test":"TestGonEnumZeroValue/lib.Alias","Elapsed":0}
{"Time":"2026-10-03T22:47:57.779555-03:00","Action":"run","Package":"golang.org/x/tools/internal/typesinternal","Test":"TestGonEnumZeroValue/lib.Generic[int]"}
{"Time":"2026-10-03T22:47:57.779559-03:00","Action":"output","Package":"golang.org/x/tools/internal/typesinternal","Test":"TestGonEnumZeroValue/lib.Generic[int]","Output":"=== RUN   TestGonEnumZeroValue/lib.Generic[int]\n","OutputType":"frame"}
{"Time":"2026-10-03T22:47:57.779636-03:00","Action":"output","Package":"golang.org/x/tools/internal/typesinternal","Test":"TestGonEnumZeroValue/lib.Generic[int]","Output":"--- PASS: TestGonEnumZeroValue/lib.Generic[int] (0.00s)\n","OutputType":"frame"}
{"Time":"2026-10-03T22:47:57.779641-03:00","Action":"pass","Package":"golang.org/x/tools/internal/typesinternal","Test":"TestGonEnumZeroValue/lib.Generic[int]","Elapsed":0}
{"Time":"2026-10-03T22:47:57.779646-03:00","Action":"run","Package":"golang.org/x/tools/internal/typesinternal","Test":"TestGonEnumZeroValue/Result[int,_error]"}
{"Time":"2026-10-03T22:47:57.77965-03:00","Action":"output","Package":"golang.org/x/tools/internal/typesinternal","Test":"TestGonEnumZeroValue/Result[int,_error]","Output":"=== RUN   TestGonEnumZeroValue/Result[int,_error]\n","OutputType":"frame"}
{"Time":"2026-10-03T22:47:57.779687-03:00","Action":"output","Package":"golang.org/x/tools/internal/typesinternal","Test":"TestGonEnumZeroValue/Result[int,_error]","Output":"--- PASS: TestGonEnumZeroValue/Result[int,_error] (0.00s)\n","OutputType":"frame"}
{"Time":"2026-10-03T22:47:57.779693-03:00","Action":"pass","Package":"golang.org/x/tools/internal/typesinternal","Test":"TestGonEnumZeroValue/Result[int,_error]","Elapsed":0}
{"Time":"2026-10-03T22:47:57.779697-03:00","Action":"output","Package":"golang.org/x/tools/internal/typesinternal","Test":"TestGonEnumZeroValue","Output":"--- PASS: TestGonEnumZeroValue (0.00s)\n","OutputType":"frame"}
{"Time":"2026-10-03T22:47:57.779701-03:00","Action":"pass","Package":"golang.org/x/tools/internal/typesinternal","Test":"TestGonEnumZeroValue","Elapsed":0}
{"Time":"2026-10-03T22:47:57.779706-03:00","Action":"output","Package":"golang.org/x/tools/internal/typesinternal","Output":"PASS\n","OutputType":"frame"}
{"Time":"2026-10-03T22:47:57.780216-03:00","Action":"output","Package":"golang.org/x/tools/internal/typesinternal","Output":"ok  \tgolang.org/x/tools/internal/typesinternal\t0.210s\n"}
{"Time":"2026-10-03T22:47:57.780228-03:00","Action":"pass","Package":"golang.org/x/tools/internal/typesinternal","Elapsed":0.21}
{"Time":"2026-10-03T22:47:57.780571-03:00","Action":"run","Package":"golang.org/x/tools/go/cfg","Test":"TestGonAlternatives"}
{"Time":"2026-10-03T22:47:57.780587-03:00","Action":"output","Package":"golang.org/x/tools/go/cfg","Test":"TestGonAlternatives","Output":"=== RUN   TestGonAlternatives\n","OutputType":"frame"}
{"Time":"2026-10-03T22:47:57.780649-03:00","Action":"run","Package":"golang.org/x/tools/go/cfg","Test":"TestGonAlternatives/__=_Option[int].None?;_panic(0)"}
{"Time":"2026-10-03T22:47:57.780654-03:00","Action":"output","Package":"golang.org/x/tools/go/cfg","Test":"TestGonAlternatives/__=_Option[int].None?;_panic(0)","Output":"=== RUN   TestGonAlternatives/__=_Option[int].None?;_panic(0)\n","OutputType":"frame"}
{"Time":"2026-10-03T22:47:57.780936-03:00","Action":"output","Package":"golang.org/x/tools/go/cfg","Test":"TestGonAlternatives/__=_Option[int].None?;_panic(0)","Output":"--- PASS: TestGonAlternatives/__=_Option[int].None?;_panic(0) (0.00s)\n","OutputType":"frame"}
{"Time":"2026-10-03T22:47:57.780942-03:00","Action":"pass","Package":"golang.org/x/tools/go/cfg","Test":"TestGonAlternatives/__=_Option[int].None?;_panic(0)","Elapsed":0}
{"Time":"2026-10-03T22:47:57.780946-03:00","Action":"run","Package":"golang.org/x/tools/go/cfg","Test":"TestGonAlternatives/__=_switch_value_{_case_Event.A_=\u003e_fail()?;_default_=\u003e_1_};_panic(0)"}
{"Time":"2026-10-03T22:47:57.780951-03:00","Action":"output","Package":"golang.org/x/tools/go/cfg","Test":"TestGonAlternatives/__=_switch_value_{_case_Event.A_=\u003e_fail()?;_default_=\u003e_1_};_panic(0)","Output":"=== RUN   TestGonAlternatives/__=_switch_value_{_case_Event.A_=\u003e_fail()?;_default_=\u003e_1_};_panic(0)\n","OutputType":"frame"}
{"Time":"2026-10-03T22:47:57.780991-03:00","Action":"output","Package":"golang.org/x/tools/go/cfg","Test":"TestGonAlternatives/__=_switch_value_{_case_Event.A_=\u003e_fail()?;_default_=\u003e_1_};_panic(0)","Output":"--- PASS: TestGonAlternatives/__=_switch_value_{_case_Event.A_=\u003e_fail()?;_default_=\u003e_1_};_panic(0) (0.00s)\n","OutputType":"frame"}
{"Time":"2026-10-03T22:47:57.780998-03:00","Action":"pass","Package":"golang.org/x/tools/go/cfg","Test":"TestGonAlternatives/__=_switch_value_{_case_Event.A_=\u003e_fail()?;_default_=\u003e_1_};_panic(0)","Elapsed":0}
{"Time":"2026-10-03T22:47:57.781003-03:00","Action":"run","Package":"golang.org/x/tools/go/cfg","Test":"TestGonAlternatives/switch_value_{_case_Event.A_=\u003e_{_return_};_default_=\u003e_{_panic(0)_}_}"}
{"Time":"2026-10-03T22:47:57.781007-03:00","Action":"output","Package":"golang.org/x/tools/go/cfg","Test":"TestGonAlternatives/switch_value_{_case_Event.A_=\u003e_{_return_};_default_=\u003e_{_panic(0)_}_}","Output":"=== RUN   TestGonAlternatives/switch_value_{_case_Event.A_=\u003e_{_return_};_default_=\u003e_{_panic(0)_}_}\n","OutputType":"frame"}
{"Time":"2026-10-03T22:47:57.781013-03:00","Action":"output","Package":"golang.org/x/tools/go/cfg","Test":"TestGonAlternatives/switch_value_{_case_Event.A_=\u003e_{_return_};_default_=\u003e_{_panic(0)_}_}","Output":"--- PASS: TestGonAlternatives/switch_value_{_case_Event.A_=\u003e_{_return_};_default_=\u003e_{_panic(0)_}_} (0.00s)\n","OutputType":"frame"}
{"Time":"2026-10-03T22:47:57.781017-03:00","Action":"pass","Package":"golang.org/x/tools/go/cfg","Test":"TestGonAlternatives/switch_value_{_case_Event.A_=\u003e_{_return_};_default_=\u003e_{_panic(0)_}_}","Elapsed":0}
{"Time":"2026-10-03T22:47:57.78102-03:00","Action":"run","Package":"golang.org/x/tools/go/cfg","Test":"TestGonAlternatives/switch_value_{_case_Event.A_if_guard()_=\u003e_{_panic(0)_};_default_=\u003e_{_panic(0)_}_}"}
{"Time":"2026-10-03T22:47:57.781024-03:00","Action":"output","Package":"golang.org/x/tools/go/cfg","Test":"TestGonAlternatives/switch_value_{_case_Event.A_if_guard()_=\u003e_{_panic(0)_};_default_=\u003e_{_panic(0)_}_}","Output":"=== RUN   TestGonAlternatives/switch_value_{_case_Event.A_if_guard()_=\u003e_{_panic(0)_};_default_=\u003e_{_panic(0)_}_}\n","OutputType":"frame"}
{"Time":"2026-10-03T22:47:57.781034-03:00","Action":"output","Package":"golang.org/x/tools/go/cfg","Test":"TestGonAlternatives/switch_value_{_case_Event.A_if_guard()_=\u003e_{_panic(0)_};_default_=\u003e_{_panic(0)_}_}","Output":"--- PASS: TestGonAlternatives/switch_value_{_case_Event.A_if_guard()_=\u003e_{_panic(0)_};_default_=\u003e_{_panic(0)_}_} (0.00s)\n","OutputType":"frame"}
{"Time":"2026-10-03T22:47:57.781044-03:00","Action":"pass","Package":"golang.org/x/tools/go/cfg","Test":"TestGonAlternatives/switch_value_{_case_Event.A_if_guard()_=\u003e_{_panic(0)_};_default_=\u003e_{_panic(0)_}_}","Elapsed":0}
{"Time":"2026-10-03T22:47:57.781048-03:00","Action":"run","Package":"golang.org/x/tools/go/cfg","Test":"TestGonAlternatives/L:_switch_value_{_case_Event.A_=\u003e_{_break_L_};_default_=\u003e_{_panic(0)_}_};_panic(0)"}
{"Time":"2026-10-03T22:47:57.781052-03:00","Action":"output","Package":"golang.org/x/tools/go/cfg","Test":"TestGonAlternatives/L:_switch_value_{_case_Event.A_=\u003e_{_break_L_};_default_=\u003e_{_panic(0)_}_};_panic(0)","Output":"=== RUN   TestGonAlternatives/L:_switch_value_{_case_Event.A_=\u003e_{_break_L_};_default_=\u003e_{_panic(0)_}_};_panic(0)\n","OutputType":"frame"}
{"Time":"2026-10-03T22:47:57.781063-03:00","Action":"output","Package":"golang.org/x/tools/go/cfg","Test":"TestGonAlternatives/L:_switch_value_{_case_Event.A_=\u003e_{_break_L_};_default_=\u003e_{_panic(0)_}_};_panic(0)","Output":"--- PASS: TestGonAlternatives/L:_switch_value_{_case_Event.A_=\u003e_{_break_L_};_default_=\u003e_{_panic(0)_}_};_panic(0) (0.00s)\n","OutputType":"frame"}
{"Time":"2026-10-03T22:47:57.781069-03:00","Action":"pass","Package":"golang.org/x/tools/go/cfg","Test":"TestGonAlternatives/L:_switch_value_{_case_Event.A_=\u003e_{_break_L_};_default_=\u003e_{_panic(0)_}_};_panic(0)","Elapsed":0}
{"Time":"2026-10-03T22:47:57.781109-03:00","Action":"output","Package":"golang.org/x/tools/go/cfg","Test":"TestGonAlternatives","Output":"--- PASS: TestGonAlternatives (0.00s)\n","OutputType":"frame"}
{"Time":"2026-10-03T22:47:57.781114-03:00","Action":"pass","Package":"golang.org/x/tools/go/cfg","Test":"TestGonAlternatives","Elapsed":0}
{"Time":"2026-10-03T22:47:57.781118-03:00","Action":"run","Package":"golang.org/x/tools/go/cfg","Test":"TestCondExprControlFlow"}
{"Time":"2026-10-03T22:47:57.781121-03:00","Action":"output","Package":"golang.org/x/tools/go/cfg","Test":"TestCondExprControlFlow","Output":"=== RUN   TestCondExprControlFlow\n","OutputType":"frame"}
{"Time":"2026-10-03T22:47:57.781152-03:00","Action":"run","Package":"golang.org/x/tools/go/cfg","Test":"TestCondExprControlFlow/__=_if_c_{_1_}_else_{_2_};_panic(0)"}
{"Time":"2026-10-03T22:47:57.781156-03:00","Action":"output","Package":"golang.org/x/tools/go/cfg","Test":"TestCondExprControlFlow/__=_if_c_{_1_}_else_{_2_};_panic(0)","Output":"=== RUN   TestCondExprControlFlow/__=_if_c_{_1_}_else_{_2_};_panic(0)\n","OutputType":"frame"}
{"Time":"2026-10-03T22:47:57.781169-03:00","Action":"output","Package":"golang.org/x/tools/go/cfg","Test":"TestCondExprControlFlow/__=_if_c_{_1_}_else_{_2_};_panic(0)","Output":"--- PASS: TestCondExprControlFlow/__=_if_c_{_1_}_else_{_2_};_panic(0) (0.00s)\n","OutputType":"frame"}
{"Time":"2026-10-03T22:47:57.781174-03:00","Action":"pass","Package":"golang.org/x/tools/go/cfg","Test":"TestCondExprControlFlow/__=_if_c_{_1_}_else_{_2_};_panic(0)","Elapsed":0}
{"Time":"2026-10-03T22:47:57.781178-03:00","Action":"run","Package":"golang.org/x/tools/go/cfg","Test":"TestCondExprControlFlow/panic(if_c_{_1_}_else_{_2_})"}
{"Time":"2026-10-03T22:47:57.781181-03:00","Action":"output","Package":"golang.org/x/tools/go/cfg","Test":"TestCondExprControlFlow/panic(if_c_{_1_}_else_{_2_})","Output":"=== RUN   TestCondExprControlFlow/panic(if_c_{_1_}_else_{_2_})\n","OutputType":"frame"}
{"Time":"2026-10-03T22:47:57.781196-03:00","Action":"output","Package":"golang.org/x/tools/go/cfg","Test":"TestCondExprControlFlow/panic(if_c_{_1_}_else_{_2_})","Output":"--- PASS: TestCondExprControlFlow/panic(if_c_{_1_}_else_{_2_}) (0.00s)\n","OutputType":"frame"}
{"Time":"2026-10-03T22:47:57.781204-03:00","Action":"pass","Package":"golang.org/x/tools/go/cfg","Test":"TestCondExprControlFlow/panic(if_c_{_1_}_else_{_2_})","Elapsed":0}
{"Time":"2026-10-03T22:47:57.781208-03:00","Action":"run","Package":"golang.org/x/tools/go/cfg","Test":"TestCondExprControlFlow/return_if_c_{_1_}_else_{_2_}"}
{"Time":"2026-10-03T22:47:57.781211-03:00","Action":"output","Package":"golang.org/x/tools/go/cfg","Test":"TestCondExprControlFlow/return_if_c_{_1_}_else_{_2_}","Output":"=== RUN   TestCondExprControlFlow/return_if_c_{_1_}_else_{_2_}\n","OutputType":"frame"}
{"Time":"2026-10-03T22:47:57.781216-03:00","Action":"output","Package":"golang.org/x/tools/go/cfg","Test":"TestCondExprControlFlow/return_if_c_{_1_}_else_{_2_}","Output":"--- PASS: TestCondExprControlFlow/return_if_c_{_1_}_else_{_2_} (0.00s)\n","OutputType":"frame"}
{"Time":"2026-10-03T22:47:57.78122-03:00","Action":"pass","Package":"golang.org/x/tools/go/cfg","Test":"TestCondExprControlFlow/return_if_c_{_1_}_else_{_2_}","Elapsed":0}
{"Time":"2026-10-03T22:47:57.781223-03:00","Action":"run","Package":"golang.org/x/tools/go/cfg","Test":"TestCondExprControlFlow/__=_if_c_{_f()!_}_else_{_0_};_panic(0)"}
{"Time":"2026-10-03T22:47:57.781227-03:00","Action":"output","Package":"golang.org/x/tools/go/cfg","Test":"TestCondExprControlFlow/__=_if_c_{_f()!_}_else_{_0_};_panic(0)","Output":"=== RUN   TestCondExprControlFlow/__=_if_c_{_f()!_}_else_{_0_};_panic(0)\n","OutputType":"frame"}
{"Time":"2026-10-03T22:47:57.781238-03:00","Action":"output","Package":"golang.org/x/tools/go/cfg","Test":"TestCondExprControlFlow/__=_if_c_{_f()!_}_else_{_0_};_panic(0)","Output":"--- PASS: TestCondExprControlFlow/__=_if_c_{_f()!_}_else_{_0_};_panic(0) (0.00s)\n","OutputType":"frame"}
{"Time":"2026-10-03T22:47:57.781243-03:00","Action":"pass","Package":"golang.org/x/tools/go/cfg","Test":"TestCondExprControlFlow/__=_if_c_{_f()!_}_else_{_0_};_panic(0)","Elapsed":0}
{"Time":"2026-10-03T22:47:57.781247-03:00","Action":"run","Package":"golang.org/x/tools/go/cfg","Test":"TestCondExprControlFlow/__=_if_c_{_0_}_else_{_f()_or_err_{_return_}_};_panic(0)"}
{"Time":"2026-10-03T22:47:57.78125-03:00","Action":"output","Package":"golang.org/x/tools/go/cfg","Test":"TestCondExprControlFlow/__=_if_c_{_0_}_else_{_f()_or_err_{_return_}_};_panic(0)","Output":"=== RUN   TestCondExprControlFlow/__=_if_c_{_0_}_else_{_f()_or_err_{_return_}_};_panic(0)\n","OutputType":"frame"}
{"Time":"2026-10-03T22:47:57.781268-03:00","Action":"output","Package":"golang.org/x/tools/go/cfg","Test":"TestCondExprControlFlow/__=_if_c_{_0_}_else_{_f()_or_err_{_return_}_};_panic(0)","Output":"--- PASS: TestCondExprControlFlow/__=_if_c_{_0_}_else_{_f()_or_err_{_return_}_};_panic(0) (0.00s)\n","OutputType":"frame"}
{"Time":"2026-10-03T22:47:57.781274-03:00","Action":"pass","Package":"golang.org/x/tools/go/cfg","Test":"TestCondExprControlFlow/__=_if_c_{_0_}_else_{_f()_or_err_{_return_}_};_panic(0)","Elapsed":0}
{"Time":"2026-10-03T22:47:57.781277-03:00","Action":"run","Package":"golang.org/x/tools/go/cfg","Test":"TestCondExprControlFlow/__=_if_c_{_f()_or_err_{_panic(err)_}_}_else_{_g()_or_err_{_panic(err)_}_};_panic(0)"}
{"Time":"2026-10-03T22:47:57.78128-03:00","Action":"output","Package":"golang.org/x/tools/go/cfg","Test":"TestCondExprControlFlow/__=_if_c_{_f()_or_err_{_panic(err)_}_}_else_{_g()_or_err_{_panic(err)_}_};_panic(0)","Output":"=== RUN   TestCondExprControlFlow/__=_if_c_{_f()_or_err_{_panic(err)_}_}_else_{_g()_or_err_{_panic(err)_}_};_panic(0)\n","OutputType":"frame"}
{"Time":"2026-10-03T22:47:57.781296-03:00","Action":"output","Package":"golang.org/x/tools/go/cfg","Test":"TestCondExprControlFlow/__=_if_c_{_f()_or_err_{_panic(err)_}_}_else_{_g()_or_err_{_panic(err)_}_};_panic(0)","Output":"--- PASS: TestCondExprControlFlow/__=_if_c_{_f()_or_err_{_panic(err)_}_}_else_{_g()_or_err_{_panic(err)_}_};_panic(0) (0.00s)\n","OutputType":"frame"}
{"Time":"2026-10-03T22:47:57.781305-03:00","Action":"pass","Package":"golang.org/x/tools/go/cfg","Test":"TestCondExprControlFlow/__=_if_c_{_f()_or_err_{_panic(err)_}_}_else_{_g()_or_err_{_panic(err)_}_};_panic(0)","Elapsed":0}
{"Time":"2026-10-03T22:47:57.781308-03:00","Action":"run","Package":"golang.org/x/tools/go/cfg","Test":"TestCondExprControlFlow/__=_if_f()!_{_1_}_else_{_2_};_panic(0)"}
{"Time":"2026-10-03T22:47:57.781312-03:00","Action":"output","Package":"golang.org/x/tools/go/cfg","Test":"TestCondExprControlFlow/__=_if_f()!_{_1_}_else_{_2_};_panic(0)","Output":"=== RUN   TestCondExprControlFlow/__=_if_f()!_{_1_}_else_{_2_};_panic(0)\n","OutputType":"frame"}
{"Time":"2026-10-03T22:47:57.781316-03:00","Action":"output","Package":"golang.org/x/tools/go/cfg","Test":"TestCondExprControlFlow/__=_if_f()!_{_1_}_else_{_2_};_panic(0)","Output":"--- PASS: TestCondExprControlFlow/__=_if_f()!_{_1_}_else_{_2_};_panic(0) (0.00s)\n","OutputType":"frame"}
{"Time":"2026-10-03T22:47:57.78132-03:00","Action":"pass","Package":"golang.org/x/tools/go/cfg","Test":"TestCondExprControlFlow/__=_if_f()!_{_1_}_else_{_2_};_panic(0)","Elapsed":0}
{"Time":"2026-10-03T22:47:57.781323-03:00","Action":"run","Package":"golang.org/x/tools/go/cfg","Test":"TestCondExprControlFlow/__=_g(1,_if_c_{_f()!_}_else_{_0_});_panic(0)"}
{"Time":"2026-10-03T22:47:57.781327-03:00","Action":"output","Package":"golang.org/x/tools/go/cfg","Test":"TestCondExprControlFlow/__=_g(1,_if_c_{_f()!_}_else_{_0_});_panic(0)","Output":"=== RUN   TestCondExprControlFlow/__=_g(1,_if_c_{_f()!_}_else_{_0_});_panic(0)\n","OutputType":"frame"}
{"Time":"2026-10-03T22:47:57.781338-03:00","Action":"output","Package":"golang.org/x/tools/go/cfg","Test":"TestCondExprControlFlow/__=_g(1,_if_c_{_f()!_}_else_{_0_});_panic(0)","Output":"--- PASS: TestCondExprControlFlow/__=_g(1,_if_c_{_f()!_}_else_{_0_});_panic(0) (0.00s)\n","OutputType":"frame"}
{"Time":"2026-10-03T22:47:57.781343-03:00","Action":"pass","Package":"golang.org/x/tools/go/cfg","Test":"TestCondExprControlFlow/__=_g(1,_if_c_{_f()!_}_else_{_0_});_panic(0)","Elapsed":0}
{"Time":"2026-10-03T22:47:57.781347-03:00","Action":"run","Package":"golang.org/x/tools/go/cfg","Test":"TestCondExprControlFlow/__=_if_c_{_g(if_d_{_f()!_}_else_{_0_})_}_else_{_0_};_panic(0)"}
{"Time":"2026-10-03T22:47:57.78135-03:00","Action":"output","Package":"golang.org/x/tools/go/cfg","Test":"TestCondExprControlFlow/__=_if_c_{_g(if_d_{_f()!_}_else_{_0_})_}_else_{_0_};_panic(0)","Output":"=== RUN   TestCondExprControlFlow/__=_if_c_{_g(if_d_{_f()!_}_else_{_0_})_}_else_{_0_};_panic(0)\n","OutputType":"frame"}
{"Time":"2026-10-03T22:47:57.781364-03:00","Action":"output","Package":"golang.org/x/tools/go/cfg","Test":"TestCondExprControlFlow/__=_if_c_{_g(if_d_{_f()!_}_else_{_0_})_}_else_{_0_};_panic(0)","Output":"--- PASS: TestCondExprControlFlow/__=_if_c_{_g(if_d_{_f()!_}_else_{_0_})_}_else_{_0_};_panic(0) (0.00s)\n","OutputType":"frame"}
{"Time":"2026-10-03T22:47:57.781369-03:00","Action":"pass","Package":"golang.org/x/tools/go/cfg","Test":"TestCondExprControlFlow/__=_if_c_{_g(if_d_{_f()!_}_else_{_0_})_}_else_{_0_};_panic(0)","Elapsed":0}
{"Time":"2026-10-03T22:47:57.781373-03:00","Action":"run","Package":"golang.org/x/tools/go/cfg","Test":"TestCondExprControlFlow/__=_if_c_{_func()_int_{_f()!;_return_0_}_}_else_{_nil_};_panic(0)"}
{"Time":"2026-10-03T22:47:57.781377-03:00","Action":"output","Package":"golang.org/x/tools/go/cfg","Test":"TestCondExprControlFlow/__=_if_c_{_func()_int_{_f()!;_return_0_}_}_else_{_nil_};_panic(0)","Output":"=== RUN   TestCondExprControlFlow/__=_if_c_{_func()_int_{_f()!;_return_0_}_}_else_{_nil_};_panic(0)\n","OutputType":"frame"}
{"Time":"2026-10-03T22:47:57.781392-03:00","Action":"output","Package":"golang.org/x/tools/go/cfg","Test":"TestCondExprControlFlow/__=_if_c_{_func()_int_{_f()!;_return_0_}_}_else_{_nil_};_panic(0)","Output":"--- PASS: TestCondExprControlFlow/__=_if_c_{_func()_int_{_f()!;_return_0_}_}_else_{_nil_};_panic(0) (0.00s)\n","OutputType":"frame"}
{"Time":"2026-10-03T22:47:57.7814-03:00","Action":"pass","Package":"golang.org/x/tools/go/cfg","Test":"TestCondExprControlFlow/__=_if_c_{_func()_int_{_f()!;_return_0_}_}_else_{_nil_};_panic(0)","Elapsed":0}
{"Time":"2026-10-03T22:47:57.781403-03:00","Action":"run","Package":"golang.org/x/tools/go/cfg","Test":"TestCondExprControlFlow/defer_g(if_c_{_f()!_}_else_{_0_});_panic(0)"}
{"Time":"2026-10-03T22:47:57.781406-03:00","Action":"output","Package":"golang.org/x/tools/go/cfg","Test":"TestCondExprControlFlow/defer_g(if_c_{_f()!_}_else_{_0_});_panic(0)","Output":"=== RUN   TestCondExprControlFlow/defer_g(if_c_{_f()!_}_else_{_0_});_panic(0)\n","OutputType":"frame"}
{"Time":"2026-10-03T22:47:57.781421-03:00","Action":"output","Package":"golang.org/x/tools/go/cfg","Test":"TestCondExprControlFlow/defer_g(if_c_{_f()!_}_else_{_0_});_panic(0)","Output":"--- PASS: TestCondExprControlFlow/defer_g(if_c_{_f()!_}_else_{_0_});_panic(0) (0.00s)\n","OutputType":"frame"}
{"Time":"2026-10-03T22:47:57.781425-03:00","Action":"pass","Package":"golang.org/x/tools/go/cfg","Test":"TestCondExprControlFlow/defer_g(if_c_{_f()!_}_else_{_0_});_panic(0)","Elapsed":0}
{"Time":"2026-10-03T22:47:57.781429-03:00","Action":"output","Package":"golang.org/x/tools/go/cfg","Test":"TestCondExprControlFlow","Output":"--- PASS: TestCondExprControlFlow (0.00s)\n","OutputType":"frame"}
{"Time":"2026-10-03T22:47:57.781433-03:00","Action":"pass","Package":"golang.org/x/tools/go/cfg","Test":"TestCondExprControlFlow","Elapsed":0}
{"Time":"2026-10-03T22:47:57.781437-03:00","Action":"run","Package":"golang.org/x/tools/go/cfg","Test":"TestCondExprBlocks"}
{"Time":"2026-10-03T22:47:57.78144-03:00","Action":"output","Package":"golang.org/x/tools/go/cfg","Test":"TestCondExprBlocks","Output":"=== RUN   TestCondExprBlocks\n","OutputType":"frame"}
{"Time":"2026-10-03T22:47:57.781553-03:00","Action":"output","Package":"golang.org/x/tools/go/cfg","Test":"TestCondExprBlocks","Output":"--- PASS: TestCondExprBlocks (0.00s)\n","OutputType":"frame"}
{"Time":"2026-10-03T22:47:57.781557-03:00","Action":"pass","Package":"golang.org/x/tools/go/cfg","Test":"TestCondExprBlocks","Elapsed":0}
{"Time":"2026-10-03T22:47:57.781561-03:00","Action":"run","Package":"golang.org/x/tools/go/cfg","Test":"TestErrorHandlingControlFlow"}
{"Time":"2026-10-03T22:47:57.781564-03:00","Action":"output","Package":"golang.org/x/tools/go/cfg","Test":"TestErrorHandlingControlFlow","Output":"=== RUN   TestErrorHandlingControlFlow\n","OutputType":"frame"}
{"Time":"2026-10-03T22:47:57.781572-03:00","Action":"run","Package":"golang.org/x/tools/go/cfg","Test":"TestErrorHandlingControlFlow/f()!;_panic(0)"}
{"Time":"2026-10-03T22:47:57.781575-03:00","Action":"output","Package":"golang.org/x/tools/go/cfg","Test":"TestErrorHandlingControlFlow/f()!;_panic(0)","Output":"=== RUN   TestErrorHandlingControlFlow/f()!;_panic(0)\n","OutputType":"frame"}
{"Time":"2026-10-03T22:47:57.781627-03:00","Action":"output","Package":"golang.org/x/tools/go/cfg","Test":"TestErrorHandlingControlFlow/f()!;_panic(0)","Output":"--- PASS: TestErrorHandlingControlFlow/f()!;_panic(0) (0.00s)\n","OutputType":"frame"}
{"Time":"2026-10-03T22:47:57.781635-03:00","Action":"pass","Package":"golang.org/x/tools/go/cfg","Test":"TestErrorHandlingControlFlow/f()!;_panic(0)","Elapsed":0}
{"Time":"2026-10-03T22:47:57.78164-03:00","Action":"run","Package":"golang.org/x/tools/go/cfg","Test":"TestErrorHandlingControlFlow/f()_or_err_{_return_};_panic(0)"}
{"Time":"2026-10-03T22:47:57.781645-03:00","Action":"output","Package":"golang.org/x/tools/go/cfg","Test":"TestErrorHandlingControlFlow/f()_or_err_{_return_};_panic(0)","Output":"=== RUN   TestErrorHandlingControlFlow/f()_or_err_{_return_};_panic(0)\n","OutputType":"frame"}
{"Time":"2026-10-03T22:47:57.781651-03:00","Action":"output","Package":"golang.org/x/tools/go/cfg","Test":"TestErrorHandlingControlFlow/f()_or_err_{_return_};_panic(0)","Output":"--- PASS: TestErrorHandlingControlFlow/f()_or_err_{_return_};_panic(0) (0.00s)\n","OutputType":"frame"}
{"Time":"2026-10-03T22:47:57.781655-03:00","Action":"pass","Package":"golang.org/x/tools/go/cfg","Test":"TestErrorHandlingControlFlow/f()_or_err_{_return_};_panic(0)","Elapsed":0}
{"Time":"2026-10-03T22:47:57.781669-03:00","Action":"run","Package":"golang.org/x/tools/go/cfg","Test":"TestErrorHandlingControlFlow/f()_or_err_{_panic(err)_};_panic(0)"}
{"Time":"2026-10-03T22:47:57.781674-03:00","Action":"output","Package":"golang.org/x/tools/go/cfg","Test":"TestErrorHandlingControlFlow/f()_or_err_{_panic(err)_};_panic(0)","Output":"=== RUN   TestErrorHandlingControlFlow/f()_or_err_{_panic(err)_};_panic(0)\n","OutputType":"frame"}
{"Time":"2026-10-03T22:47:57.781678-03:00","Action":"output","Package":"golang.org/x/tools/go/cfg","Test":"TestErrorHandlingControlFlow/f()_or_err_{_panic(err)_};_panic(0)","Output":"--- PASS: TestErrorHandlingControlFlow/f()_or_err_{_panic(err)_};_panic(0) (0.00s)\n","OutputType":"frame"}
{"Time":"2026-10-03T22:47:57.781684-03:00","Action":"pass","Package":"golang.org/x/tools/go/cfg","Test":"TestErrorHandlingControlFlow/f()_or_err_{_panic(err)_};_panic(0)","Elapsed":0}
{"Time":"2026-10-03T22:47:57.781688-03:00","Action":"run","Package":"golang.org/x/tools/go/cfg","Test":"TestErrorHandlingControlFlow/f()_or_err_{};_return"}
{"Time":"2026-10-03T22:47:57.781691-03:00","Action":"output","Package":"golang.org/x/tools/go/cfg","Test":"TestErrorHandlingControlFlow/f()_or_err_{};_return","Output":"=== RUN   TestErrorHandlingControlFlow/f()_or_err_{};_return\n","OutputType":"frame"}
{"Time":"2026-10-03T22:47:57.781696-03:00","Action":"output","Package":"golang.org/x/tools/go/cfg","Test":"TestErrorHandlingControlFlow/f()_or_err_{};_return","Output":"--- PASS: TestErrorHandlingControlFlow/f()_or_err_{};_return (0.00s)\n","OutputType":"frame"}
{"Time":"2026-10-03T22:47:57.7817-03:00","Action":"pass","Package":"golang.org/x/tools/go/cfg","Test":"TestErrorHandlingControlFlow/f()_or_err_{};_return","Elapsed":0}
{"Time":"2026-10-03T22:47:57.781704-03:00","Action":"run","Package":"golang.org/x/tools/go/cfg","Test":"TestErrorHandlingControlFlow/__=_func()_{_f()!_};_panic(0)"}
{"Time":"2026-10-03T22:47:57.781707-03:00","Action":"output","Package":"golang.org/x/tools/go/cfg","Test":"TestErrorHandlingControlFlow/__=_func()_{_f()!_};_panic(0)","Output":"=== RUN   TestErrorHandlingControlFlow/__=_func()_{_f()!_};_panic(0)\n","OutputType":"frame"}
{"Time":"2026-10-03T22:47:57.781722-03:00","Action":"output","Package":"golang.org/x/tools/go/cfg","Test":"TestErrorHandlingControlFlow/__=_func()_{_f()!_};_panic(0)","Output":"--- PASS: TestErrorHandlingControlFlow/__=_func()_{_f()!_};_panic(0) (0.00s)\n","OutputType":"frame"}
{"Time":"2026-10-03T22:47:57.781727-03:00","Action":"pass","Package":"golang.org/x/tools/go/cfg","Test":"TestErrorHandlingControlFlow/__=_func()_{_f()!_};_panic(0)","Elapsed":0}
{"Time":"2026-10-03T22:47:57.781731-03:00","Action":"run","Package":"golang.org/x/tools/go/cfg","Test":"TestErrorHandlingControlFlow/g(f()!)!;_panic(0)"}
{"Time":"2026-10-03T22:47:57.781734-03:00","Action":"output","Package":"golang.org/x/tools/go/cfg","Test":"TestErrorHandlingControlFlow/g(f()!)!;_panic(0)","Output":"=== RUN   TestErrorHandlingControlFlow/g(f()!)!;_panic(0)\n","OutputType":"frame"}
{"Time":"2026-10-03T22:47:57.781746-03:00","Action":"output","Package":"golang.org/x/tools/go/cfg","Test":"TestErrorHandlingControlFlow/g(f()!)!;_panic(0)","Output":"--- PASS: TestErrorHandlingControlFlow/g(f()!)!;_panic(0) (0.00s)\n","OutputType":"frame"}
{"Time":"2026-10-03T22:47:57.781751-03:00","Action":"pass","Package":"golang.org/x/tools/go/cfg","Test":"TestErrorHandlingControlFlow/g(f()!)!;_panic(0)","Elapsed":0}
{"Time":"2026-10-03T22:47:57.781755-03:00","Action":"output","Package":"golang.org/x/tools/go/cfg","Test":"TestErrorHandlingControlFlow","Output":"--- PASS: TestErrorHandlingControlFlow (0.00s)\n","OutputType":"frame"}
{"Time":"2026-10-03T22:47:57.781759-03:00","Action":"pass","Package":"golang.org/x/tools/go/cfg","Test":"TestErrorHandlingControlFlow","Elapsed":0}
{"Time":"2026-10-03T22:47:57.781763-03:00","Action":"run","Package":"golang.org/x/tools/go/cfg","Test":"TestGonFeatureControlFlow"}
{"Time":"2026-10-03T22:47:57.78177-03:00","Action":"output","Package":"golang.org/x/tools/go/cfg","Test":"TestGonFeatureControlFlow","Output":"=== RUN   TestGonFeatureControlFlow\n","OutputType":"frame"}
{"Time":"2026-10-03T22:47:57.781773-03:00","Action":"run","Package":"golang.org/x/tools/go/cfg","Test":"TestGonFeatureControlFlow/var_f_func()_error_=_()_=\u003e_{_g()!;_return_nil_};_panic(0)"}
{"Time":"2026-10-03T22:47:57.781777-03:00","Action":"output","Package":"golang.org/x/tools/go/cfg","Test":"TestGonFeatureControlFlow/var_f_func()_error_=_()_=\u003e_{_g()!;_return_nil_};_panic(0)","Output":"=== RUN   TestGonFeatureControlFlow/var_f_func()_error_=_()_=\u003e_{_g()!;_return_nil_};_panic(0)\n","OutputType":"frame"}
{"Time":"2026-10-03T22:47:57.781781-03:00","Action":"output","Package":"golang.org/x/tools/go/cfg","Test":"TestGonFeatureControlFlow/var_f_func()_error_=_()_=\u003e_{_g()!;_return_nil_};_panic(0)","Output":"--- PASS: TestGonFeatureControlFlow/var_f_func()_error_=_()_=\u003e_{_g()!;_return_nil_};_panic(0) (0.00s)\n","OutputType":"frame"}
{"Time":"2026-10-03T22:47:57.781785-03:00","Action":"pass","Package":"golang.org/x/tools/go/cfg","Test":"TestGonFeatureControlFlow/var_f_func()_error_=_()_=\u003e_{_g()!;_return_nil_};_panic(0)","Elapsed":0}
{"Time":"2026-10-03T22:47:57.781788-03:00","Action":"run","Package":"golang.org/x/tools/go/cfg","Test":"TestGonFeatureControlFlow/var_f_func()_error_=_()_=\u003e_g()!;_panic(0)"}
{"Time":"2026-10-03T22:47:57.781791-03:00","Action":"output","Package":"golang.org/x/tools/go/cfg","Test":"TestGonFeatureControlFlow/var_f_func()_error_=_()_=\u003e_g()!;_panic(0)","Output":"=== RUN   TestGonFeatureControlFlow/var_f_func()_error_=_()_=\u003e_g()!;_panic(0)\n","OutputType":"frame"}
{"Time":"2026-10-03T22:47:57.781796-03:00","Action":"output","Package":"golang.org/x/tools/go/cfg","Test":"TestGonFeatureControlFlow/var_f_func()_error_=_()_=\u003e_g()!;_panic(0)","Output":"--- PASS: TestGonFeatureControlFlow/var_f_func()_error_=_()_=\u003e_g()!;_panic(0) (0.00s)\n","OutputType":"frame"}
{"Time":"2026-10-03T22:47:57.781799-03:00","Action":"pass","Package":"golang.org/x/tools/go/cfg","Test":"TestGonFeatureControlFlow/var_f_func()_error_=_()_=\u003e_g()!;_panic(0)","Elapsed":0}
{"Time":"2026-10-03T22:47:57.781803-03:00","Action":"run","Package":"golang.org/x/tools/go/cfg","Test":"TestGonFeatureControlFlow/__=_p?.M(g()!);_panic(0)"}
{"Time":"2026-10-03T22:47:57.781806-03:00","Action":"output","Package":"golang.org/x/tools/go/cfg","Test":"TestGonFeatureControlFlow/__=_p?.M(g()!);_panic(0)","Output":"=== RUN   TestGonFeatureControlFlow/__=_p?.M(g()!);_panic(0)\n","OutputType":"frame"}
{"Time":"2026-10-03T22:47:57.781812-03:00","Action":"output","Package":"golang.org/x/tools/go/cfg","Test":"TestGonFeatureControlFlow/__=_p?.M(g()!);_panic(0)","Output":"--- PASS: TestGonFeatureControlFlow/__=_p?.M(g()!);_panic(0) (0.00s)\n","OutputType":"frame"}
{"Time":"2026-10-03T22:47:57.781816-03:00","Action":"pass","Package":"golang.org/x/tools/go/cfg","Test":"TestGonFeatureControlFlow/__=_p?.M(g()!);_panic(0)","Elapsed":0}
{"Time":"2026-10-03T22:47:57.78182-03:00","Action":"run","Package":"golang.org/x/tools/go/cfg","Test":"TestGonFeatureControlFlow/__=_p?.M(g()_or_err_{_panic(err)_});_panic(0)"}
{"Time":"2026-10-03T22:47:57.781823-03:00","Action":"output","Package":"golang.org/x/tools/go/cfg","Test":"TestGonFeatureControlFlow/__=_p?.M(g()_or_err_{_panic(err)_});_panic(0)","Output":"=== RUN   TestGonFeatureControlFlow/__=_p?.M(g()_or_err_{_panic(err)_});_panic(0)\n","OutputType":"frame"}
{"Time":"2026-10-03T22:47:57.781836-03:00","Action":"output","Package":"golang.org/x/tools/go/cfg","Test":"TestGonFeatureControlFlow/__=_p?.M(g()_or_err_{_panic(err)_});_panic(0)","Output":"--- PASS: TestGonFeatureControlFlow/__=_p?.M(g()_or_err_{_panic(err)_});_panic(0) (0.00s)\n","OutputType":"frame"}
{"Time":"2026-10-03T22:47:57.78184-03:00","Action":"pass","Package":"golang.org/x/tools/go/cfg","Test":"TestGonFeatureControlFlow/__=_p?.M(g()_or_err_{_panic(err)_});_panic(0)","Elapsed":0}
{"Time":"2026-10-03T22:47:57.781844-03:00","Action":"run","Package":"golang.org/x/tools/go/cfg","Test":"TestGonFeatureControlFlow/__=_p_??_g()!;_panic(0)"}
{"Time":"2026-10-03T22:47:57.781852-03:00","Action":"output","Package":"golang.org/x/tools/go/cfg","Test":"TestGonFeatureControlFlow/__=_p_??_g()!;_panic(0)","Output":"=== RUN   TestGonFeatureControlFlow/__=_p_??_g()!;_panic(0)\n","OutputType":"frame"}
{"Time":"2026-10-03T22:47:57.781857-03:00","Action":"output","Package":"golang.org/x/tools/go/cfg","Test":"TestGonFeatureControlFlow/__=_p_??_g()!;_panic(0)","Output":"--- PASS: TestGonFeatureControlFlow/__=_p_??_g()!;_panic(0) (0.00s)\n","OutputType":"frame"}
{"Time":"2026-10-03T22:47:57.78186-03:00","Action":"pass","Package":"golang.org/x/tools/go/cfg","Test":"TestGonFeatureControlFlow/__=_p_??_g()!;_panic(0)","Elapsed":0}
{"Time":"2026-10-03T22:47:57.781863-03:00","Action":"run","Package":"golang.org/x/tools/go/cfg","Test":"TestGonFeatureControlFlow/p_??=_g()!;_panic(0)"}
{"Time":"2026-10-03T22:47:57.781866-03:00","Action":"output","Package":"golang.org/x/tools/go/cfg","Test":"TestGonFeatureControlFlow/p_??=_g()!;_panic(0)","Output":"=== RUN   TestGonFeatureControlFlow/p_??=_g()!;_panic(0)\n","OutputType":"frame"}
{"Time":"2026-10-03T22:47:57.781872-03:00","Action":"output","Package":"golang.org/x/tools/go/cfg","Test":"TestGonFeatureControlFlow/p_??=_g()!;_panic(0)","Output":"--- PASS: TestGonFeatureControlFlow/p_??=_g()!;_panic(0) (0.00s)\n","OutputType":"frame"}
{"Time":"2026-10-03T22:47:57.781884-03:00","Action":"pass","Package":"golang.org/x/tools/go/cfg","Test":"TestGonFeatureControlFlow/p_??=_g()!;_panic(0)","Elapsed":0}
{"Time":"2026-10-03T22:47:57.781891-03:00","Action":"run","Package":"golang.org/x/tools/go/cfg","Test":"TestGonFeatureControlFlow/__=_**p_??_g()!;_panic(0)"}
{"Time":"2026-10-03T22:47:57.781895-03:00","Action":"output","Package":"golang.org/x/tools/go/cfg","Test":"TestGonFeatureControlFlow/__=_**p_??_g()!;_panic(0)","Output":"=== RUN   TestGonFeatureControlFlow/__=_**p_??_g()!;_panic(0)\n","OutputType":"frame"}
{"Time":"2026-10-03T22:47:57.7819-03:00","Action":"output","Package":"golang.org/x/tools/go/cfg","Test":"TestGonFeatureControlFlow/__=_**p_??_g()!;_panic(0)","Output":"--- PASS: TestGonFeatureControlFlow/__=_**p_??_g()!;_panic(0) (0.00s)\n","OutputType":"frame"}
{"Time":"2026-10-03T22:47:57.781904-03:00","Action":"pass","Package":"golang.org/x/tools/go/cfg","Test":"TestGonFeatureControlFlow/__=_**p_??_g()!;_panic(0)","Elapsed":0}
{"Time":"2026-10-03T22:47:57.781908-03:00","Action":"output","Package":"golang.org/x/tools/go/cfg","Test":"TestGonFeatureControlFlow","Output":"--- PASS: TestGonFeatureControlFlow (0.00s)\n","OutputType":"frame"}
{"Time":"2026-10-03T22:47:57.781911-03:00","Action":"pass","Package":"golang.org/x/tools/go/cfg","Test":"TestGonFeatureControlFlow","Elapsed":0}
{"Time":"2026-10-03T22:47:57.781915-03:00","Action":"run","Package":"golang.org/x/tools/go/cfg","Test":"TestGonNilAbsentPaths"}
{"Time":"2026-10-03T22:47:57.781918-03:00","Action":"output","Package":"golang.org/x/tools/go/cfg","Test":"TestGonNilAbsentPaths","Output":"=== RUN   TestGonNilAbsentPaths\n","OutputType":"frame"}
{"Time":"2026-10-03T22:47:57.781922-03:00","Action":"output","Package":"golang.org/x/tools/go/cfg","Test":"TestGonNilAbsentPaths","Output":"--- PASS: TestGonNilAbsentPaths (0.00s)\n","OutputType":"frame"}
{"Time":"2026-10-03T22:47:57.781926-03:00","Action":"pass","Package":"golang.org/x/tools/go/cfg","Test":"TestGonNilAbsentPaths","Elapsed":0}
{"Time":"2026-10-03T22:47:57.781929-03:00","Action":"run","Package":"golang.org/x/tools/go/cfg","Test":"TestGonOptionalTypeControlFlow"}
{"Time":"2026-10-03T22:47:57.781932-03:00","Action":"output","Package":"golang.org/x/tools/go/cfg","Test":"TestGonOptionalTypeControlFlow","Output":"=== RUN   TestGonOptionalTypeControlFlow\n","OutputType":"frame"}
{"Time":"2026-10-03T22:47:57.782416-03:00","Action":"output","Package":"golang.org/x/tools/go/cfg","Test":"TestGonOptionalTypeControlFlow","Output":"--- PASS: TestGonOptionalTypeControlFlow (0.00s)\n","OutputType":"frame"}
{"Time":"2026-10-03T22:47:57.782427-03:00","Action":"pass","Package":"golang.org/x/tools/go/cfg","Test":"TestGonOptionalTypeControlFlow","Elapsed":0}
{"Time":"2026-10-03T22:47:57.782431-03:00","Action":"output","Package":"golang.org/x/tools/go/cfg","Output":"PASS\n","OutputType":"frame"}
{"Time":"2026-10-03T22:47:57.782889-03:00","Action":"output","Package":"golang.org/x/tools/go/cfg","Output":"ok  \tgolang.org/x/tools/go/cfg\t0.213s\n"}
{"Time":"2026-10-03T22:47:57.782895-03:00","Action":"pass","Package":"golang.org/x/tools/go/cfg","Elapsed":0.213}
