{"Time":"2026-10-03T22:49:21.494794-03:00","Action":"start","Package":"golang.org/x/tools/go/analysis/passes/gonmodernize"}
{"Time":"2026-10-03T22:49:21.753192-03:00","Action":"run","Package":"golang.org/x/tools/go/analysis/passes/gonmodernize","Test":"TestConditional"}
{"Time":"2026-10-03T22:49:21.753312-03:00","Action":"output","Package":"golang.org/x/tools/go/analysis/passes/gonmodernize","Test":"TestConditional","Output":"=== RUN   TestConditional\n","OutputType":"frame"}
{"Time":"2026-10-03T22:49:22.03452-03:00","Action":"output","Package":"golang.org/x/tools/go/analysis/passes/gonmodernize","Test":"TestConditional","Output":"--- PASS: TestConditional (0.28s)\n","OutputType":"frame"}
{"Time":"2026-10-03T22:49:22.034551-03:00","Action":"pass","Package":"golang.org/x/tools/go/analysis/passes/gonmodernize","Test":"TestConditional","Elapsed":0.28}
{"Time":"2026-10-03T22:49:22.034568-03:00","Action":"run","Package":"golang.org/x/tools/go/analysis/passes/gonmodernize","Test":"TestErrors"}
{"Time":"2026-10-03T22:49:22.034574-03:00","Action":"output","Package":"golang.org/x/tools/go/analysis/passes/gonmodernize","Test":"TestErrors","Output":"=== RUN   TestErrors\n","OutputType":"frame"}
{"Time":"2026-10-03T22:49:22.333158-03:00","Action":"output","Package":"golang.org/x/tools/go/analysis/passes/gonmodernize","Test":"TestErrors","Output":"--- PASS: TestErrors (0.30s)\n","OutputType":"frame"}
{"Time":"2026-10-03T22:49:22.333194-03:00","Action":"pass","Package":"golang.org/x/tools/go/analysis/passes/gonmodernize","Test":"TestErrors","Elapsed":0.3}
{"Time":"2026-10-03T22:49:22.333201-03:00","Action":"run","Package":"golang.org/x/tools/go/analysis/passes/gonmodernize","Test":"TestLambda"}
{"Time":"2026-10-03T22:49:22.333206-03:00","Action":"output","Package":"golang.org/x/tools/go/analysis/passes/gonmodernize","Test":"TestLambda","Output":"=== RUN   TestLambda\n","OutputType":"frame"}
{"Time":"2026-10-03T22:49:22.484371-03:00","Action":"output","Package":"golang.org/x/tools/go/analysis/passes/gonmodernize","Test":"TestLambda","Output":"--- PASS: TestLambda (0.15s)\n","OutputType":"frame"}
{"Time":"2026-10-03T22:49:22.484409-03:00","Action":"pass","Package":"golang.org/x/tools/go/analysis/passes/gonmodernize","Test":"TestLambda","Elapsed":0.15}
{"Time":"2026-10-03T22:49:22.484416-03:00","Action":"run","Package":"golang.org/x/tools/go/analysis/passes/gonmodernize","Test":"TestNil"}
{"Time":"2026-10-03T22:49:22.484421-03:00","Action":"output","Package":"golang.org/x/tools/go/analysis/passes/gonmodernize","Test":"TestNil","Output":"=== RUN   TestNil\n","OutputType":"frame"}
{"Time":"2026-10-03T22:49:22.502354-03:00","Action":"output","Package":"golang.org/x/tools/go/analysis/passes/gonmodernize","Test":"TestNil","Output":"--- PASS: TestNil (0.02s)\n","OutputType":"frame"}
{"Time":"2026-10-03T22:49:22.502383-03:00","Action":"pass","Package":"golang.org/x/tools/go/analysis/passes/gonmodernize","Test":"TestNil","Elapsed":0.02}
{"Time":"2026-10-03T22:49:22.502395-03:00","Action":"run","Package":"golang.org/x/tools/go/analysis/passes/gonmodernize","Test":"TestSuiteCombinedFixes"}
{"Time":"2026-10-03T22:49:22.502399-03:00","Action":"output","Package":"golang.org/x/tools/go/analysis/passes/gonmodernize","Test":"TestSuiteCombinedFixes","Output":"=== RUN   TestSuiteCombinedFixes\n","OutputType":"frame"}
{"Time":"2026-10-03T22:49:22.502405-03:00","Action":"run","Package":"golang.org/x/tools/go/analysis/passes/gonmodernize","Test":"TestSuiteCombinedFixes/gonerrors_gonconditional_gonnil_gonlambda"}
{"Time":"2026-10-03T22:49:22.502408-03:00","Action":"output","Package":"golang.org/x/tools/go/analysis/passes/gonmodernize","Test":"TestSuiteCombinedFixes/gonerrors_gonconditional_gonnil_gonlambda","Output":"=== RUN   TestSuiteCombinedFixes/gonerrors_gonconditional_gonnil_gonlambda\n","OutputType":"frame"}
{"Time":"2026-10-03T22:49:22.504901-03:00","Action":"output","Package":"golang.org/x/tools/go/analysis/passes/gonmodernize","Test":"TestSuiteCombinedFixes/gonerrors_gonconditional_gonnil_gonlambda","Output":"--- PASS: TestSuiteCombinedFixes/gonerrors_gonconditional_gonnil_gonlambda (0.00s)\n","OutputType":"frame"}
{"Time":"2026-10-03T22:49:22.504915-03:00","Action":"pass","Package":"golang.org/x/tools/go/analysis/passes/gonmodernize","Test":"TestSuiteCombinedFixes/gonerrors_gonconditional_gonnil_gonlambda","Elapsed":0}
{"Time":"2026-10-03T22:49:22.504923-03:00","Action":"run","Package":"golang.org/x/tools/go/analysis/passes/gonmodernize","Test":"TestSuiteCombinedFixes/gonerrors_gonconditional_gonlambda_gonnil"}
{"Time":"2026-10-03T22:49:22.504926-03:00","Action":"output","Package":"golang.org/x/tools/go/analysis/passes/gonmodernize","Test":"TestSuiteCombinedFixes/gonerrors_gonconditional_gonlambda_gonnil","Output":"=== RUN   TestSuiteCombinedFixes/gonerrors_gonconditional_gonlambda_gonnil\n","OutputType":"frame"}
{"Time":"2026-10-03T22:49:22.507014-03:00","Action":"output","Package":"golang.org/x/tools/go/analysis/passes/gonmodernize","Test":"TestSuiteCombinedFixes/gonerrors_gonconditional_gonlambda_gonnil","Output":"--- PASS: TestSuiteCombinedFixes/gonerrors_gonconditional_gonlambda_gonnil (0.00s)\n","OutputType":"frame"}
{"Time":"2026-10-03T22:49:22.50702-03:00","Action":"pass","Package":"golang.org/x/tools/go/analysis/passes/gonmodernize","Test":"TestSuiteCombinedFixes/gonerrors_gonconditional_gonlambda_gonnil","Elapsed":0}
{"Time":"2026-10-03T22:49:22.507024-03:00","Action":"run","Package":"golang.org/x/tools/go/analysis/passes/gonmodernize","Test":"TestSuiteCombinedFixes/gonerrors_gonnil_gonconditional_gonlambda"}
{"Time":"2026-10-03T22:49:22.507028-03:00","Action":"output","Package":"golang.org/x/tools/go/analysis/passes/gonmodernize","Test":"TestSuiteCombinedFixes/gonerrors_gonnil_gonconditional_gonlambda","Output":"=== RUN   TestSuiteCombinedFixes/gonerrors_gonnil_gonconditional_gonlambda\n","OutputType":"frame"}
{"Time":"2026-10-03T22:49:22.509108-03:00","Action":"output","Package":"golang.org/x/tools/go/analysis/passes/gonmodernize","Test":"TestSuiteCombinedFixes/gonerrors_gonnil_gonconditional_gonlambda","Output":"--- PASS: TestSuiteCombinedFixes/gonerrors_gonnil_gonconditional_gonlambda (0.00s)\n","OutputType":"frame"}
{"Time":"2026-10-03T22:49:22.509118-03:00","Action":"pass","Package":"golang.org/x/tools/go/analysis/passes/gonmodernize","Test":"TestSuiteCombinedFixes/gonerrors_gonnil_gonconditional_gonlambda","Elapsed":0}
{"Time":"2026-10-03T22:49:22.509123-03:00","Action":"run","Package":"golang.org/x/tools/go/analysis/passes/gonmodernize","Test":"TestSuiteCombinedFixes/gonerrors_gonnil_gonlambda_gonconditional"}
{"Time":"2026-10-03T22:49:22.509127-03:00","Action":"output","Package":"golang.org/x/tools/go/analysis/passes/gonmodernize","Test":"TestSuiteCombinedFixes/gonerrors_gonnil_gonlambda_gonconditional","Output":"=== RUN   TestSuiteCombinedFixes/gonerrors_gonnil_gonlambda_gonconditional\n","OutputType":"frame"}
{"Time":"2026-10-03T22:49:22.511446-03:00","Action":"output","Package":"golang.org/x/tools/go/analysis/passes/gonmodernize","Test":"TestSuiteCombinedFixes/gonerrors_gonnil_gonlambda_gonconditional","Output":"--- PASS: TestSuiteCombinedFixes/gonerrors_gonnil_gonlambda_gonconditional (0.00s)\n","OutputType":"frame"}
{"Time":"2026-10-03T22:49:22.511452-03:00","Action":"pass","Package":"golang.org/x/tools/go/analysis/passes/gonmodernize","Test":"TestSuiteCombinedFixes/gonerrors_gonnil_gonlambda_gonconditional","Elapsed":0}
{"Time":"2026-10-03T22:49:22.511459-03:00","Action":"run","Package":"golang.org/x/tools/go/analysis/passes/gonmodernize","Test":"TestSuiteCombinedFixes/gonerrors_gonlambda_gonnil_gonconditional"}
{"Time":"2026-10-03T22:49:22.511462-03:00","Action":"output","Package":"golang.org/x/tools/go/analysis/passes/gonmodernize","Test":"TestSuiteCombinedFixes/gonerrors_gonlambda_gonnil_gonconditional","Output":"=== RUN   TestSuiteCombinedFixes/gonerrors_gonlambda_gonnil_gonconditional\n","OutputType":"frame"}
{"Time":"2026-10-03T22:49:22.513834-03:00","Action":"output","Package":"golang.org/x/tools/go/analysis/passes/gonmodernize","Test":"TestSuiteCombinedFixes/gonerrors_gonlambda_gonnil_gonconditional","Output":"--- PASS: TestSuiteCombinedFixes/gonerrors_gonlambda_gonnil_gonconditional (0.00s)\n","OutputType":"frame"}
{"Time":"2026-10-03T22:49:22.513848-03:00","Action":"pass","Package":"golang.org/x/tools/go/analysis/passes/gonmodernize","Test":"TestSuiteCombinedFixes/gonerrors_gonlambda_gonnil_gonconditional","Elapsed":0}
{"Time":"2026-10-03T22:49:22.513852-03:00","Action":"run","Package":"golang.org/x/tools/go/analysis/passes/gonmodernize","Test":"TestSuiteCombinedFixes/gonerrors_gonlambda_gonconditional_gonnil"}
{"Time":"2026-10-03T22:49:22.513855-03:00","Action":"output","Package":"golang.org/x/tools/go/analysis/passes/gonmodernize","Test":"TestSuiteCombinedFixes/gonerrors_gonlambda_gonconditional_gonnil","Output":"=== RUN   TestSuiteCombinedFixes/gonerrors_gonlambda_gonconditional_gonnil\n","OutputType":"frame"}
{"Time":"2026-10-03T22:49:22.51607-03:00","Action":"output","Package":"golang.org/x/tools/go/analysis/passes/gonmodernize","Test":"TestSuiteCombinedFixes/gonerrors_gonlambda_gonconditional_gonnil","Output":"--- PASS: TestSuiteCombinedFixes/gonerrors_gonlambda_gonconditional_gonnil (0.00s)\n","OutputType":"frame"}
{"Time":"2026-10-03T22:49:22.516076-03:00","Action":"pass","Package":"golang.org/x/tools/go/analysis/passes/gonmodernize","Test":"TestSuiteCombinedFixes/gonerrors_gonlambda_gonconditional_gonnil","Elapsed":0}
{"Time":"2026-10-03T22:49:22.51608-03:00","Action":"run","Package":"golang.org/x/tools/go/analysis/passes/gonmodernize","Test":"TestSuiteCombinedFixes/gonconditional_gonerrors_gonnil_gonlambda"}
{"Time":"2026-10-03T22:49:22.516083-03:00","Action":"output","Package":"golang.org/x/tools/go/analysis/passes/gonmodernize","Test":"TestSuiteCombinedFixes/gonconditional_gonerrors_gonnil_gonlambda","Output":"=== RUN   TestSuiteCombinedFixes/gonconditional_gonerrors_gonnil_gonlambda\n","OutputType":"frame"}
{"Time":"2026-10-03T22:49:22.517788-03:00","Action":"output","Package":"golang.org/x/tools/go/analysis/passes/gonmodernize","Test":"TestSuiteCombinedFixes/gonconditional_gonerrors_gonnil_gonlambda","Output":"--- PASS: TestSuiteCombinedFixes/gonconditional_gonerrors_gonnil_gonlambda (0.00s)\n","OutputType":"frame"}
{"Time":"2026-10-03T22:49:22.517797-03:00","Action":"pass","Package":"golang.org/x/tools/go/analysis/passes/gonmodernize","Test":"TestSuiteCombinedFixes/gonconditional_gonerrors_gonnil_gonlambda","Elapsed":0}
{"Time":"2026-10-03T22:49:22.517805-03:00","Action":"run","Package":"golang.org/x/tools/go/analysis/passes/gonmodernize","Test":"TestSuiteCombinedFixes/gonconditional_gonerrors_gonlambda_gonnil"}
{"Time":"2026-10-03T22:49:22.517809-03:00","Action":"output","Package":"golang.org/x/tools/go/analysis/passes/gonmodernize","Test":"TestSuiteCombinedFixes/gonconditional_gonerrors_gonlambda_gonnil","Output":"=== RUN   TestSuiteCombinedFixes/gonconditional_gonerrors_gonlambda_gonnil\n","OutputType":"frame"}
{"Time":"2026-10-03T22:49:22.519882-03:00","Action":"output","Package":"golang.org/x/tools/go/analysis/passes/gonmodernize","Test":"TestSuiteCombinedFixes/gonconditional_gonerrors_gonlambda_gonnil","Output":"--- PASS: TestSuiteCombinedFixes/gonconditional_gonerrors_gonlambda_gonnil (0.00s)\n","OutputType":"frame"}
{"Time":"2026-10-03T22:49:22.51989-03:00","Action":"pass","Package":"golang.org/x/tools/go/analysis/passes/gonmodernize","Test":"TestSuiteCombinedFixes/gonconditional_gonerrors_gonlambda_gonnil","Elapsed":0}
{"Time":"2026-10-03T22:49:22.519894-03:00","Action":"run","Package":"golang.org/x/tools/go/analysis/passes/gonmodernize","Test":"TestSuiteCombinedFixes/gonconditional_gonnil_gonerrors_gonlambda"}
{"Time":"2026-10-03T22:49:22.519898-03:00","Action":"output","Package":"golang.org/x/tools/go/analysis/passes/gonmodernize","Test":"TestSuiteCombinedFixes/gonconditional_gonnil_gonerrors_gonlambda","Output":"=== RUN   TestSuiteCombinedFixes/gonconditional_gonnil_gonerrors_gonlambda\n","OutputType":"frame"}
{"Time":"2026-10-03T22:49:22.521806-03:00","Action":"output","Package":"golang.org/x/tools/go/analysis/passes/gonmodernize","Test":"TestSuiteCombinedFixes/gonconditional_gonnil_gonerrors_gonlambda","Output":"--- PASS: TestSuiteCombinedFixes/gonconditional_gonnil_gonerrors_gonlambda (0.00s)\n","OutputType":"frame"}
{"Time":"2026-10-03T22:49:22.521816-03:00","Action":"pass","Package":"golang.org/x/tools/go/analysis/passes/gonmodernize","Test":"TestSuiteCombinedFixes/gonconditional_gonnil_gonerrors_gonlambda","Elapsed":0}
{"Time":"2026-10-03T22:49:22.521822-03:00","Action":"run","Package":"golang.org/x/tools/go/analysis/passes/gonmodernize","Test":"TestSuiteCombinedFixes/gonconditional_gonnil_gonlambda_gonerrors"}
{"Time":"2026-10-03T22:49:22.521825-03:00","Action":"output","Package":"golang.org/x/tools/go/analysis/passes/gonmodernize","Test":"TestSuiteCombinedFixes/gonconditional_gonnil_gonlambda_gonerrors","Output":"=== RUN   TestSuiteCombinedFixes/gonconditional_gonnil_gonlambda_gonerrors\n","OutputType":"frame"}
{"Time":"2026-10-03T22:49:22.523671-03:00","Action":"output","Package":"golang.org/x/tools/go/analysis/passes/gonmodernize","Test":"TestSuiteCombinedFixes/gonconditional_gonnil_gonlambda_gonerrors","Output":"--- PASS: TestSuiteCombinedFixes/gonconditional_gonnil_gonlambda_gonerrors (0.00s)\n","OutputType":"frame"}
{"Time":"2026-10-03T22:49:22.523677-03:00","Action":"pass","Package":"golang.org/x/tools/go/analysis/passes/gonmodernize","Test":"TestSuiteCombinedFixes/gonconditional_gonnil_gonlambda_gonerrors","Elapsed":0}
{"Time":"2026-10-03T22:49:22.523682-03:00","Action":"run","Package":"golang.org/x/tools/go/analysis/passes/gonmodernize","Test":"TestSuiteCombinedFixes/gonconditional_gonlambda_gonnil_gonerrors"}
{"Time":"2026-10-03T22:49:22.523685-03:00","Action":"output","Package":"golang.org/x/tools/go/analysis/passes/gonmodernize","Test":"TestSuiteCombinedFixes/gonconditional_gonlambda_gonnil_gonerrors","Output":"=== RUN   TestSuiteCombinedFixes/gonconditional_gonlambda_gonnil_gonerrors\n","OutputType":"frame"}
{"Time":"2026-10-03T22:49:22.525423-03:00","Action":"output","Package":"golang.org/x/tools/go/analysis/passes/gonmodernize","Test":"TestSuiteCombinedFixes/gonconditional_gonlambda_gonnil_gonerrors","Output":"--- PASS: TestSuiteCombinedFixes/gonconditional_gonlambda_gonnil_gonerrors (0.00s)\n","OutputType":"frame"}
{"Time":"2026-10-03T22:49:22.525429-03:00","Action":"pass","Package":"golang.org/x/tools/go/analysis/passes/gonmodernize","Test":"TestSuiteCombinedFixes/gonconditional_gonlambda_gonnil_gonerrors","Elapsed":0}
{"Time":"2026-10-03T22:49:22.525433-03:00","Action":"run","Package":"golang.org/x/tools/go/analysis/passes/gonmodernize","Test":"TestSuiteCombinedFixes/gonconditional_gonlambda_gonerrors_gonnil"}
{"Time":"2026-10-03T22:49:22.525436-03:00","Action":"output","Package":"golang.org/x/tools/go/analysis/passes/gonmodernize","Test":"TestSuiteCombinedFixes/gonconditional_gonlambda_gonerrors_gonnil","Output":"=== RUN   TestSuiteCombinedFixes/gonconditional_gonlambda_gonerrors_gonnil\n","OutputType":"frame"}
{"Time":"2026-10-03T22:49:22.527404-03:00","Action":"output","Package":"golang.org/x/tools/go/analysis/passes/gonmodernize","Test":"TestSuiteCombinedFixes/gonconditional_gonlambda_gonerrors_gonnil","Output":"--- PASS: TestSuiteCombinedFixes/gonconditional_gonlambda_gonerrors_gonnil (0.00s)\n","OutputType":"frame"}
{"Time":"2026-10-03T22:49:22.52741-03:00","Action":"pass","Package":"golang.org/x/tools/go/analysis/passes/gonmodernize","Test":"TestSuiteCombinedFixes/gonconditional_gonlambda_gonerrors_gonnil","Elapsed":0}
{"Time":"2026-10-03T22:49:22.527414-03:00","Action":"run","Package":"golang.org/x/tools/go/analysis/passes/gonmodernize","Test":"TestSuiteCombinedFixes/gonnil_gonconditional_gonerrors_gonlambda"}
{"Time":"2026-10-03T22:49:22.527417-03:00","Action":"output","Package":"golang.org/x/tools/go/analysis/passes/gonmodernize","Test":"TestSuiteCombinedFixes/gonnil_gonconditional_gonerrors_gonlambda","Output":"=== RUN   TestSuiteCombinedFixes/gonnil_gonconditional_gonerrors_gonlambda\n","OutputType":"frame"}
{"Time":"2026-10-03T22:49:22.529478-03:00","Action":"output","Package":"golang.org/x/tools/go/analysis/passes/gonmodernize","Test":"TestSuiteCombinedFixes/gonnil_gonconditional_gonerrors_gonlambda","Output":"--- PASS: TestSuiteCombinedFixes/gonnil_gonconditional_gonerrors_gonlambda (0.00s)\n","OutputType":"frame"}
{"Time":"2026-10-03T22:49:22.529492-03:00","Action":"pass","Package":"golang.org/x/tools/go/analysis/passes/gonmodernize","Test":"TestSuiteCombinedFixes/gonnil_gonconditional_gonerrors_gonlambda","Elapsed":0}
{"Time":"2026-10-03T22:49:22.529495-03:00","Action":"run","Package":"golang.org/x/tools/go/analysis/passes/gonmodernize","Test":"TestSuiteCombinedFixes/gonnil_gonconditional_gonlambda_gonerrors"}
{"Time":"2026-10-03T22:49:22.529498-03:00","Action":"output","Package":"golang.org/x/tools/go/analysis/passes/gonmodernize","Test":"TestSuiteCombinedFixes/gonnil_gonconditional_gonlambda_gonerrors","Output":"=== RUN   TestSuiteCombinedFixes/gonnil_gonconditional_gonlambda_gonerrors\n","OutputType":"frame"}
{"Time":"2026-10-03T22:49:22.531772-03:00","Action":"output","Package":"golang.org/x/tools/go/analysis/passes/gonmodernize","Test":"TestSuiteCombinedFixes/gonnil_gonconditional_gonlambda_gonerrors","Output":"--- PASS: TestSuiteCombinedFixes/gonnil_gonconditional_gonlambda_gonerrors (0.00s)\n","OutputType":"frame"}
{"Time":"2026-10-03T22:49:22.531777-03:00","Action":"pass","Package":"golang.org/x/tools/go/analysis/passes/gonmodernize","Test":"TestSuiteCombinedFixes/gonnil_gonconditional_gonlambda_gonerrors","Elapsed":0}
{"Time":"2026-10-03T22:49:22.531781-03:00","Action":"run","Package":"golang.org/x/tools/go/analysis/passes/gonmodernize","Test":"TestSuiteCombinedFixes/gonnil_gonerrors_gonconditional_gonlambda"}
{"Time":"2026-10-03T22:49:22.531784-03:00","Action":"output","Package":"golang.org/x/tools/go/analysis/passes/gonmodernize","Test":"TestSuiteCombinedFixes/gonnil_gonerrors_gonconditional_gonlambda","Output":"=== RUN   TestSuiteCombinedFixes/gonnil_gonerrors_gonconditional_gonlambda\n","OutputType":"frame"}
{"Time":"2026-10-03T22:49:22.533658-03:00","Action":"output","Package":"golang.org/x/tools/go/analysis/passes/gonmodernize","Test":"TestSuiteCombinedFixes/gonnil_gonerrors_gonconditional_gonlambda","Output":"--- PASS: TestSuiteCombinedFixes/gonnil_gonerrors_gonconditional_gonlambda (0.00s)\n","OutputType":"frame"}
{"Time":"2026-10-03T22:49:22.533664-03:00","Action":"pass","Package":"golang.org/x/tools/go/analysis/passes/gonmodernize","Test":"TestSuiteCombinedFixes/gonnil_gonerrors_gonconditional_gonlambda","Elapsed":0}
{"Time":"2026-10-03T22:49:22.533667-03:00","Action":"run","Package":"golang.org/x/tools/go/analysis/passes/gonmodernize","Test":"TestSuiteCombinedFixes/gonnil_gonerrors_gonlambda_gonconditional"}
{"Time":"2026-10-03T22:49:22.533669-03:00","Action":"output","Package":"golang.org/x/tools/go/analysis/passes/gonmodernize","Test":"TestSuiteCombinedFixes/gonnil_gonerrors_gonlambda_gonconditional","Output":"=== RUN   TestSuiteCombinedFixes/gonnil_gonerrors_gonlambda_gonconditional\n","OutputType":"frame"}
{"Time":"2026-10-03T22:49:22.535974-03:00","Action":"output","Package":"golang.org/x/tools/go/analysis/passes/gonmodernize","Test":"TestSuiteCombinedFixes/gonnil_gonerrors_gonlambda_gonconditional","Output":"--- PASS: TestSuiteCombinedFixes/gonnil_gonerrors_gonlambda_gonconditional (0.00s)\n","OutputType":"frame"}
{"Time":"2026-10-03T22:49:22.535979-03:00","Action":"pass","Package":"golang.org/x/tools/go/analysis/passes/gonmodernize","Test":"TestSuiteCombinedFixes/gonnil_gonerrors_gonlambda_gonconditional","Elapsed":0}
{"Time":"2026-10-03T22:49:22.535984-03:00","Action":"run","Package":"golang.org/x/tools/go/analysis/passes/gonmodernize","Test":"TestSuiteCombinedFixes/gonnil_gonlambda_gonerrors_gonconditional"}
{"Time":"2026-10-03T22:49:22.535991-03:00","Action":"output","Package":"golang.org/x/tools/go/analysis/passes/gonmodernize","Test":"TestSuiteCombinedFixes/gonnil_gonlambda_gonerrors_gonconditional","Output":"=== RUN   TestSuiteCombinedFixes/gonnil_gonlambda_gonerrors_gonconditional\n","OutputType":"frame"}
{"Time":"2026-10-03T22:49:22.541174-03:00","Action":"output","Package":"golang.org/x/tools/go/analysis/passes/gonmodernize","Test":"TestSuiteCombinedFixes/gonnil_gonlambda_gonerrors_gonconditional","Output":"--- PASS: TestSuiteCombinedFixes/gonnil_gonlambda_gonerrors_gonconditional (0.01s)\n","OutputType":"frame"}
{"Time":"2026-10-03T22:49:22.541186-03:00","Action":"pass","Package":"golang.org/x/tools/go/analysis/passes/gonmodernize","Test":"TestSuiteCombinedFixes/gonnil_gonlambda_gonerrors_gonconditional","Elapsed":0.01}
{"Time":"2026-10-03T22:49:22.541191-03:00","Action":"run","Package":"golang.org/x/tools/go/analysis/passes/gonmodernize","Test":"TestSuiteCombinedFixes/gonnil_gonlambda_gonconditional_gonerrors"}
{"Time":"2026-10-03T22:49:22.541195-03:00","Action":"output","Package":"golang.org/x/tools/go/analysis/passes/gonmodernize","Test":"TestSuiteCombinedFixes/gonnil_gonlambda_gonconditional_gonerrors","Output":"=== RUN   TestSuiteCombinedFixes/gonnil_gonlambda_gonconditional_gonerrors\n","OutputType":"frame"}
{"Time":"2026-10-03T22:49:22.543687-03:00","Action":"output","Package":"golang.org/x/tools/go/analysis/passes/gonmodernize","Test":"TestSuiteCombinedFixes/gonnil_gonlambda_gonconditional_gonerrors","Output":"--- PASS: TestSuiteCombinedFixes/gonnil_gonlambda_gonconditional_gonerrors (0.00s)\n","OutputType":"frame"}
{"Time":"2026-10-03T22:49:22.543696-03:00","Action":"pass","Package":"golang.org/x/tools/go/analysis/passes/gonmodernize","Test":"TestSuiteCombinedFixes/gonnil_gonlambda_gonconditional_gonerrors","Elapsed":0}
{"Time":"2026-10-03T22:49:22.543701-03:00","Action":"run","Package":"golang.org/x/tools/go/analysis/passes/gonmodernize","Test":"TestSuiteCombinedFixes/gonlambda_gonconditional_gonnil_gonerrors"}
{"Time":"2026-10-03T22:49:22.543704-03:00","Action":"output","Package":"golang.org/x/tools/go/analysis/passes/gonmodernize","Test":"TestSuiteCombinedFixes/gonlambda_gonconditional_gonnil_gonerrors","Output":"=== RUN   TestSuiteCombinedFixes/gonlambda_gonconditional_gonnil_gonerrors\n","OutputType":"frame"}
{"Time":"2026-10-03T22:49:22.545876-03:00","Action":"output","Package":"golang.org/x/tools/go/analysis/passes/gonmodernize","Test":"TestSuiteCombinedFixes/gonlambda_gonconditional_gonnil_gonerrors","Output":"--- PASS: TestSuiteCombinedFixes/gonlambda_gonconditional_gonnil_gonerrors (0.00s)\n","OutputType":"frame"}
{"Time":"2026-10-03T22:49:22.545882-03:00","Action":"pass","Package":"golang.org/x/tools/go/analysis/passes/gonmodernize","Test":"TestSuiteCombinedFixes/gonlambda_gonconditional_gonnil_gonerrors","Elapsed":0}
{"Time":"2026-10-03T22:49:22.545886-03:00","Action":"run","Package":"golang.org/x/tools/go/analysis/passes/gonmodernize","Test":"TestSuiteCombinedFixes/gonlambda_gonconditional_gonerrors_gonnil"}
{"Time":"2026-10-03T22:49:22.545889-03:00","Action":"output","Package":"golang.org/x/tools/go/analysis/passes/gonmodernize","Test":"TestSuiteCombinedFixes/gonlambda_gonconditional_gonerrors_gonnil","Output":"=== RUN   TestSuiteCombinedFixes/gonlambda_gonconditional_gonerrors_gonnil\n","OutputType":"frame"}
{"Time":"2026-10-03T22:49:22.547948-03:00","Action":"output","Package":"golang.org/x/tools/go/analysis/passes/gonmodernize","Test":"TestSuiteCombinedFixes/gonlambda_gonconditional_gonerrors_gonnil","Output":"--- PASS: TestSuiteCombinedFixes/gonlambda_gonconditional_gonerrors_gonnil (0.00s)\n","OutputType":"frame"}
{"Time":"2026-10-03T22:49:22.547954-03:00","Action":"pass","Package":"golang.org/x/tools/go/analysis/passes/gonmodernize","Test":"TestSuiteCombinedFixes/gonlambda_gonconditional_gonerrors_gonnil","Elapsed":0}
{"Time":"2026-10-03T22:49:22.547957-03:00","Action":"run","Package":"golang.org/x/tools/go/analysis/passes/gonmodernize","Test":"TestSuiteCombinedFixes/gonlambda_gonnil_gonconditional_gonerrors"}
{"Time":"2026-10-03T22:49:22.54796-03:00","Action":"output","Package":"golang.org/x/tools/go/analysis/passes/gonmodernize","Test":"TestSuiteCombinedFixes/gonlambda_gonnil_gonconditional_gonerrors","Output":"=== RUN   TestSuiteCombinedFixes/gonlambda_gonnil_gonconditional_gonerrors\n","OutputType":"frame"}
{"Time":"2026-10-03T22:49:22.550523-03:00","Action":"output","Package":"golang.org/x/tools/go/analysis/passes/gonmodernize","Test":"TestSuiteCombinedFixes/gonlambda_gonnil_gonconditional_gonerrors","Output":"--- PASS: TestSuiteCombinedFixes/gonlambda_gonnil_gonconditional_gonerrors (0.00s)\n","OutputType":"frame"}
{"Time":"2026-10-03T22:49:22.550551-03:00","Action":"pass","Package":"golang.org/x/tools/go/analysis/passes/gonmodernize","Test":"TestSuiteCombinedFixes/gonlambda_gonnil_gonconditional_gonerrors","Elapsed":0}
{"Time":"2026-10-03T22:49:22.550555-03:00","Action":"run","Package":"golang.org/x/tools/go/analysis/passes/gonmodernize","Test":"TestSuiteCombinedFixes/gonlambda_gonnil_gonerrors_gonconditional"}
{"Time":"2026-10-03T22:49:22.550557-03:00","Action":"output","Package":"golang.org/x/tools/go/analysis/passes/gonmodernize","Test":"TestSuiteCombinedFixes/gonlambda_gonnil_gonerrors_gonconditional","Output":"=== RUN   TestSuiteCombinedFixes/gonlambda_gonnil_gonerrors_gonconditional\n","OutputType":"frame"}
{"Time":"2026-10-03T22:49:22.552886-03:00","Action":"output","Package":"golang.org/x/tools/go/analysis/passes/gonmodernize","Test":"TestSuiteCombinedFixes/gonlambda_gonnil_gonerrors_gonconditional","Output":"--- PASS: TestSuiteCombinedFixes/gonlambda_gonnil_gonerrors_gonconditional (0.00s)\n","OutputType":"frame"}
{"Time":"2026-10-03T22:49:22.552891-03:00","Action":"pass","Package":"golang.org/x/tools/go/analysis/passes/gonmodernize","Test":"TestSuiteCombinedFixes/gonlambda_gonnil_gonerrors_gonconditional","Elapsed":0}
{"Time":"2026-10-03T22:49:22.552896-03:00","Action":"run","Package":"golang.org/x/tools/go/analysis/passes/gonmodernize","Test":"TestSuiteCombinedFixes/gonlambda_gonerrors_gonnil_gonconditional"}
{"Time":"2026-10-03T22:49:22.552898-03:00","Action":"output","Package":"golang.org/x/tools/go/analysis/passes/gonmodernize","Test":"TestSuiteCombinedFixes/gonlambda_gonerrors_gonnil_gonconditional","Output":"=== RUN   TestSuiteCombinedFixes/gonlambda_gonerrors_gonnil_gonconditional\n","OutputType":"frame"}
{"Time":"2026-10-03T22:49:22.555175-03:00","Action":"output","Package":"golang.org/x/tools/go/analysis/passes/gonmodernize","Test":"TestSuiteCombinedFixes/gonlambda_gonerrors_gonnil_gonconditional","Output":"--- PASS: TestSuiteCombinedFixes/gonlambda_gonerrors_gonnil_gonconditional (0.00s)\n","OutputType":"frame"}
{"Time":"2026-10-03T22:49:22.555182-03:00","Action":"pass","Package":"golang.org/x/tools/go/analysis/passes/gonmodernize","Test":"TestSuiteCombinedFixes/gonlambda_gonerrors_gonnil_gonconditional","Elapsed":0}
{"Time":"2026-10-03T22:49:22.555192-03:00","Action":"run","Package":"golang.org/x/tools/go/analysis/passes/gonmodernize","Test":"TestSuiteCombinedFixes/gonlambda_gonerrors_gonconditional_gonnil"}
{"Time":"2026-10-03T22:49:22.555195-03:00","Action":"output","Package":"golang.org/x/tools/go/analysis/passes/gonmodernize","Test":"TestSuiteCombinedFixes/gonlambda_gonerrors_gonconditional_gonnil","Output":"=== RUN   TestSuiteCombinedFixes/gonlambda_gonerrors_gonconditional_gonnil\n","OutputType":"frame"}
{"Time":"2026-10-03T22:49:22.557446-03:00","Action":"output","Package":"golang.org/x/tools/go/analysis/passes/gonmodernize","Test":"TestSuiteCombinedFixes/gonlambda_gonerrors_gonconditional_gonnil","Output":"--- PASS: TestSuiteCombinedFixes/gonlambda_gonerrors_gonconditional_gonnil (0.00s)\n","OutputType":"frame"}
{"Time":"2026-10-03T22:49:22.557456-03:00","Action":"pass","Package":"golang.org/x/tools/go/analysis/passes/gonmodernize","Test":"TestSuiteCombinedFixes/gonlambda_gonerrors_gonconditional_gonnil","Elapsed":0}
{"Time":"2026-10-03T22:49:22.557469-03:00","Action":"output","Package":"golang.org/x/tools/go/analysis/passes/gonmodernize","Test":"TestSuiteCombinedFixes","Output":"--- PASS: TestSuiteCombinedFixes (0.06s)\n","OutputType":"frame"}
{"Time":"2026-10-03T22:49:22.557475-03:00","Action":"pass","Package":"golang.org/x/tools/go/analysis/passes/gonmodernize","Test":"TestSuiteCombinedFixes","Elapsed":0.06}
{"Time":"2026-10-03T22:49:22.55748-03:00","Action":"output","Package":"golang.org/x/tools/go/analysis/passes/gonmodernize","Output":"PASS\n","OutputType":"frame"}
{"Time":"2026-10-03T22:49:22.559652-03:00","Action":"output","Package":"golang.org/x/tools/go/analysis/passes/gonmodernize","Output":"ok  \tgolang.org/x/tools/go/analysis/passes/gonmodernize\t1.065s\n"}
{"Time":"2026-10-03T22:49:22.559683-03:00","Action":"pass","Package":"golang.org/x/tools/go/analysis/passes/gonmodernize","Elapsed":1.065}
