{"Time":"2026-10-03T22:48:53.401818-03:00","Action":"start","Package":"golang.org/x/tools/gopls/internal/cmd"}
{"Time":"2026-10-03T22:48:53.833054-03:00","Action":"run","Package":"golang.org/x/tools/gopls/internal/cmd","Test":"TestGonNativeOptionalMigration"}
{"Time":"2026-10-03T22:48:53.833165-03:00","Action":"output","Package":"golang.org/x/tools/gopls/internal/cmd","Test":"TestGonNativeOptionalMigration","Output":"=== RUN   TestGonNativeOptionalMigration\n","OutputType":"frame"}
{"Time":"2026-10-03T22:48:53.834026-03:00","Action":"output","Package":"golang.org/x/tools/gopls/internal/cmd","Test":"TestGonNativeOptionalMigration","Output":"--- PASS: TestGonNativeOptionalMigration (0.00s)\n","OutputType":"frame"}
{"Time":"2026-10-03T22:48:53.834047-03:00","Action":"pass","Package":"golang.org/x/tools/gopls/internal/cmd","Test":"TestGonNativeOptionalMigration","Elapsed":0}
{"Time":"2026-10-03T22:48:53.834063-03:00","Action":"run","Package":"golang.org/x/tools/gopls/internal/cmd","Test":"TestGonAlternativesQuery"}
{"Time":"2026-10-03T22:48:53.834068-03:00","Action":"output","Package":"golang.org/x/tools/gopls/internal/cmd","Test":"TestGonAlternativesQuery","Output":"=== RUN   TestGonAlternativesQuery\n","OutputType":"frame"}
{"Time":"2026-10-03T22:48:54.485037-03:00","Action":"output","Package":"golang.org/x/tools/gopls/internal/cmd","Test":"TestGonAlternativesQuery","Output":"--- PASS: TestGonAlternativesQuery (0.65s)\n","OutputType":"frame"}
{"Time":"2026-10-03T22:48:54.485073-03:00","Action":"pass","Package":"golang.org/x/tools/gopls/internal/cmd","Test":"TestGonAlternativesQuery","Elapsed":0.65}
{"Time":"2026-10-03T22:48:54.485092-03:00","Action":"run","Package":"golang.org/x/tools/gopls/internal/cmd","Test":"TestGonFeatureQuery"}
{"Time":"2026-10-03T22:48:54.485097-03:00","Action":"output","Package":"golang.org/x/tools/gopls/internal/cmd","Test":"TestGonFeatureQuery","Output":"=== RUN   TestGonFeatureQuery\n","OutputType":"frame"}
{"Time":"2026-10-03T22:48:54.485105-03:00","Action":"output","Package":"golang.org/x/tools/gopls/internal/cmd","Test":"TestGonFeatureQuery","Output":"=== PAUSE TestGonFeatureQuery\n","OutputType":"frame"}
{"Time":"2026-10-03T22:48:54.485109-03:00","Action":"pause","Package":"golang.org/x/tools/gopls/internal/cmd","Test":"TestGonFeatureQuery"}
{"Time":"2026-10-03T22:48:54.485112-03:00","Action":"run","Package":"golang.org/x/tools/gopls/internal/cmd","Test":"TestGonFeatureExplain"}
{"Time":"2026-10-03T22:48:54.485114-03:00","Action":"output","Package":"golang.org/x/tools/gopls/internal/cmd","Test":"TestGonFeatureExplain","Output":"=== RUN   TestGonFeatureExplain\n","OutputType":"frame"}
{"Time":"2026-10-03T22:48:54.485124-03:00","Action":"output","Package":"golang.org/x/tools/gopls/internal/cmd","Test":"TestGonFeatureExplain","Output":"=== PAUSE TestGonFeatureExplain\n","OutputType":"frame"}
{"Time":"2026-10-03T22:48:54.485126-03:00","Action":"pause","Package":"golang.org/x/tools/gopls/internal/cmd","Test":"TestGonFeatureExplain"}
{"Time":"2026-10-03T22:48:54.485129-03:00","Action":"run","Package":"golang.org/x/tools/gopls/internal/cmd","Test":"TestGonOptionalMigrationPlan"}
{"Time":"2026-10-03T22:48:54.485131-03:00","Action":"output","Package":"golang.org/x/tools/gopls/internal/cmd","Test":"TestGonOptionalMigrationPlan","Output":"=== RUN   TestGonOptionalMigrationPlan\n","OutputType":"frame"}
{"Time":"2026-10-03T22:48:55.199421-03:00","Action":"output","Package":"golang.org/x/tools/gopls/internal/cmd","Test":"TestGonOptionalMigrationPlan","Output":"--- PASS: TestGonOptionalMigrationPlan (0.71s)\n","OutputType":"frame"}
{"Time":"2026-10-03T22:48:55.199442-03:00","Action":"pass","Package":"golang.org/x/tools/gopls/internal/cmd","Test":"TestGonOptionalMigrationPlan","Elapsed":0.71}
{"Time":"2026-10-03T22:48:55.199455-03:00","Action":"run","Package":"golang.org/x/tools/gopls/internal/cmd","Test":"TestGonQuery"}
{"Time":"2026-10-03T22:48:55.199459-03:00","Action":"output","Package":"golang.org/x/tools/gopls/internal/cmd","Test":"TestGonQuery","Output":"=== RUN   TestGonQuery\n","OutputType":"frame"}
{"Time":"2026-10-03T22:48:55.199472-03:00","Action":"output","Package":"golang.org/x/tools/gopls/internal/cmd","Test":"TestGonQuery","Output":"=== PAUSE TestGonQuery\n","OutputType":"frame"}
{"Time":"2026-10-03T22:48:55.199476-03:00","Action":"pause","Package":"golang.org/x/tools/gopls/internal/cmd","Test":"TestGonQuery"}
{"Time":"2026-10-03T22:48:55.199479-03:00","Action":"run","Package":"golang.org/x/tools/gopls/internal/cmd","Test":"TestGonConditionalQuery"}
{"Time":"2026-10-03T22:48:55.19949-03:00","Action":"output","Package":"golang.org/x/tools/gopls/internal/cmd","Test":"TestGonConditionalQuery","Output":"=== RUN   TestGonConditionalQuery\n","OutputType":"frame"}
{"Time":"2026-10-03T22:48:55.199494-03:00","Action":"output","Package":"golang.org/x/tools/gopls/internal/cmd","Test":"TestGonConditionalQuery","Output":"=== PAUSE TestGonConditionalQuery\n","OutputType":"frame"}
{"Time":"2026-10-03T22:48:55.199497-03:00","Action":"pause","Package":"golang.org/x/tools/gopls/internal/cmd","Test":"TestGonConditionalQuery"}
{"Time":"2026-10-03T22:48:55.1995-03:00","Action":"run","Package":"golang.org/x/tools/gopls/internal/cmd","Test":"TestGonCheck"}
{"Time":"2026-10-03T22:48:55.199503-03:00","Action":"output","Package":"golang.org/x/tools/gopls/internal/cmd","Test":"TestGonCheck","Output":"=== RUN   TestGonCheck\n","OutputType":"frame"}
{"Time":"2026-10-03T22:48:55.19951-03:00","Action":"output","Package":"golang.org/x/tools/gopls/internal/cmd","Test":"TestGonCheck","Output":"=== PAUSE TestGonCheck\n","OutputType":"frame"}
{"Time":"2026-10-03T22:48:55.199512-03:00","Action":"pause","Package":"golang.org/x/tools/gopls/internal/cmd","Test":"TestGonCheck"}
{"Time":"2026-10-03T22:48:55.199515-03:00","Action":"run","Package":"golang.org/x/tools/gopls/internal/cmd","Test":"TestGonRename"}
{"Time":"2026-10-03T22:48:55.199517-03:00","Action":"output","Package":"golang.org/x/tools/gopls/internal/cmd","Test":"TestGonRename","Output":"=== RUN   TestGonRename\n","OutputType":"frame"}
{"Time":"2026-10-03T22:48:55.199528-03:00","Action":"output","Package":"golang.org/x/tools/gopls/internal/cmd","Test":"TestGonRename","Output":"=== PAUSE TestGonRename\n","OutputType":"frame"}
{"Time":"2026-10-03T22:48:55.199531-03:00","Action":"pause","Package":"golang.org/x/tools/gopls/internal/cmd","Test":"TestGonRename"}
{"Time":"2026-10-03T22:48:55.199533-03:00","Action":"run","Package":"golang.org/x/tools/gopls/internal/cmd","Test":"TestGonExplain"}
{"Time":"2026-10-03T22:48:55.199536-03:00","Action":"output","Package":"golang.org/x/tools/gopls/internal/cmd","Test":"TestGonExplain","Output":"=== RUN   TestGonExplain\n","OutputType":"frame"}
{"Time":"2026-10-03T22:48:55.199538-03:00","Action":"output","Package":"golang.org/x/tools/gopls/internal/cmd","Test":"TestGonExplain","Output":"=== PAUSE TestGonExplain\n","OutputType":"frame"}
{"Time":"2026-10-03T22:48:55.19954-03:00","Action":"pause","Package":"golang.org/x/tools/gopls/internal/cmd","Test":"TestGonExplain"}
{"Time":"2026-10-03T22:48:55.199549-03:00","Action":"run","Package":"golang.org/x/tools/gopls/internal/cmd","Test":"TestGonCapabilities"}
{"Time":"2026-10-03T22:48:55.199552-03:00","Action":"output","Package":"golang.org/x/tools/gopls/internal/cmd","Test":"TestGonCapabilities","Output":"=== RUN   TestGonCapabilities\n","OutputType":"frame"}
{"Time":"2026-10-03T22:48:55.199554-03:00","Action":"output","Package":"golang.org/x/tools/gopls/internal/cmd","Test":"TestGonCapabilities","Output":"=== PAUSE TestGonCapabilities\n","OutputType":"frame"}
{"Time":"2026-10-03T22:48:55.199557-03:00","Action":"pause","Package":"golang.org/x/tools/gopls/internal/cmd","Test":"TestGonCapabilities"}
{"Time":"2026-10-03T22:48:55.19956-03:00","Action":"cont","Package":"golang.org/x/tools/gopls/internal/cmd","Test":"TestGonFeatureQuery"}
{"Time":"2026-10-03T22:48:55.199562-03:00","Action":"output","Package":"golang.org/x/tools/gopls/internal/cmd","Test":"TestGonFeatureQuery","Output":"=== CONT  TestGonFeatureQuery\n","OutputType":"frame"}
{"Time":"2026-10-03T22:48:55.199565-03:00","Action":"cont","Package":"golang.org/x/tools/gopls/internal/cmd","Test":"TestGonCheck"}
{"Time":"2026-10-03T22:48:55.199571-03:00","Action":"output","Package":"golang.org/x/tools/gopls/internal/cmd","Test":"TestGonCheck","Output":"=== CONT  TestGonCheck\n","OutputType":"frame"}
{"Time":"2026-10-03T22:48:55.199574-03:00","Action":"cont","Package":"golang.org/x/tools/gopls/internal/cmd","Test":"TestGonExplain"}
{"Time":"2026-10-03T22:48:55.199577-03:00","Action":"output","Package":"golang.org/x/tools/gopls/internal/cmd","Test":"TestGonExplain","Output":"=== CONT  TestGonExplain\n","OutputType":"frame"}
{"Time":"2026-10-03T22:48:55.199581-03:00","Action":"cont","Package":"golang.org/x/tools/gopls/internal/cmd","Test":"TestGonCapabilities"}
{"Time":"2026-10-03T22:48:55.199584-03:00","Action":"output","Package":"golang.org/x/tools/gopls/internal/cmd","Test":"TestGonCapabilities","Output":"=== CONT  TestGonCapabilities\n","OutputType":"frame"}
{"Time":"2026-10-03T22:48:55.199622-03:00","Action":"cont","Package":"golang.org/x/tools/gopls/internal/cmd","Test":"TestGonRename"}
{"Time":"2026-10-03T22:48:55.199656-03:00","Action":"output","Package":"golang.org/x/tools/gopls/internal/cmd","Test":"TestGonRename","Output":"=== CONT  TestGonRename\n","OutputType":"frame"}
{"Time":"2026-10-03T22:48:55.199672-03:00","Action":"cont","Package":"golang.org/x/tools/gopls/internal/cmd","Test":"TestGonFeatureExplain"}
{"Time":"2026-10-03T22:48:55.199681-03:00","Action":"output","Package":"golang.org/x/tools/gopls/internal/cmd","Test":"TestGonFeatureExplain","Output":"=== CONT  TestGonFeatureExplain\n","OutputType":"frame"}
{"Time":"2026-10-03T22:48:55.199693-03:00","Action":"cont","Package":"golang.org/x/tools/gopls/internal/cmd","Test":"TestGonConditionalQuery"}
{"Time":"2026-10-03T22:48:55.199701-03:00","Action":"output","Package":"golang.org/x/tools/gopls/internal/cmd","Test":"TestGonConditionalQuery","Output":"=== CONT  TestGonConditionalQuery\n","OutputType":"frame"}
{"Time":"2026-10-03T22:48:55.199748-03:00","Action":"cont","Package":"golang.org/x/tools/gopls/internal/cmd","Test":"TestGonQuery"}
{"Time":"2026-10-03T22:48:55.199764-03:00","Action":"output","Package":"golang.org/x/tools/gopls/internal/cmd","Test":"TestGonQuery","Output":"=== CONT  TestGonQuery\n","OutputType":"frame"}
{"Time":"2026-10-03T22:48:55.225095-03:00","Action":"output","Package":"golang.org/x/tools/gopls/internal/cmd","Test":"TestGonFeatureExplain","Output":"--- PASS: TestGonFeatureExplain (0.03s)\n","OutputType":"frame"}
{"Time":"2026-10-03T22:48:55.261156-03:00","Action":"pass","Package":"golang.org/x/tools/gopls/internal/cmd","Test":"TestGonFeatureExplain","Elapsed":0.03}
{"Time":"2026-10-03T22:48:55.261183-03:00","Action":"output","Package":"golang.org/x/tools/gopls/internal/cmd","Test":"TestGonCapabilities","Output":"--- PASS: TestGonCapabilities (0.06s)\n","OutputType":"frame"}
{"Time":"2026-10-03T22:48:55.279726-03:00","Action":"pass","Package":"golang.org/x/tools/gopls/internal/cmd","Test":"TestGonCapabilities","Elapsed":0.06}
{"Time":"2026-10-03T22:48:55.279765-03:00","Action":"output","Package":"golang.org/x/tools/gopls/internal/cmd","Test":"TestGonExplain","Output":"--- PASS: TestGonExplain (0.08s)\n","OutputType":"frame"}
{"Time":"2026-10-03T22:48:55.577333-03:00","Action":"pass","Package":"golang.org/x/tools/gopls/internal/cmd","Test":"TestGonExplain","Elapsed":0.08}
{"Time":"2026-10-03T22:48:55.57736-03:00","Action":"output","Package":"golang.org/x/tools/gopls/internal/cmd","Test":"TestGonFeatureQuery","Output":"--- PASS: TestGonFeatureQuery (0.38s)\n","OutputType":"frame"}
{"Time":"2026-10-03T22:48:55.583433-03:00","Action":"pass","Package":"golang.org/x/tools/gopls/internal/cmd","Test":"TestGonFeatureQuery","Elapsed":0.38}
{"Time":"2026-10-03T22:48:55.583477-03:00","Action":"output","Package":"golang.org/x/tools/gopls/internal/cmd","Test":"TestGonConditionalQuery","Output":"--- PASS: TestGonConditionalQuery (0.38s)\n","OutputType":"frame"}
{"Time":"2026-10-03T22:48:56.586498-03:00","Action":"pass","Package":"golang.org/x/tools/gopls/internal/cmd","Test":"TestGonConditionalQuery","Elapsed":0.38}
{"Time":"2026-10-03T22:48:56.586536-03:00","Action":"output","Package":"golang.org/x/tools/gopls/internal/cmd","Test":"TestGonRename","Output":"--- PASS: TestGonRename (1.39s)\n","OutputType":"frame"}
{"Time":"2026-10-03T22:48:56.888968-03:00","Action":"pass","Package":"golang.org/x/tools/gopls/internal/cmd","Test":"TestGonRename","Elapsed":1.39}
{"Time":"2026-10-03T22:48:56.888987-03:00","Action":"output","Package":"golang.org/x/tools/gopls/internal/cmd","Test":"TestGonCheck","Output":"--- PASS: TestGonCheck (1.69s)\n","OutputType":"frame"}
{"Time":"2026-10-03T22:48:57.430838-03:00","Action":"pass","Package":"golang.org/x/tools/gopls/internal/cmd","Test":"TestGonCheck","Elapsed":1.69}
{"Time":"2026-10-03T22:48:57.430864-03:00","Action":"output","Package":"golang.org/x/tools/gopls/internal/cmd","Test":"TestGonQuery","Output":"--- PASS: TestGonQuery (2.23s)\n","OutputType":"frame"}
{"Time":"2026-10-03T22:48:57.430873-03:00","Action":"pass","Package":"golang.org/x/tools/gopls/internal/cmd","Test":"TestGonQuery","Elapsed":2.23}
{"Time":"2026-10-03T22:48:57.430878-03:00","Action":"output","Package":"golang.org/x/tools/gopls/internal/cmd","Output":"PASS\n","OutputType":"frame"}
{"Time":"2026-10-03T22:48:57.431743-03:00","Action":"output","Package":"golang.org/x/tools/gopls/internal/cmd","Output":"ok  \tgolang.org/x/tools/gopls/internal/cmd\t4.030s\n"}
{"Time":"2026-10-03T22:48:57.431764-03:00","Action":"pass","Package":"golang.org/x/tools/gopls/internal/cmd","Elapsed":4.03}
