{"Time":"2026-10-03T22:48:57.820183-03:00","Action":"start","Package":"golang.org/x/tools/gopls/internal/cache/typerefs"}
{"Time":"2026-10-03T22:48:58.089-03:00","Action":"run","Package":"golang.org/x/tools/gopls/internal/cache/typerefs","Test":"TestRefs"}
{"Time":"2026-10-03T22:48:58.089184-03:00","Action":"output","Package":"golang.org/x/tools/gopls/internal/cache/typerefs","Test":"TestRefs","Output":"=== RUN   TestRefs\n","OutputType":"frame"}
{"Time":"2026-10-03T22:48:58.089281-03:00","Action":"run","Package":"golang.org/x/tools/gopls/internal/cache/typerefs","Test":"TestRefs/Gon_conditional"}
{"Time":"2026-10-03T22:48:58.089302-03:00","Action":"output","Package":"golang.org/x/tools/gopls/internal/cache/typerefs","Test":"TestRefs/Gon_conditional","Output":"=== RUN   TestRefs/Gon_conditional\n","OutputType":"frame"}
{"Time":"2026-10-03T22:48:58.089843-03:00","Action":"output","Package":"golang.org/x/tools/gopls/internal/cache/typerefs","Test":"TestRefs/Gon_conditional","Output":"--- PASS: TestRefs/Gon_conditional (0.00s)\n","OutputType":"frame"}
{"Time":"2026-10-03T22:48:58.08989-03:00","Action":"pass","Package":"golang.org/x/tools/gopls/internal/cache/typerefs","Test":"TestRefs/Gon_conditional","Elapsed":0}
{"Time":"2026-10-03T22:48:58.089924-03:00","Action":"run","Package":"golang.org/x/tools/gopls/internal/cache/typerefs","Test":"TestRefs/Gon_lambda_inferred_result"}
{"Time":"2026-10-03T22:48:58.089936-03:00","Action":"output","Package":"golang.org/x/tools/gopls/internal/cache/typerefs","Test":"TestRefs/Gon_lambda_inferred_result","Output":"=== RUN   TestRefs/Gon_lambda_inferred_result\n","OutputType":"frame"}
{"Time":"2026-10-03T22:48:58.08997-03:00","Action":"output","Package":"golang.org/x/tools/gopls/internal/cache/typerefs","Test":"TestRefs/Gon_lambda_inferred_result","Output":"--- PASS: TestRefs/Gon_lambda_inferred_result (0.00s)\n","OutputType":"frame"}
{"Time":"2026-10-03T22:48:58.090001-03:00","Action":"pass","Package":"golang.org/x/tools/gopls/internal/cache/typerefs","Test":"TestRefs/Gon_lambda_inferred_result","Elapsed":0}
{"Time":"2026-10-03T22:48:58.090014-03:00","Action":"run","Package":"golang.org/x/tools/gopls/internal/cache/typerefs","Test":"TestRefs/Gon_nil_safety"}
{"Time":"2026-10-03T22:48:58.09003-03:00","Action":"output","Package":"golang.org/x/tools/gopls/internal/cache/typerefs","Test":"TestRefs/Gon_nil_safety","Output":"=== RUN   TestRefs/Gon_nil_safety\n","OutputType":"frame"}
{"Time":"2026-10-03T22:48:58.090043-03:00","Action":"output","Package":"golang.org/x/tools/gopls/internal/cache/typerefs","Test":"TestRefs/Gon_nil_safety","Output":"--- PASS: TestRefs/Gon_nil_safety (0.00s)\n","OutputType":"frame"}
{"Time":"2026-10-03T22:48:58.090053-03:00","Action":"pass","Package":"golang.org/x/tools/gopls/internal/cache/typerefs","Test":"TestRefs/Gon_nil_safety","Elapsed":0}
{"Time":"2026-10-03T22:48:58.090063-03:00","Action":"run","Package":"golang.org/x/tools/gopls/internal/cache/typerefs","Test":"TestRefs/empty_package"}
{"Time":"2026-10-03T22:48:58.090071-03:00","Action":"output","Package":"golang.org/x/tools/gopls/internal/cache/typerefs","Test":"TestRefs/empty_package","Output":"=== RUN   TestRefs/empty_package\n","OutputType":"frame"}
{"Time":"2026-10-03T22:48:58.090151-03:00","Action":"output","Package":"golang.org/x/tools/gopls/internal/cache/typerefs","Test":"TestRefs/empty_package","Output":"--- PASS: TestRefs/empty_package (0.00s)\n","OutputType":"frame"}
{"Time":"2026-10-03T22:48:58.090165-03:00","Action":"pass","Package":"golang.org/x/tools/gopls/internal/cache/typerefs","Test":"TestRefs/empty_package","Elapsed":0}
{"Time":"2026-10-03T22:48:58.090174-03:00","Action":"run","Package":"golang.org/x/tools/gopls/internal/cache/typerefs","Test":"TestRefs/fields"}
{"Time":"2026-10-03T22:48:58.090186-03:00","Action":"output","Package":"golang.org/x/tools/gopls/internal/cache/typerefs","Test":"TestRefs/fields","Output":"=== RUN   TestRefs/fields\n","OutputType":"frame"}
{"Time":"2026-10-03T22:48:58.09024-03:00","Action":"output","Package":"golang.org/x/tools/gopls/internal/cache/typerefs","Test":"TestRefs/fields","Output":"--- PASS: TestRefs/fields (0.00s)\n","OutputType":"frame"}
{"Time":"2026-10-03T22:48:58.090283-03:00","Action":"pass","Package":"golang.org/x/tools/gopls/internal/cache/typerefs","Test":"TestRefs/fields","Elapsed":0}
{"Time":"2026-10-03T22:48:58.090298-03:00","Action":"run","Package":"golang.org/x/tools/gopls/internal/cache/typerefs","Test":"TestRefs/embedding"}
{"Time":"2026-10-03T22:48:58.090312-03:00","Action":"output","Package":"golang.org/x/tools/gopls/internal/cache/typerefs","Test":"TestRefs/embedding","Output":"=== RUN   TestRefs/embedding\n","OutputType":"frame"}
{"Time":"2026-10-03T22:48:58.090323-03:00","Action":"output","Package":"golang.org/x/tools/gopls/internal/cache/typerefs","Test":"TestRefs/embedding","Output":"--- PASS: TestRefs/embedding (0.00s)\n","OutputType":"frame"}
{"Time":"2026-10-03T22:48:58.090334-03:00","Action":"pass","Package":"golang.org/x/tools/gopls/internal/cache/typerefs","Test":"TestRefs/embedding","Elapsed":0}
{"Time":"2026-10-03T22:48:58.090348-03:00","Action":"run","Package":"golang.org/x/tools/gopls/internal/cache/typerefs","Test":"TestRefs/constraint_embedding"}
{"Time":"2026-10-03T22:48:58.090361-03:00","Action":"output","Package":"golang.org/x/tools/gopls/internal/cache/typerefs","Test":"TestRefs/constraint_embedding","Output":"=== RUN   TestRefs/constraint_embedding\n","OutputType":"frame"}
{"Time":"2026-10-03T22:48:58.090375-03:00","Action":"output","Package":"golang.org/x/tools/gopls/internal/cache/typerefs","Test":"TestRefs/constraint_embedding","Output":"--- PASS: TestRefs/constraint_embedding (0.00s)\n","OutputType":"frame"}
{"Time":"2026-10-03T22:48:58.090389-03:00","Action":"pass","Package":"golang.org/x/tools/gopls/internal/cache/typerefs","Test":"TestRefs/constraint_embedding","Elapsed":0}
{"Time":"2026-10-03T22:48:58.090398-03:00","Action":"run","Package":"golang.org/x/tools/gopls/internal/cache/typerefs","Test":"TestRefs/funcs"}
{"Time":"2026-10-03T22:48:58.09041-03:00","Action":"output","Package":"golang.org/x/tools/gopls/internal/cache/typerefs","Test":"TestRefs/funcs","Output":"=== RUN   TestRefs/funcs\n","OutputType":"frame"}
{"Time":"2026-10-03T22:48:58.090434-03:00","Action":"output","Package":"golang.org/x/tools/gopls/internal/cache/typerefs","Test":"TestRefs/funcs","Output":"--- PASS: TestRefs/funcs (0.00s)\n","OutputType":"frame"}
{"Time":"2026-10-03T22:48:58.090444-03:00","Action":"pass","Package":"golang.org/x/tools/gopls/internal/cache/typerefs","Test":"TestRefs/funcs","Elapsed":0}
{"Time":"2026-10-03T22:48:58.090452-03:00","Action":"run","Package":"golang.org/x/tools/gopls/internal/cache/typerefs","Test":"TestRefs/methods"}
{"Time":"2026-10-03T22:48:58.090459-03:00","Action":"output","Package":"golang.org/x/tools/gopls/internal/cache/typerefs","Test":"TestRefs/methods","Output":"=== RUN   TestRefs/methods\n","OutputType":"frame"}
{"Time":"2026-10-03T22:48:58.090472-03:00","Action":"output","Package":"golang.org/x/tools/gopls/internal/cache/typerefs","Test":"TestRefs/methods","Output":"--- PASS: TestRefs/methods (0.00s)\n","OutputType":"frame"}
{"Time":"2026-10-03T22:48:58.090491-03:00","Action":"pass","Package":"golang.org/x/tools/gopls/internal/cache/typerefs","Test":"TestRefs/methods","Elapsed":0}
{"Time":"2026-10-03T22:48:58.090499-03:00","Action":"run","Package":"golang.org/x/tools/gopls/internal/cache/typerefs","Test":"TestRefs/initializers"}
{"Time":"2026-10-03T22:48:58.090506-03:00","Action":"output","Package":"golang.org/x/tools/gopls/internal/cache/typerefs","Test":"TestRefs/initializers","Output":"=== RUN   TestRefs/initializers\n","OutputType":"frame"}
{"Time":"2026-10-03T22:48:58.090607-03:00","Action":"output","Package":"golang.org/x/tools/gopls/internal/cache/typerefs","Test":"TestRefs/initializers","Output":"--- PASS: TestRefs/initializers (0.00s)\n","OutputType":"frame"}
{"Time":"2026-10-03T22:48:58.090619-03:00","Action":"pass","Package":"golang.org/x/tools/gopls/internal/cache/typerefs","Test":"TestRefs/initializers","Elapsed":0}
{"Time":"2026-10-03T22:48:58.090628-03:00","Action":"run","Package":"golang.org/x/tools/gopls/internal/cache/typerefs","Test":"TestRefs/builtins"}
{"Time":"2026-10-03T22:48:58.090645-03:00","Action":"output","Package":"golang.org/x/tools/gopls/internal/cache/typerefs","Test":"TestRefs/builtins","Output":"=== RUN   TestRefs/builtins\n","OutputType":"frame"}
{"Time":"2026-10-03T22:48:58.090698-03:00","Action":"output","Package":"golang.org/x/tools/gopls/internal/cache/typerefs","Test":"TestRefs/builtins","Output":"--- PASS: TestRefs/builtins (0.00s)\n","OutputType":"frame"}
{"Time":"2026-10-03T22:48:58.090708-03:00","Action":"pass","Package":"golang.org/x/tools/gopls/internal/cache/typerefs","Test":"TestRefs/builtins","Elapsed":0}
{"Time":"2026-10-03T22:48:58.090716-03:00","Action":"run","Package":"golang.org/x/tools/gopls/internal/cache/typerefs","Test":"TestRefs/builtin_shadowing"}
{"Time":"2026-10-03T22:48:58.090722-03:00","Action":"output","Package":"golang.org/x/tools/gopls/internal/cache/typerefs","Test":"TestRefs/builtin_shadowing","Output":"=== RUN   TestRefs/builtin_shadowing\n","OutputType":"frame"}
{"Time":"2026-10-03T22:48:58.090731-03:00","Action":"output","Package":"golang.org/x/tools/gopls/internal/cache/typerefs","Test":"TestRefs/builtin_shadowing","Output":"--- PASS: TestRefs/builtin_shadowing (0.00s)\n","OutputType":"frame"}
{"Time":"2026-10-03T22:48:58.09074-03:00","Action":"pass","Package":"golang.org/x/tools/gopls/internal/cache/typerefs","Test":"TestRefs/builtin_shadowing","Elapsed":0}
{"Time":"2026-10-03T22:48:58.090747-03:00","Action":"run","Package":"golang.org/x/tools/gopls/internal/cache/typerefs","Test":"TestRefs/named_forwarding"}
{"Time":"2026-10-03T22:48:58.090754-03:00","Action":"output","Package":"golang.org/x/tools/gopls/internal/cache/typerefs","Test":"TestRefs/named_forwarding","Output":"=== RUN   TestRefs/named_forwarding\n","OutputType":"frame"}
{"Time":"2026-10-03T22:48:58.090762-03:00","Action":"output","Package":"golang.org/x/tools/gopls/internal/cache/typerefs","Test":"TestRefs/named_forwarding","Output":"--- PASS: TestRefs/named_forwarding (0.00s)\n","OutputType":"frame"}
{"Time":"2026-10-03T22:48:58.09077-03:00","Action":"pass","Package":"golang.org/x/tools/gopls/internal/cache/typerefs","Test":"TestRefs/named_forwarding","Elapsed":0}
{"Time":"2026-10-03T22:48:58.090777-03:00","Action":"run","Package":"golang.org/x/tools/gopls/internal/cache/typerefs","Test":"TestRefs/aliases"}
{"Time":"2026-10-03T22:48:58.090783-03:00","Action":"output","Package":"golang.org/x/tools/gopls/internal/cache/typerefs","Test":"TestRefs/aliases","Output":"=== RUN   TestRefs/aliases\n","OutputType":"frame"}
{"Time":"2026-10-03T22:48:58.090792-03:00","Action":"output","Package":"golang.org/x/tools/gopls/internal/cache/typerefs","Test":"TestRefs/aliases","Output":"--- PASS: TestRefs/aliases (0.00s)\n","OutputType":"frame"}
{"Time":"2026-10-03T22:48:58.0908-03:00","Action":"pass","Package":"golang.org/x/tools/gopls/internal/cache/typerefs","Test":"TestRefs/aliases","Elapsed":0}
{"Time":"2026-10-03T22:48:58.090808-03:00","Action":"run","Package":"golang.org/x/tools/gopls/internal/cache/typerefs","Test":"TestRefs/array_length"}
{"Time":"2026-10-03T22:48:58.090814-03:00","Action":"output","Package":"golang.org/x/tools/gopls/internal/cache/typerefs","Test":"TestRefs/array_length","Output":"=== RUN   TestRefs/array_length\n","OutputType":"frame"}
{"Time":"2026-10-03T22:48:58.090854-03:00","Action":"output","Package":"golang.org/x/tools/gopls/internal/cache/typerefs","Test":"TestRefs/array_length","Output":"--- PASS: TestRefs/array_length (0.00s)\n","OutputType":"frame"}
{"Time":"2026-10-03T22:48:58.090864-03:00","Action":"pass","Package":"golang.org/x/tools/gopls/internal/cache/typerefs","Test":"TestRefs/array_length","Elapsed":0}
{"Time":"2026-10-03T22:48:58.090871-03:00","Action":"run","Package":"golang.org/x/tools/gopls/internal/cache/typerefs","Test":"TestRefs/imports"}
{"Time":"2026-10-03T22:48:58.090877-03:00","Action":"output","Package":"golang.org/x/tools/gopls/internal/cache/typerefs","Test":"TestRefs/imports","Output":"=== RUN   TestRefs/imports\n","OutputType":"frame"}
{"Time":"2026-10-03T22:48:58.090896-03:00","Action":"output","Package":"golang.org/x/tools/gopls/internal/cache/typerefs","Test":"TestRefs/imports","Output":"--- PASS: TestRefs/imports (0.00s)\n","OutputType":"frame"}
{"Time":"2026-10-03T22:48:58.090912-03:00","Action":"pass","Package":"golang.org/x/tools/gopls/internal/cache/typerefs","Test":"TestRefs/imports","Elapsed":0}
{"Time":"2026-10-03T22:48:58.090919-03:00","Action":"run","Package":"golang.org/x/tools/gopls/internal/cache/typerefs","Test":"TestRefs/import_blank"}
{"Time":"2026-10-03T22:48:58.090925-03:00","Action":"output","Package":"golang.org/x/tools/gopls/internal/cache/typerefs","Test":"TestRefs/import_blank","Output":"=== RUN   TestRefs/import_blank\n","OutputType":"frame"}
{"Time":"2026-10-03T22:48:58.090934-03:00","Action":"output","Package":"golang.org/x/tools/gopls/internal/cache/typerefs","Test":"TestRefs/import_blank","Output":"--- PASS: TestRefs/import_blank (0.00s)\n","OutputType":"frame"}
{"Time":"2026-10-03T22:48:58.090941-03:00","Action":"pass","Package":"golang.org/x/tools/gopls/internal/cache/typerefs","Test":"TestRefs/import_blank","Elapsed":0}
{"Time":"2026-10-03T22:48:58.090948-03:00","Action":"run","Package":"golang.org/x/tools/gopls/internal/cache/typerefs","Test":"TestRefs/import_dot"}
{"Time":"2026-10-03T22:48:58.090954-03:00","Action":"output","Package":"golang.org/x/tools/gopls/internal/cache/typerefs","Test":"TestRefs/import_dot","Output":"=== RUN   TestRefs/import_dot\n","OutputType":"frame"}
{"Time":"2026-10-03T22:48:58.090997-03:00","Action":"output","Package":"golang.org/x/tools/gopls/internal/cache/typerefs","Test":"TestRefs/import_dot","Output":"--- PASS: TestRefs/import_dot (0.00s)\n","OutputType":"frame"}
{"Time":"2026-10-03T22:48:58.091007-03:00","Action":"pass","Package":"golang.org/x/tools/gopls/internal/cache/typerefs","Test":"TestRefs/import_dot","Elapsed":0}
{"Time":"2026-10-03T22:48:58.091013-03:00","Action":"run","Package":"golang.org/x/tools/gopls/internal/cache/typerefs","Test":"TestRefs/typeparams"}
{"Time":"2026-10-03T22:48:58.09102-03:00","Action":"output","Package":"golang.org/x/tools/gopls/internal/cache/typerefs","Test":"TestRefs/typeparams","Output":"=== RUN   TestRefs/typeparams\n","OutputType":"frame"}
{"Time":"2026-10-03T22:48:58.091072-03:00","Action":"output","Package":"golang.org/x/tools/gopls/internal/cache/typerefs","Test":"TestRefs/typeparams","Output":"--- PASS: TestRefs/typeparams (0.00s)\n","OutputType":"frame"}
{"Time":"2026-10-03T22:48:58.091083-03:00","Action":"pass","Package":"golang.org/x/tools/gopls/internal/cache/typerefs","Test":"TestRefs/typeparams","Elapsed":0}
{"Time":"2026-10-03T22:48:58.091092-03:00","Action":"run","Package":"golang.org/x/tools/gopls/internal/cache/typerefs","Test":"TestRefs/instances"}
{"Time":"2026-10-03T22:48:58.091099-03:00","Action":"output","Package":"golang.org/x/tools/gopls/internal/cache/typerefs","Test":"TestRefs/instances","Output":"=== RUN   TestRefs/instances\n","OutputType":"frame"}
{"Time":"2026-10-03T22:48:58.091121-03:00","Action":"output","Package":"golang.org/x/tools/gopls/internal/cache/typerefs","Test":"TestRefs/instances","Output":"--- PASS: TestRefs/instances (0.00s)\n","OutputType":"frame"}
{"Time":"2026-10-03T22:48:58.091132-03:00","Action":"pass","Package":"golang.org/x/tools/gopls/internal/cache/typerefs","Test":"TestRefs/instances","Elapsed":0}
{"Time":"2026-10-03T22:48:58.091142-03:00","Action":"run","Package":"golang.org/x/tools/gopls/internal/cache/typerefs","Test":"TestRefs/duplicate_decls"}
{"Time":"2026-10-03T22:48:58.091151-03:00","Action":"output","Package":"golang.org/x/tools/gopls/internal/cache/typerefs","Test":"TestRefs/duplicate_decls","Output":"=== RUN   TestRefs/duplicate_decls\n","OutputType":"frame"}
{"Time":"2026-10-03T22:48:58.091175-03:00","Action":"output","Package":"golang.org/x/tools/gopls/internal/cache/typerefs","Test":"TestRefs/duplicate_decls","Output":"--- PASS: TestRefs/duplicate_decls (0.00s)\n","OutputType":"frame"}
{"Time":"2026-10-03T22:48:58.091184-03:00","Action":"pass","Package":"golang.org/x/tools/gopls/internal/cache/typerefs","Test":"TestRefs/duplicate_decls","Elapsed":0}
{"Time":"2026-10-03T22:48:58.091203-03:00","Action":"run","Package":"golang.org/x/tools/gopls/internal/cache/typerefs","Test":"TestRefs/invalid_decls"}
{"Time":"2026-10-03T22:48:58.091209-03:00","Action":"output","Package":"golang.org/x/tools/gopls/internal/cache/typerefs","Test":"TestRefs/invalid_decls","Output":"=== RUN   TestRefs/invalid_decls\n","OutputType":"frame"}
{"Time":"2026-10-03T22:48:58.09123-03:00","Action":"output","Package":"golang.org/x/tools/gopls/internal/cache/typerefs","Test":"TestRefs/invalid_decls","Output":"--- PASS: TestRefs/invalid_decls (0.00s)\n","OutputType":"frame"}
{"Time":"2026-10-03T22:48:58.091239-03:00","Action":"pass","Package":"golang.org/x/tools/gopls/internal/cache/typerefs","Test":"TestRefs/invalid_decls","Elapsed":0}
{"Time":"2026-10-03T22:48:58.091248-03:00","Action":"run","Package":"golang.org/x/tools/gopls/internal/cache/typerefs","Test":"TestRefs/unmapped_receiver"}
{"Time":"2026-10-03T22:48:58.091255-03:00","Action":"output","Package":"golang.org/x/tools/gopls/internal/cache/typerefs","Test":"TestRefs/unmapped_receiver","Output":"=== RUN   TestRefs/unmapped_receiver\n","OutputType":"frame"}
{"Time":"2026-10-03T22:48:58.091264-03:00","Action":"output","Package":"golang.org/x/tools/gopls/internal/cache/typerefs","Test":"TestRefs/unmapped_receiver","Output":"--- PASS: TestRefs/unmapped_receiver (0.00s)\n","OutputType":"frame"}
{"Time":"2026-10-03T22:48:58.091272-03:00","Action":"pass","Package":"golang.org/x/tools/gopls/internal/cache/typerefs","Test":"TestRefs/unmapped_receiver","Elapsed":0}
{"Time":"2026-10-03T22:48:58.09128-03:00","Action":"run","Package":"golang.org/x/tools/gopls/internal/cache/typerefs","Test":"TestRefs/SCC_special_case"}
{"Time":"2026-10-03T22:48:58.091287-03:00","Action":"output","Package":"golang.org/x/tools/gopls/internal/cache/typerefs","Test":"TestRefs/SCC_special_case","Output":"=== RUN   TestRefs/SCC_special_case\n","OutputType":"frame"}
{"Time":"2026-10-03T22:48:58.091311-03:00","Action":"output","Package":"golang.org/x/tools/gopls/internal/cache/typerefs","Test":"TestRefs/SCC_special_case","Output":"--- PASS: TestRefs/SCC_special_case (0.00s)\n","OutputType":"frame"}
{"Time":"2026-10-03T22:48:58.09132-03:00","Action":"pass","Package":"golang.org/x/tools/gopls/internal/cache/typerefs","Test":"TestRefs/SCC_special_case","Elapsed":0}
{"Time":"2026-10-03T22:48:58.091331-03:00","Action":"output","Package":"golang.org/x/tools/gopls/internal/cache/typerefs","Test":"TestRefs","Output":"--- PASS: TestRefs (0.00s)\n","OutputType":"frame"}
{"Time":"2026-10-03T22:48:58.091339-03:00","Action":"pass","Package":"golang.org/x/tools/gopls/internal/cache/typerefs","Test":"TestRefs","Elapsed":0}
{"Time":"2026-10-03T22:48:58.091347-03:00","Action":"output","Package":"golang.org/x/tools/gopls/internal/cache/typerefs","Output":"PASS\n","OutputType":"frame"}
{"Time":"2026-10-03T22:48:58.092385-03:00","Action":"output","Package":"golang.org/x/tools/gopls/internal/cache/typerefs","Output":"ok  \tgolang.org/x/tools/gopls/internal/cache/typerefs\t0.272s\n"}
{"Time":"2026-10-03T22:48:58.092416-03:00","Action":"pass","Package":"golang.org/x/tools/gopls/internal/cache/typerefs","Elapsed":0.272}
