goos: darwin
goarch: arm64
pkg: example.com/gonbench
cpu: Apple M4
BenchmarkErrorPropagationSuccessBatch 	 3870111	        84.88 ns/op	        64.00 items/op	       0 B/op	       0 allocs/op
BenchmarkErrorPropagationFailureBatch 	 6767032	        53.37 ns/op	        64.00 items/op	       0 B/op	       0 allocs/op
BenchmarkErrorHandlerMixedBatch       	  377074	      1050 ns/op	        64.00 items/op	    1024 B/op	      32 allocs/op
BenchmarkConditionalMixedBatch        	12817887	        28.01 ns/op	        64.00 items/op	       0 B/op	       0 allocs/op
BenchmarkLambdaCapturedBatch          	15872782	        22.75 ns/op	        64.00 items/op	       0 B/op	       0 allocs/op
BenchmarkSafeFieldPresentBatch        	14227632	        25.35 ns/op	        64.00 items/op	       0 B/op	       0 allocs/op
BenchmarkSafeFieldAbsentBatch         	12270843	        25.59 ns/op	        64.00 items/op	       0 B/op	       0 allocs/op
BenchmarkSafeCallMixedBatch           	 4165314	        85.27 ns/op	        64.00 items/op	       0 B/op	       0 allocs/op
BenchmarkCoalesceAssignMixedBatch     	 6504480	        55.23 ns/op	        64.00 items/op	       0 B/op	       0 allocs/op
BenchmarkPipelineSuccessBatch         	  931857	       375.3 ns/op	        64.00 items/op	       0 B/op	       0 allocs/op
BenchmarkPipelineFailureBatch         	   70778	      5102 ns/op	        64.00 items/op	    6400 B/op	     160 allocs/op
BenchmarkPipelineMixedBatch           	  130204	      2867 ns/op	        64.00 items/op	    3200 B/op	      80 allocs/op
BenchmarkEnumConstructionBatch        	 6446769	        55.11 ns/op	        64.00 items/op	       0 B/op	       0 allocs/op
BenchmarkEnumCopyBatch                	 7236926	        50.66 ns/op	        64.00 items/op	       0 B/op	       0 allocs/op
BenchmarkMatchingExhaustiveBatch      	 2836291	       126.4 ns/op	        64.00 items/op	       0 B/op	       0 allocs/op
BenchmarkMatchingGuardedBatch         	 2780433	       128.9 ns/op	        64.00 items/op	       0 B/op	       0 allocs/op
BenchmarkOptionPresentBatch           	 9597270	        37.52 ns/op	        64.00 items/op	       0 B/op	       0 allocs/op
BenchmarkOptionAbsentBatch            	 8807653	        41.46 ns/op	        64.00 items/op	       0 B/op	       0 allocs/op
BenchmarkOptionAssignmentMixedBatch   	 6203700	        57.41 ns/op	        64.00 items/op	       0 B/op	       0 allocs/op
BenchmarkResultSuccessBatch           	 8134864	        44.30 ns/op	        64.00 items/op	       0 B/op	       0 allocs/op
BenchmarkResultFailureBatch           	 9556485	        37.59 ns/op	        64.00 items/op	       0 B/op	       0 allocs/op
BenchmarkResultHandlerMixedBatch      	 6616202	        54.80 ns/op	        64.00 items/op	       0 B/op	       0 allocs/op
BenchmarkNamedReorderedBatch          	 3051067	       118.0 ns/op	        64.00 items/op	       0 B/op	       0 allocs/op
BenchmarkNamedVariadicBatch           	 3038534	       119.2 ns/op	        64.00 items/op	       0 B/op	       0 allocs/op
PASS
