goos: darwin
goarch: arm64
pkg: example.com/gonbench
cpu: Apple M4
BenchmarkErrorPropagationSuccessBatch 	 4752914	        68.82 ns/op	        64.00 items/op	       0 B/op	       0 allocs/op
BenchmarkErrorPropagationFailureBatch 	 6719624	        53.19 ns/op	        64.00 items/op	       0 B/op	       0 allocs/op
BenchmarkErrorHandlerMixedBatch       	  343766	      1084 ns/op	        64.00 items/op	    1024 B/op	      32 allocs/op
BenchmarkConditionalMixedBatch        	12846036	        27.92 ns/op	        64.00 items/op	       0 B/op	       0 allocs/op
BenchmarkLambdaCapturedBatch          	15743755	        22.73 ns/op	        64.00 items/op	       0 B/op	       0 allocs/op
BenchmarkSafeFieldPresentBatch        	14170693	        25.67 ns/op	        64.00 items/op	       0 B/op	       0 allocs/op
BenchmarkSafeFieldAbsentBatch         	13521040	        29.63 ns/op	        64.00 items/op	       0 B/op	       0 allocs/op
BenchmarkSafeCallMixedBatch           	 3565916	        96.66 ns/op	        64.00 items/op	       0 B/op	       0 allocs/op
BenchmarkCoalesceAssignMixedBatch     	 7744384	        46.29 ns/op	        64.00 items/op	       0 B/op	       0 allocs/op
BenchmarkPipelineSuccessBatch         	 1000000	       367.0 ns/op	        64.00 items/op	       0 B/op	       0 allocs/op
BenchmarkPipelineFailureBatch         	   68008	      5149 ns/op	        64.00 items/op	    6400 B/op	     160 allocs/op
BenchmarkPipelineMixedBatch           	  129553	      2771 ns/op	        64.00 items/op	    3200 B/op	      80 allocs/op
BenchmarkEnumConstructionBatch        	 6644865	        55.41 ns/op	        64.00 items/op	       0 B/op	       0 allocs/op
BenchmarkEnumCopyBatch                	 7081659	        57.64 ns/op	        64.00 items/op	       0 B/op	       0 allocs/op
BenchmarkMatchingExhaustiveBatch      	 3164112	       114.2 ns/op	        64.00 items/op	       0 B/op	       0 allocs/op
BenchmarkMatchingGuardedBatch         	 2896324	       122.9 ns/op	        64.00 items/op	       0 B/op	       0 allocs/op
BenchmarkOptionPresentBatch           	 9620684	        37.49 ns/op	        64.00 items/op	       0 B/op	       0 allocs/op
BenchmarkOptionAbsentBatch            	 9025741	        39.98 ns/op	        64.00 items/op	       0 B/op	       0 allocs/op
BenchmarkOptionAssignmentMixedBatch   	 7242810	        49.20 ns/op	        64.00 items/op	       0 B/op	       0 allocs/op
BenchmarkResultSuccessBatch           	 7975011	        39.95 ns/op	        64.00 items/op	       0 B/op	       0 allocs/op
BenchmarkResultFailureBatch           	 9690954	        37.10 ns/op	        64.00 items/op	       0 B/op	       0 allocs/op
BenchmarkResultHandlerMixedBatch      	 7090719	        54.35 ns/op	        64.00 items/op	       0 B/op	       0 allocs/op
BenchmarkNamedReorderedBatch          	 3059078	       118.3 ns/op	        64.00 items/op	       0 B/op	       0 allocs/op
BenchmarkNamedVariadicBatch           	 3462528	       103.4 ns/op	        64.00 items/op	       0 B/op	       0 allocs/op
PASS
