goos: darwin
goarch: arm64
pkg: example.com/gonbench
cpu: Apple M4
BenchmarkErrorPropagationSuccessBatch 	 1587978	        77.16 ns/op	        64.00 items/op	       0 B/op	       0 allocs/op
BenchmarkErrorPropagationFailureBatch 	 2246454	        54.50 ns/op	        64.00 items/op	       0 B/op	       0 allocs/op
BenchmarkErrorHandlerMixedBatch       	  118168	      1119 ns/op	        64.00 items/op	    1024 B/op	      32 allocs/op
BenchmarkConditionalMixedBatch        	 4211628	        28.06 ns/op	        64.00 items/op	       0 B/op	       0 allocs/op
BenchmarkLambdaCapturedBatch          	 4937484	        22.89 ns/op	        64.00 items/op	       0 B/op	       0 allocs/op
BenchmarkSafeFieldPresentBatch        	 4166208	        28.69 ns/op	        64.00 items/op	       0 B/op	       0 allocs/op
BenchmarkSafeFieldAbsentBatch         	 4126119	        32.88 ns/op	        64.00 items/op	       0 B/op	       0 allocs/op
BenchmarkSafeCallMixedBatch           	 1411458	        85.63 ns/op	        64.00 items/op	       0 B/op	       0 allocs/op
BenchmarkCoalesceAssignMixedBatch     	 2153124	        55.53 ns/op	        64.00 items/op	       0 B/op	       0 allocs/op
BenchmarkPipelineSuccessBatch         	  313605	       371.7 ns/op	        64.00 items/op	       0 B/op	       0 allocs/op
BenchmarkPipelineFailureBatch         	   23025	      5238 ns/op	        64.00 items/op	    6400 B/op	     160 allocs/op
BenchmarkPipelineMixedBatch           	   42234	      2787 ns/op	        64.00 items/op	    3200 B/op	      80 allocs/op
BenchmarkEnumConstructionBatch        	 2228806	        53.04 ns/op	        64.00 items/op	       0 B/op	       0 allocs/op
BenchmarkEnumCopyBatch                	 2385199	        50.47 ns/op	        64.00 items/op	       0 B/op	       0 allocs/op
BenchmarkMatchingExhaustiveBatch      	  957987	       125.8 ns/op	        64.00 items/op	       0 B/op	       0 allocs/op
BenchmarkMatchingGuardedBatch         	  945160	       129.3 ns/op	        64.00 items/op	       0 B/op	       0 allocs/op
BenchmarkOptionPresentBatch           	 3228228	        37.38 ns/op	        64.00 items/op	       0 B/op	       0 allocs/op
BenchmarkOptionAbsentBatch            	 2938880	        40.82 ns/op	        64.00 items/op	       0 B/op	       0 allocs/op
BenchmarkOptionAssignmentMixedBatch   	 2077671	        57.69 ns/op	        64.00 items/op	       0 B/op	       0 allocs/op
BenchmarkNamedReorderedBatch          	 1000000	       117.6 ns/op	        64.00 items/op	       0 B/op	       0 allocs/op
BenchmarkNamedVariadicBatch           	 1000000	       117.8 ns/op	        64.00 items/op	       0 B/op	       0 allocs/op
BenchmarkInterpolationBatch           	   31675	      3825 ns/op	     512 B/op	      64 allocs/op
PASS
