goos: darwin
goarch: arm64
pkg: example.com/gonbench
cpu: Apple M4
BenchmarkErrorPropagationSuccessBatch 	 4275961	        72.26 ns/op	        64.00 items/op	       0 B/op	       0 allocs/op
BenchmarkErrorPropagationFailureBatch 	 6786871	        53.27 ns/op	        64.00 items/op	       0 B/op	       0 allocs/op
BenchmarkErrorHandlerMixedBatch       	  353496	      1107 ns/op	        64.00 items/op	    1024 B/op	      32 allocs/op
BenchmarkConditionalMixedBatch        	12929524	        27.94 ns/op	        64.00 items/op	       0 B/op	       0 allocs/op
BenchmarkLambdaCapturedBatch          	16388281	        21.97 ns/op	        64.00 items/op	       0 B/op	       0 allocs/op
BenchmarkSafeFieldPresentBatch        	14082372	        25.31 ns/op	        64.00 items/op	       0 B/op	       0 allocs/op
BenchmarkSafeFieldAbsentBatch         	13144522	        25.76 ns/op	        64.00 items/op	       0 B/op	       0 allocs/op
BenchmarkSafeCallMixedBatch           	 3712920	        96.84 ns/op	        64.00 items/op	       0 B/op	       0 allocs/op
BenchmarkCoalesceAssignMixedBatch     	 7729447	        46.37 ns/op	        64.00 items/op	       0 B/op	       0 allocs/op
BenchmarkPipelineSuccessBatch         	  914179	       375.1 ns/op	        64.00 items/op	       0 B/op	       0 allocs/op
BenchmarkPipelineFailureBatch         	   69162	      5318 ns/op	        64.00 items/op	    6400 B/op	     160 allocs/op
BenchmarkPipelineMixedBatch           	  126644	      2852 ns/op	        64.00 items/op	    3200 B/op	      80 allocs/op
BenchmarkEnumConstructionBatch        	 6776193	        54.34 ns/op	        64.00 items/op	       0 B/op	       0 allocs/op
BenchmarkEnumCopyBatch                	 7041162	        49.88 ns/op	        64.00 items/op	       0 B/op	       0 allocs/op
BenchmarkMatchingExhaustiveBatch      	 3260730	       112.5 ns/op	        64.00 items/op	       0 B/op	       0 allocs/op
BenchmarkMatchingGuardedBatch         	 2897317	       121.3 ns/op	        64.00 items/op	       0 B/op	       0 allocs/op
BenchmarkOptionPresentBatch           	 9584068	        37.60 ns/op	        64.00 items/op	       0 B/op	       0 allocs/op
BenchmarkOptionAbsentBatch            	 8758954	        40.92 ns/op	        64.00 items/op	       0 B/op	       0 allocs/op
BenchmarkOptionAssignmentMixedBatch   	 7160283	        49.84 ns/op	        64.00 items/op	       0 B/op	       0 allocs/op
BenchmarkNamedReorderedBatch          	 3067956	       117.7 ns/op	        64.00 items/op	       0 B/op	       0 allocs/op
BenchmarkNamedVariadicBatch           	 4053504	        89.92 ns/op	        64.00 items/op	       0 B/op	       0 allocs/op
BenchmarkInterpolationBatch           	  107085	      3446 ns/op	     512 B/op	      64 allocs/op
PASS
