goos: darwin
goarch: arm64
pkg: example.com/gonbench
cpu: Apple M4
BenchmarkErrorPropagationSuccessBatch 	 5074225	        68.95 ns/op	        64.00 items/op	       0 B/op	       0 allocs/op
BenchmarkErrorPropagationFailureBatch 	 6765957	        53.16 ns/op	        64.00 items/op	       0 B/op	       0 allocs/op
BenchmarkErrorHandlerMixedBatch       	  366746	      1119 ns/op	        64.00 items/op	    1024 B/op	      32 allocs/op
BenchmarkConditionalMixedBatch        	12593430	        27.82 ns/op	        64.00 items/op	       0 B/op	       0 allocs/op
BenchmarkLambdaCapturedBatch          	16378339	        22.42 ns/op	        64.00 items/op	       0 B/op	       0 allocs/op
BenchmarkSafeFieldPresentBatch        	12800436	        26.60 ns/op	        64.00 items/op	       0 B/op	       0 allocs/op
BenchmarkSafeFieldAbsentBatch         	13586862	        26.26 ns/op	        64.00 items/op	       0 B/op	       0 allocs/op
BenchmarkSafeCallMixedBatch           	 3566727	        98.22 ns/op	        64.00 items/op	       0 B/op	       0 allocs/op
BenchmarkCoalesceAssignMixedBatch     	 7712102	        46.29 ns/op	        64.00 items/op	       0 B/op	       0 allocs/op
BenchmarkPipelineSuccessBatch         	  927694	       374.7 ns/op	        64.00 items/op	       0 B/op	       0 allocs/op
BenchmarkPipelineFailureBatch         	   69276	      5151 ns/op	        64.00 items/op	    6400 B/op	     160 allocs/op
BenchmarkPipelineMixedBatch           	  129492	      2767 ns/op	        64.00 items/op	    3200 B/op	      80 allocs/op
BenchmarkEnumConstructionBatch        	 6614804	        53.83 ns/op	        64.00 items/op	       0 B/op	       0 allocs/op
BenchmarkEnumCopyBatch                	 7157929	        50.62 ns/op	        64.00 items/op	       0 B/op	       0 allocs/op
BenchmarkMatchingExhaustiveBatch      	 2918505	       120.5 ns/op	        64.00 items/op	       0 B/op	       0 allocs/op
BenchmarkMatchingGuardedBatch         	 2867602	       130.4 ns/op	        64.00 items/op	       0 B/op	       0 allocs/op
BenchmarkOptionPresentBatch           	 9463992	        37.44 ns/op	        64.00 items/op	       0 B/op	       0 allocs/op
BenchmarkOptionAbsentBatch            	 8800628	        40.94 ns/op	        64.00 items/op	       0 B/op	       0 allocs/op
BenchmarkOptionAssignmentMixedBatch   	 7224429	        49.61 ns/op	        64.00 items/op	       0 B/op	       0 allocs/op
BenchmarkNamedReorderedBatch          	 3063213	       117.8 ns/op	        64.00 items/op	       0 B/op	       0 allocs/op
BenchmarkNamedVariadicBatch           	 4055940	        88.85 ns/op	        64.00 items/op	       0 B/op	       0 allocs/op
BenchmarkInterpolationBatch           	   98286	      3568 ns/op	     512 B/op	      64 allocs/op
PASS
