{"Time":"2026-10-03T11:32:51.471893-03:00","Action":"start","Package":"cmd/compile/internal/syntax"}
{"Time":"2026-10-03T11:32:51.473691-03:00","Action":"start","Package":"go/parser"}
{"Time":"2026-10-03T11:32:51.47374-03:00","Action":"start","Package":"go/printer"}
{"Time":"2026-10-03T11:32:51.473782-03:00","Action":"start","Package":"go/format"}
{"Time":"2026-10-03T11:32:51.473821-03:00","Action":"start","Package":"cmd/gofmt"}
{"Time":"2026-10-03T11:32:51.656836-03:00","Action":"output","Package":"go/printer","Output":"testing: warning: no tests to run\n"}
{"Time":"2026-10-03T11:32:51.657013-03:00","Action":"output","Package":"go/printer","Output":"PASS\n","OutputType":"frame"}
{"Time":"2026-10-03T11:32:51.65743-03:00","Action":"output","Package":"go/printer","Output":"ok  \tgo/printer\t0.184s [no tests to run]\n"}
{"Time":"2026-10-03T11:32:51.657452-03:00","Action":"pass","Package":"go/printer","Elapsed":0.184}
{"Time":"2026-10-03T11:32:51.664641-03:00","Action":"output","Package":"cmd/gofmt","Output":"testing: warning: no tests to run\n"}
{"Time":"2026-10-03T11:32:51.664708-03:00","Action":"output","Package":"cmd/gofmt","Output":"PASS\n","OutputType":"frame"}
{"Time":"2026-10-03T11:32:51.664769-03:00","Action":"output","Package":"go/format","Output":"testing: warning: no tests to run\n"}
{"Time":"2026-10-03T11:32:51.6648-03:00","Action":"output","Package":"go/format","Output":"PASS\n","OutputType":"frame"}
{"Time":"2026-10-03T11:32:51.665295-03:00","Action":"run","Package":"cmd/compile/internal/syntax","Test":"TestAlternativesSyntax"}
{"Time":"2026-10-03T11:32:51.665346-03:00","Action":"output","Package":"cmd/compile/internal/syntax","Test":"TestAlternativesSyntax","Output":"=== RUN   TestAlternativesSyntax\n","OutputType":"frame"}
{"Time":"2026-10-03T11:32:51.665305-03:00","Action":"output","Package":"cmd/gofmt","Output":"ok  \tcmd/gofmt\t0.191s [no tests to run]\n"}
{"Time":"2026-10-03T11:32:51.665417-03:00","Action":"output","Package":"go/format","Output":"ok  \tgo/format\t0.192s [no tests to run]\n"}
{"Time":"2026-10-03T11:32:51.665442-03:00","Action":"pass","Package":"go/format","Elapsed":0.192}
{"Time":"2026-10-03T11:32:51.665413-03:00","Action":"pass","Package":"cmd/gofmt","Elapsed":0.192}
{"Time":"2026-10-03T11:32:51.665439-03:00","Action":"run","Package":"cmd/compile/internal/syntax","Test":"TestAlternativesSyntax/variants"}
{"Time":"2026-10-03T11:32:51.665491-03:00","Action":"output","Package":"cmd/compile/internal/syntax","Test":"TestAlternativesSyntax/variants","Output":"=== RUN   TestAlternativesSyntax/variants\n","OutputType":"frame"}
{"Time":"2026-10-03T11:32:51.665617-03:00","Action":"output","Package":"cmd/compile/internal/syntax","Test":"TestAlternativesSyntax/variants","Output":"--- PASS: TestAlternativesSyntax/variants (0.00s)\n","OutputType":"frame"}
{"Time":"2026-10-03T11:32:51.665663-03:00","Action":"pass","Package":"cmd/compile/internal/syntax","Test":"TestAlternativesSyntax/variants","Elapsed":0}
{"Time":"2026-10-03T11:32:51.66568-03:00","Action":"run","Package":"cmd/compile/internal/syntax","Test":"TestAlternativesSyntax/expression"}
{"Time":"2026-10-03T11:32:51.665688-03:00","Action":"output","Package":"cmd/compile/internal/syntax","Test":"TestAlternativesSyntax/expression","Output":"=== RUN   TestAlternativesSyntax/expression\n","OutputType":"frame"}
{"Time":"2026-10-03T11:32:51.665751-03:00","Action":"output","Package":"cmd/compile/internal/syntax","Test":"TestAlternativesSyntax/expression","Output":"--- PASS: TestAlternativesSyntax/expression (0.00s)\n","OutputType":"frame"}
{"Time":"2026-10-03T11:32:51.665793-03:00","Action":"pass","Package":"cmd/compile/internal/syntax","Test":"TestAlternativesSyntax/expression","Elapsed":0}
{"Time":"2026-10-03T11:32:51.665829-03:00","Action":"run","Package":"cmd/compile/internal/syntax","Test":"TestAlternativesSyntax/statement"}
{"Time":"2026-10-03T11:32:51.665842-03:00","Action":"output","Package":"cmd/compile/internal/syntax","Test":"TestAlternativesSyntax/statement","Output":"=== RUN   TestAlternativesSyntax/statement\n","OutputType":"frame"}
{"Time":"2026-10-03T11:32:51.665878-03:00","Action":"output","Package":"cmd/compile/internal/syntax","Test":"TestAlternativesSyntax/statement","Output":"--- PASS: TestAlternativesSyntax/statement (0.00s)\n","OutputType":"frame"}
{"Time":"2026-10-03T11:32:51.665923-03:00","Action":"pass","Package":"cmd/compile/internal/syntax","Test":"TestAlternativesSyntax/statement","Elapsed":0}
{"Time":"2026-10-03T11:32:51.665931-03:00","Action":"run","Package":"cmd/compile/internal/syntax","Test":"TestAlternativesSyntax/nested"}
{"Time":"2026-10-03T11:32:51.665936-03:00","Action":"output","Package":"cmd/compile/internal/syntax","Test":"TestAlternativesSyntax/nested","Output":"=== RUN   TestAlternativesSyntax/nested\n","OutputType":"frame"}
{"Time":"2026-10-03T11:32:51.665961-03:00","Action":"output","Package":"cmd/compile/internal/syntax","Test":"TestAlternativesSyntax/nested","Output":"--- PASS: TestAlternativesSyntax/nested (0.00s)\n","OutputType":"frame"}
{"Time":"2026-10-03T11:32:51.665971-03:00","Action":"pass","Package":"cmd/compile/internal/syntax","Test":"TestAlternativesSyntax/nested","Elapsed":0}
{"Time":"2026-10-03T11:32:51.665977-03:00","Action":"run","Package":"cmd/compile/internal/syntax","Test":"TestAlternativesSyntax/legacy"}
{"Time":"2026-10-03T11:32:51.665982-03:00","Action":"output","Package":"cmd/compile/internal/syntax","Test":"TestAlternativesSyntax/legacy","Output":"=== RUN   TestAlternativesSyntax/legacy\n","OutputType":"frame"}
{"Time":"2026-10-03T11:32:51.66606-03:00","Action":"output","Package":"cmd/compile/internal/syntax","Test":"TestAlternativesSyntax/legacy","Output":"--- PASS: TestAlternativesSyntax/legacy (0.00s)\n","OutputType":"frame"}
{"Time":"2026-10-03T11:32:51.666085-03:00","Action":"pass","Package":"cmd/compile/internal/syntax","Test":"TestAlternativesSyntax/legacy","Elapsed":0}
{"Time":"2026-10-03T11:32:51.666104-03:00","Action":"output","Package":"cmd/compile/internal/syntax","Test":"TestAlternativesSyntax","Output":"--- PASS: TestAlternativesSyntax (0.00s)\n","OutputType":"frame"}
{"Time":"2026-10-03T11:32:51.666145-03:00","Action":"pass","Package":"cmd/compile/internal/syntax","Test":"TestAlternativesSyntax","Elapsed":0}
{"Time":"2026-10-03T11:32:51.666156-03:00","Action":"run","Package":"cmd/compile/internal/syntax","Test":"TestAlternativesSyntaxErrors"}
{"Time":"2026-10-03T11:32:51.666164-03:00","Action":"output","Package":"cmd/compile/internal/syntax","Test":"TestAlternativesSyntaxErrors","Output":"=== RUN   TestAlternativesSyntaxErrors\n","OutputType":"frame"}
{"Time":"2026-10-03T11:32:51.666173-03:00","Action":"output","Package":"cmd/compile/internal/syntax","Test":"TestAlternativesSyntaxErrors","Output":"--- PASS: TestAlternativesSyntaxErrors (0.00s)\n","OutputType":"frame"}
{"Time":"2026-10-03T11:32:51.66618-03:00","Action":"pass","Package":"cmd/compile/internal/syntax","Test":"TestAlternativesSyntaxErrors","Elapsed":0}
{"Time":"2026-10-03T11:32:51.666225-03:00","Action":"output","Package":"cmd/compile/internal/syntax","Output":"PASS\n","OutputType":"frame"}
{"Time":"2026-10-03T11:32:51.666766-03:00","Action":"run","Package":"go/parser","Test":"TestAlternativesSyntax"}
{"Time":"2026-10-03T11:32:51.666804-03:00","Action":"output","Package":"go/parser","Test":"TestAlternativesSyntax","Output":"=== RUN   TestAlternativesSyntax\n","OutputType":"frame"}
{"Time":"2026-10-03T11:32:51.666855-03:00","Action":"output","Package":"cmd/compile/internal/syntax","Output":"ok  \tcmd/compile/internal/syntax\t0.195s\n"}
{"Time":"2026-10-03T11:32:51.666869-03:00","Action":"pass","Package":"cmd/compile/internal/syntax","Elapsed":0.195}
{"Time":"2026-10-03T11:32:51.667431-03:00","Action":"output","Package":"go/parser","Test":"TestAlternativesSyntax","Output":"--- PASS: TestAlternativesSyntax (0.00s)\n","OutputType":"frame"}
{"Time":"2026-10-03T11:32:51.667441-03:00","Action":"pass","Package":"go/parser","Test":"TestAlternativesSyntax","Elapsed":0}
{"Time":"2026-10-03T11:32:51.667447-03:00","Action":"run","Package":"go/parser","Test":"TestAlternativesNestedPatterns"}
{"Time":"2026-10-03T11:32:51.667453-03:00","Action":"output","Package":"go/parser","Test":"TestAlternativesNestedPatterns","Output":"=== RUN   TestAlternativesNestedPatterns\n","OutputType":"frame"}
{"Time":"2026-10-03T11:32:51.66748-03:00","Action":"output","Package":"go/parser","Test":"TestAlternativesNestedPatterns","Output":"--- PASS: TestAlternativesNestedPatterns (0.00s)\n","OutputType":"frame"}
{"Time":"2026-10-03T11:32:51.667487-03:00","Action":"pass","Package":"go/parser","Test":"TestAlternativesNestedPatterns","Elapsed":0}
{"Time":"2026-10-03T11:32:51.667493-03:00","Action":"run","Package":"go/parser","Test":"TestAlternativesLegacySyntax"}
{"Time":"2026-10-03T11:32:51.667498-03:00","Action":"output","Package":"go/parser","Test":"TestAlternativesLegacySyntax","Output":"=== RUN   TestAlternativesLegacySyntax\n","OutputType":"frame"}
{"Time":"2026-10-03T11:32:51.667538-03:00","Action":"output","Package":"go/parser","Test":"TestAlternativesLegacySyntax","Output":"--- PASS: TestAlternativesLegacySyntax (0.00s)\n","OutputType":"frame"}
{"Time":"2026-10-03T11:32:51.667553-03:00","Action":"pass","Package":"go/parser","Test":"TestAlternativesLegacySyntax","Elapsed":0}
{"Time":"2026-10-03T11:32:51.667575-03:00","Action":"run","Package":"go/parser","Test":"TestAlternativesInvalidSyntax"}
{"Time":"2026-10-03T11:32:51.667582-03:00","Action":"output","Package":"go/parser","Test":"TestAlternativesInvalidSyntax","Output":"=== RUN   TestAlternativesInvalidSyntax\n","OutputType":"frame"}
{"Time":"2026-10-03T11:32:51.667589-03:00","Action":"run","Package":"go/parser","Test":"TestAlternativesInvalidSyntax/package_p;_type_E_enum;_{_default_V_}"}
{"Time":"2026-10-03T11:32:51.6676-03:00","Action":"output","Package":"go/parser","Test":"TestAlternativesInvalidSyntax/package_p;_type_E_enum;_{_default_V_}","Output":"=== RUN   TestAlternativesInvalidSyntax/package_p;_type_E_enum;_{_default_V_}\n","OutputType":"frame"}
{"Time":"2026-10-03T11:32:51.667614-03:00","Action":"output","Package":"go/parser","Test":"TestAlternativesInvalidSyntax/package_p;_type_E_enum;_{_default_V_}","Output":"--- PASS: TestAlternativesInvalidSyntax/package_p;_type_E_enum;_{_default_V_} (0.00s)\n","OutputType":"frame"}
{"Time":"2026-10-03T11:32:51.667621-03:00","Action":"pass","Package":"go/parser","Test":"TestAlternativesInvalidSyntax/package_p;_type_E_enum;_{_default_V_}","Elapsed":0}
{"Time":"2026-10-03T11:32:51.667637-03:00","Action":"run","Package":"go/parser","Test":"TestAlternativesInvalidSyntax/package_p;_type_E_=_enum_{_default_V_}"}
{"Time":"2026-10-03T11:32:51.667643-03:00","Action":"output","Package":"go/parser","Test":"TestAlternativesInvalidSyntax/package_p;_type_E_=_enum_{_default_V_}","Output":"=== RUN   TestAlternativesInvalidSyntax/package_p;_type_E_=_enum_{_default_V_}\n","OutputType":"frame"}
{"Time":"2026-10-03T11:32:51.66765-03:00","Action":"output","Package":"go/parser","Test":"TestAlternativesInvalidSyntax/package_p;_type_E_=_enum_{_default_V_}","Output":"--- PASS: TestAlternativesInvalidSyntax/package_p;_type_E_=_enum_{_default_V_} (0.00s)\n","OutputType":"frame"}
{"Time":"2026-10-03T11:32:51.667656-03:00","Action":"pass","Package":"go/parser","Test":"TestAlternativesInvalidSyntax/package_p;_type_E_=_enum_{_default_V_}","Elapsed":0}
{"Time":"2026-10-03T11:32:51.667663-03:00","Action":"run","Package":"go/parser","Test":"TestAlternativesInvalidSyntax/package_p;_type_E_enum_{_default_V(x_int)_}"}
{"Time":"2026-10-03T11:32:51.667668-03:00","Action":"output","Package":"go/parser","Test":"TestAlternativesInvalidSyntax/package_p;_type_E_enum_{_default_V(x_int)_}","Output":"=== RUN   TestAlternativesInvalidSyntax/package_p;_type_E_enum_{_default_V(x_int)_}\n","OutputType":"frame"}
{"Time":"2026-10-03T11:32:51.667674-03:00","Action":"output","Package":"go/parser","Test":"TestAlternativesInvalidSyntax/package_p;_type_E_enum_{_default_V(x_int)_}","Output":"--- PASS: TestAlternativesInvalidSyntax/package_p;_type_E_enum_{_default_V(x_int)_} (0.00s)\n","OutputType":"frame"}
{"Time":"2026-10-03T11:32:51.667682-03:00","Action":"pass","Package":"go/parser","Test":"TestAlternativesInvalidSyntax/package_p;_type_E_enum_{_default_V(x_int)_}","Elapsed":0}
{"Time":"2026-10-03T11:32:51.667696-03:00","Action":"run","Package":"go/parser","Test":"TestAlternativesInvalidSyntax/package_p;_type_E_enum_{_default_V_{_X,_Y_int_}_}"}
{"Time":"2026-10-03T11:32:51.667702-03:00","Action":"output","Package":"go/parser","Test":"TestAlternativesInvalidSyntax/package_p;_type_E_enum_{_default_V_{_X,_Y_int_}_}","Output":"=== RUN   TestAlternativesInvalidSyntax/package_p;_type_E_enum_{_default_V_{_X,_Y_int_}_}\n","OutputType":"frame"}
{"Time":"2026-10-03T11:32:51.667716-03:00","Action":"output","Package":"go/parser","Test":"TestAlternativesInvalidSyntax/package_p;_type_E_enum_{_default_V_{_X,_Y_int_}_}","Output":"    alternatives_test.go:137: accepted invalid syntax: package p; type E enum { default V { X, Y int } }\n","OutputType":"error"}
{"Time":"2026-10-03T11:32:51.667723-03:00","Action":"output","Package":"go/parser","Test":"TestAlternativesInvalidSyntax/package_p;_type_E_enum_{_default_V_{_X,_Y_int_}_}","Output":"--- FAIL: TestAlternativesInvalidSyntax/package_p;_type_E_enum_{_default_V_{_X,_Y_int_}_} (0.00s)\n","OutputType":"frame"}
{"Time":"2026-10-03T11:32:51.667728-03:00","Action":"fail","Package":"go/parser","Test":"TestAlternativesInvalidSyntax/package_p;_type_E_enum_{_default_V_{_X,_Y_int_}_}","Elapsed":0}
{"Time":"2026-10-03T11:32:51.667733-03:00","Action":"run","Package":"go/parser","Test":"TestAlternativesInvalidSyntax/package_p;_var_x_=_switch_y_{_case_E.V_=\u003e_1;_default:_2_}"}
{"Time":"2026-10-03T11:32:51.667738-03:00","Action":"output","Package":"go/parser","Test":"TestAlternativesInvalidSyntax/package_p;_var_x_=_switch_y_{_case_E.V_=\u003e_1;_default:_2_}","Output":"=== RUN   TestAlternativesInvalidSyntax/package_p;_var_x_=_switch_y_{_case_E.V_=\u003e_1;_default:_2_}\n","OutputType":"frame"}
{"Time":"2026-10-03T11:32:51.667744-03:00","Action":"output","Package":"go/parser","Test":"TestAlternativesInvalidSyntax/package_p;_var_x_=_switch_y_{_case_E.V_=\u003e_1;_default:_2_}","Output":"--- PASS: TestAlternativesInvalidSyntax/package_p;_var_x_=_switch_y_{_case_E.V_=\u003e_1;_default:_2_} (0.00s)\n","OutputType":"frame"}
{"Time":"2026-10-03T11:32:51.66775-03:00","Action":"pass","Package":"go/parser","Test":"TestAlternativesInvalidSyntax/package_p;_var_x_=_switch_y_{_case_E.V_=\u003e_1;_default:_2_}","Elapsed":0}
{"Time":"2026-10-03T11:32:51.667756-03:00","Action":"run","Package":"go/parser","Test":"TestAlternativesInvalidSyntax/package_p;_func_f()_{_switch_y_{_case_E.V_=\u003e_1_}_}"}
{"Time":"2026-10-03T11:32:51.667761-03:00","Action":"output","Package":"go/parser","Test":"TestAlternativesInvalidSyntax/package_p;_func_f()_{_switch_y_{_case_E.V_=\u003e_1_}_}","Output":"=== RUN   TestAlternativesInvalidSyntax/package_p;_func_f()_{_switch_y_{_case_E.V_=\u003e_1_}_}\n","OutputType":"frame"}
{"Time":"2026-10-03T11:32:51.667776-03:00","Action":"output","Package":"go/parser","Test":"TestAlternativesInvalidSyntax/package_p;_func_f()_{_switch_y_{_case_E.V_=\u003e_1_}_}","Output":"--- PASS: TestAlternativesInvalidSyntax/package_p;_func_f()_{_switch_y_{_case_E.V_=\u003e_1_}_} (0.00s)\n","OutputType":"frame"}
{"Time":"2026-10-03T11:32:51.667796-03:00","Action":"pass","Package":"go/parser","Test":"TestAlternativesInvalidSyntax/package_p;_func_f()_{_switch_y_{_case_E.V_=\u003e_1_}_}","Elapsed":0}
{"Time":"2026-10-03T11:32:51.667802-03:00","Action":"run","Package":"go/parser","Test":"TestAlternativesInvalidSyntax/package_p;_var_x_=_switch_y_{_case_E.V{X:_x,_...,_Y:_y}_=\u003e_x_}"}
{"Time":"2026-10-03T11:32:51.667807-03:00","Action":"output","Package":"go/parser","Test":"TestAlternativesInvalidSyntax/package_p;_var_x_=_switch_y_{_case_E.V{X:_x,_...,_Y:_y}_=\u003e_x_}","Output":"=== RUN   TestAlternativesInvalidSyntax/package_p;_var_x_=_switch_y_{_case_E.V{X:_x,_...,_Y:_y}_=\u003e_x_}\n","OutputType":"frame"}
{"Time":"2026-10-03T11:32:51.667814-03:00","Action":"output","Package":"go/parser","Test":"TestAlternativesInvalidSyntax/package_p;_var_x_=_switch_y_{_case_E.V{X:_x,_...,_Y:_y}_=\u003e_x_}","Output":"--- PASS: TestAlternativesInvalidSyntax/package_p;_var_x_=_switch_y_{_case_E.V{X:_x,_...,_Y:_y}_=\u003e_x_} (0.00s)\n","OutputType":"frame"}
{"Time":"2026-10-03T11:32:51.66784-03:00","Action":"pass","Package":"go/parser","Test":"TestAlternativesInvalidSyntax/package_p;_var_x_=_switch_y_{_case_E.V{X:_x,_...,_Y:_y}_=\u003e_x_}","Elapsed":0}
{"Time":"2026-10-03T11:32:51.667881-03:00","Action":"run","Package":"go/parser","Test":"TestAlternativesInvalidSyntax/package_p;_var_x_=_switch_y_{_case_E.V{X}_=\u003e_1_}"}
{"Time":"2026-10-03T11:32:51.667891-03:00","Action":"output","Package":"go/parser","Test":"TestAlternativesInvalidSyntax/package_p;_var_x_=_switch_y_{_case_E.V{X}_=\u003e_1_}","Output":"=== RUN   TestAlternativesInvalidSyntax/package_p;_var_x_=_switch_y_{_case_E.V{X}_=\u003e_1_}\n","OutputType":"frame"}
{"Time":"2026-10-03T11:32:51.66791-03:00","Action":"output","Package":"go/parser","Test":"TestAlternativesInvalidSyntax/package_p;_var_x_=_switch_y_{_case_E.V{X}_=\u003e_1_}","Output":"--- PASS: TestAlternativesInvalidSyntax/package_p;_var_x_=_switch_y_{_case_E.V{X}_=\u003e_1_} (0.00s)\n","OutputType":"frame"}
{"Time":"2026-10-03T11:32:51.667919-03:00","Action":"pass","Package":"go/parser","Test":"TestAlternativesInvalidSyntax/package_p;_var_x_=_switch_y_{_case_E.V{X}_=\u003e_1_}","Elapsed":0}
{"Time":"2026-10-03T11:32:51.667924-03:00","Action":"run","Package":"go/parser","Test":"TestAlternativesInvalidSyntax/package_p;_var_x_=_switch_y_{_case_f()+g()_=\u003e_1_}"}
{"Time":"2026-10-03T11:32:51.667929-03:00","Action":"output","Package":"go/parser","Test":"TestAlternativesInvalidSyntax/package_p;_var_x_=_switch_y_{_case_f()+g()_=\u003e_1_}","Output":"=== RUN   TestAlternativesInvalidSyntax/package_p;_var_x_=_switch_y_{_case_f()+g()_=\u003e_1_}\n","OutputType":"frame"}
{"Time":"2026-10-03T11:32:51.667936-03:00","Action":"output","Package":"go/parser","Test":"TestAlternativesInvalidSyntax/package_p;_var_x_=_switch_y_{_case_f()+g()_=\u003e_1_}","Output":"--- PASS: TestAlternativesInvalidSyntax/package_p;_var_x_=_switch_y_{_case_f()+g()_=\u003e_1_} (0.00s)\n","OutputType":"frame"}
{"Time":"2026-10-03T11:32:51.66794-03:00","Action":"pass","Package":"go/parser","Test":"TestAlternativesInvalidSyntax/package_p;_var_x_=_switch_y_{_case_f()+g()_=\u003e_1_}","Elapsed":0}
{"Time":"2026-10-03T11:32:51.667947-03:00","Action":"run","Package":"go/parser","Test":"TestAlternativesInvalidSyntax/package_p;_var_x_=_switch_init();_y_{_default_=\u003e_1_}"}
{"Time":"2026-10-03T11:32:51.667951-03:00","Action":"output","Package":"go/parser","Test":"TestAlternativesInvalidSyntax/package_p;_var_x_=_switch_init();_y_{_default_=\u003e_1_}","Output":"=== RUN   TestAlternativesInvalidSyntax/package_p;_var_x_=_switch_init();_y_{_default_=\u003e_1_}\n","OutputType":"frame"}
{"Time":"2026-10-03T11:32:51.667958-03:00","Action":"output","Package":"go/parser","Test":"TestAlternativesInvalidSyntax/package_p;_var_x_=_switch_init();_y_{_default_=\u003e_1_}","Output":"--- PASS: TestAlternativesInvalidSyntax/package_p;_var_x_=_switch_init();_y_{_default_=\u003e_1_} (0.00s)\n","OutputType":"frame"}
{"Time":"2026-10-03T11:32:51.667963-03:00","Action":"pass","Package":"go/parser","Test":"TestAlternativesInvalidSyntax/package_p;_var_x_=_switch_init();_y_{_default_=\u003e_1_}","Elapsed":0}
{"Time":"2026-10-03T11:32:51.667969-03:00","Action":"output","Package":"go/parser","Test":"TestAlternativesInvalidSyntax","Output":"--- FAIL: TestAlternativesInvalidSyntax (0.00s)\n","OutputType":"frame"}
{"Time":"2026-10-03T11:32:51.667973-03:00","Action":"fail","Package":"go/parser","Test":"TestAlternativesInvalidSyntax","Elapsed":0}
{"Time":"2026-10-03T11:32:51.667979-03:00","Action":"output","Package":"go/parser","Output":"FAIL\n","OutputType":"frame"}
{"Time":"2026-10-03T11:32:51.668537-03:00","Action":"output","Package":"go/parser","Output":"FAIL\tgo/parser\t0.195s\n","OutputType":"frame"}
{"Time":"2026-10-03T11:32:51.668547-03:00","Action":"fail","Package":"go/parser","Elapsed":0.195}
