{"Time":"2026-10-03T11:32:35.960602-03:00","Action":"start","Package":"cmd/internal/testdir"}
{"Time":"2026-10-03T11:32:36.149415-03:00","Action":"run","Package":"cmd/internal/testdir","Test":"Test"}
{"Time":"2026-10-03T11:32:36.149518-03:00","Action":"output","Package":"cmd/internal/testdir","Test":"Test","Output":"=== RUN   Test\n","OutputType":"frame"}
{"Time":"2026-10-03T11:32:36.186979-03:00","Action":"run","Package":"cmd/internal/testdir","Test":"Test/enums.go"}
{"Time":"2026-10-03T11:32:36.187-03:00","Action":"output","Package":"cmd/internal/testdir","Test":"Test/enums.go","Output":"=== RUN   Test/enums.go\n","OutputType":"frame"}
{"Time":"2026-10-03T11:32:36.18702-03:00","Action":"output","Package":"cmd/internal/testdir","Test":"Test/enums.go","Output":"=== PAUSE Test/enums.go\n","OutputType":"frame"}
{"Time":"2026-10-03T11:32:36.187025-03:00","Action":"pause","Package":"cmd/internal/testdir","Test":"Test/enums.go"}
{"Time":"2026-10-03T11:32:36.193937-03:00","Action":"cont","Package":"cmd/internal/testdir","Test":"Test/enums.go"}
{"Time":"2026-10-03T11:32:36.193965-03:00","Action":"output","Package":"cmd/internal/testdir","Test":"Test/enums.go","Output":"=== CONT  Test/enums.go\n","OutputType":"frame"}
{"Time":"2026-10-03T11:32:41.183775-03:00","Action":"output","Package":"cmd/internal/testdir","Test":"Test/enums.go","Output":"--- PASS: Test/enums.go (4.99s)\n","OutputType":"frame"}
{"Time":"2026-10-03T11:32:41.184257-03:00","Action":"pass","Package":"cmd/internal/testdir","Test":"Test/enums.go","Elapsed":4.99}
{"Time":"2026-10-03T11:32:41.184274-03:00","Action":"output","Package":"cmd/internal/testdir","Test":"Test","Output":"--- PASS: Test (0.05s)\n","OutputType":"frame"}
{"Time":"2026-10-03T11:32:41.184282-03:00","Action":"pass","Package":"cmd/internal/testdir","Test":"Test","Elapsed":0.05}
{"Time":"2026-10-03T11:32:41.184311-03:00","Action":"run","Package":"cmd/internal/testdir","Test":"TestShouldTest"}
{"Time":"2026-10-03T11:32:41.184319-03:00","Action":"output","Package":"cmd/internal/testdir","Test":"TestShouldTest","Output":"=== RUN   TestShouldTest\n","OutputType":"frame"}
{"Time":"2026-10-03T11:32:41.184366-03:00","Action":"output","Package":"cmd/internal/testdir","Test":"TestShouldTest","Output":"--- PASS: TestShouldTest (0.00s)\n","OutputType":"frame"}
{"Time":"2026-10-03T11:32:41.184376-03:00","Action":"pass","Package":"cmd/internal/testdir","Test":"TestShouldTest","Elapsed":0}
{"Time":"2026-10-03T11:32:41.184382-03:00","Action":"output","Package":"cmd/internal/testdir","Output":"PASS\n","OutputType":"frame"}
{"Time":"2026-10-03T11:32:41.184877-03:00","Action":"output","Package":"cmd/internal/testdir","Output":"ok  \tcmd/internal/testdir\t5.224s\n"}
{"Time":"2026-10-03T11:32:41.184894-03:00","Action":"pass","Package":"cmd/internal/testdir","Elapsed":5.224}
