{"Time":"2026-10-03T11:32:57.241867-03:00","Action":"start","Package":"cmd/compile/internal/types2"}
{"Time":"2026-10-03T11:32:57.242379-03:00","Action":"start","Package":"go/types"}
{"Time":"2026-10-03T11:32:57.468948-03:00","Action":"run","Package":"cmd/compile/internal/types2","Test":"TestMatchTypes"}
{"Time":"2026-10-03T11:32:57.469063-03:00","Action":"output","Package":"cmd/compile/internal/types2","Test":"TestMatchTypes","Output":"=== RUN   TestMatchTypes\n","OutputType":"frame"}
{"Time":"2026-10-03T11:32:57.470146-03:00","Action":"run","Package":"go/types","Test":"TestGenerate"}
{"Time":"2026-10-03T11:32:57.470198-03:00","Action":"output","Package":"go/types","Test":"TestGenerate","Output":"=== RUN   TestGenerate\n","OutputType":"frame"}
{"Time":"2026-10-03T11:32:57.47022-03:00","Action":"output","Package":"cmd/compile/internal/types2","Test":"TestMatchTypes","Output":"--- PASS: TestMatchTypes (0.00s)\n","OutputType":"frame"}
{"Time":"2026-10-03T11:32:57.470232-03:00","Action":"pass","Package":"cmd/compile/internal/types2","Test":"TestMatchTypes","Elapsed":0}
{"Time":"2026-10-03T11:32:57.470247-03:00","Action":"run","Package":"cmd/compile/internal/types2","Test":"TestMatchInvalid"}
{"Time":"2026-10-03T11:32:57.470257-03:00","Action":"output","Package":"cmd/compile/internal/types2","Test":"TestMatchInvalid","Output":"=== RUN   TestMatchInvalid\n","OutputType":"frame"}
{"Time":"2026-10-03T11:32:57.470604-03:00","Action":"output","Package":"cmd/compile/internal/types2","Test":"TestMatchInvalid","Output":"--- PASS: TestMatchInvalid (0.00s)\n","OutputType":"frame"}
{"Time":"2026-10-03T11:32:57.470634-03:00","Action":"pass","Package":"cmd/compile/internal/types2","Test":"TestMatchInvalid","Elapsed":0}
{"Time":"2026-10-03T11:32:57.470754-03:00","Action":"output","Package":"cmd/compile/internal/types2","Output":"PASS\n","OutputType":"frame"}
{"Time":"2026-10-03T11:32:57.471661-03:00","Action":"output","Package":"cmd/compile/internal/types2","Output":"ok  \tcmd/compile/internal/types2\t0.230s\n"}
{"Time":"2026-10-03T11:32:57.471707-03:00","Action":"pass","Package":"cmd/compile/internal/types2","Elapsed":0.23}
{"Time":"2026-10-03T11:32:57.537654-03:00","Action":"output","Package":"go/types","Test":"TestGenerate","Output":"--- PASS: TestGenerate (0.07s)\n","OutputType":"frame"}
{"Time":"2026-10-03T11:32:57.537702-03:00","Action":"pass","Package":"go/types","Test":"TestGenerate","Elapsed":0.07}
{"Time":"2026-10-03T11:32:57.537715-03:00","Action":"run","Package":"go/types","Test":"TestMatchTypes"}
{"Time":"2026-10-03T11:32:57.53772-03:00","Action":"output","Package":"go/types","Test":"TestMatchTypes","Output":"=== RUN   TestMatchTypes\n","OutputType":"frame"}
{"Time":"2026-10-03T11:32:57.538251-03:00","Action":"output","Package":"go/types","Test":"TestMatchTypes","Output":"--- PASS: TestMatchTypes (0.00s)\n","OutputType":"frame"}
{"Time":"2026-10-03T11:32:57.538259-03:00","Action":"pass","Package":"go/types","Test":"TestMatchTypes","Elapsed":0}
{"Time":"2026-10-03T11:32:57.538265-03:00","Action":"run","Package":"go/types","Test":"TestMatchInvalid"}
{"Time":"2026-10-03T11:32:57.538269-03:00","Action":"output","Package":"go/types","Test":"TestMatchInvalid","Output":"=== RUN   TestMatchInvalid\n","OutputType":"frame"}
{"Time":"2026-10-03T11:32:57.538448-03:00","Action":"output","Package":"go/types","Test":"TestMatchInvalid","Output":"--- PASS: TestMatchInvalid (0.00s)\n","OutputType":"frame"}
{"Time":"2026-10-03T11:32:57.538454-03:00","Action":"pass","Package":"go/types","Test":"TestMatchInvalid","Elapsed":0}
{"Time":"2026-10-03T11:32:57.538527-03:00","Action":"output","Package":"go/types","Output":"PASS\n","OutputType":"frame"}
{"Time":"2026-10-03T11:32:57.539148-03:00","Action":"output","Package":"go/types","Output":"ok  \tgo/types\t0.297s\n"}
{"Time":"2026-10-03T11:32:57.539164-03:00","Action":"pass","Package":"go/types","Elapsed":0.297}
