{"Time":"2026-10-03T11:32:56.790705-03:00","Action":"start","Package":"cmd/compile/internal/syntax"}
{"Time":"2026-10-03T11:32:56.79086-03:00","Action":"start","Package":"go/parser"}
{"Time":"2026-10-03T11:32:56.791135-03:00","Action":"start","Package":"go/printer"}
{"Time":"2026-10-03T11:32:56.791237-03:00","Action":"start","Package":"go/format"}
{"Time":"2026-10-03T11:32:56.791296-03:00","Action":"start","Package":"cmd/gofmt"}
{"Time":"2026-10-03T11:32:56.979805-03:00","Action":"output","Package":"cmd/gofmt","Output":"testing: warning: no tests to run\n"}
{"Time":"2026-10-03T11:32:56.979941-03:00","Action":"output","Package":"cmd/gofmt","Output":"PASS\n","OutputType":"frame"}
{"Time":"2026-10-03T11:32:56.980091-03:00","Action":"output","Package":"go/format","Output":"testing: warning: no tests to run\n"}
{"Time":"2026-10-03T11:32:56.980114-03:00","Action":"output","Package":"go/format","Output":"PASS\n","OutputType":"frame"}
{"Time":"2026-10-03T11:32:56.98025-03:00","Action":"output","Package":"cmd/gofmt","Output":"ok  \tcmd/gofmt\t0.189s [no tests to run]\n"}
{"Time":"2026-10-03T11:32:56.980263-03:00","Action":"pass","Package":"cmd/gofmt","Elapsed":0.189}
{"Time":"2026-10-03T11:32:56.980586-03:00","Action":"output","Package":"go/format","Output":"ok  \tgo/format\t0.189s [no tests to run]\n"}
{"Time":"2026-10-03T11:32:56.980615-03:00","Action":"pass","Package":"go/format","Elapsed":0.189}
{"Time":"2026-10-03T11:32:56.988771-03:00","Action":"output","Package":"go/printer","Output":"testing: warning: no tests to run\n"}
{"Time":"2026-10-03T11:32:56.988807-03:00","Action":"output","Package":"go/printer","Output":"PASS\n","OutputType":"frame"}
{"Time":"2026-10-03T11:32:56.98941-03:00","Action":"output","Package":"go/printer","Output":"ok  \tgo/printer\t0.198s [no tests to run]\n"}
{"Time":"2026-10-03T11:32:56.98943-03:00","Action":"pass","Package":"go/printer","Elapsed":0.199}
{"Time":"2026-10-03T11:32:56.993841-03:00","Action":"run","Package":"cmd/compile/internal/syntax","Test":"TestAlternativesSyntax"}
{"Time":"2026-10-03T11:32:56.99387-03:00","Action":"output","Package":"cmd/compile/internal/syntax","Test":"TestAlternativesSyntax","Output":"=== RUN   TestAlternativesSyntax\n","OutputType":"frame"}
{"Time":"2026-10-03T11:32:56.993925-03:00","Action":"run","Package":"cmd/compile/internal/syntax","Test":"TestAlternativesSyntax/variants"}
{"Time":"2026-10-03T11:32:56.993933-03:00","Action":"output","Package":"cmd/compile/internal/syntax","Test":"TestAlternativesSyntax/variants","Output":"=== RUN   TestAlternativesSyntax/variants\n","OutputType":"frame"}
{"Time":"2026-10-03T11:32:56.994092-03:00","Action":"run","Package":"go/parser","Test":"TestAlternativesSyntax"}
{"Time":"2026-10-03T11:32:56.994118-03:00","Action":"output","Package":"go/parser","Test":"TestAlternativesSyntax","Output":"=== RUN   TestAlternativesSyntax\n","OutputType":"frame"}
{"Time":"2026-10-03T11:32:56.994145-03:00","Action":"output","Package":"cmd/compile/internal/syntax","Test":"TestAlternativesSyntax/variants","Output":"--- PASS: TestAlternativesSyntax/variants (0.00s)\n","OutputType":"frame"}
{"Time":"2026-10-03T11:32:56.994158-03:00","Action":"pass","Package":"cmd/compile/internal/syntax","Test":"TestAlternativesSyntax/variants","Elapsed":0}
{"Time":"2026-10-03T11:32:56.994176-03:00","Action":"run","Package":"cmd/compile/internal/syntax","Test":"TestAlternativesSyntax/expression"}
{"Time":"2026-10-03T11:32:56.994184-03:00","Action":"output","Package":"cmd/compile/internal/syntax","Test":"TestAlternativesSyntax/expression","Output":"=== RUN   TestAlternativesSyntax/expression\n","OutputType":"frame"}
{"Time":"2026-10-03T11:32:56.994278-03:00","Action":"output","Package":"cmd/compile/internal/syntax","Test":"TestAlternativesSyntax/expression","Output":"--- PASS: TestAlternativesSyntax/expression (0.00s)\n","OutputType":"frame"}
{"Time":"2026-10-03T11:32:56.99429-03:00","Action":"pass","Package":"cmd/compile/internal/syntax","Test":"TestAlternativesSyntax/expression","Elapsed":0}
{"Time":"2026-10-03T11:32:56.9943-03:00","Action":"run","Package":"cmd/compile/internal/syntax","Test":"TestAlternativesSyntax/statement"}
{"Time":"2026-10-03T11:32:56.994324-03:00","Action":"output","Package":"cmd/compile/internal/syntax","Test":"TestAlternativesSyntax/statement","Output":"=== RUN   TestAlternativesSyntax/statement\n","OutputType":"frame"}
{"Time":"2026-10-03T11:32:56.994362-03:00","Action":"output","Package":"cmd/compile/internal/syntax","Test":"TestAlternativesSyntax/statement","Output":"--- PASS: TestAlternativesSyntax/statement (0.00s)\n","OutputType":"frame"}
{"Time":"2026-10-03T11:32:56.994371-03:00","Action":"pass","Package":"cmd/compile/internal/syntax","Test":"TestAlternativesSyntax/statement","Elapsed":0}
{"Time":"2026-10-03T11:32:56.994376-03:00","Action":"run","Package":"cmd/compile/internal/syntax","Test":"TestAlternativesSyntax/nested"}
{"Time":"2026-10-03T11:32:56.994381-03:00","Action":"output","Package":"cmd/compile/internal/syntax","Test":"TestAlternativesSyntax/nested","Output":"=== RUN   TestAlternativesSyntax/nested\n","OutputType":"frame"}
{"Time":"2026-10-03T11:32:56.994446-03:00","Action":"output","Package":"cmd/compile/internal/syntax","Test":"TestAlternativesSyntax/nested","Output":"--- PASS: TestAlternativesSyntax/nested (0.00s)\n","OutputType":"frame"}
{"Time":"2026-10-03T11:32:56.994452-03:00","Action":"pass","Package":"cmd/compile/internal/syntax","Test":"TestAlternativesSyntax/nested","Elapsed":0}
{"Time":"2026-10-03T11:32:56.994464-03:00","Action":"run","Package":"cmd/compile/internal/syntax","Test":"TestAlternativesSyntax/legacy"}
{"Time":"2026-10-03T11:32:56.994469-03:00","Action":"output","Package":"cmd/compile/internal/syntax","Test":"TestAlternativesSyntax/legacy","Output":"=== RUN   TestAlternativesSyntax/legacy\n","OutputType":"frame"}
{"Time":"2026-10-03T11:32:56.994535-03:00","Action":"output","Package":"cmd/compile/internal/syntax","Test":"TestAlternativesSyntax/legacy","Output":"--- PASS: TestAlternativesSyntax/legacy (0.00s)\n","OutputType":"frame"}
{"Time":"2026-10-03T11:32:56.994541-03:00","Action":"pass","Package":"cmd/compile/internal/syntax","Test":"TestAlternativesSyntax/legacy","Elapsed":0}
{"Time":"2026-10-03T11:32:56.99455-03:00","Action":"output","Package":"cmd/compile/internal/syntax","Test":"TestAlternativesSyntax","Output":"--- PASS: TestAlternativesSyntax (0.00s)\n","OutputType":"frame"}
{"Time":"2026-10-03T11:32:56.994557-03:00","Action":"pass","Package":"cmd/compile/internal/syntax","Test":"TestAlternativesSyntax","Elapsed":0}
{"Time":"2026-10-03T11:32:56.994562-03:00","Action":"run","Package":"cmd/compile/internal/syntax","Test":"TestAlternativesSyntaxErrors"}
{"Time":"2026-10-03T11:32:56.994567-03:00","Action":"output","Package":"cmd/compile/internal/syntax","Test":"TestAlternativesSyntaxErrors","Output":"=== RUN   TestAlternativesSyntaxErrors\n","OutputType":"frame"}
{"Time":"2026-10-03T11:32:56.994594-03:00","Action":"output","Package":"cmd/compile/internal/syntax","Test":"TestAlternativesSyntaxErrors","Output":"--- PASS: TestAlternativesSyntaxErrors (0.00s)\n","OutputType":"frame"}
{"Time":"2026-10-03T11:32:56.994601-03:00","Action":"pass","Package":"cmd/compile/internal/syntax","Test":"TestAlternativesSyntaxErrors","Elapsed":0}
{"Time":"2026-10-03T11:32:56.994713-03:00","Action":"output","Package":"cmd/compile/internal/syntax","Output":"PASS\n","OutputType":"frame"}
{"Time":"2026-10-03T11:32:56.994734-03:00","Action":"output","Package":"go/parser","Test":"TestAlternativesSyntax","Output":"--- PASS: TestAlternativesSyntax (0.00s)\n","OutputType":"frame"}
{"Time":"2026-10-03T11:32:56.99474-03:00","Action":"pass","Package":"go/parser","Test":"TestAlternativesSyntax","Elapsed":0}
{"Time":"2026-10-03T11:32:56.994746-03:00","Action":"run","Package":"go/parser","Test":"TestAlternativesNestedPatterns"}
{"Time":"2026-10-03T11:32:56.994751-03:00","Action":"output","Package":"go/parser","Test":"TestAlternativesNestedPatterns","Output":"=== RUN   TestAlternativesNestedPatterns\n","OutputType":"frame"}
{"Time":"2026-10-03T11:32:56.994796-03:00","Action":"output","Package":"go/parser","Test":"TestAlternativesNestedPatterns","Output":"--- PASS: TestAlternativesNestedPatterns (0.00s)\n","OutputType":"frame"}
{"Time":"2026-10-03T11:32:56.994811-03:00","Action":"pass","Package":"go/parser","Test":"TestAlternativesNestedPatterns","Elapsed":0}
{"Time":"2026-10-03T11:32:56.994817-03:00","Action":"run","Package":"go/parser","Test":"TestAlternativesLegacySyntax"}
{"Time":"2026-10-03T11:32:56.994822-03:00","Action":"output","Package":"go/parser","Test":"TestAlternativesLegacySyntax","Output":"=== RUN   TestAlternativesLegacySyntax\n","OutputType":"frame"}
{"Time":"2026-10-03T11:32:56.994844-03:00","Action":"output","Package":"go/parser","Test":"TestAlternativesLegacySyntax","Output":"--- PASS: TestAlternativesLegacySyntax (0.00s)\n","OutputType":"frame"}
{"Time":"2026-10-03T11:32:56.994851-03:00","Action":"pass","Package":"go/parser","Test":"TestAlternativesLegacySyntax","Elapsed":0}
{"Time":"2026-10-03T11:32:56.994857-03:00","Action":"run","Package":"go/parser","Test":"TestAlternativesInvalidSyntax"}
{"Time":"2026-10-03T11:32:56.994864-03:00","Action":"output","Package":"go/parser","Test":"TestAlternativesInvalidSyntax","Output":"=== RUN   TestAlternativesInvalidSyntax\n","OutputType":"frame"}
{"Time":"2026-10-03T11:32:56.99487-03:00","Action":"run","Package":"go/parser","Test":"TestAlternativesInvalidSyntax/package_p;_type_E_enum;_{_default_V_}"}
{"Time":"2026-10-03T11:32:56.994875-03:00","Action":"output","Package":"go/parser","Test":"TestAlternativesInvalidSyntax/package_p;_type_E_enum;_{_default_V_}","Output":"=== RUN   TestAlternativesInvalidSyntax/package_p;_type_E_enum;_{_default_V_}\n","OutputType":"frame"}
{"Time":"2026-10-03T11:32:56.994887-03:00","Action":"output","Package":"go/parser","Test":"TestAlternativesInvalidSyntax/package_p;_type_E_enum;_{_default_V_}","Output":"--- PASS: TestAlternativesInvalidSyntax/package_p;_type_E_enum;_{_default_V_} (0.00s)\n","OutputType":"frame"}
{"Time":"2026-10-03T11:32:56.994893-03:00","Action":"pass","Package":"go/parser","Test":"TestAlternativesInvalidSyntax/package_p;_type_E_enum;_{_default_V_}","Elapsed":0}
{"Time":"2026-10-03T11:32:56.994903-03:00","Action":"run","Package":"go/parser","Test":"TestAlternativesInvalidSyntax/package_p;_type_E_=_enum_{_default_V_}"}
{"Time":"2026-10-03T11:32:56.994907-03:00","Action":"output","Package":"go/parser","Test":"TestAlternativesInvalidSyntax/package_p;_type_E_=_enum_{_default_V_}","Output":"=== RUN   TestAlternativesInvalidSyntax/package_p;_type_E_=_enum_{_default_V_}\n","OutputType":"frame"}
{"Time":"2026-10-03T11:32:56.994914-03:00","Action":"output","Package":"go/parser","Test":"TestAlternativesInvalidSyntax/package_p;_type_E_=_enum_{_default_V_}","Output":"--- PASS: TestAlternativesInvalidSyntax/package_p;_type_E_=_enum_{_default_V_} (0.00s)\n","OutputType":"frame"}
{"Time":"2026-10-03T11:32:56.994919-03:00","Action":"pass","Package":"go/parser","Test":"TestAlternativesInvalidSyntax/package_p;_type_E_=_enum_{_default_V_}","Elapsed":0}
{"Time":"2026-10-03T11:32:56.994924-03:00","Action":"run","Package":"go/parser","Test":"TestAlternativesInvalidSyntax/package_p;_type_E_enum_{_default_V(x_int)_}"}
{"Time":"2026-10-03T11:32:56.994929-03:00","Action":"output","Package":"go/parser","Test":"TestAlternativesInvalidSyntax/package_p;_type_E_enum_{_default_V(x_int)_}","Output":"=== RUN   TestAlternativesInvalidSyntax/package_p;_type_E_enum_{_default_V(x_int)_}\n","OutputType":"frame"}
{"Time":"2026-10-03T11:32:56.994935-03:00","Action":"output","Package":"go/parser","Test":"TestAlternativesInvalidSyntax/package_p;_type_E_enum_{_default_V(x_int)_}","Output":"--- PASS: TestAlternativesInvalidSyntax/package_p;_type_E_enum_{_default_V(x_int)_} (0.00s)\n","OutputType":"frame"}
{"Time":"2026-10-03T11:32:56.994944-03:00","Action":"pass","Package":"go/parser","Test":"TestAlternativesInvalidSyntax/package_p;_type_E_enum_{_default_V(x_int)_}","Elapsed":0}
{"Time":"2026-10-03T11:32:56.994953-03:00","Action":"run","Package":"go/parser","Test":"TestAlternativesInvalidSyntax/package_p;_type_E_enum_{_default_V_{_X,_Y_int_}_}"}
{"Time":"2026-10-03T11:32:56.994957-03:00","Action":"output","Package":"go/parser","Test":"TestAlternativesInvalidSyntax/package_p;_type_E_enum_{_default_V_{_X,_Y_int_}_}","Output":"=== RUN   TestAlternativesInvalidSyntax/package_p;_type_E_enum_{_default_V_{_X,_Y_int_}_}\n","OutputType":"frame"}
{"Time":"2026-10-03T11:32:56.99498-03:00","Action":"output","Package":"go/parser","Test":"TestAlternativesInvalidSyntax/package_p;_type_E_enum_{_default_V_{_X,_Y_int_}_}","Output":"    alternatives_test.go:137: accepted invalid syntax: package p; type E enum { default V { X, Y int } }\n","OutputType":"error"}
{"Time":"2026-10-03T11:32:56.994988-03:00","Action":"output","Package":"go/parser","Test":"TestAlternativesInvalidSyntax/package_p;_type_E_enum_{_default_V_{_X,_Y_int_}_}","Output":"--- FAIL: TestAlternativesInvalidSyntax/package_p;_type_E_enum_{_default_V_{_X,_Y_int_}_} (0.00s)\n","OutputType":"frame"}
{"Time":"2026-10-03T11:32:56.994995-03:00","Action":"fail","Package":"go/parser","Test":"TestAlternativesInvalidSyntax/package_p;_type_E_enum_{_default_V_{_X,_Y_int_}_}","Elapsed":0}
{"Time":"2026-10-03T11:32:56.994999-03:00","Action":"run","Package":"go/parser","Test":"TestAlternativesInvalidSyntax/package_p;_var_x_=_switch_y_{_case_E.V_=\u003e_1;_default:_2_}"}
{"Time":"2026-10-03T11:32:56.995004-03:00","Action":"output","Package":"go/parser","Test":"TestAlternativesInvalidSyntax/package_p;_var_x_=_switch_y_{_case_E.V_=\u003e_1;_default:_2_}","Output":"=== RUN   TestAlternativesInvalidSyntax/package_p;_var_x_=_switch_y_{_case_E.V_=\u003e_1;_default:_2_}\n","OutputType":"frame"}
{"Time":"2026-10-03T11:32:56.995023-03:00","Action":"output","Package":"go/parser","Test":"TestAlternativesInvalidSyntax/package_p;_var_x_=_switch_y_{_case_E.V_=\u003e_1;_default:_2_}","Output":"--- PASS: TestAlternativesInvalidSyntax/package_p;_var_x_=_switch_y_{_case_E.V_=\u003e_1;_default:_2_} (0.00s)\n","OutputType":"frame"}
{"Time":"2026-10-03T11:32:56.995033-03:00","Action":"pass","Package":"go/parser","Test":"TestAlternativesInvalidSyntax/package_p;_var_x_=_switch_y_{_case_E.V_=\u003e_1;_default:_2_}","Elapsed":0}
{"Time":"2026-10-03T11:32:56.99504-03:00","Action":"run","Package":"go/parser","Test":"TestAlternativesInvalidSyntax/package_p;_func_f()_{_switch_y_{_case_E.V_=\u003e_1_}_}"}
{"Time":"2026-10-03T11:32:56.995045-03:00","Action":"output","Package":"go/parser","Test":"TestAlternativesInvalidSyntax/package_p;_func_f()_{_switch_y_{_case_E.V_=\u003e_1_}_}","Output":"=== RUN   TestAlternativesInvalidSyntax/package_p;_func_f()_{_switch_y_{_case_E.V_=\u003e_1_}_}\n","OutputType":"frame"}
{"Time":"2026-10-03T11:32:56.995059-03:00","Action":"output","Package":"go/parser","Test":"TestAlternativesInvalidSyntax/package_p;_func_f()_{_switch_y_{_case_E.V_=\u003e_1_}_}","Output":"--- PASS: TestAlternativesInvalidSyntax/package_p;_func_f()_{_switch_y_{_case_E.V_=\u003e_1_}_} (0.00s)\n","OutputType":"frame"}
{"Time":"2026-10-03T11:32:56.995067-03:00","Action":"pass","Package":"go/parser","Test":"TestAlternativesInvalidSyntax/package_p;_func_f()_{_switch_y_{_case_E.V_=\u003e_1_}_}","Elapsed":0}
{"Time":"2026-10-03T11:32:56.995089-03:00","Action":"run","Package":"go/parser","Test":"TestAlternativesInvalidSyntax/package_p;_var_x_=_switch_y_{_case_E.V{X:_x,_...,_Y:_y}_=\u003e_x_}"}
{"Time":"2026-10-03T11:32:56.995095-03:00","Action":"output","Package":"go/parser","Test":"TestAlternativesInvalidSyntax/package_p;_var_x_=_switch_y_{_case_E.V{X:_x,_...,_Y:_y}_=\u003e_x_}","Output":"=== RUN   TestAlternativesInvalidSyntax/package_p;_var_x_=_switch_y_{_case_E.V{X:_x,_...,_Y:_y}_=\u003e_x_}\n","OutputType":"frame"}
{"Time":"2026-10-03T11:32:56.995147-03:00","Action":"output","Package":"go/parser","Test":"TestAlternativesInvalidSyntax/package_p;_var_x_=_switch_y_{_case_E.V{X:_x,_...,_Y:_y}_=\u003e_x_}","Output":"--- PASS: TestAlternativesInvalidSyntax/package_p;_var_x_=_switch_y_{_case_E.V{X:_x,_...,_Y:_y}_=\u003e_x_} (0.00s)\n","OutputType":"frame"}
{"Time":"2026-10-03T11:32:56.995155-03:00","Action":"pass","Package":"go/parser","Test":"TestAlternativesInvalidSyntax/package_p;_var_x_=_switch_y_{_case_E.V{X:_x,_...,_Y:_y}_=\u003e_x_}","Elapsed":0}
{"Time":"2026-10-03T11:32:56.99517-03:00","Action":"run","Package":"go/parser","Test":"TestAlternativesInvalidSyntax/package_p;_var_x_=_switch_y_{_case_E.V{X}_=\u003e_1_}"}
{"Time":"2026-10-03T11:32:56.995175-03:00","Action":"output","Package":"go/parser","Test":"TestAlternativesInvalidSyntax/package_p;_var_x_=_switch_y_{_case_E.V{X}_=\u003e_1_}","Output":"=== RUN   TestAlternativesInvalidSyntax/package_p;_var_x_=_switch_y_{_case_E.V{X}_=\u003e_1_}\n","OutputType":"frame"}
{"Time":"2026-10-03T11:32:56.995191-03:00","Action":"output","Package":"go/parser","Test":"TestAlternativesInvalidSyntax/package_p;_var_x_=_switch_y_{_case_E.V{X}_=\u003e_1_}","Output":"--- PASS: TestAlternativesInvalidSyntax/package_p;_var_x_=_switch_y_{_case_E.V{X}_=\u003e_1_} (0.00s)\n","OutputType":"frame"}
{"Time":"2026-10-03T11:32:56.995197-03:00","Action":"pass","Package":"go/parser","Test":"TestAlternativesInvalidSyntax/package_p;_var_x_=_switch_y_{_case_E.V{X}_=\u003e_1_}","Elapsed":0}
{"Time":"2026-10-03T11:32:56.995204-03:00","Action":"run","Package":"go/parser","Test":"TestAlternativesInvalidSyntax/package_p;_var_x_=_switch_y_{_case_f()+g()_=\u003e_1_}"}
{"Time":"2026-10-03T11:32:56.995209-03:00","Action":"output","Package":"go/parser","Test":"TestAlternativesInvalidSyntax/package_p;_var_x_=_switch_y_{_case_f()+g()_=\u003e_1_}","Output":"=== RUN   TestAlternativesInvalidSyntax/package_p;_var_x_=_switch_y_{_case_f()+g()_=\u003e_1_}\n","OutputType":"frame"}
{"Time":"2026-10-03T11:32:56.995225-03:00","Action":"output","Package":"go/parser","Test":"TestAlternativesInvalidSyntax/package_p;_var_x_=_switch_y_{_case_f()+g()_=\u003e_1_}","Output":"--- PASS: TestAlternativesInvalidSyntax/package_p;_var_x_=_switch_y_{_case_f()+g()_=\u003e_1_} (0.00s)\n","OutputType":"frame"}
{"Time":"2026-10-03T11:32:56.995232-03:00","Action":"pass","Package":"go/parser","Test":"TestAlternativesInvalidSyntax/package_p;_var_x_=_switch_y_{_case_f()+g()_=\u003e_1_}","Elapsed":0}
{"Time":"2026-10-03T11:32:56.995238-03:00","Action":"run","Package":"go/parser","Test":"TestAlternativesInvalidSyntax/package_p;_var_x_=_switch_init();_y_{_default_=\u003e_1_}"}
{"Time":"2026-10-03T11:32:56.995244-03:00","Action":"output","Package":"go/parser","Test":"TestAlternativesInvalidSyntax/package_p;_var_x_=_switch_init();_y_{_default_=\u003e_1_}","Output":"=== RUN   TestAlternativesInvalidSyntax/package_p;_var_x_=_switch_init();_y_{_default_=\u003e_1_}\n","OutputType":"frame"}
{"Time":"2026-10-03T11:32:56.995264-03:00","Action":"output","Package":"go/parser","Test":"TestAlternativesInvalidSyntax/package_p;_var_x_=_switch_init();_y_{_default_=\u003e_1_}","Output":"--- PASS: TestAlternativesInvalidSyntax/package_p;_var_x_=_switch_init();_y_{_default_=\u003e_1_} (0.00s)\n","OutputType":"frame"}
{"Time":"2026-10-03T11:32:56.995272-03:00","Action":"pass","Package":"go/parser","Test":"TestAlternativesInvalidSyntax/package_p;_var_x_=_switch_init();_y_{_default_=\u003e_1_}","Elapsed":0}
{"Time":"2026-10-03T11:32:56.995279-03:00","Action":"output","Package":"go/parser","Test":"TestAlternativesInvalidSyntax","Output":"--- FAIL: TestAlternativesInvalidSyntax (0.00s)\n","OutputType":"frame"}
{"Time":"2026-10-03T11:32:56.995284-03:00","Action":"fail","Package":"go/parser","Test":"TestAlternativesInvalidSyntax","Elapsed":0}
{"Time":"2026-10-03T11:32:56.995289-03:00","Action":"run","Package":"go/parser","Test":"TestMatchObjectScopes"}
{"Time":"2026-10-03T11:32:56.995297-03:00","Action":"output","Package":"go/parser","Test":"TestMatchObjectScopes","Output":"=== RUN   TestMatchObjectScopes\n","OutputType":"frame"}
{"Time":"2026-10-03T11:32:56.995262-03:00","Action":"output","Package":"cmd/compile/internal/syntax","Output":"ok  \tcmd/compile/internal/syntax\t0.204s\n"}
{"Time":"2026-10-03T11:32:56.995315-03:00","Action":"pass","Package":"cmd/compile/internal/syntax","Elapsed":0.205}
{"Time":"2026-10-03T11:32:56.995322-03:00","Action":"output","Package":"go/parser","Test":"TestMatchObjectScopes","Output":"--- PASS: TestMatchObjectScopes (0.00s)\n","OutputType":"frame"}
{"Time":"2026-10-03T11:32:56.995346-03:00","Action":"pass","Package":"go/parser","Test":"TestMatchObjectScopes","Elapsed":0}
{"Time":"2026-10-03T11:32:56.99536-03:00","Action":"output","Package":"go/parser","Output":"FAIL\n","OutputType":"frame"}
{"Time":"2026-10-03T11:32:56.995916-03:00","Action":"output","Package":"go/parser","Output":"FAIL\tgo/parser\t0.205s\n","OutputType":"frame"}
{"Time":"2026-10-03T11:32:56.995929-03:00","Action":"fail","Package":"go/parser","Elapsed":0.205}
