{"Time":"2026-10-03T11:32:52.464442-03:00","Action":"start","Package":"cmd/internal/testdir"}
{"Time":"2026-10-03T11:32:52.676371-03:00","Action":"run","Package":"cmd/internal/testdir","Test":"Test"}
{"Time":"2026-10-03T11:32:52.676554-03:00","Action":"output","Package":"cmd/internal/testdir","Test":"Test","Output":"=== RUN   Test\n","OutputType":"frame"}
{"Time":"2026-10-03T11:32:52.730221-03:00","Action":"run","Package":"cmd/internal/testdir","Test":"Test/matching.go"}
{"Time":"2026-10-03T11:32:52.73024-03:00","Action":"output","Package":"cmd/internal/testdir","Test":"Test/matching.go","Output":"=== RUN   Test/matching.go\n","OutputType":"frame"}
{"Time":"2026-10-03T11:32:52.730261-03:00","Action":"output","Package":"cmd/internal/testdir","Test":"Test/matching.go","Output":"=== PAUSE Test/matching.go\n","OutputType":"frame"}
{"Time":"2026-10-03T11:32:52.730267-03:00","Action":"pause","Package":"cmd/internal/testdir","Test":"Test/matching.go"}
{"Time":"2026-10-03T11:32:52.73743-03:00","Action":"cont","Package":"cmd/internal/testdir","Test":"Test/matching.go"}
{"Time":"2026-10-03T11:32:52.737444-03:00","Action":"output","Package":"cmd/internal/testdir","Test":"Test/matching.go","Output":"=== CONT  Test/matching.go\n","OutputType":"frame"}
{"Time":"2026-10-03T11:32:56.499455-03:00","Action":"output","Package":"cmd/internal/testdir","Test":"Test/matching.go","Output":"--- PASS: Test/matching.go (3.76s)\n","OutputType":"frame"}
{"Time":"2026-10-03T11:32:56.499971-03:00","Action":"pass","Package":"cmd/internal/testdir","Test":"Test/matching.go","Elapsed":3.76}
{"Time":"2026-10-03T11:32:56.49999-03:00","Action":"output","Package":"cmd/internal/testdir","Test":"Test","Output":"--- PASS: Test (0.06s)\n","OutputType":"frame"}
{"Time":"2026-10-03T11:32:56.500002-03:00","Action":"pass","Package":"cmd/internal/testdir","Test":"Test","Elapsed":0.06}
{"Time":"2026-10-03T11:32:56.500018-03:00","Action":"run","Package":"cmd/internal/testdir","Test":"TestShouldTest"}
{"Time":"2026-10-03T11:32:56.500023-03:00","Action":"output","Package":"cmd/internal/testdir","Test":"TestShouldTest","Output":"=== RUN   TestShouldTest\n","OutputType":"frame"}
{"Time":"2026-10-03T11:32:56.500049-03:00","Action":"output","Package":"cmd/internal/testdir","Test":"TestShouldTest","Output":"--- PASS: TestShouldTest (0.00s)\n","OutputType":"frame"}
{"Time":"2026-10-03T11:32:56.500053-03:00","Action":"pass","Package":"cmd/internal/testdir","Test":"TestShouldTest","Elapsed":0}
{"Time":"2026-10-03T11:32:56.50006-03:00","Action":"output","Package":"cmd/internal/testdir","Output":"PASS\n","OutputType":"frame"}
{"Time":"2026-10-03T11:32:56.50072-03:00","Action":"output","Package":"cmd/internal/testdir","Output":"ok  \tcmd/internal/testdir\t4.036s\n"}
{"Time":"2026-10-03T11:32:56.500734-03:00","Action":"pass","Package":"cmd/internal/testdir","Elapsed":4.036}
