{"Time":"2026-10-03T11:32:30.662448-03:00","Action":"start","Package":"cmd/compile/internal/types2"}
{"Time":"2026-10-03T11:32:30.791338-03:00","Action":"start","Package":"go/types"}
{"Time":"2026-10-03T11:32:30.923316-03:00","Action":"run","Package":"cmd/compile/internal/types2","Test":"TestNamedArguments"}
{"Time":"2026-10-03T11:32:30.923445-03:00","Action":"output","Package":"cmd/compile/internal/types2","Test":"TestNamedArguments","Output":"=== RUN   TestNamedArguments\n","OutputType":"frame"}
{"Time":"2026-10-03T11:32:30.923505-03:00","Action":"run","Package":"cmd/compile/internal/types2","Test":"TestNamedArguments/f(b:_\"b\",_a:_1)"}
{"Time":"2026-10-03T11:32:30.923516-03:00","Action":"output","Package":"cmd/compile/internal/types2","Test":"TestNamedArguments/f(b:_\"b\",_a:_1)","Output":"=== RUN   TestNamedArguments/f(b:_\"b\",_a:_1)\n","OutputType":"frame"}
{"Time":"2026-10-03T11:32:30.924249-03:00","Action":"output","Package":"cmd/compile/internal/types2","Test":"TestNamedArguments/f(b:_\"b\",_a:_1)","Output":"--- PASS: TestNamedArguments/f(b:_\"b\",_a:_1) (0.00s)\n","OutputType":"frame"}
{"Time":"2026-10-03T11:32:30.924311-03:00","Action":"pass","Package":"cmd/compile/internal/types2","Test":"TestNamedArguments/f(b:_\"b\",_a:_1)","Elapsed":0}
{"Time":"2026-10-03T11:32:30.924332-03:00","Action":"run","Package":"cmd/compile/internal/types2","Test":"TestNamedArguments/f(1,_b:_\"b\")"}
{"Time":"2026-10-03T11:32:30.924343-03:00","Action":"output","Package":"cmd/compile/internal/types2","Test":"TestNamedArguments/f(1,_b:_\"b\")","Output":"=== RUN   TestNamedArguments/f(1,_b:_\"b\")\n","OutputType":"frame"}
{"Time":"2026-10-03T11:32:30.924356-03:00","Action":"output","Package":"cmd/compile/internal/types2","Test":"TestNamedArguments/f(1,_b:_\"b\")","Output":"--- PASS: TestNamedArguments/f(1,_b:_\"b\") (0.00s)\n","OutputType":"frame"}
{"Time":"2026-10-03T11:32:30.924364-03:00","Action":"pass","Package":"cmd/compile/internal/types2","Test":"TestNamedArguments/f(1,_b:_\"b\")","Elapsed":0}
{"Time":"2026-10-03T11:32:30.924371-03:00","Action":"run","Package":"cmd/compile/internal/types2","Test":"TestNamedArguments/v(prefix:_\"p\",_values:_[]int{1}...)"}
{"Time":"2026-10-03T11:32:30.924382-03:00","Action":"output","Package":"cmd/compile/internal/types2","Test":"TestNamedArguments/v(prefix:_\"p\",_values:_[]int{1}...)","Output":"=== RUN   TestNamedArguments/v(prefix:_\"p\",_values:_[]int{1}...)\n","OutputType":"frame"}
{"Time":"2026-10-03T11:32:30.924491-03:00","Action":"output","Package":"cmd/compile/internal/types2","Test":"TestNamedArguments/v(prefix:_\"p\",_values:_[]int{1}...)","Output":"--- PASS: TestNamedArguments/v(prefix:_\"p\",_values:_[]int{1}...) (0.00s)\n","OutputType":"frame"}
{"Time":"2026-10-03T11:32:30.924581-03:00","Action":"pass","Package":"cmd/compile/internal/types2","Test":"TestNamedArguments/v(prefix:_\"p\",_values:_[]int{1}...)","Elapsed":0}
{"Time":"2026-10-03T11:32:30.924627-03:00","Action":"run","Package":"cmd/compile/internal/types2","Test":"TestNamedArguments/v(prefix:_\"p\")"}
{"Time":"2026-10-03T11:32:30.92464-03:00","Action":"output","Package":"cmd/compile/internal/types2","Test":"TestNamedArguments/v(prefix:_\"p\")","Output":"=== RUN   TestNamedArguments/v(prefix:_\"p\")\n","OutputType":"frame"}
{"Time":"2026-10-03T11:32:30.924655-03:00","Action":"output","Package":"cmd/compile/internal/types2","Test":"TestNamedArguments/v(prefix:_\"p\")","Output":"--- PASS: TestNamedArguments/v(prefix:_\"p\") (0.00s)\n","OutputType":"frame"}
{"Time":"2026-10-03T11:32:30.924667-03:00","Action":"pass","Package":"cmd/compile/internal/types2","Test":"TestNamedArguments/v(prefix:_\"p\")","Elapsed":0}
{"Time":"2026-10-03T11:32:30.924678-03:00","Action":"run","Package":"cmd/compile/internal/types2","Test":"TestNamedArguments/generic(second:_[]int{1},_first:_2)"}
{"Time":"2026-10-03T11:32:30.924691-03:00","Action":"output","Package":"cmd/compile/internal/types2","Test":"TestNamedArguments/generic(second:_[]int{1},_first:_2)","Output":"=== RUN   TestNamedArguments/generic(second:_[]int{1},_first:_2)\n","OutputType":"frame"}
{"Time":"2026-10-03T11:32:30.924732-03:00","Action":"output","Package":"cmd/compile/internal/types2","Test":"TestNamedArguments/generic(second:_[]int{1},_first:_2)","Output":"--- PASS: TestNamedArguments/generic(second:_[]int{1},_first:_2) (0.00s)\n","OutputType":"frame"}
{"Time":"2026-10-03T11:32:30.924753-03:00","Action":"pass","Package":"cmd/compile/internal/types2","Test":"TestNamedArguments/generic(second:_[]int{1},_first:_2)","Elapsed":0}
{"Time":"2026-10-03T11:32:30.924762-03:00","Action":"run","Package":"cmd/compile/internal/types2","Test":"TestNamedArguments/f(a:_1,_a:_2)"}
{"Time":"2026-10-03T11:32:30.924771-03:00","Action":"output","Package":"cmd/compile/internal/types2","Test":"TestNamedArguments/f(a:_1,_a:_2)","Output":"=== RUN   TestNamedArguments/f(a:_1,_a:_2)\n","OutputType":"frame"}
{"Time":"2026-10-03T11:32:30.924797-03:00","Action":"output","Package":"cmd/compile/internal/types2","Test":"TestNamedArguments/f(a:_1,_a:_2)","Output":"--- PASS: TestNamedArguments/f(a:_1,_a:_2) (0.00s)\n","OutputType":"frame"}
{"Time":"2026-10-03T11:32:30.92482-03:00","Action":"pass","Package":"cmd/compile/internal/types2","Test":"TestNamedArguments/f(a:_1,_a:_2)","Elapsed":0}
{"Time":"2026-10-03T11:32:30.924844-03:00","Action":"run","Package":"cmd/compile/internal/types2","Test":"TestNamedArguments/f(a:_1)"}
{"Time":"2026-10-03T11:32:30.924858-03:00","Action":"output","Package":"cmd/compile/internal/types2","Test":"TestNamedArguments/f(a:_1)","Output":"=== RUN   TestNamedArguments/f(a:_1)\n","OutputType":"frame"}
{"Time":"2026-10-03T11:32:30.924878-03:00","Action":"output","Package":"cmd/compile/internal/types2","Test":"TestNamedArguments/f(a:_1)","Output":"--- PASS: TestNamedArguments/f(a:_1) (0.00s)\n","OutputType":"frame"}
{"Time":"2026-10-03T11:32:30.924998-03:00","Action":"pass","Package":"cmd/compile/internal/types2","Test":"TestNamedArguments/f(a:_1)","Elapsed":0}
{"Time":"2026-10-03T11:32:30.92501-03:00","Action":"run","Package":"cmd/compile/internal/types2","Test":"TestNamedArguments/f(c:_1,_b:_\"b\")"}
{"Time":"2026-10-03T11:32:30.925017-03:00","Action":"output","Package":"cmd/compile/internal/types2","Test":"TestNamedArguments/f(c:_1,_b:_\"b\")","Output":"=== RUN   TestNamedArguments/f(c:_1,_b:_\"b\")\n","OutputType":"frame"}
{"Time":"2026-10-03T11:32:30.92503-03:00","Action":"output","Package":"cmd/compile/internal/types2","Test":"TestNamedArguments/f(c:_1,_b:_\"b\")","Output":"--- PASS: TestNamedArguments/f(c:_1,_b:_\"b\") (0.00s)\n","OutputType":"frame"}
{"Time":"2026-10-03T11:32:30.925037-03:00","Action":"pass","Package":"cmd/compile/internal/types2","Test":"TestNamedArguments/f(c:_1,_b:_\"b\")","Elapsed":0}
{"Time":"2026-10-03T11:32:30.925043-03:00","Action":"run","Package":"cmd/compile/internal/types2","Test":"TestNamedArguments/f(a:_1,_\"b\")"}
{"Time":"2026-10-03T11:32:30.925048-03:00","Action":"output","Package":"cmd/compile/internal/types2","Test":"TestNamedArguments/f(a:_1,_\"b\")","Output":"=== RUN   TestNamedArguments/f(a:_1,_\"b\")\n","OutputType":"frame"}
{"Time":"2026-10-03T11:32:30.925054-03:00","Action":"output","Package":"cmd/compile/internal/types2","Test":"TestNamedArguments/f(a:_1,_\"b\")","Output":"--- PASS: TestNamedArguments/f(a:_1,_\"b\") (0.00s)\n","OutputType":"frame"}
{"Time":"2026-10-03T11:32:30.92506-03:00","Action":"pass","Package":"cmd/compile/internal/types2","Test":"TestNamedArguments/f(a:_1,_\"b\")","Elapsed":0}
{"Time":"2026-10-03T11:32:30.925064-03:00","Action":"run","Package":"cmd/compile/internal/types2","Test":"TestNamedArguments/v(prefix:_\"p\",_values:_1)"}
{"Time":"2026-10-03T11:32:30.925068-03:00","Action":"output","Package":"cmd/compile/internal/types2","Test":"TestNamedArguments/v(prefix:_\"p\",_values:_1)","Output":"=== RUN   TestNamedArguments/v(prefix:_\"p\",_values:_1)\n","OutputType":"frame"}
{"Time":"2026-10-03T11:32:30.925074-03:00","Action":"output","Package":"cmd/compile/internal/types2","Test":"TestNamedArguments/v(prefix:_\"p\",_values:_1)","Output":"--- PASS: TestNamedArguments/v(prefix:_\"p\",_values:_1) (0.00s)\n","OutputType":"frame"}
{"Time":"2026-10-03T11:32:30.925078-03:00","Action":"pass","Package":"cmd/compile/internal/types2","Test":"TestNamedArguments/v(prefix:_\"p\",_values:_1)","Elapsed":0}
{"Time":"2026-10-03T11:32:30.925093-03:00","Action":"run","Package":"cmd/compile/internal/types2","Test":"TestNamedArguments/var_x_func(int,_string)_=_f;_x(a:_1,_b:_\"b\")"}
{"Time":"2026-10-03T11:32:30.925098-03:00","Action":"output","Package":"cmd/compile/internal/types2","Test":"TestNamedArguments/var_x_func(int,_string)_=_f;_x(a:_1,_b:_\"b\")","Output":"=== RUN   TestNamedArguments/var_x_func(int,_string)_=_f;_x(a:_1,_b:_\"b\")\n","OutputType":"frame"}
{"Time":"2026-10-03T11:32:30.925103-03:00","Action":"output","Package":"cmd/compile/internal/types2","Test":"TestNamedArguments/var_x_func(int,_string)_=_f;_x(a:_1,_b:_\"b\")","Output":"--- PASS: TestNamedArguments/var_x_func(int,_string)_=_f;_x(a:_1,_b:_\"b\") (0.00s)\n","OutputType":"frame"}
{"Time":"2026-10-03T11:32:30.925108-03:00","Action":"pass","Package":"cmd/compile/internal/types2","Test":"TestNamedArguments/var_x_func(int,_string)_=_f;_x(a:_1,_b:_\"b\")","Elapsed":0}
{"Time":"2026-10-03T11:32:30.925112-03:00","Action":"run","Package":"cmd/compile/internal/types2","Test":"TestNamedArguments/f(a:_func()_(int,_int)_{_return_1,_2_}(),_b:_\"b\")"}
{"Time":"2026-10-03T11:32:30.925117-03:00","Action":"output","Package":"cmd/compile/internal/types2","Test":"TestNamedArguments/f(a:_func()_(int,_int)_{_return_1,_2_}(),_b:_\"b\")","Output":"=== RUN   TestNamedArguments/f(a:_func()_(int,_int)_{_return_1,_2_}(),_b:_\"b\")\n","OutputType":"frame"}
{"Time":"2026-10-03T11:32:30.925124-03:00","Action":"output","Package":"cmd/compile/internal/types2","Test":"TestNamedArguments/f(a:_func()_(int,_int)_{_return_1,_2_}(),_b:_\"b\")","Output":"--- PASS: TestNamedArguments/f(a:_func()_(int,_int)_{_return_1,_2_}(),_b:_\"b\") (0.00s)\n","OutputType":"frame"}
{"Time":"2026-10-03T11:32:30.925128-03:00","Action":"pass","Package":"cmd/compile/internal/types2","Test":"TestNamedArguments/f(a:_func()_(int,_int)_{_return_1,_2_}(),_b:_\"b\")","Elapsed":0}
{"Time":"2026-10-03T11:32:30.925133-03:00","Action":"output","Package":"cmd/compile/internal/types2","Test":"TestNamedArguments","Output":"--- PASS: TestNamedArguments (0.00s)\n","OutputType":"frame"}
{"Time":"2026-10-03T11:32:30.925138-03:00","Action":"pass","Package":"cmd/compile/internal/types2","Test":"TestNamedArguments","Elapsed":0}
{"Time":"2026-10-03T11:32:30.925143-03:00","Action":"output","Package":"cmd/compile/internal/types2","Output":"PASS\n","OutputType":"frame"}
{"Time":"2026-10-03T11:32:30.925714-03:00","Action":"output","Package":"cmd/compile/internal/types2","Output":"ok  \tcmd/compile/internal/types2\t0.263s\n"}
{"Time":"2026-10-03T11:32:30.925737-03:00","Action":"pass","Package":"cmd/compile/internal/types2","Elapsed":0.263}
{"Time":"2026-10-03T11:32:31.03618-03:00","Action":"run","Package":"go/types","Test":"TestGenerate"}
{"Time":"2026-10-03T11:32:31.036326-03:00","Action":"output","Package":"go/types","Test":"TestGenerate","Output":"=== RUN   TestGenerate\n","OutputType":"frame"}
{"Time":"2026-10-03T11:32:31.103098-03:00","Action":"output","Package":"go/types","Test":"TestGenerate","Output":"--- PASS: TestGenerate (0.07s)\n","OutputType":"frame"}
{"Time":"2026-10-03T11:32:31.103132-03:00","Action":"pass","Package":"go/types","Test":"TestGenerate","Elapsed":0.07}
{"Time":"2026-10-03T11:32:31.103176-03:00","Action":"run","Package":"go/types","Test":"TestNamedArguments"}
{"Time":"2026-10-03T11:32:31.103181-03:00","Action":"output","Package":"go/types","Test":"TestNamedArguments","Output":"=== RUN   TestNamedArguments\n","OutputType":"frame"}
{"Time":"2026-10-03T11:32:31.103195-03:00","Action":"run","Package":"go/types","Test":"TestNamedArguments/f(b:_\"b\",_a:_1)"}
{"Time":"2026-10-03T11:32:31.103199-03:00","Action":"output","Package":"go/types","Test":"TestNamedArguments/f(b:_\"b\",_a:_1)","Output":"=== RUN   TestNamedArguments/f(b:_\"b\",_a:_1)\n","OutputType":"frame"}
{"Time":"2026-10-03T11:32:31.103599-03:00","Action":"output","Package":"go/types","Test":"TestNamedArguments/f(b:_\"b\",_a:_1)","Output":"--- PASS: TestNamedArguments/f(b:_\"b\",_a:_1) (0.00s)\n","OutputType":"frame"}
{"Time":"2026-10-03T11:32:31.103613-03:00","Action":"pass","Package":"go/types","Test":"TestNamedArguments/f(b:_\"b\",_a:_1)","Elapsed":0}
{"Time":"2026-10-03T11:32:31.103617-03:00","Action":"run","Package":"go/types","Test":"TestNamedArguments/f(1,_b:_\"b\")"}
{"Time":"2026-10-03T11:32:31.103619-03:00","Action":"output","Package":"go/types","Test":"TestNamedArguments/f(1,_b:_\"b\")","Output":"=== RUN   TestNamedArguments/f(1,_b:_\"b\")\n","OutputType":"frame"}
{"Time":"2026-10-03T11:32:31.103623-03:00","Action":"output","Package":"go/types","Test":"TestNamedArguments/f(1,_b:_\"b\")","Output":"--- PASS: TestNamedArguments/f(1,_b:_\"b\") (0.00s)\n","OutputType":"frame"}
{"Time":"2026-10-03T11:32:31.103626-03:00","Action":"pass","Package":"go/types","Test":"TestNamedArguments/f(1,_b:_\"b\")","Elapsed":0}
{"Time":"2026-10-03T11:32:31.103629-03:00","Action":"run","Package":"go/types","Test":"TestNamedArguments/v(prefix:_\"p\",_values:_[]int{1}...)"}
{"Time":"2026-10-03T11:32:31.103631-03:00","Action":"output","Package":"go/types","Test":"TestNamedArguments/v(prefix:_\"p\",_values:_[]int{1}...)","Output":"=== RUN   TestNamedArguments/v(prefix:_\"p\",_values:_[]int{1}...)\n","OutputType":"frame"}
{"Time":"2026-10-03T11:32:31.103702-03:00","Action":"output","Package":"go/types","Test":"TestNamedArguments/v(prefix:_\"p\",_values:_[]int{1}...)","Output":"--- PASS: TestNamedArguments/v(prefix:_\"p\",_values:_[]int{1}...) (0.00s)\n","OutputType":"frame"}
{"Time":"2026-10-03T11:32:31.103706-03:00","Action":"pass","Package":"go/types","Test":"TestNamedArguments/v(prefix:_\"p\",_values:_[]int{1}...)","Elapsed":0}
{"Time":"2026-10-03T11:32:31.103709-03:00","Action":"run","Package":"go/types","Test":"TestNamedArguments/v(prefix:_\"p\")"}
{"Time":"2026-10-03T11:32:31.103712-03:00","Action":"output","Package":"go/types","Test":"TestNamedArguments/v(prefix:_\"p\")","Output":"=== RUN   TestNamedArguments/v(prefix:_\"p\")\n","OutputType":"frame"}
{"Time":"2026-10-03T11:32:31.10372-03:00","Action":"output","Package":"go/types","Test":"TestNamedArguments/v(prefix:_\"p\")","Output":"--- PASS: TestNamedArguments/v(prefix:_\"p\") (0.00s)\n","OutputType":"frame"}
{"Time":"2026-10-03T11:32:31.103724-03:00","Action":"pass","Package":"go/types","Test":"TestNamedArguments/v(prefix:_\"p\")","Elapsed":0}
{"Time":"2026-10-03T11:32:31.103735-03:00","Action":"run","Package":"go/types","Test":"TestNamedArguments/generic(second:_[]int{1},_first:_2)"}
{"Time":"2026-10-03T11:32:31.103738-03:00","Action":"output","Package":"go/types","Test":"TestNamedArguments/generic(second:_[]int{1},_first:_2)","Output":"=== RUN   TestNamedArguments/generic(second:_[]int{1},_first:_2)\n","OutputType":"frame"}
{"Time":"2026-10-03T11:32:31.103814-03:00","Action":"output","Package":"go/types","Test":"TestNamedArguments/generic(second:_[]int{1},_first:_2)","Output":"--- PASS: TestNamedArguments/generic(second:_[]int{1},_first:_2) (0.00s)\n","OutputType":"frame"}
{"Time":"2026-10-03T11:32:31.103818-03:00","Action":"pass","Package":"go/types","Test":"TestNamedArguments/generic(second:_[]int{1},_first:_2)","Elapsed":0}
{"Time":"2026-10-03T11:32:31.103821-03:00","Action":"run","Package":"go/types","Test":"TestNamedArguments/f(a:_1,_a:_2)"}
{"Time":"2026-10-03T11:32:31.103823-03:00","Action":"output","Package":"go/types","Test":"TestNamedArguments/f(a:_1,_a:_2)","Output":"=== RUN   TestNamedArguments/f(a:_1,_a:_2)\n","OutputType":"frame"}
{"Time":"2026-10-03T11:32:31.10387-03:00","Action":"output","Package":"go/types","Test":"TestNamedArguments/f(a:_1,_a:_2)","Output":"--- PASS: TestNamedArguments/f(a:_1,_a:_2) (0.00s)\n","OutputType":"frame"}
{"Time":"2026-10-03T11:32:31.103875-03:00","Action":"pass","Package":"go/types","Test":"TestNamedArguments/f(a:_1,_a:_2)","Elapsed":0}
{"Time":"2026-10-03T11:32:31.103877-03:00","Action":"run","Package":"go/types","Test":"TestNamedArguments/f(a:_1)"}
{"Time":"2026-10-03T11:32:31.103879-03:00","Action":"output","Package":"go/types","Test":"TestNamedArguments/f(a:_1)","Output":"=== RUN   TestNamedArguments/f(a:_1)\n","OutputType":"frame"}
{"Time":"2026-10-03T11:32:31.103892-03:00","Action":"output","Package":"go/types","Test":"TestNamedArguments/f(a:_1)","Output":"--- PASS: TestNamedArguments/f(a:_1) (0.00s)\n","OutputType":"frame"}
{"Time":"2026-10-03T11:32:31.103895-03:00","Action":"pass","Package":"go/types","Test":"TestNamedArguments/f(a:_1)","Elapsed":0}
{"Time":"2026-10-03T11:32:31.103899-03:00","Action":"run","Package":"go/types","Test":"TestNamedArguments/f(c:_1,_b:_\"b\")"}
{"Time":"2026-10-03T11:32:31.103901-03:00","Action":"output","Package":"go/types","Test":"TestNamedArguments/f(c:_1,_b:_\"b\")","Output":"=== RUN   TestNamedArguments/f(c:_1,_b:_\"b\")\n","OutputType":"frame"}
{"Time":"2026-10-03T11:32:31.103925-03:00","Action":"output","Package":"go/types","Test":"TestNamedArguments/f(c:_1,_b:_\"b\")","Output":"--- PASS: TestNamedArguments/f(c:_1,_b:_\"b\") (0.00s)\n","OutputType":"frame"}
{"Time":"2026-10-03T11:32:31.103935-03:00","Action":"pass","Package":"go/types","Test":"TestNamedArguments/f(c:_1,_b:_\"b\")","Elapsed":0}
{"Time":"2026-10-03T11:32:31.10394-03:00","Action":"run","Package":"go/types","Test":"TestNamedArguments/f(a:_1,_\"b\")"}
{"Time":"2026-10-03T11:32:31.103944-03:00","Action":"output","Package":"go/types","Test":"TestNamedArguments/f(a:_1,_\"b\")","Output":"=== RUN   TestNamedArguments/f(a:_1,_\"b\")\n","OutputType":"frame"}
{"Time":"2026-10-03T11:32:31.103948-03:00","Action":"output","Package":"go/types","Test":"TestNamedArguments/f(a:_1,_\"b\")","Output":"--- PASS: TestNamedArguments/f(a:_1,_\"b\") (0.00s)\n","OutputType":"frame"}
{"Time":"2026-10-03T11:32:31.103952-03:00","Action":"pass","Package":"go/types","Test":"TestNamedArguments/f(a:_1,_\"b\")","Elapsed":0}
{"Time":"2026-10-03T11:32:31.103955-03:00","Action":"run","Package":"go/types","Test":"TestNamedArguments/v(prefix:_\"p\",_values:_1)"}
{"Time":"2026-10-03T11:32:31.103958-03:00","Action":"output","Package":"go/types","Test":"TestNamedArguments/v(prefix:_\"p\",_values:_1)","Output":"=== RUN   TestNamedArguments/v(prefix:_\"p\",_values:_1)\n","OutputType":"frame"}
{"Time":"2026-10-03T11:32:31.103978-03:00","Action":"output","Package":"go/types","Test":"TestNamedArguments/v(prefix:_\"p\",_values:_1)","Output":"--- PASS: TestNamedArguments/v(prefix:_\"p\",_values:_1) (0.00s)\n","OutputType":"frame"}
{"Time":"2026-10-03T11:32:31.103983-03:00","Action":"pass","Package":"go/types","Test":"TestNamedArguments/v(prefix:_\"p\",_values:_1)","Elapsed":0}
{"Time":"2026-10-03T11:32:31.103986-03:00","Action":"run","Package":"go/types","Test":"TestNamedArguments/int(value:_1)"}
{"Time":"2026-10-03T11:32:31.103988-03:00","Action":"output","Package":"go/types","Test":"TestNamedArguments/int(value:_1)","Output":"=== RUN   TestNamedArguments/int(value:_1)\n","OutputType":"frame"}
{"Time":"2026-10-03T11:32:31.104002-03:00","Action":"output","Package":"go/types","Test":"TestNamedArguments/int(value:_1)","Output":"--- PASS: TestNamedArguments/int(value:_1) (0.00s)\n","OutputType":"frame"}
{"Time":"2026-10-03T11:32:31.104006-03:00","Action":"pass","Package":"go/types","Test":"TestNamedArguments/int(value:_1)","Elapsed":0}
{"Time":"2026-10-03T11:32:31.104009-03:00","Action":"run","Package":"go/types","Test":"TestNamedArguments/len(value:_\"x\")"}
{"Time":"2026-10-03T11:32:31.104011-03:00","Action":"output","Package":"go/types","Test":"TestNamedArguments/len(value:_\"x\")","Output":"=== RUN   TestNamedArguments/len(value:_\"x\")\n","OutputType":"frame"}
{"Time":"2026-10-03T11:32:31.104022-03:00","Action":"output","Package":"go/types","Test":"TestNamedArguments/len(value:_\"x\")","Output":"--- PASS: TestNamedArguments/len(value:_\"x\") (0.00s)\n","OutputType":"frame"}
{"Time":"2026-10-03T11:32:31.104026-03:00","Action":"pass","Package":"go/types","Test":"TestNamedArguments/len(value:_\"x\")","Elapsed":0}
{"Time":"2026-10-03T11:32:31.104029-03:00","Action":"run","Package":"go/types","Test":"TestNamedArguments/var_x_func(int,_string)_=_f;_x(a:_1,_b:_\"b\")"}
{"Time":"2026-10-03T11:32:31.104032-03:00","Action":"output","Package":"go/types","Test":"TestNamedArguments/var_x_func(int,_string)_=_f;_x(a:_1,_b:_\"b\")","Output":"=== RUN   TestNamedArguments/var_x_func(int,_string)_=_f;_x(a:_1,_b:_\"b\")\n","OutputType":"frame"}
{"Time":"2026-10-03T11:32:31.104051-03:00","Action":"output","Package":"go/types","Test":"TestNamedArguments/var_x_func(int,_string)_=_f;_x(a:_1,_b:_\"b\")","Output":"--- PASS: TestNamedArguments/var_x_func(int,_string)_=_f;_x(a:_1,_b:_\"b\") (0.00s)\n","OutputType":"frame"}
{"Time":"2026-10-03T11:32:31.104055-03:00","Action":"pass","Package":"go/types","Test":"TestNamedArguments/var_x_func(int,_string)_=_f;_x(a:_1,_b:_\"b\")","Elapsed":0}
{"Time":"2026-10-03T11:32:31.104058-03:00","Action":"run","Package":"go/types","Test":"TestNamedArguments/func(a_int,_b_string)_{}(b:_\"b\",_a:_1)"}
{"Time":"2026-10-03T11:32:31.104061-03:00","Action":"output","Package":"go/types","Test":"TestNamedArguments/func(a_int,_b_string)_{}(b:_\"b\",_a:_1)","Output":"=== RUN   TestNamedArguments/func(a_int,_b_string)_{}(b:_\"b\",_a:_1)\n","OutputType":"frame"}
{"Time":"2026-10-03T11:32:31.104075-03:00","Action":"output","Package":"go/types","Test":"TestNamedArguments/func(a_int,_b_string)_{}(b:_\"b\",_a:_1)","Output":"--- PASS: TestNamedArguments/func(a_int,_b_string)_{}(b:_\"b\",_a:_1) (0.00s)\n","OutputType":"frame"}
{"Time":"2026-10-03T11:32:31.104079-03:00","Action":"pass","Package":"go/types","Test":"TestNamedArguments/func(a_int,_b_string)_{}(b:_\"b\",_a:_1)","Elapsed":0}
{"Time":"2026-10-03T11:32:31.10409-03:00","Action":"run","Package":"go/types","Test":"TestNamedArguments/f(a:_func()_(int,_int)_{_return_1,_2_}(),_b:_\"b\")"}
{"Time":"2026-10-03T11:32:31.104094-03:00","Action":"output","Package":"go/types","Test":"TestNamedArguments/f(a:_func()_(int,_int)_{_return_1,_2_}(),_b:_\"b\")","Output":"=== RUN   TestNamedArguments/f(a:_func()_(int,_int)_{_return_1,_2_}(),_b:_\"b\")\n","OutputType":"frame"}
{"Time":"2026-10-03T11:32:31.104118-03:00","Action":"output","Package":"go/types","Test":"TestNamedArguments/f(a:_func()_(int,_int)_{_return_1,_2_}(),_b:_\"b\")","Output":"--- PASS: TestNamedArguments/f(a:_func()_(int,_int)_{_return_1,_2_}(),_b:_\"b\") (0.00s)\n","OutputType":"frame"}
{"Time":"2026-10-03T11:32:31.104124-03:00","Action":"pass","Package":"go/types","Test":"TestNamedArguments/f(a:_func()_(int,_int)_{_return_1,_2_}(),_b:_\"b\")","Elapsed":0}
{"Time":"2026-10-03T11:32:31.104127-03:00","Action":"output","Package":"go/types","Test":"TestNamedArguments","Output":"--- PASS: TestNamedArguments (0.00s)\n","OutputType":"frame"}
{"Time":"2026-10-03T11:32:31.104129-03:00","Action":"pass","Package":"go/types","Test":"TestNamedArguments","Elapsed":0}
{"Time":"2026-10-03T11:32:31.104165-03:00","Action":"output","Package":"go/types","Output":"PASS\n","OutputType":"frame"}
{"Time":"2026-10-03T11:32:31.104744-03:00","Action":"output","Package":"go/types","Output":"ok  \tgo/types\t0.313s\n"}
{"Time":"2026-10-03T11:32:31.104751-03:00","Action":"pass","Package":"go/types","Elapsed":0.313}
