{"Time":"2026-10-03T11:32:29.127125-03:00","Action":"start","Package":"cmd/compile/internal/syntax"}
{"Time":"2026-10-03T11:32:29.152932-03:00","Action":"start","Package":"go/parser"}
{"Time":"2026-10-03T11:32:29.152977-03:00","Action":"start","Package":"go/printer"}
{"Time":"2026-10-03T11:32:29.153021-03:00","Action":"start","Package":"go/format"}
{"Time":"2026-10-03T11:32:29.153057-03:00","Action":"start","Package":"cmd/gofmt"}
{"Time":"2026-10-03T11:32:29.33545-03:00","Action":"output","Package":"cmd/compile/internal/syntax","Output":"testing: warning: no tests to run\n"}
{"Time":"2026-10-03T11:32:29.335859-03:00","Action":"output","Package":"cmd/compile/internal/syntax","Output":"PASS\n","OutputType":"frame"}
{"Time":"2026-10-03T11:32:29.335897-03:00","Action":"output","Package":"cmd/compile/internal/syntax","Output":"ok  \tcmd/compile/internal/syntax\t0.209s [no tests to run]\n"}
{"Time":"2026-10-03T11:32:29.335907-03:00","Action":"pass","Package":"cmd/compile/internal/syntax","Elapsed":0.209}
{"Time":"2026-10-03T11:32:29.351326-03:00","Action":"output","Package":"go/format","Output":"testing: warning: no tests to run\n"}
{"Time":"2026-10-03T11:32:29.351405-03:00","Action":"output","Package":"go/format","Output":"PASS\n","OutputType":"frame"}
{"Time":"2026-10-03T11:32:29.351731-03:00","Action":"output","Package":"go/format","Output":"ok  \tgo/format\t0.199s [no tests to run]\n"}
{"Time":"2026-10-03T11:32:29.351755-03:00","Action":"pass","Package":"go/format","Elapsed":0.199}
{"Time":"2026-10-03T11:32:29.351863-03:00","Action":"output","Package":"cmd/gofmt","Output":"testing: warning: no tests to run\n"}
{"Time":"2026-10-03T11:32:29.351888-03:00","Action":"output","Package":"cmd/gofmt","Output":"PASS\n","OutputType":"frame"}
{"Time":"2026-10-03T11:32:29.352286-03:00","Action":"output","Package":"cmd/gofmt","Output":"ok  \tcmd/gofmt\t0.199s [no tests to run]\n"}
{"Time":"2026-10-03T11:32:29.352297-03:00","Action":"pass","Package":"cmd/gofmt","Elapsed":0.199}
{"Time":"2026-10-03T11:32:29.353915-03:00","Action":"output","Package":"go/printer","Output":"testing: warning: no tests to run\n"}
{"Time":"2026-10-03T11:32:29.353933-03:00","Action":"output","Package":"go/printer","Output":"PASS\n","OutputType":"frame"}
{"Time":"2026-10-03T11:32:29.354282-03:00","Action":"output","Package":"go/printer","Output":"ok  \tgo/printer\t0.201s [no tests to run]\n"}
{"Time":"2026-10-03T11:32:29.354291-03:00","Action":"pass","Package":"go/printer","Elapsed":0.201}
{"Time":"2026-10-03T11:32:29.422239-03:00","Action":"run","Package":"go/parser","Test":"TestNamedArguments"}
{"Time":"2026-10-03T11:32:29.422284-03:00","Action":"output","Package":"go/parser","Test":"TestNamedArguments","Output":"=== RUN   TestNamedArguments\n","OutputType":"frame"}
{"Time":"2026-10-03T11:32:29.422573-03:00","Action":"output","Package":"go/parser","Test":"TestNamedArguments","Output":"--- PASS: TestNamedArguments (0.00s)\n","OutputType":"frame"}
{"Time":"2026-10-03T11:32:29.422586-03:00","Action":"pass","Package":"go/parser","Test":"TestNamedArguments","Elapsed":0}
{"Time":"2026-10-03T11:32:29.422594-03:00","Action":"output","Package":"go/parser","Output":"PASS\n","OutputType":"frame"}
{"Time":"2026-10-03T11:32:29.423007-03:00","Action":"output","Package":"go/parser","Output":"ok  \tgo/parser\t0.270s\n"}
{"Time":"2026-10-03T11:32:29.423024-03:00","Action":"pass","Package":"go/parser","Elapsed":0.27}
