{"Time":"2026-10-03T11:33:05.16656-03:00","Action":"start","Package":"cmd/compile/internal/syntax"}
{"Time":"2026-10-03T11:33:05.171532-03:00","Action":"start","Package":"go/parser"}
{"Time":"2026-10-03T11:33:05.171579-03:00","Action":"start","Package":"go/printer"}
{"Time":"2026-10-03T11:33:05.171622-03:00","Action":"start","Package":"go/format"}
{"Time":"2026-10-03T11:33:05.171663-03:00","Action":"start","Package":"cmd/gofmt"}
{"Time":"2026-10-03T11:33:05.359794-03:00","Action":"run","Package":"cmd/compile/internal/syntax","Test":"TestAlternativesSyntax"}
{"Time":"2026-10-03T11:33:05.359923-03:00","Action":"output","Package":"cmd/compile/internal/syntax","Test":"TestAlternativesSyntax","Output":"=== RUN   TestAlternativesSyntax\n","OutputType":"frame"}
{"Time":"2026-10-03T11:33:05.359988-03:00","Action":"run","Package":"cmd/compile/internal/syntax","Test":"TestAlternativesSyntax/variants"}
{"Time":"2026-10-03T11:33:05.359999-03:00","Action":"output","Package":"cmd/compile/internal/syntax","Test":"TestAlternativesSyntax/variants","Output":"=== RUN   TestAlternativesSyntax/variants\n","OutputType":"frame"}
{"Time":"2026-10-03T11:33:05.360014-03:00","Action":"output","Package":"cmd/compile/internal/syntax","Test":"TestAlternativesSyntax/variants","Output":"--- PASS: TestAlternativesSyntax/variants (0.00s)\n","OutputType":"frame"}
{"Time":"2026-10-03T11:33:05.360029-03:00","Action":"pass","Package":"cmd/compile/internal/syntax","Test":"TestAlternativesSyntax/variants","Elapsed":0}
{"Time":"2026-10-03T11:33:05.360047-03:00","Action":"run","Package":"cmd/compile/internal/syntax","Test":"TestAlternativesSyntax/expression"}
{"Time":"2026-10-03T11:33:05.360056-03:00","Action":"output","Package":"cmd/compile/internal/syntax","Test":"TestAlternativesSyntax/expression","Output":"=== RUN   TestAlternativesSyntax/expression\n","OutputType":"frame"}
{"Time":"2026-10-03T11:33:05.360169-03:00","Action":"output","Package":"cmd/compile/internal/syntax","Test":"TestAlternativesSyntax/expression","Output":"--- PASS: TestAlternativesSyntax/expression (0.00s)\n","OutputType":"frame"}
{"Time":"2026-10-03T11:33:05.360199-03:00","Action":"pass","Package":"cmd/compile/internal/syntax","Test":"TestAlternativesSyntax/expression","Elapsed":0}
{"Time":"2026-10-03T11:33:05.360224-03:00","Action":"run","Package":"cmd/compile/internal/syntax","Test":"TestAlternativesSyntax/statement"}
{"Time":"2026-10-03T11:33:05.360235-03:00","Action":"output","Package":"cmd/compile/internal/syntax","Test":"TestAlternativesSyntax/statement","Output":"=== RUN   TestAlternativesSyntax/statement\n","OutputType":"frame"}
{"Time":"2026-10-03T11:33:05.36028-03:00","Action":"output","Package":"cmd/compile/internal/syntax","Test":"TestAlternativesSyntax/statement","Output":"--- PASS: TestAlternativesSyntax/statement (0.00s)\n","OutputType":"frame"}
{"Time":"2026-10-03T11:33:05.360324-03:00","Action":"pass","Package":"cmd/compile/internal/syntax","Test":"TestAlternativesSyntax/statement","Elapsed":0}
{"Time":"2026-10-03T11:33:05.360339-03:00","Action":"run","Package":"cmd/compile/internal/syntax","Test":"TestAlternativesSyntax/nested"}
{"Time":"2026-10-03T11:33:05.36035-03:00","Action":"output","Package":"cmd/compile/internal/syntax","Test":"TestAlternativesSyntax/nested","Output":"=== RUN   TestAlternativesSyntax/nested\n","OutputType":"frame"}
{"Time":"2026-10-03T11:33:05.360383-03:00","Action":"output","Package":"cmd/compile/internal/syntax","Test":"TestAlternativesSyntax/nested","Output":"--- PASS: TestAlternativesSyntax/nested (0.00s)\n","OutputType":"frame"}
{"Time":"2026-10-03T11:33:05.360399-03:00","Action":"pass","Package":"cmd/compile/internal/syntax","Test":"TestAlternativesSyntax/nested","Elapsed":0}
{"Time":"2026-10-03T11:33:05.36041-03:00","Action":"run","Package":"cmd/compile/internal/syntax","Test":"TestAlternativesSyntax/legacy"}
{"Time":"2026-10-03T11:33:05.36042-03:00","Action":"output","Package":"cmd/compile/internal/syntax","Test":"TestAlternativesSyntax/legacy","Output":"=== RUN   TestAlternativesSyntax/legacy\n","OutputType":"frame"}
{"Time":"2026-10-03T11:33:05.360531-03:00","Action":"output","Package":"cmd/compile/internal/syntax","Test":"TestAlternativesSyntax/legacy","Output":"--- PASS: TestAlternativesSyntax/legacy (0.00s)\n","OutputType":"frame"}
{"Time":"2026-10-03T11:33:05.360573-03:00","Action":"pass","Package":"cmd/compile/internal/syntax","Test":"TestAlternativesSyntax/legacy","Elapsed":0}
{"Time":"2026-10-03T11:33:05.360587-03:00","Action":"output","Package":"cmd/compile/internal/syntax","Test":"TestAlternativesSyntax","Output":"--- PASS: TestAlternativesSyntax (0.00s)\n","OutputType":"frame"}
{"Time":"2026-10-03T11:33:05.360614-03:00","Action":"pass","Package":"cmd/compile/internal/syntax","Test":"TestAlternativesSyntax","Elapsed":0}
{"Time":"2026-10-03T11:33:05.360623-03:00","Action":"run","Package":"cmd/compile/internal/syntax","Test":"TestAlternativesSyntaxErrors"}
{"Time":"2026-10-03T11:33:05.36063-03:00","Action":"output","Package":"cmd/compile/internal/syntax","Test":"TestAlternativesSyntaxErrors","Output":"=== RUN   TestAlternativesSyntaxErrors\n","OutputType":"frame"}
{"Time":"2026-10-03T11:33:05.360641-03:00","Action":"output","Package":"cmd/compile/internal/syntax","Test":"TestAlternativesSyntaxErrors","Output":"--- PASS: TestAlternativesSyntaxErrors (0.00s)\n","OutputType":"frame"}
{"Time":"2026-10-03T11:33:05.360649-03:00","Action":"pass","Package":"cmd/compile/internal/syntax","Test":"TestAlternativesSyntaxErrors","Elapsed":0}
{"Time":"2026-10-03T11:33:05.360841-03:00","Action":"output","Package":"cmd/compile/internal/syntax","Output":"PASS\n","OutputType":"frame"}
{"Time":"2026-10-03T11:33:05.361245-03:00","Action":"output","Package":"cmd/gofmt","Output":"testing: warning: no tests to run\n"}
{"Time":"2026-10-03T11:33:05.361288-03:00","Action":"output","Package":"cmd/gofmt","Output":"PASS\n","OutputType":"frame"}
{"Time":"2026-10-03T11:33:05.361797-03:00","Action":"output","Package":"cmd/compile/internal/syntax","Output":"ok  \tcmd/compile/internal/syntax\t0.195s\n"}
{"Time":"2026-10-03T11:33:05.361891-03:00","Action":"pass","Package":"cmd/compile/internal/syntax","Elapsed":0.195}
{"Time":"2026-10-03T11:33:05.362045-03:00","Action":"output","Package":"cmd/gofmt","Output":"ok  \tcmd/gofmt\t0.190s [no tests to run]\n"}
{"Time":"2026-10-03T11:33:05.362073-03:00","Action":"pass","Package":"cmd/gofmt","Elapsed":0.19}
{"Time":"2026-10-03T11:33:05.362571-03:00","Action":"output","Package":"go/format","Output":"testing: warning: no tests to run\n"}
{"Time":"2026-10-03T11:33:05.362628-03:00","Action":"output","Package":"go/format","Output":"PASS\n","OutputType":"frame"}
{"Time":"2026-10-03T11:33:05.363161-03:00","Action":"output","Package":"go/printer","Output":"testing: warning: no tests to run\n"}
{"Time":"2026-10-03T11:33:05.363185-03:00","Action":"output","Package":"go/printer","Output":"PASS\n","OutputType":"frame"}
{"Time":"2026-10-03T11:33:05.363223-03:00","Action":"output","Package":"go/format","Output":"ok  \tgo/format\t0.192s [no tests to run]\n"}
{"Time":"2026-10-03T11:33:05.363263-03:00","Action":"pass","Package":"go/format","Elapsed":0.192}
{"Time":"2026-10-03T11:33:05.363801-03:00","Action":"output","Package":"go/printer","Output":"ok  \tgo/printer\t0.192s [no tests to run]\n"}
{"Time":"2026-10-03T11:33:05.363814-03:00","Action":"pass","Package":"go/printer","Elapsed":0.192}
{"Time":"2026-10-03T11:33:05.366633-03:00","Action":"run","Package":"go/parser","Test":"TestAlternativesSyntax"}
{"Time":"2026-10-03T11:33:05.36666-03:00","Action":"output","Package":"go/parser","Test":"TestAlternativesSyntax","Output":"=== RUN   TestAlternativesSyntax\n","OutputType":"frame"}
{"Time":"2026-10-03T11:33:05.367373-03:00","Action":"output","Package":"go/parser","Test":"TestAlternativesSyntax","Output":"--- PASS: TestAlternativesSyntax (0.00s)\n","OutputType":"frame"}
{"Time":"2026-10-03T11:33:05.367383-03:00","Action":"pass","Package":"go/parser","Test":"TestAlternativesSyntax","Elapsed":0}
{"Time":"2026-10-03T11:33:05.367392-03:00","Action":"run","Package":"go/parser","Test":"TestAlternativesNestedPatterns"}
{"Time":"2026-10-03T11:33:05.367397-03:00","Action":"output","Package":"go/parser","Test":"TestAlternativesNestedPatterns","Output":"=== RUN   TestAlternativesNestedPatterns\n","OutputType":"frame"}
{"Time":"2026-10-03T11:33:05.36744-03:00","Action":"output","Package":"go/parser","Test":"TestAlternativesNestedPatterns","Output":"--- PASS: TestAlternativesNestedPatterns (0.00s)\n","OutputType":"frame"}
{"Time":"2026-10-03T11:33:05.367452-03:00","Action":"pass","Package":"go/parser","Test":"TestAlternativesNestedPatterns","Elapsed":0}
{"Time":"2026-10-03T11:33:05.367461-03:00","Action":"run","Package":"go/parser","Test":"TestAlternativesLegacySyntax"}
{"Time":"2026-10-03T11:33:05.367466-03:00","Action":"output","Package":"go/parser","Test":"TestAlternativesLegacySyntax","Output":"=== RUN   TestAlternativesLegacySyntax\n","OutputType":"frame"}
{"Time":"2026-10-03T11:33:05.367493-03:00","Action":"output","Package":"go/parser","Test":"TestAlternativesLegacySyntax","Output":"--- PASS: TestAlternativesLegacySyntax (0.00s)\n","OutputType":"frame"}
{"Time":"2026-10-03T11:33:05.367503-03:00","Action":"pass","Package":"go/parser","Test":"TestAlternativesLegacySyntax","Elapsed":0}
{"Time":"2026-10-03T11:33:05.36751-03:00","Action":"run","Package":"go/parser","Test":"TestAlternativesInvalidSyntax"}
{"Time":"2026-10-03T11:33:05.367516-03:00","Action":"output","Package":"go/parser","Test":"TestAlternativesInvalidSyntax","Output":"=== RUN   TestAlternativesInvalidSyntax\n","OutputType":"frame"}
{"Time":"2026-10-03T11:33:05.367523-03:00","Action":"run","Package":"go/parser","Test":"TestAlternativesInvalidSyntax/package_p;_type_E_enum;_{_default_V_}"}
{"Time":"2026-10-03T11:33:05.367536-03:00","Action":"output","Package":"go/parser","Test":"TestAlternativesInvalidSyntax/package_p;_type_E_enum;_{_default_V_}","Output":"=== RUN   TestAlternativesInvalidSyntax/package_p;_type_E_enum;_{_default_V_}\n","OutputType":"frame"}
{"Time":"2026-10-03T11:33:05.36757-03:00","Action":"output","Package":"go/parser","Test":"TestAlternativesInvalidSyntax/package_p;_type_E_enum;_{_default_V_}","Output":"--- PASS: TestAlternativesInvalidSyntax/package_p;_type_E_enum;_{_default_V_} (0.00s)\n","OutputType":"frame"}
{"Time":"2026-10-03T11:33:05.367576-03:00","Action":"pass","Package":"go/parser","Test":"TestAlternativesInvalidSyntax/package_p;_type_E_enum;_{_default_V_}","Elapsed":0}
{"Time":"2026-10-03T11:33:05.367584-03:00","Action":"run","Package":"go/parser","Test":"TestAlternativesInvalidSyntax/package_p;_type_E_=_enum_{_default_V_}"}
{"Time":"2026-10-03T11:33:05.36759-03:00","Action":"output","Package":"go/parser","Test":"TestAlternativesInvalidSyntax/package_p;_type_E_=_enum_{_default_V_}","Output":"=== RUN   TestAlternativesInvalidSyntax/package_p;_type_E_=_enum_{_default_V_}\n","OutputType":"frame"}
{"Time":"2026-10-03T11:33:05.367599-03:00","Action":"output","Package":"go/parser","Test":"TestAlternativesInvalidSyntax/package_p;_type_E_=_enum_{_default_V_}","Output":"--- PASS: TestAlternativesInvalidSyntax/package_p;_type_E_=_enum_{_default_V_} (0.00s)\n","OutputType":"frame"}
{"Time":"2026-10-03T11:33:05.367606-03:00","Action":"pass","Package":"go/parser","Test":"TestAlternativesInvalidSyntax/package_p;_type_E_=_enum_{_default_V_}","Elapsed":0}
{"Time":"2026-10-03T11:33:05.367629-03:00","Action":"run","Package":"go/parser","Test":"TestAlternativesInvalidSyntax/package_p;_type_E_enum_{_default_V(x_int)_}"}
{"Time":"2026-10-03T11:33:05.367636-03:00","Action":"output","Package":"go/parser","Test":"TestAlternativesInvalidSyntax/package_p;_type_E_enum_{_default_V(x_int)_}","Output":"=== RUN   TestAlternativesInvalidSyntax/package_p;_type_E_enum_{_default_V(x_int)_}\n","OutputType":"frame"}
{"Time":"2026-10-03T11:33:05.367688-03:00","Action":"output","Package":"go/parser","Test":"TestAlternativesInvalidSyntax/package_p;_type_E_enum_{_default_V(x_int)_}","Output":"--- PASS: TestAlternativesInvalidSyntax/package_p;_type_E_enum_{_default_V(x_int)_} (0.00s)\n","OutputType":"frame"}
{"Time":"2026-10-03T11:33:05.367702-03:00","Action":"pass","Package":"go/parser","Test":"TestAlternativesInvalidSyntax/package_p;_type_E_enum_{_default_V(x_int)_}","Elapsed":0}
{"Time":"2026-10-03T11:33:05.367719-03:00","Action":"run","Package":"go/parser","Test":"TestAlternativesInvalidSyntax/package_p;_type_E_enum_{_default_V_{_X,_Y_int_}_}"}
{"Time":"2026-10-03T11:33:05.367725-03:00","Action":"output","Package":"go/parser","Test":"TestAlternativesInvalidSyntax/package_p;_type_E_enum_{_default_V_{_X,_Y_int_}_}","Output":"=== RUN   TestAlternativesInvalidSyntax/package_p;_type_E_enum_{_default_V_{_X,_Y_int_}_}\n","OutputType":"frame"}
{"Time":"2026-10-03T11:33:05.367735-03:00","Action":"output","Package":"go/parser","Test":"TestAlternativesInvalidSyntax/package_p;_type_E_enum_{_default_V_{_X,_Y_int_}_}","Output":"    alternatives_test.go:137: accepted invalid syntax: package p; type E enum { default V { X, Y int } }\n","OutputType":"error"}
{"Time":"2026-10-03T11:33:05.367743-03:00","Action":"output","Package":"go/parser","Test":"TestAlternativesInvalidSyntax/package_p;_type_E_enum_{_default_V_{_X,_Y_int_}_}","Output":"--- FAIL: TestAlternativesInvalidSyntax/package_p;_type_E_enum_{_default_V_{_X,_Y_int_}_} (0.00s)\n","OutputType":"frame"}
{"Time":"2026-10-03T11:33:05.36775-03:00","Action":"fail","Package":"go/parser","Test":"TestAlternativesInvalidSyntax/package_p;_type_E_enum_{_default_V_{_X,_Y_int_}_}","Elapsed":0}
{"Time":"2026-10-03T11:33:05.367756-03:00","Action":"run","Package":"go/parser","Test":"TestAlternativesInvalidSyntax/package_p;_var_x_=_switch_y_{_case_E.V_=\u003e_1;_default:_2_}"}
{"Time":"2026-10-03T11:33:05.367761-03:00","Action":"output","Package":"go/parser","Test":"TestAlternativesInvalidSyntax/package_p;_var_x_=_switch_y_{_case_E.V_=\u003e_1;_default:_2_}","Output":"=== RUN   TestAlternativesInvalidSyntax/package_p;_var_x_=_switch_y_{_case_E.V_=\u003e_1;_default:_2_}\n","OutputType":"frame"}
{"Time":"2026-10-03T11:33:05.367786-03:00","Action":"output","Package":"go/parser","Test":"TestAlternativesInvalidSyntax/package_p;_var_x_=_switch_y_{_case_E.V_=\u003e_1;_default:_2_}","Output":"--- PASS: TestAlternativesInvalidSyntax/package_p;_var_x_=_switch_y_{_case_E.V_=\u003e_1;_default:_2_} (0.00s)\n","OutputType":"frame"}
{"Time":"2026-10-03T11:33:05.367794-03:00","Action":"pass","Package":"go/parser","Test":"TestAlternativesInvalidSyntax/package_p;_var_x_=_switch_y_{_case_E.V_=\u003e_1;_default:_2_}","Elapsed":0}
{"Time":"2026-10-03T11:33:05.367801-03:00","Action":"run","Package":"go/parser","Test":"TestAlternativesInvalidSyntax/package_p;_func_f()_{_switch_y_{_case_E.V_=\u003e_1_}_}"}
{"Time":"2026-10-03T11:33:05.367806-03:00","Action":"output","Package":"go/parser","Test":"TestAlternativesInvalidSyntax/package_p;_func_f()_{_switch_y_{_case_E.V_=\u003e_1_}_}","Output":"=== RUN   TestAlternativesInvalidSyntax/package_p;_func_f()_{_switch_y_{_case_E.V_=\u003e_1_}_}\n","OutputType":"frame"}
{"Time":"2026-10-03T11:33:05.367846-03:00","Action":"output","Package":"go/parser","Test":"TestAlternativesInvalidSyntax/package_p;_func_f()_{_switch_y_{_case_E.V_=\u003e_1_}_}","Output":"--- PASS: TestAlternativesInvalidSyntax/package_p;_func_f()_{_switch_y_{_case_E.V_=\u003e_1_}_} (0.00s)\n","OutputType":"frame"}
{"Time":"2026-10-03T11:33:05.367862-03:00","Action":"pass","Package":"go/parser","Test":"TestAlternativesInvalidSyntax/package_p;_func_f()_{_switch_y_{_case_E.V_=\u003e_1_}_}","Elapsed":0}
{"Time":"2026-10-03T11:33:05.367873-03:00","Action":"run","Package":"go/parser","Test":"TestAlternativesInvalidSyntax/package_p;_var_x_=_switch_y_{_case_E.V{X:_x,_...,_Y:_y}_=\u003e_x_}"}
{"Time":"2026-10-03T11:33:05.36788-03:00","Action":"output","Package":"go/parser","Test":"TestAlternativesInvalidSyntax/package_p;_var_x_=_switch_y_{_case_E.V{X:_x,_...,_Y:_y}_=\u003e_x_}","Output":"=== RUN   TestAlternativesInvalidSyntax/package_p;_var_x_=_switch_y_{_case_E.V{X:_x,_...,_Y:_y}_=\u003e_x_}\n","OutputType":"frame"}
{"Time":"2026-10-03T11:33:05.36789-03:00","Action":"output","Package":"go/parser","Test":"TestAlternativesInvalidSyntax/package_p;_var_x_=_switch_y_{_case_E.V{X:_x,_...,_Y:_y}_=\u003e_x_}","Output":"--- PASS: TestAlternativesInvalidSyntax/package_p;_var_x_=_switch_y_{_case_E.V{X:_x,_...,_Y:_y}_=\u003e_x_} (0.00s)\n","OutputType":"frame"}
{"Time":"2026-10-03T11:33:05.367907-03:00","Action":"pass","Package":"go/parser","Test":"TestAlternativesInvalidSyntax/package_p;_var_x_=_switch_y_{_case_E.V{X:_x,_...,_Y:_y}_=\u003e_x_}","Elapsed":0}
{"Time":"2026-10-03T11:33:05.367914-03:00","Action":"run","Package":"go/parser","Test":"TestAlternativesInvalidSyntax/package_p;_var_x_=_switch_y_{_case_E.V{X}_=\u003e_1_}"}
{"Time":"2026-10-03T11:33:05.36792-03:00","Action":"output","Package":"go/parser","Test":"TestAlternativesInvalidSyntax/package_p;_var_x_=_switch_y_{_case_E.V{X}_=\u003e_1_}","Output":"=== RUN   TestAlternativesInvalidSyntax/package_p;_var_x_=_switch_y_{_case_E.V{X}_=\u003e_1_}\n","OutputType":"frame"}
{"Time":"2026-10-03T11:33:05.367929-03:00","Action":"output","Package":"go/parser","Test":"TestAlternativesInvalidSyntax/package_p;_var_x_=_switch_y_{_case_E.V{X}_=\u003e_1_}","Output":"--- PASS: TestAlternativesInvalidSyntax/package_p;_var_x_=_switch_y_{_case_E.V{X}_=\u003e_1_} (0.00s)\n","OutputType":"frame"}
{"Time":"2026-10-03T11:33:05.367936-03:00","Action":"pass","Package":"go/parser","Test":"TestAlternativesInvalidSyntax/package_p;_var_x_=_switch_y_{_case_E.V{X}_=\u003e_1_}","Elapsed":0}
{"Time":"2026-10-03T11:33:05.367942-03:00","Action":"run","Package":"go/parser","Test":"TestAlternativesInvalidSyntax/package_p;_var_x_=_switch_y_{_case_f()+g()_=\u003e_1_}"}
{"Time":"2026-10-03T11:33:05.367948-03:00","Action":"output","Package":"go/parser","Test":"TestAlternativesInvalidSyntax/package_p;_var_x_=_switch_y_{_case_f()+g()_=\u003e_1_}","Output":"=== RUN   TestAlternativesInvalidSyntax/package_p;_var_x_=_switch_y_{_case_f()+g()_=\u003e_1_}\n","OutputType":"frame"}
{"Time":"2026-10-03T11:33:05.367956-03:00","Action":"output","Package":"go/parser","Test":"TestAlternativesInvalidSyntax/package_p;_var_x_=_switch_y_{_case_f()+g()_=\u003e_1_}","Output":"--- PASS: TestAlternativesInvalidSyntax/package_p;_var_x_=_switch_y_{_case_f()+g()_=\u003e_1_} (0.00s)\n","OutputType":"frame"}
{"Time":"2026-10-03T11:33:05.367963-03:00","Action":"pass","Package":"go/parser","Test":"TestAlternativesInvalidSyntax/package_p;_var_x_=_switch_y_{_case_f()+g()_=\u003e_1_}","Elapsed":0}
{"Time":"2026-10-03T11:33:05.367969-03:00","Action":"run","Package":"go/parser","Test":"TestAlternativesInvalidSyntax/package_p;_var_x_=_switch_init();_y_{_default_=\u003e_1_}"}
{"Time":"2026-10-03T11:33:05.367974-03:00","Action":"output","Package":"go/parser","Test":"TestAlternativesInvalidSyntax/package_p;_var_x_=_switch_init();_y_{_default_=\u003e_1_}","Output":"=== RUN   TestAlternativesInvalidSyntax/package_p;_var_x_=_switch_init();_y_{_default_=\u003e_1_}\n","OutputType":"frame"}
{"Time":"2026-10-03T11:33:05.367987-03:00","Action":"output","Package":"go/parser","Test":"TestAlternativesInvalidSyntax/package_p;_var_x_=_switch_init();_y_{_default_=\u003e_1_}","Output":"--- PASS: TestAlternativesInvalidSyntax/package_p;_var_x_=_switch_init();_y_{_default_=\u003e_1_} (0.00s)\n","OutputType":"frame"}
{"Time":"2026-10-03T11:33:05.368002-03:00","Action":"pass","Package":"go/parser","Test":"TestAlternativesInvalidSyntax/package_p;_var_x_=_switch_init();_y_{_default_=\u003e_1_}","Elapsed":0}
{"Time":"2026-10-03T11:33:05.368008-03:00","Action":"output","Package":"go/parser","Test":"TestAlternativesInvalidSyntax","Output":"--- FAIL: TestAlternativesInvalidSyntax (0.00s)\n","OutputType":"frame"}
{"Time":"2026-10-03T11:33:05.368013-03:00","Action":"fail","Package":"go/parser","Test":"TestAlternativesInvalidSyntax","Elapsed":0}
{"Time":"2026-10-03T11:33:05.368019-03:00","Action":"output","Package":"go/parser","Output":"FAIL\n","OutputType":"frame"}
{"Time":"2026-10-03T11:33:05.368558-03:00","Action":"output","Package":"go/parser","Output":"FAIL\tgo/parser\t0.197s\n","OutputType":"frame"}
{"Time":"2026-10-03T11:33:05.368567-03:00","Action":"fail","Package":"go/parser","Elapsed":0.197}
