{"Time":"2026-10-03T11:33:05.620272-03:00","Action":"start","Package":"cmd/compile/internal/types2"}
{"Time":"2026-10-03T11:33:05.6206-03:00","Action":"start","Package":"go/types"}
{"Time":"2026-10-03T11:33:05.85763-03:00","Action":"run","Package":"cmd/compile/internal/types2","Test":"TestOptionResultOperators"}
{"Time":"2026-10-03T11:33:05.857851-03:00","Action":"output","Package":"cmd/compile/internal/types2","Test":"TestOptionResultOperators","Output":"=== RUN   TestOptionResultOperators\n","OutputType":"frame"}
{"Time":"2026-10-03T11:33:05.858087-03:00","Action":"run","Package":"cmd/compile/internal/types2","Test":"TestOptionResultOperators/func_f(x_Option[int])_Option[string]_{_n:=x?;_return_Option[string].Some(string(rune(n)))_}"}
{"Time":"2026-10-03T11:33:05.858161-03:00","Action":"output","Package":"cmd/compile/internal/types2","Test":"TestOptionResultOperators/func_f(x_Option[int])_Option[string]_{_n:=x?;_return_Option[string].Some(string(rune(n)))_}","Output":"=== RUN   TestOptionResultOperators/func_f(x_Option[int])_Option[string]_{_n:=x?;_return_Option[string].Some(string(rune(n)))_}\n","OutputType":"frame"}
{"Time":"2026-10-03T11:33:05.858896-03:00","Action":"output","Package":"cmd/compile/internal/types2","Test":"TestOptionResultOperators/func_f(x_Option[int])_Option[string]_{_n:=x?;_return_Option[string].Some(string(rune(n)))_}","Output":"--- PASS: TestOptionResultOperators/func_f(x_Option[int])_Option[string]_{_n:=x?;_return_Option[string].Some(string(rune(n)))_} (0.00s)\n","OutputType":"frame"}
{"Time":"2026-10-03T11:33:05.858951-03:00","Action":"pass","Package":"cmd/compile/internal/types2","Test":"TestOptionResultOperators/func_f(x_Option[int])_Option[string]_{_n:=x?;_return_Option[string].Some(string(rune(n)))_}","Elapsed":0}
{"Time":"2026-10-03T11:33:05.859003-03:00","Action":"run","Package":"cmd/compile/internal/types2","Test":"TestOptionResultOperators/func_f(x_Option[int])_int_{return_x_??_3}"}
{"Time":"2026-10-03T11:33:05.85902-03:00","Action":"output","Package":"cmd/compile/internal/types2","Test":"TestOptionResultOperators/func_f(x_Option[int])_int_{return_x_??_3}","Output":"=== RUN   TestOptionResultOperators/func_f(x_Option[int])_int_{return_x_??_3}\n","OutputType":"frame"}
{"Time":"2026-10-03T11:33:05.859083-03:00","Action":"output","Package":"cmd/compile/internal/types2","Test":"TestOptionResultOperators/func_f(x_Option[int])_int_{return_x_??_3}","Output":"--- PASS: TestOptionResultOperators/func_f(x_Option[int])_int_{return_x_??_3} (0.00s)\n","OutputType":"frame"}
{"Time":"2026-10-03T11:33:05.8591-03:00","Action":"pass","Package":"cmd/compile/internal/types2","Test":"TestOptionResultOperators/func_f(x_Option[int])_int_{return_x_??_3}","Elapsed":0}
{"Time":"2026-10-03T11:33:05.859125-03:00","Action":"run","Package":"cmd/compile/internal/types2","Test":"TestOptionResultOperators/func_f(){var_x_Option[int];x_??=_3}"}
{"Time":"2026-10-03T11:33:05.859139-03:00","Action":"output","Package":"cmd/compile/internal/types2","Test":"TestOptionResultOperators/func_f(){var_x_Option[int];x_??=_3}","Output":"=== RUN   TestOptionResultOperators/func_f(){var_x_Option[int];x_??=_3}\n","OutputType":"frame"}
{"Time":"2026-10-03T11:33:05.859307-03:00","Action":"output","Package":"cmd/compile/internal/types2","Test":"TestOptionResultOperators/func_f(){var_x_Option[int];x_??=_3}","Output":"--- PASS: TestOptionResultOperators/func_f(){var_x_Option[int];x_??=_3} (0.00s)\n","OutputType":"frame"}
{"Time":"2026-10-03T11:33:05.859328-03:00","Action":"pass","Package":"cmd/compile/internal/types2","Test":"TestOptionResultOperators/func_f(){var_x_Option[int];x_??=_3}","Elapsed":0}
{"Time":"2026-10-03T11:33:05.859343-03:00","Action":"run","Package":"cmd/compile/internal/types2","Test":"TestOptionResultOperators/func_f(m_map[string]Option[int])_{m[\"key\"]_??=_3}"}
{"Time":"2026-10-03T11:33:05.859356-03:00","Action":"output","Package":"cmd/compile/internal/types2","Test":"TestOptionResultOperators/func_f(m_map[string]Option[int])_{m[\"key\"]_??=_3}","Output":"=== RUN   TestOptionResultOperators/func_f(m_map[string]Option[int])_{m[\"key\"]_??=_3}\n","OutputType":"frame"}
{"Time":"2026-10-03T11:33:05.859409-03:00","Action":"output","Package":"cmd/compile/internal/types2","Test":"TestOptionResultOperators/func_f(m_map[string]Option[int])_{m[\"key\"]_??=_3}","Output":"--- PASS: TestOptionResultOperators/func_f(m_map[string]Option[int])_{m[\"key\"]_??=_3} (0.00s)\n","OutputType":"frame"}
{"Time":"2026-10-03T11:33:05.85942-03:00","Action":"pass","Package":"cmd/compile/internal/types2","Test":"TestOptionResultOperators/func_f(m_map[string]Option[int])_{m[\"key\"]_??=_3}","Elapsed":0}
{"Time":"2026-10-03T11:33:05.859432-03:00","Action":"run","Package":"cmd/compile/internal/types2","Test":"TestOptionResultOperators/func_makeOption()_Option[int]_{return_Option[int].None};func_f(){makeOption()_??=_3}"}
{"Time":"2026-10-03T11:33:05.859451-03:00","Action":"output","Package":"cmd/compile/internal/types2","Test":"TestOptionResultOperators/func_makeOption()_Option[int]_{return_Option[int].None};func_f(){makeOption()_??=_3}","Output":"=== RUN   TestOptionResultOperators/func_makeOption()_Option[int]_{return_Option[int].None};func_f(){makeOption()_??=_3}\n","OutputType":"frame"}
{"Time":"2026-10-03T11:33:05.859533-03:00","Action":"output","Package":"cmd/compile/internal/types2","Test":"TestOptionResultOperators/func_makeOption()_Option[int]_{return_Option[int].None};func_f(){makeOption()_??=_3}","Output":"--- PASS: TestOptionResultOperators/func_makeOption()_Option[int]_{return_Option[int].None};func_f(){makeOption()_??=_3} (0.00s)\n","OutputType":"frame"}
{"Time":"2026-10-03T11:33:05.859549-03:00","Action":"pass","Package":"cmd/compile/internal/types2","Test":"TestOptionResultOperators/func_makeOption()_Option[int]_{return_Option[int].None};func_f(){makeOption()_??=_3}","Elapsed":0}
{"Time":"2026-10-03T11:33:05.859561-03:00","Action":"run","Package":"cmd/compile/internal/types2","Test":"TestOptionResultOperators/func_f(){var_x_Option[int];x_??=_Option[int].Some(3)}"}
{"Time":"2026-10-03T11:33:05.859573-03:00","Action":"output","Package":"cmd/compile/internal/types2","Test":"TestOptionResultOperators/func_f(){var_x_Option[int];x_??=_Option[int].Some(3)}","Output":"=== RUN   TestOptionResultOperators/func_f(){var_x_Option[int];x_??=_Option[int].Some(3)}\n","OutputType":"frame"}
{"Time":"2026-10-03T11:33:05.859672-03:00","Action":"output","Package":"cmd/compile/internal/types2","Test":"TestOptionResultOperators/func_f(){var_x_Option[int];x_??=_Option[int].Some(3)}","Output":"--- PASS: TestOptionResultOperators/func_f(){var_x_Option[int];x_??=_Option[int].Some(3)} (0.00s)\n","OutputType":"frame"}
{"Time":"2026-10-03T11:33:05.859694-03:00","Action":"pass","Package":"cmd/compile/internal/types2","Test":"TestOptionResultOperators/func_f(){var_x_Option[int];x_??=_Option[int].Some(3)}","Elapsed":0}
{"Time":"2026-10-03T11:33:05.859706-03:00","Action":"run","Package":"cmd/compile/internal/types2","Test":"TestOptionResultOperators/type_User_struct{Name_string};func_f(x_Option[User])_string{return_x?.Name_??_\"none\"}"}
{"Time":"2026-10-03T11:33:05.859716-03:00","Action":"output","Package":"cmd/compile/internal/types2","Test":"TestOptionResultOperators/type_User_struct{Name_string};func_f(x_Option[User])_string{return_x?.Name_??_\"none\"}","Output":"=== RUN   TestOptionResultOperators/type_User_struct{Name_string};func_f(x_Option[User])_string{return_x?.Name_??_\"none\"}\n","OutputType":"frame"}
{"Time":"2026-10-03T11:33:05.859812-03:00","Action":"output","Package":"cmd/compile/internal/types2","Test":"TestOptionResultOperators/type_User_struct{Name_string};func_f(x_Option[User])_string{return_x?.Name_??_\"none\"}","Output":"--- PASS: TestOptionResultOperators/type_User_struct{Name_string};func_f(x_Option[User])_string{return_x?.Name_??_\"none\"} (0.00s)\n","OutputType":"frame"}
{"Time":"2026-10-03T11:33:05.859834-03:00","Action":"pass","Package":"cmd/compile/internal/types2","Test":"TestOptionResultOperators/type_User_struct{Name_string};func_f(x_Option[User])_string{return_x?.Name_??_\"none\"}","Elapsed":0}
{"Time":"2026-10-03T11:33:05.859849-03:00","Action":"run","Package":"cmd/compile/internal/types2","Test":"TestOptionResultOperators/type_User_struct{Name_string};func_f(x_Option[User])_any{return_x?.Name}"}
{"Time":"2026-10-03T11:33:05.859873-03:00","Action":"output","Package":"cmd/compile/internal/types2","Test":"TestOptionResultOperators/type_User_struct{Name_string};func_f(x_Option[User])_any{return_x?.Name}","Output":"=== RUN   TestOptionResultOperators/type_User_struct{Name_string};func_f(x_Option[User])_any{return_x?.Name}\n","OutputType":"frame"}
{"Time":"2026-10-03T11:33:05.86006-03:00","Action":"output","Package":"cmd/compile/internal/types2","Test":"TestOptionResultOperators/type_User_struct{Name_string};func_f(x_Option[User])_any{return_x?.Name}","Output":"--- PASS: TestOptionResultOperators/type_User_struct{Name_string};func_f(x_Option[User])_any{return_x?.Name} (0.00s)\n","OutputType":"frame"}
{"Time":"2026-10-03T11:33:05.860084-03:00","Action":"pass","Package":"cmd/compile/internal/types2","Test":"TestOptionResultOperators/type_User_struct{Name_string};func_f(x_Option[User])_any{return_x?.Name}","Elapsed":0}
{"Time":"2026-10-03T11:33:05.8601-03:00","Action":"run","Package":"cmd/compile/internal/types2","Test":"TestOptionResultOperators/func_f(x_Result[int,string])_Result[string,string]_{n:=x!;return_Result[string,string].Ok(string(rune(n)))}"}
{"Time":"2026-10-03T11:33:05.860113-03:00","Action":"output","Package":"cmd/compile/internal/types2","Test":"TestOptionResultOperators/func_f(x_Result[int,string])_Result[string,string]_{n:=x!;return_Result[string,string].Ok(string(rune(n)))}","Output":"=== RUN   TestOptionResultOperators/func_f(x_Result[int,string])_Result[string,string]_{n:=x!;return_Result[string,string].Ok(string(rune(n)))}\n","OutputType":"frame"}
{"Time":"2026-10-03T11:33:05.860294-03:00","Action":"output","Package":"cmd/compile/internal/types2","Test":"TestOptionResultOperators/func_f(x_Result[int,string])_Result[string,string]_{n:=x!;return_Result[string,string].Ok(string(rune(n)))}","Output":"--- PASS: TestOptionResultOperators/func_f(x_Result[int,string])_Result[string,string]_{n:=x!;return_Result[string,string].Ok(string(rune(n)))} (0.00s)\n","OutputType":"frame"}
{"Time":"2026-10-03T11:33:05.860337-03:00","Action":"pass","Package":"cmd/compile/internal/types2","Test":"TestOptionResultOperators/func_f(x_Result[int,string])_Result[string,string]_{n:=x!;return_Result[string,string].Ok(string(rune(n)))}","Elapsed":0}
{"Time":"2026-10-03T11:33:05.860356-03:00","Action":"run","Package":"cmd/compile/internal/types2","Test":"TestOptionResultOperators/func_f(x_Result[int,string])_int_{return_x_or_e_{panic(e)}}"}
{"Time":"2026-10-03T11:33:05.860381-03:00","Action":"output","Package":"cmd/compile/internal/types2","Test":"TestOptionResultOperators/func_f(x_Result[int,string])_int_{return_x_or_e_{panic(e)}}","Output":"=== RUN   TestOptionResultOperators/func_f(x_Result[int,string])_int_{return_x_or_e_{panic(e)}}\n","OutputType":"frame"}
{"Time":"2026-10-03T11:33:05.860458-03:00","Action":"output","Package":"cmd/compile/internal/types2","Test":"TestOptionResultOperators/func_f(x_Result[int,string])_int_{return_x_or_e_{panic(e)}}","Output":"--- PASS: TestOptionResultOperators/func_f(x_Result[int,string])_int_{return_x_or_e_{panic(e)}} (0.00s)\n","OutputType":"frame"}
{"Time":"2026-10-03T11:33:05.860478-03:00","Action":"pass","Package":"cmd/compile/internal/types2","Test":"TestOptionResultOperators/func_f(x_Result[int,string])_int_{return_x_or_e_{panic(e)}}","Elapsed":0}
{"Time":"2026-10-03T11:33:05.860496-03:00","Action":"run","Package":"cmd/compile/internal/types2","Test":"TestOptionResultOperators/func_f(x_Result[int,error])_Result[int,any]_{n:=x!;return_Result[int,any].Ok(n)}"}
{"Time":"2026-10-03T11:33:05.860519-03:00","Action":"output","Package":"cmd/compile/internal/types2","Test":"TestOptionResultOperators/func_f(x_Result[int,error])_Result[int,any]_{n:=x!;return_Result[int,any].Ok(n)}","Output":"=== RUN   TestOptionResultOperators/func_f(x_Result[int,error])_Result[int,any]_{n:=x!;return_Result[int,any].Ok(n)}\n","OutputType":"frame"}
{"Time":"2026-10-03T11:33:05.860709-03:00","Action":"output","Package":"cmd/compile/internal/types2","Test":"TestOptionResultOperators/func_f(x_Result[int,error])_Result[int,any]_{n:=x!;return_Result[int,any].Ok(n)}","Output":"--- PASS: TestOptionResultOperators/func_f(x_Result[int,error])_Result[int,any]_{n:=x!;return_Result[int,any].Ok(n)} (0.00s)\n","OutputType":"frame"}
{"Time":"2026-10-03T11:33:05.860739-03:00","Action":"pass","Package":"cmd/compile/internal/types2","Test":"TestOptionResultOperators/func_f(x_Result[int,error])_Result[int,any]_{n:=x!;return_Result[int,any].Ok(n)}","Elapsed":0}
{"Time":"2026-10-03T11:33:05.860751-03:00","Action":"run","Package":"cmd/compile/internal/types2","Test":"TestOptionResultOperators/type_Counter_struct{};func(c_*Counter)Increment(){};func_f(x_Option[Counter]){x?.Increment()}"}
{"Time":"2026-10-03T11:33:05.860768-03:00","Action":"output","Package":"cmd/compile/internal/types2","Test":"TestOptionResultOperators/type_Counter_struct{};func(c_*Counter)Increment(){};func_f(x_Option[Counter]){x?.Increment()}","Output":"=== RUN   TestOptionResultOperators/type_Counter_struct{};func(c_*Counter)Increment(){};func_f(x_Option[Counter]){x?.Increment()}\n","OutputType":"frame"}
{"Time":"2026-10-03T11:33:05.860889-03:00","Action":"output","Package":"cmd/compile/internal/types2","Test":"TestOptionResultOperators/type_Counter_struct{};func(c_*Counter)Increment(){};func_f(x_Option[Counter]){x?.Increment()}","Output":"--- PASS: TestOptionResultOperators/type_Counter_struct{};func(c_*Counter)Increment(){};func_f(x_Option[Counter]){x?.Increment()} (0.00s)\n","OutputType":"frame"}
{"Time":"2026-10-03T11:33:05.860936-03:00","Action":"pass","Package":"cmd/compile/internal/types2","Test":"TestOptionResultOperators/type_Counter_struct{};func(c_*Counter)Increment(){};func_f(x_Option[Counter]){x?.Increment()}","Elapsed":0}
{"Time":"2026-10-03T11:33:05.860977-03:00","Action":"run","Package":"cmd/compile/internal/types2","Test":"TestOptionResultOperators/type_Counter_struct{};func(c_*Counter)Increment(){};func_f(x_Option[*Counter]){x?.Increment()}"}
{"Time":"2026-10-03T11:33:05.86099-03:00","Action":"output","Package":"cmd/compile/internal/types2","Test":"TestOptionResultOperators/type_Counter_struct{};func(c_*Counter)Increment(){};func_f(x_Option[*Counter]){x?.Increment()}","Output":"=== RUN   TestOptionResultOperators/type_Counter_struct{};func(c_*Counter)Increment(){};func_f(x_Option[*Counter]){x?.Increment()}\n","OutputType":"frame"}
{"Time":"2026-10-03T11:33:05.861098-03:00","Action":"output","Package":"cmd/compile/internal/types2","Test":"TestOptionResultOperators/type_Counter_struct{};func(c_*Counter)Increment(){};func_f(x_Option[*Counter]){x?.Increment()}","Output":"--- PASS: TestOptionResultOperators/type_Counter_struct{};func(c_*Counter)Increment(){};func_f(x_Option[*Counter]){x?.Increment()} (0.00s)\n","OutputType":"frame"}
{"Time":"2026-10-03T11:33:05.861112-03:00","Action":"pass","Package":"cmd/compile/internal/types2","Test":"TestOptionResultOperators/type_Counter_struct{};func(c_*Counter)Increment(){};func_f(x_Option[*Counter]){x?.Increment()}","Elapsed":0}
{"Time":"2026-10-03T11:33:05.861125-03:00","Action":"run","Package":"cmd/compile/internal/types2","Test":"TestOptionResultOperators/func_f(x_Option[int])_int_{return_x?}"}
{"Time":"2026-10-03T11:33:05.861134-03:00","Action":"output","Package":"cmd/compile/internal/types2","Test":"TestOptionResultOperators/func_f(x_Option[int])_int_{return_x?}","Output":"=== RUN   TestOptionResultOperators/func_f(x_Option[int])_int_{return_x?}\n","OutputType":"frame"}
{"Time":"2026-10-03T11:33:05.861167-03:00","Action":"output","Package":"cmd/compile/internal/types2","Test":"TestOptionResultOperators/func_f(x_Option[int])_int_{return_x?}","Output":"--- PASS: TestOptionResultOperators/func_f(x_Option[int])_int_{return_x?} (0.00s)\n","OutputType":"frame"}
{"Time":"2026-10-03T11:33:05.861185-03:00","Action":"pass","Package":"cmd/compile/internal/types2","Test":"TestOptionResultOperators/func_f(x_Option[int])_int_{return_x?}","Elapsed":0}
{"Time":"2026-10-03T11:33:05.861199-03:00","Action":"run","Package":"cmd/compile/internal/types2","Test":"TestOptionResultOperators/func_f(x_Result[int,string])_int_{return_x!}"}
{"Time":"2026-10-03T11:33:05.861222-03:00","Action":"output","Package":"cmd/compile/internal/types2","Test":"TestOptionResultOperators/func_f(x_Result[int,string])_int_{return_x!}","Output":"=== RUN   TestOptionResultOperators/func_f(x_Result[int,string])_int_{return_x!}\n","OutputType":"frame"}
{"Time":"2026-10-03T11:33:05.86128-03:00","Action":"output","Package":"cmd/compile/internal/types2","Test":"TestOptionResultOperators/func_f(x_Result[int,string])_int_{return_x!}","Output":"--- PASS: TestOptionResultOperators/func_f(x_Result[int,string])_int_{return_x!} (0.00s)\n","OutputType":"frame"}
{"Time":"2026-10-03T11:33:05.861297-03:00","Action":"pass","Package":"cmd/compile/internal/types2","Test":"TestOptionResultOperators/func_f(x_Result[int,string])_int_{return_x!}","Elapsed":0}
{"Time":"2026-10-03T11:33:05.861307-03:00","Action":"run","Package":"cmd/compile/internal/types2","Test":"TestOptionResultOperators/func_f(x_Result[int,string])_Result[int,error]_{n:=x!;return_Result[int,error].Ok(n)}"}
{"Time":"2026-10-03T11:33:05.861318-03:00","Action":"output","Package":"cmd/compile/internal/types2","Test":"TestOptionResultOperators/func_f(x_Result[int,string])_Result[int,error]_{n:=x!;return_Result[int,error].Ok(n)}","Output":"=== RUN   TestOptionResultOperators/func_f(x_Result[int,string])_Result[int,error]_{n:=x!;return_Result[int,error].Ok(n)}\n","OutputType":"frame"}
{"Time":"2026-10-03T11:33:05.861388-03:00","Action":"run","Package":"go/types","Test":"TestGenerate"}
{"Time":"2026-10-03T11:33:05.86148-03:00","Action":"output","Package":"go/types","Test":"TestGenerate","Output":"=== RUN   TestGenerate\n","OutputType":"frame"}
{"Time":"2026-10-03T11:33:05.861508-03:00","Action":"output","Package":"cmd/compile/internal/types2","Test":"TestOptionResultOperators/func_f(x_Result[int,string])_Result[int,error]_{n:=x!;return_Result[int,error].Ok(n)}","Output":"--- PASS: TestOptionResultOperators/func_f(x_Result[int,string])_Result[int,error]_{n:=x!;return_Result[int,error].Ok(n)} (0.00s)\n","OutputType":"frame"}
{"Time":"2026-10-03T11:33:05.861523-03:00","Action":"pass","Package":"cmd/compile/internal/types2","Test":"TestOptionResultOperators/func_f(x_Result[int,string])_Result[int,error]_{n:=x!;return_Result[int,error].Ok(n)}","Elapsed":0}
{"Time":"2026-10-03T11:33:05.861539-03:00","Action":"run","Package":"cmd/compile/internal/types2","Test":"TestOptionResultOperators/func_f(x_Result[int,string])_int_{return_x_or_e_{__=_e}}"}
{"Time":"2026-10-03T11:33:05.86155-03:00","Action":"output","Package":"cmd/compile/internal/types2","Test":"TestOptionResultOperators/func_f(x_Result[int,string])_int_{return_x_or_e_{__=_e}}","Output":"=== RUN   TestOptionResultOperators/func_f(x_Result[int,string])_int_{return_x_or_e_{__=_e}}\n","OutputType":"frame"}
{"Time":"2026-10-03T11:33:05.861565-03:00","Action":"output","Package":"cmd/compile/internal/types2","Test":"TestOptionResultOperators/func_f(x_Result[int,string])_int_{return_x_or_e_{__=_e}}","Output":"--- PASS: TestOptionResultOperators/func_f(x_Result[int,string])_int_{return_x_or_e_{__=_e}} (0.00s)\n","OutputType":"frame"}
{"Time":"2026-10-03T11:33:05.861577-03:00","Action":"pass","Package":"cmd/compile/internal/types2","Test":"TestOptionResultOperators/func_f(x_Result[int,string])_int_{return_x_or_e_{__=_e}}","Elapsed":0}
{"Time":"2026-10-03T11:33:05.861586-03:00","Action":"run","Package":"cmd/compile/internal/types2","Test":"TestOptionResultOperators/func_f(x_Result[int,string])_int_{return_x_??_0}"}
{"Time":"2026-10-03T11:33:05.861596-03:00","Action":"output","Package":"cmd/compile/internal/types2","Test":"TestOptionResultOperators/func_f(x_Result[int,string])_int_{return_x_??_0}","Output":"=== RUN   TestOptionResultOperators/func_f(x_Result[int,string])_int_{return_x_??_0}\n","OutputType":"frame"}
{"Time":"2026-10-03T11:33:05.861765-03:00","Action":"output","Package":"cmd/compile/internal/types2","Test":"TestOptionResultOperators/func_f(x_Result[int,string])_int_{return_x_??_0}","Output":"--- PASS: TestOptionResultOperators/func_f(x_Result[int,string])_int_{return_x_??_0} (0.00s)\n","OutputType":"frame"}
{"Time":"2026-10-03T11:33:05.861807-03:00","Action":"pass","Package":"cmd/compile/internal/types2","Test":"TestOptionResultOperators/func_f(x_Result[int,string])_int_{return_x_??_0}","Elapsed":0}
{"Time":"2026-10-03T11:33:05.861822-03:00","Action":"run","Package":"cmd/compile/internal/types2","Test":"TestOptionResultOperators/type_Option[T_any]_struct{value_T};func_f(x_Option[int])_Option[int]_{__=_x?;return_x}"}
{"Time":"2026-10-03T11:33:05.861831-03:00","Action":"output","Package":"cmd/compile/internal/types2","Test":"TestOptionResultOperators/type_Option[T_any]_struct{value_T};func_f(x_Option[int])_Option[int]_{__=_x?;return_x}","Output":"=== RUN   TestOptionResultOperators/type_Option[T_any]_struct{value_T};func_f(x_Option[int])_Option[int]_{__=_x?;return_x}\n","OutputType":"frame"}
{"Time":"2026-10-03T11:33:05.861877-03:00","Action":"output","Package":"cmd/compile/internal/types2","Test":"TestOptionResultOperators/type_Option[T_any]_struct{value_T};func_f(x_Option[int])_Option[int]_{__=_x?;return_x}","Output":"--- PASS: TestOptionResultOperators/type_Option[T_any]_struct{value_T};func_f(x_Option[int])_Option[int]_{__=_x?;return_x} (0.00s)\n","OutputType":"frame"}
{"Time":"2026-10-03T11:33:05.861894-03:00","Action":"pass","Package":"cmd/compile/internal/types2","Test":"TestOptionResultOperators/type_Option[T_any]_struct{value_T};func_f(x_Option[int])_Option[int]_{__=_x?;return_x}","Elapsed":0}
{"Time":"2026-10-03T11:33:05.861906-03:00","Action":"output","Package":"cmd/compile/internal/types2","Test":"TestOptionResultOperators","Output":"--- PASS: TestOptionResultOperators (0.00s)\n","OutputType":"frame"}
{"Time":"2026-10-03T11:33:05.861914-03:00","Action":"pass","Package":"cmd/compile/internal/types2","Test":"TestOptionResultOperators","Elapsed":0}
{"Time":"2026-10-03T11:33:05.862051-03:00","Action":"output","Package":"cmd/compile/internal/types2","Output":"PASS\n","OutputType":"frame"}
{"Time":"2026-10-03T11:33:05.862934-03:00","Action":"output","Package":"cmd/compile/internal/types2","Output":"ok  \tcmd/compile/internal/types2\t0.242s\n"}
{"Time":"2026-10-03T11:33:05.862952-03:00","Action":"pass","Package":"cmd/compile/internal/types2","Elapsed":0.243}
{"Time":"2026-10-03T11:33:05.925393-03:00","Action":"output","Package":"go/types","Test":"TestGenerate","Output":"--- PASS: TestGenerate (0.06s)\n","OutputType":"frame"}
{"Time":"2026-10-03T11:33:05.925422-03:00","Action":"pass","Package":"go/types","Test":"TestGenerate","Elapsed":0.06}
{"Time":"2026-10-03T11:33:05.925698-03:00","Action":"run","Package":"go/types","Test":"TestOptionResultOperators"}
{"Time":"2026-10-03T11:33:05.925709-03:00","Action":"output","Package":"go/types","Test":"TestOptionResultOperators","Output":"=== RUN   TestOptionResultOperators\n","OutputType":"frame"}
{"Time":"2026-10-03T11:33:05.925728-03:00","Action":"run","Package":"go/types","Test":"TestOptionResultOperators/func_f(x_Option[int])_Option[string]_{_n:=x?;_return_Option[string].Some(string(rune(n)))_}"}
{"Time":"2026-10-03T11:33:05.925732-03:00","Action":"output","Package":"go/types","Test":"TestOptionResultOperators/func_f(x_Option[int])_Option[string]_{_n:=x?;_return_Option[string].Some(string(rune(n)))_}","Output":"=== RUN   TestOptionResultOperators/func_f(x_Option[int])_Option[string]_{_n:=x?;_return_Option[string].Some(string(rune(n)))_}\n","OutputType":"frame"}
{"Time":"2026-10-03T11:33:05.92595-03:00","Action":"output","Package":"go/types","Test":"TestOptionResultOperators/func_f(x_Option[int])_Option[string]_{_n:=x?;_return_Option[string].Some(string(rune(n)))_}","Output":"--- PASS: TestOptionResultOperators/func_f(x_Option[int])_Option[string]_{_n:=x?;_return_Option[string].Some(string(rune(n)))_} (0.00s)\n","OutputType":"frame"}
{"Time":"2026-10-03T11:33:05.925956-03:00","Action":"pass","Package":"go/types","Test":"TestOptionResultOperators/func_f(x_Option[int])_Option[string]_{_n:=x?;_return_Option[string].Some(string(rune(n)))_}","Elapsed":0}
{"Time":"2026-10-03T11:33:05.925969-03:00","Action":"run","Package":"go/types","Test":"TestOptionResultOperators/func_f(x_Option[int])_int_{return_x_??_3}"}
{"Time":"2026-10-03T11:33:05.925972-03:00","Action":"output","Package":"go/types","Test":"TestOptionResultOperators/func_f(x_Option[int])_int_{return_x_??_3}","Output":"=== RUN   TestOptionResultOperators/func_f(x_Option[int])_int_{return_x_??_3}\n","OutputType":"frame"}
{"Time":"2026-10-03T11:33:05.925976-03:00","Action":"output","Package":"go/types","Test":"TestOptionResultOperators/func_f(x_Option[int])_int_{return_x_??_3}","Output":"--- PASS: TestOptionResultOperators/func_f(x_Option[int])_int_{return_x_??_3} (0.00s)\n","OutputType":"frame"}
{"Time":"2026-10-03T11:33:05.925979-03:00","Action":"pass","Package":"go/types","Test":"TestOptionResultOperators/func_f(x_Option[int])_int_{return_x_??_3}","Elapsed":0}
{"Time":"2026-10-03T11:33:05.925983-03:00","Action":"run","Package":"go/types","Test":"TestOptionResultOperators/func_f(){var_x_Option[int];x_??=_3}"}
{"Time":"2026-10-03T11:33:05.925986-03:00","Action":"output","Package":"go/types","Test":"TestOptionResultOperators/func_f(){var_x_Option[int];x_??=_3}","Output":"=== RUN   TestOptionResultOperators/func_f(){var_x_Option[int];x_??=_3}\n","OutputType":"frame"}
{"Time":"2026-10-03T11:33:05.926169-03:00","Action":"output","Package":"go/types","Test":"TestOptionResultOperators/func_f(){var_x_Option[int];x_??=_3}","Output":"--- PASS: TestOptionResultOperators/func_f(){var_x_Option[int];x_??=_3} (0.00s)\n","OutputType":"frame"}
{"Time":"2026-10-03T11:33:05.926181-03:00","Action":"pass","Package":"go/types","Test":"TestOptionResultOperators/func_f(){var_x_Option[int];x_??=_3}","Elapsed":0}
{"Time":"2026-10-03T11:33:05.926187-03:00","Action":"run","Package":"go/types","Test":"TestOptionResultOperators/func_f(m_map[string]Option[int])_{m[\"key\"]_??=_3}"}
{"Time":"2026-10-03T11:33:05.926191-03:00","Action":"output","Package":"go/types","Test":"TestOptionResultOperators/func_f(m_map[string]Option[int])_{m[\"key\"]_??=_3}","Output":"=== RUN   TestOptionResultOperators/func_f(m_map[string]Option[int])_{m[\"key\"]_??=_3}\n","OutputType":"frame"}
{"Time":"2026-10-03T11:33:05.926208-03:00","Action":"output","Package":"go/types","Test":"TestOptionResultOperators/func_f(m_map[string]Option[int])_{m[\"key\"]_??=_3}","Output":"--- PASS: TestOptionResultOperators/func_f(m_map[string]Option[int])_{m[\"key\"]_??=_3} (0.00s)\n","OutputType":"frame"}
{"Time":"2026-10-03T11:33:05.926213-03:00","Action":"pass","Package":"go/types","Test":"TestOptionResultOperators/func_f(m_map[string]Option[int])_{m[\"key\"]_??=_3}","Elapsed":0}
{"Time":"2026-10-03T11:33:05.926217-03:00","Action":"run","Package":"go/types","Test":"TestOptionResultOperators/func_makeOption()_Option[int]_{return_Option[int].None};func_f(){makeOption()_??=_3}"}
{"Time":"2026-10-03T11:33:05.926221-03:00","Action":"output","Package":"go/types","Test":"TestOptionResultOperators/func_makeOption()_Option[int]_{return_Option[int].None};func_f(){makeOption()_??=_3}","Output":"=== RUN   TestOptionResultOperators/func_makeOption()_Option[int]_{return_Option[int].None};func_f(){makeOption()_??=_3}\n","OutputType":"frame"}
{"Time":"2026-10-03T11:33:05.926278-03:00","Action":"output","Package":"go/types","Test":"TestOptionResultOperators/func_makeOption()_Option[int]_{return_Option[int].None};func_f(){makeOption()_??=_3}","Output":"--- PASS: TestOptionResultOperators/func_makeOption()_Option[int]_{return_Option[int].None};func_f(){makeOption()_??=_3} (0.00s)\n","OutputType":"frame"}
{"Time":"2026-10-03T11:33:05.926283-03:00","Action":"pass","Package":"go/types","Test":"TestOptionResultOperators/func_makeOption()_Option[int]_{return_Option[int].None};func_f(){makeOption()_??=_3}","Elapsed":0}
{"Time":"2026-10-03T11:33:05.926287-03:00","Action":"run","Package":"go/types","Test":"TestOptionResultOperators/func_f(){var_x_Option[int];x_??=_Option[int].Some(3)}"}
{"Time":"2026-10-03T11:33:05.92629-03:00","Action":"output","Package":"go/types","Test":"TestOptionResultOperators/func_f(){var_x_Option[int];x_??=_Option[int].Some(3)}","Output":"=== RUN   TestOptionResultOperators/func_f(){var_x_Option[int];x_??=_Option[int].Some(3)}\n","OutputType":"frame"}
{"Time":"2026-10-03T11:33:05.926299-03:00","Action":"output","Package":"go/types","Test":"TestOptionResultOperators/func_f(){var_x_Option[int];x_??=_Option[int].Some(3)}","Output":"--- PASS: TestOptionResultOperators/func_f(){var_x_Option[int];x_??=_Option[int].Some(3)} (0.00s)\n","OutputType":"frame"}
{"Time":"2026-10-03T11:33:05.926303-03:00","Action":"pass","Package":"go/types","Test":"TestOptionResultOperators/func_f(){var_x_Option[int];x_??=_Option[int].Some(3)}","Elapsed":0}
{"Time":"2026-10-03T11:33:05.926305-03:00","Action":"run","Package":"go/types","Test":"TestOptionResultOperators/type_User_struct{Name_string};func_f(x_Option[User])_string{return_x?.Name_??_\"none\"}"}
{"Time":"2026-10-03T11:33:05.926308-03:00","Action":"output","Package":"go/types","Test":"TestOptionResultOperators/type_User_struct{Name_string};func_f(x_Option[User])_string{return_x?.Name_??_\"none\"}","Output":"=== RUN   TestOptionResultOperators/type_User_struct{Name_string};func_f(x_Option[User])_string{return_x?.Name_??_\"none\"}\n","OutputType":"frame"}
{"Time":"2026-10-03T11:33:05.926346-03:00","Action":"output","Package":"go/types","Test":"TestOptionResultOperators/type_User_struct{Name_string};func_f(x_Option[User])_string{return_x?.Name_??_\"none\"}","Output":"--- PASS: TestOptionResultOperators/type_User_struct{Name_string};func_f(x_Option[User])_string{return_x?.Name_??_\"none\"} (0.00s)\n","OutputType":"frame"}
{"Time":"2026-10-03T11:33:05.926351-03:00","Action":"pass","Package":"go/types","Test":"TestOptionResultOperators/type_User_struct{Name_string};func_f(x_Option[User])_string{return_x?.Name_??_\"none\"}","Elapsed":0}
{"Time":"2026-10-03T11:33:05.926354-03:00","Action":"run","Package":"go/types","Test":"TestOptionResultOperators/type_User_struct{Name_string};func_f(x_Option[User])_any{return_x?.Name}"}
{"Time":"2026-10-03T11:33:05.926357-03:00","Action":"output","Package":"go/types","Test":"TestOptionResultOperators/type_User_struct{Name_string};func_f(x_Option[User])_any{return_x?.Name}","Output":"=== RUN   TestOptionResultOperators/type_User_struct{Name_string};func_f(x_Option[User])_any{return_x?.Name}\n","OutputType":"frame"}
{"Time":"2026-10-03T11:33:05.926365-03:00","Action":"output","Package":"go/types","Test":"TestOptionResultOperators/type_User_struct{Name_string};func_f(x_Option[User])_any{return_x?.Name}","Output":"--- PASS: TestOptionResultOperators/type_User_struct{Name_string};func_f(x_Option[User])_any{return_x?.Name} (0.00s)\n","OutputType":"frame"}
{"Time":"2026-10-03T11:33:05.926368-03:00","Action":"pass","Package":"go/types","Test":"TestOptionResultOperators/type_User_struct{Name_string};func_f(x_Option[User])_any{return_x?.Name}","Elapsed":0}
{"Time":"2026-10-03T11:33:05.926372-03:00","Action":"run","Package":"go/types","Test":"TestOptionResultOperators/func_f(x_Result[int,string])_Result[string,string]_{n:=x!;return_Result[string,string].Ok(string(rune(n)))}"}
{"Time":"2026-10-03T11:33:05.926375-03:00","Action":"output","Package":"go/types","Test":"TestOptionResultOperators/func_f(x_Result[int,string])_Result[string,string]_{n:=x!;return_Result[string,string].Ok(string(rune(n)))}","Output":"=== RUN   TestOptionResultOperators/func_f(x_Result[int,string])_Result[string,string]_{n:=x!;return_Result[string,string].Ok(string(rune(n)))}\n","OutputType":"frame"}
{"Time":"2026-10-03T11:33:05.926393-03:00","Action":"output","Package":"go/types","Test":"TestOptionResultOperators/func_f(x_Result[int,string])_Result[string,string]_{n:=x!;return_Result[string,string].Ok(string(rune(n)))}","Output":"--- PASS: TestOptionResultOperators/func_f(x_Result[int,string])_Result[string,string]_{n:=x!;return_Result[string,string].Ok(string(rune(n)))} (0.00s)\n","OutputType":"frame"}
{"Time":"2026-10-03T11:33:05.926397-03:00","Action":"pass","Package":"go/types","Test":"TestOptionResultOperators/func_f(x_Result[int,string])_Result[string,string]_{n:=x!;return_Result[string,string].Ok(string(rune(n)))}","Elapsed":0}
{"Time":"2026-10-03T11:33:05.926405-03:00","Action":"run","Package":"go/types","Test":"TestOptionResultOperators/func_f(x_Result[int,string])_int_{return_x_or_e_{panic(e)}}"}
{"Time":"2026-10-03T11:33:05.926408-03:00","Action":"output","Package":"go/types","Test":"TestOptionResultOperators/func_f(x_Result[int,string])_int_{return_x_or_e_{panic(e)}}","Output":"=== RUN   TestOptionResultOperators/func_f(x_Result[int,string])_int_{return_x_or_e_{panic(e)}}\n","OutputType":"frame"}
{"Time":"2026-10-03T11:33:05.926426-03:00","Action":"output","Package":"go/types","Test":"TestOptionResultOperators/func_f(x_Result[int,string])_int_{return_x_or_e_{panic(e)}}","Output":"--- PASS: TestOptionResultOperators/func_f(x_Result[int,string])_int_{return_x_or_e_{panic(e)}} (0.00s)\n","OutputType":"frame"}
{"Time":"2026-10-03T11:33:05.926432-03:00","Action":"pass","Package":"go/types","Test":"TestOptionResultOperators/func_f(x_Result[int,string])_int_{return_x_or_e_{panic(e)}}","Elapsed":0}
{"Time":"2026-10-03T11:33:05.926436-03:00","Action":"run","Package":"go/types","Test":"TestOptionResultOperators/func_f(x_Result[int,error])_Result[int,any]_{n:=x!;return_Result[int,any].Ok(n)}"}
{"Time":"2026-10-03T11:33:05.926439-03:00","Action":"output","Package":"go/types","Test":"TestOptionResultOperators/func_f(x_Result[int,error])_Result[int,any]_{n:=x!;return_Result[int,any].Ok(n)}","Output":"=== RUN   TestOptionResultOperators/func_f(x_Result[int,error])_Result[int,any]_{n:=x!;return_Result[int,any].Ok(n)}\n","OutputType":"frame"}
{"Time":"2026-10-03T11:33:05.926456-03:00","Action":"output","Package":"go/types","Test":"TestOptionResultOperators/func_f(x_Result[int,error])_Result[int,any]_{n:=x!;return_Result[int,any].Ok(n)}","Output":"--- PASS: TestOptionResultOperators/func_f(x_Result[int,error])_Result[int,any]_{n:=x!;return_Result[int,any].Ok(n)} (0.00s)\n","OutputType":"frame"}
{"Time":"2026-10-03T11:33:05.926459-03:00","Action":"pass","Package":"go/types","Test":"TestOptionResultOperators/func_f(x_Result[int,error])_Result[int,any]_{n:=x!;return_Result[int,any].Ok(n)}","Elapsed":0}
{"Time":"2026-10-03T11:33:05.926463-03:00","Action":"run","Package":"go/types","Test":"TestOptionResultOperators/type_Counter_struct{};func(c_*Counter)Increment(){};func_f(x_Option[Counter]){x?.Increment()}"}
{"Time":"2026-10-03T11:33:05.926468-03:00","Action":"output","Package":"go/types","Test":"TestOptionResultOperators/type_Counter_struct{};func(c_*Counter)Increment(){};func_f(x_Option[Counter]){x?.Increment()}","Output":"=== RUN   TestOptionResultOperators/type_Counter_struct{};func(c_*Counter)Increment(){};func_f(x_Option[Counter]){x?.Increment()}\n","OutputType":"frame"}
{"Time":"2026-10-03T11:33:05.926483-03:00","Action":"output","Package":"go/types","Test":"TestOptionResultOperators/type_Counter_struct{};func(c_*Counter)Increment(){};func_f(x_Option[Counter]){x?.Increment()}","Output":"--- PASS: TestOptionResultOperators/type_Counter_struct{};func(c_*Counter)Increment(){};func_f(x_Option[Counter]){x?.Increment()} (0.00s)\n","OutputType":"frame"}
{"Time":"2026-10-03T11:33:05.926489-03:00","Action":"pass","Package":"go/types","Test":"TestOptionResultOperators/type_Counter_struct{};func(c_*Counter)Increment(){};func_f(x_Option[Counter]){x?.Increment()}","Elapsed":0}
{"Time":"2026-10-03T11:33:05.926493-03:00","Action":"run","Package":"go/types","Test":"TestOptionResultOperators/type_Counter_struct{};func(c_*Counter)Increment(){};func_f(x_Option[*Counter]){x?.Increment()}"}
{"Time":"2026-10-03T11:33:05.926495-03:00","Action":"output","Package":"go/types","Test":"TestOptionResultOperators/type_Counter_struct{};func(c_*Counter)Increment(){};func_f(x_Option[*Counter]){x?.Increment()}","Output":"=== RUN   TestOptionResultOperators/type_Counter_struct{};func(c_*Counter)Increment(){};func_f(x_Option[*Counter]){x?.Increment()}\n","OutputType":"frame"}
{"Time":"2026-10-03T11:33:05.926506-03:00","Action":"output","Package":"go/types","Test":"TestOptionResultOperators/type_Counter_struct{};func(c_*Counter)Increment(){};func_f(x_Option[*Counter]){x?.Increment()}","Output":"--- PASS: TestOptionResultOperators/type_Counter_struct{};func(c_*Counter)Increment(){};func_f(x_Option[*Counter]){x?.Increment()} (0.00s)\n","OutputType":"frame"}
{"Time":"2026-10-03T11:33:05.926513-03:00","Action":"pass","Package":"go/types","Test":"TestOptionResultOperators/type_Counter_struct{};func(c_*Counter)Increment(){};func_f(x_Option[*Counter]){x?.Increment()}","Elapsed":0}
{"Time":"2026-10-03T11:33:05.926526-03:00","Action":"run","Package":"go/types","Test":"TestOptionResultOperators/func_f(x_Option[int])_int_{return_x?}"}
{"Time":"2026-10-03T11:33:05.926529-03:00","Action":"output","Package":"go/types","Test":"TestOptionResultOperators/func_f(x_Option[int])_int_{return_x?}","Output":"=== RUN   TestOptionResultOperators/func_f(x_Option[int])_int_{return_x?}\n","OutputType":"frame"}
{"Time":"2026-10-03T11:33:05.926544-03:00","Action":"output","Package":"go/types","Test":"TestOptionResultOperators/func_f(x_Option[int])_int_{return_x?}","Output":"--- PASS: TestOptionResultOperators/func_f(x_Option[int])_int_{return_x?} (0.00s)\n","OutputType":"frame"}
{"Time":"2026-10-03T11:33:05.926548-03:00","Action":"pass","Package":"go/types","Test":"TestOptionResultOperators/func_f(x_Option[int])_int_{return_x?}","Elapsed":0}
{"Time":"2026-10-03T11:33:05.926551-03:00","Action":"run","Package":"go/types","Test":"TestOptionResultOperators/func_f(x_Result[int,string])_int_{return_x!}"}
{"Time":"2026-10-03T11:33:05.926553-03:00","Action":"output","Package":"go/types","Test":"TestOptionResultOperators/func_f(x_Result[int,string])_int_{return_x!}","Output":"=== RUN   TestOptionResultOperators/func_f(x_Result[int,string])_int_{return_x!}\n","OutputType":"frame"}
{"Time":"2026-10-03T11:33:05.926563-03:00","Action":"output","Package":"go/types","Test":"TestOptionResultOperators/func_f(x_Result[int,string])_int_{return_x!}","Output":"--- PASS: TestOptionResultOperators/func_f(x_Result[int,string])_int_{return_x!} (0.00s)\n","OutputType":"frame"}
{"Time":"2026-10-03T11:33:05.926566-03:00","Action":"pass","Package":"go/types","Test":"TestOptionResultOperators/func_f(x_Result[int,string])_int_{return_x!}","Elapsed":0}
{"Time":"2026-10-03T11:33:05.926569-03:00","Action":"run","Package":"go/types","Test":"TestOptionResultOperators/func_f(x_Result[int,string])_Result[int,error]_{n:=x!;return_Result[int,error].Ok(n)}"}
{"Time":"2026-10-03T11:33:05.926572-03:00","Action":"output","Package":"go/types","Test":"TestOptionResultOperators/func_f(x_Result[int,string])_Result[int,error]_{n:=x!;return_Result[int,error].Ok(n)}","Output":"=== RUN   TestOptionResultOperators/func_f(x_Result[int,string])_Result[int,error]_{n:=x!;return_Result[int,error].Ok(n)}\n","OutputType":"frame"}
{"Time":"2026-10-03T11:33:05.926609-03:00","Action":"output","Package":"go/types","Test":"TestOptionResultOperators/func_f(x_Result[int,string])_Result[int,error]_{n:=x!;return_Result[int,error].Ok(n)}","Output":"--- PASS: TestOptionResultOperators/func_f(x_Result[int,string])_Result[int,error]_{n:=x!;return_Result[int,error].Ok(n)} (0.00s)\n","OutputType":"frame"}
{"Time":"2026-10-03T11:33:05.926613-03:00","Action":"pass","Package":"go/types","Test":"TestOptionResultOperators/func_f(x_Result[int,string])_Result[int,error]_{n:=x!;return_Result[int,error].Ok(n)}","Elapsed":0}
{"Time":"2026-10-03T11:33:05.926616-03:00","Action":"run","Package":"go/types","Test":"TestOptionResultOperators/func_f(x_Result[int,string])_int_{return_x_or_e_{__=_e}}"}
{"Time":"2026-10-03T11:33:05.926618-03:00","Action":"output","Package":"go/types","Test":"TestOptionResultOperators/func_f(x_Result[int,string])_int_{return_x_or_e_{__=_e}}","Output":"=== RUN   TestOptionResultOperators/func_f(x_Result[int,string])_int_{return_x_or_e_{__=_e}}\n","OutputType":"frame"}
{"Time":"2026-10-03T11:33:05.926626-03:00","Action":"output","Package":"go/types","Test":"TestOptionResultOperators/func_f(x_Result[int,string])_int_{return_x_or_e_{__=_e}}","Output":"--- PASS: TestOptionResultOperators/func_f(x_Result[int,string])_int_{return_x_or_e_{__=_e}} (0.00s)\n","OutputType":"frame"}
{"Time":"2026-10-03T11:33:05.926632-03:00","Action":"pass","Package":"go/types","Test":"TestOptionResultOperators/func_f(x_Result[int,string])_int_{return_x_or_e_{__=_e}}","Elapsed":0}
{"Time":"2026-10-03T11:33:05.926635-03:00","Action":"run","Package":"go/types","Test":"TestOptionResultOperators/func_f(x_Result[int,string])_int_{return_x_??_0}"}
{"Time":"2026-10-03T11:33:05.926637-03:00","Action":"output","Package":"go/types","Test":"TestOptionResultOperators/func_f(x_Result[int,string])_int_{return_x_??_0}","Output":"=== RUN   TestOptionResultOperators/func_f(x_Result[int,string])_int_{return_x_??_0}\n","OutputType":"frame"}
{"Time":"2026-10-03T11:33:05.926648-03:00","Action":"output","Package":"go/types","Test":"TestOptionResultOperators/func_f(x_Result[int,string])_int_{return_x_??_0}","Output":"--- PASS: TestOptionResultOperators/func_f(x_Result[int,string])_int_{return_x_??_0} (0.00s)\n","OutputType":"frame"}
{"Time":"2026-10-03T11:33:05.926655-03:00","Action":"pass","Package":"go/types","Test":"TestOptionResultOperators/func_f(x_Result[int,string])_int_{return_x_??_0}","Elapsed":0}
{"Time":"2026-10-03T11:33:05.926659-03:00","Action":"run","Package":"go/types","Test":"TestOptionResultOperators/type_Option[T_any]_struct{value_T};func_f(x_Option[int])_Option[int]_{__=_x?;return_x}"}
{"Time":"2026-10-03T11:33:05.926662-03:00","Action":"output","Package":"go/types","Test":"TestOptionResultOperators/type_Option[T_any]_struct{value_T};func_f(x_Option[int])_Option[int]_{__=_x?;return_x}","Output":"=== RUN   TestOptionResultOperators/type_Option[T_any]_struct{value_T};func_f(x_Option[int])_Option[int]_{__=_x?;return_x}\n","OutputType":"frame"}
{"Time":"2026-10-03T11:33:05.926668-03:00","Action":"output","Package":"go/types","Test":"TestOptionResultOperators/type_Option[T_any]_struct{value_T};func_f(x_Option[int])_Option[int]_{__=_x?;return_x}","Output":"--- PASS: TestOptionResultOperators/type_Option[T_any]_struct{value_T};func_f(x_Option[int])_Option[int]_{__=_x?;return_x} (0.00s)\n","OutputType":"frame"}
{"Time":"2026-10-03T11:33:05.926678-03:00","Action":"pass","Package":"go/types","Test":"TestOptionResultOperators/type_Option[T_any]_struct{value_T};func_f(x_Option[int])_Option[int]_{__=_x?;return_x}","Elapsed":0}
{"Time":"2026-10-03T11:33:05.926682-03:00","Action":"output","Package":"go/types","Test":"TestOptionResultOperators","Output":"--- PASS: TestOptionResultOperators (0.00s)\n","OutputType":"frame"}
{"Time":"2026-10-03T11:33:05.926685-03:00","Action":"pass","Package":"go/types","Test":"TestOptionResultOperators","Elapsed":0}
{"Time":"2026-10-03T11:33:05.926719-03:00","Action":"output","Package":"go/types","Output":"PASS\n","OutputType":"frame"}
{"Time":"2026-10-03T11:33:05.927266-03:00","Action":"output","Package":"go/types","Output":"ok  \tgo/types\t0.307s\n"}
{"Time":"2026-10-03T11:33:05.927277-03:00","Action":"pass","Package":"go/types","Elapsed":0.307}
