{"Time":"2026-10-03T11:32:57.715451-03:00","Action":"start","Package":"cmd/internal/testdir"}
{"Time":"2026-10-03T11:32:57.922946-03:00","Action":"run","Package":"cmd/internal/testdir","Test":"Test"}
{"Time":"2026-10-03T11:32:57.923149-03:00","Action":"output","Package":"cmd/internal/testdir","Test":"Test","Output":"=== RUN   Test\n","OutputType":"frame"}
{"Time":"2026-10-03T11:32:57.970555-03:00","Action":"run","Package":"cmd/internal/testdir","Test":"Test/optionresult.go"}
{"Time":"2026-10-03T11:32:57.970576-03:00","Action":"output","Package":"cmd/internal/testdir","Test":"Test/optionresult.go","Output":"=== RUN   Test/optionresult.go\n","OutputType":"frame"}
{"Time":"2026-10-03T11:32:57.970604-03:00","Action":"output","Package":"cmd/internal/testdir","Test":"Test/optionresult.go","Output":"=== PAUSE Test/optionresult.go\n","OutputType":"frame"}
{"Time":"2026-10-03T11:32:57.97061-03:00","Action":"pause","Package":"cmd/internal/testdir","Test":"Test/optionresult.go"}
{"Time":"2026-10-03T11:32:57.979566-03:00","Action":"cont","Package":"cmd/internal/testdir","Test":"Test/optionresult.go"}
{"Time":"2026-10-03T11:32:57.979583-03:00","Action":"output","Package":"cmd/internal/testdir","Test":"Test/optionresult.go","Output":"=== CONT  Test/optionresult.go\n","OutputType":"frame"}
{"Time":"2026-10-03T11:33:00.094734-03:00","Action":"output","Package":"cmd/internal/testdir","Test":"Test/optionresult.go","Output":"--- PASS: Test/optionresult.go (2.12s)\n","OutputType":"frame"}
{"Time":"2026-10-03T11:33:00.095051-03:00","Action":"pass","Package":"cmd/internal/testdir","Test":"Test/optionresult.go","Elapsed":2.12}
{"Time":"2026-10-03T11:33:00.095068-03:00","Action":"output","Package":"cmd/internal/testdir","Test":"Test","Output":"--- PASS: Test (0.06s)\n","OutputType":"frame"}
{"Time":"2026-10-03T11:33:00.095079-03:00","Action":"pass","Package":"cmd/internal/testdir","Test":"Test","Elapsed":0.06}
{"Time":"2026-10-03T11:33:00.095101-03:00","Action":"run","Package":"cmd/internal/testdir","Test":"TestShouldTest"}
{"Time":"2026-10-03T11:33:00.095106-03:00","Action":"output","Package":"cmd/internal/testdir","Test":"TestShouldTest","Output":"=== RUN   TestShouldTest\n","OutputType":"frame"}
{"Time":"2026-10-03T11:33:00.095133-03:00","Action":"output","Package":"cmd/internal/testdir","Test":"TestShouldTest","Output":"--- PASS: TestShouldTest (0.00s)\n","OutputType":"frame"}
{"Time":"2026-10-03T11:33:00.095137-03:00","Action":"pass","Package":"cmd/internal/testdir","Test":"TestShouldTest","Elapsed":0}
{"Time":"2026-10-03T11:33:00.095147-03:00","Action":"output","Package":"cmd/internal/testdir","Output":"PASS\n","OutputType":"frame"}
{"Time":"2026-10-03T11:33:00.095719-03:00","Action":"output","Package":"cmd/internal/testdir","Output":"ok  \tcmd/internal/testdir\t2.380s\n"}
{"Time":"2026-10-03T11:33:00.095729-03:00","Action":"pass","Package":"cmd/internal/testdir","Elapsed":2.38}
