{"Time":"2026-10-03T11:32:35.448328-03:00","Action":"start","Package":"honnef.co/go/tools/go/ir"}
{"Time":"2026-10-03T11:32:35.733868-03:00","Action":"run","Package":"honnef.co/go/tools/go/ir","Test":"TestGonAlternatives"}
{"Time":"2026-10-03T11:32:35.733977-03:00","Action":"output","Package":"honnef.co/go/tools/go/ir","Test":"TestGonAlternatives","Output":"=== RUN   TestGonAlternatives\n","OutputType":"frame"}
{"Time":"2026-10-03T11:32:35.734032-03:00","Action":"run","Package":"honnef.co/go/tools/go/ir","Test":"TestGonAlternatives/legacy"}
{"Time":"2026-10-03T11:32:35.734044-03:00","Action":"output","Package":"honnef.co/go/tools/go/ir","Test":"TestGonAlternatives/legacy","Output":"=== RUN   TestGonAlternatives/legacy\n","OutputType":"frame"}
{"Time":"2026-10-03T11:32:35.737279-03:00","Action":"output","Package":"honnef.co/go/tools/go/ir","Test":"TestGonAlternatives/legacy","Output":"--- PASS: TestGonAlternatives/legacy (0.00s)\n","OutputType":"frame"}
{"Time":"2026-10-03T11:32:35.73734-03:00","Action":"pass","Package":"honnef.co/go/tools/go/ir","Test":"TestGonAlternatives/legacy","Elapsed":0}
{"Time":"2026-10-03T11:32:35.737357-03:00","Action":"run","Package":"honnef.co/go/tools/go/ir","Test":"TestGonAlternatives/modern"}
{"Time":"2026-10-03T11:32:35.737363-03:00","Action":"output","Package":"honnef.co/go/tools/go/ir","Test":"TestGonAlternatives/modern","Output":"=== RUN   TestGonAlternatives/modern\n","OutputType":"frame"}
{"Time":"2026-10-03T11:32:35.739449-03:00","Action":"output","Package":"honnef.co/go/tools/go/ir","Test":"TestGonAlternatives/modern","Output":"--- PASS: TestGonAlternatives/modern (0.00s)\n","OutputType":"frame"}
{"Time":"2026-10-03T11:32:35.739502-03:00","Action":"pass","Package":"honnef.co/go/tools/go/ir","Test":"TestGonAlternatives/modern","Elapsed":0}
{"Time":"2026-10-03T11:32:35.739527-03:00","Action":"output","Package":"honnef.co/go/tools/go/ir","Test":"TestGonAlternatives","Output":"--- PASS: TestGonAlternatives (0.01s)\n","OutputType":"frame"}
{"Time":"2026-10-03T11:32:35.739538-03:00","Action":"pass","Package":"honnef.co/go/tools/go/ir","Test":"TestGonAlternatives","Elapsed":0.01}
{"Time":"2026-10-03T11:32:35.73956-03:00","Action":"run","Package":"honnef.co/go/tools/go/ir","Test":"TestGonConditional"}
{"Time":"2026-10-03T11:32:35.73957-03:00","Action":"output","Package":"honnef.co/go/tools/go/ir","Test":"TestGonConditional","Output":"=== RUN   TestGonConditional\n","OutputType":"frame"}
{"Time":"2026-10-03T11:32:35.73958-03:00","Action":"run","Package":"honnef.co/go/tools/go/ir","Test":"TestGonConditional/conditional_legacy"}
{"Time":"2026-10-03T11:32:35.739589-03:00","Action":"output","Package":"honnef.co/go/tools/go/ir","Test":"TestGonConditional/conditional_legacy","Output":"=== RUN   TestGonConditional/conditional_legacy\n","OutputType":"frame"}
{"Time":"2026-10-03T11:32:35.743855-03:00","Action":"output","Package":"honnef.co/go/tools/go/ir","Test":"TestGonConditional/conditional_legacy","Output":"--- PASS: TestGonConditional/conditional_legacy (0.00s)\n","OutputType":"frame"}
{"Time":"2026-10-03T11:32:35.743906-03:00","Action":"pass","Package":"honnef.co/go/tools/go/ir","Test":"TestGonConditional/conditional_legacy","Elapsed":0}
{"Time":"2026-10-03T11:32:35.743925-03:00","Action":"run","Package":"honnef.co/go/tools/go/ir","Test":"TestGonConditional/conditional_modern"}
{"Time":"2026-10-03T11:32:35.743932-03:00","Action":"output","Package":"honnef.co/go/tools/go/ir","Test":"TestGonConditional/conditional_modern","Output":"=== RUN   TestGonConditional/conditional_modern\n","OutputType":"frame"}
{"Time":"2026-10-03T11:32:35.747149-03:00","Action":"output","Package":"honnef.co/go/tools/go/ir","Test":"TestGonConditional/conditional_modern","Output":"--- PASS: TestGonConditional/conditional_modern (0.00s)\n","OutputType":"frame"}
{"Time":"2026-10-03T11:32:35.747166-03:00","Action":"pass","Package":"honnef.co/go/tools/go/ir","Test":"TestGonConditional/conditional_modern","Elapsed":0}
{"Time":"2026-10-03T11:32:35.747175-03:00","Action":"output","Package":"honnef.co/go/tools/go/ir","Test":"TestGonConditional","Output":"--- PASS: TestGonConditional (0.01s)\n","OutputType":"frame"}
{"Time":"2026-10-03T11:32:35.747214-03:00","Action":"pass","Package":"honnef.co/go/tools/go/ir","Test":"TestGonConditional","Elapsed":0.01}
{"Time":"2026-10-03T11:32:35.747229-03:00","Action":"run","Package":"honnef.co/go/tools/go/ir","Test":"TestGonSwitchTag"}
{"Time":"2026-10-03T11:32:35.747235-03:00","Action":"output","Package":"honnef.co/go/tools/go/ir","Test":"TestGonSwitchTag","Output":"=== RUN   TestGonSwitchTag\n","OutputType":"frame"}
{"Time":"2026-10-03T11:32:35.747349-03:00","Action":"output","Package":"honnef.co/go/tools/go/ir","Test":"TestGonSwitchTag","Output":"--- PASS: TestGonSwitchTag (0.00s)\n","OutputType":"frame"}
{"Time":"2026-10-03T11:32:35.747366-03:00","Action":"pass","Package":"honnef.co/go/tools/go/ir","Test":"TestGonSwitchTag","Elapsed":0}
{"Time":"2026-10-03T11:32:35.747372-03:00","Action":"run","Package":"honnef.co/go/tools/go/ir","Test":"TestGonFeatures"}
{"Time":"2026-10-03T11:32:35.747377-03:00","Action":"output","Package":"honnef.co/go/tools/go/ir","Test":"TestGonFeatures","Output":"=== RUN   TestGonFeatures\n","OutputType":"frame"}
{"Time":"2026-10-03T11:32:35.747384-03:00","Action":"run","Package":"honnef.co/go/tools/go/ir","Test":"TestGonFeatures/legacy"}
{"Time":"2026-10-03T11:32:35.747389-03:00","Action":"output","Package":"honnef.co/go/tools/go/ir","Test":"TestGonFeatures/legacy","Output":"=== RUN   TestGonFeatures/legacy\n","OutputType":"frame"}
{"Time":"2026-10-03T11:32:35.751379-03:00","Action":"output","Package":"honnef.co/go/tools/go/ir","Test":"TestGonFeatures/legacy","Output":"--- PASS: TestGonFeatures/legacy (0.00s)\n","OutputType":"frame"}
{"Time":"2026-10-03T11:32:35.751402-03:00","Action":"pass","Package":"honnef.co/go/tools/go/ir","Test":"TestGonFeatures/legacy","Elapsed":0}
{"Time":"2026-10-03T11:32:35.751412-03:00","Action":"run","Package":"honnef.co/go/tools/go/ir","Test":"TestGonFeatures/modern"}
{"Time":"2026-10-03T11:32:35.751419-03:00","Action":"output","Package":"honnef.co/go/tools/go/ir","Test":"TestGonFeatures/modern","Output":"=== RUN   TestGonFeatures/modern\n","OutputType":"frame"}
{"Time":"2026-10-03T11:32:35.75537-03:00","Action":"output","Package":"honnef.co/go/tools/go/ir","Test":"TestGonFeatures/modern","Output":"--- PASS: TestGonFeatures/modern (0.00s)\n","OutputType":"frame"}
{"Time":"2026-10-03T11:32:35.755382-03:00","Action":"pass","Package":"honnef.co/go/tools/go/ir","Test":"TestGonFeatures/modern","Elapsed":0}
{"Time":"2026-10-03T11:32:35.755389-03:00","Action":"output","Package":"honnef.co/go/tools/go/ir","Test":"TestGonFeatures","Output":"--- PASS: TestGonFeatures (0.01s)\n","OutputType":"frame"}
{"Time":"2026-10-03T11:32:35.755395-03:00","Action":"pass","Package":"honnef.co/go/tools/go/ir","Test":"TestGonFeatures","Elapsed":0.01}
{"Time":"2026-10-03T11:32:35.755403-03:00","Action":"run","Package":"honnef.co/go/tools/go/ir","Test":"TestGonErrorFlow"}
{"Time":"2026-10-03T11:32:35.755408-03:00","Action":"output","Package":"honnef.co/go/tools/go/ir","Test":"TestGonErrorFlow","Output":"=== RUN   TestGonErrorFlow\n","OutputType":"frame"}
{"Time":"2026-10-03T11:32:35.755414-03:00","Action":"run","Package":"honnef.co/go/tools/go/ir","Test":"TestGonErrorFlow/legacy"}
{"Time":"2026-10-03T11:32:35.755419-03:00","Action":"output","Package":"honnef.co/go/tools/go/ir","Test":"TestGonErrorFlow/legacy","Output":"=== RUN   TestGonErrorFlow/legacy\n","OutputType":"frame"}
{"Time":"2026-10-03T11:32:35.75752-03:00","Action":"output","Package":"honnef.co/go/tools/go/ir","Test":"TestGonErrorFlow/legacy","Output":"--- PASS: TestGonErrorFlow/legacy (0.00s)\n","OutputType":"frame"}
{"Time":"2026-10-03T11:32:35.757528-03:00","Action":"pass","Package":"honnef.co/go/tools/go/ir","Test":"TestGonErrorFlow/legacy","Elapsed":0}
{"Time":"2026-10-03T11:32:35.757533-03:00","Action":"run","Package":"honnef.co/go/tools/go/ir","Test":"TestGonErrorFlow/modern"}
{"Time":"2026-10-03T11:32:35.75754-03:00","Action":"output","Package":"honnef.co/go/tools/go/ir","Test":"TestGonErrorFlow/modern","Output":"=== RUN   TestGonErrorFlow/modern\n","OutputType":"frame"}
{"Time":"2026-10-03T11:32:35.758913-03:00","Action":"output","Package":"honnef.co/go/tools/go/ir","Test":"TestGonErrorFlow/modern","Output":"--- PASS: TestGonErrorFlow/modern (0.00s)\n","OutputType":"frame"}
{"Time":"2026-10-03T11:32:35.758923-03:00","Action":"pass","Package":"honnef.co/go/tools/go/ir","Test":"TestGonErrorFlow/modern","Elapsed":0}
{"Time":"2026-10-03T11:32:35.758932-03:00","Action":"output","Package":"honnef.co/go/tools/go/ir","Test":"TestGonErrorFlow","Output":"--- PASS: TestGonErrorFlow (0.00s)\n","OutputType":"frame"}
{"Time":"2026-10-03T11:32:35.758938-03:00","Action":"pass","Package":"honnef.co/go/tools/go/ir","Test":"TestGonErrorFlow","Elapsed":0}
{"Time":"2026-10-03T11:32:35.758943-03:00","Action":"run","Package":"honnef.co/go/tools/go/ir","Test":"TestGonNamedArguments"}
{"Time":"2026-10-03T11:32:35.758948-03:00","Action":"output","Package":"honnef.co/go/tools/go/ir","Test":"TestGonNamedArguments","Output":"=== RUN   TestGonNamedArguments\n","OutputType":"frame"}
{"Time":"2026-10-03T11:32:35.758953-03:00","Action":"run","Package":"honnef.co/go/tools/go/ir","Test":"TestGonNamedArguments/legacy"}
{"Time":"2026-10-03T11:32:35.758957-03:00","Action":"output","Package":"honnef.co/go/tools/go/ir","Test":"TestGonNamedArguments/legacy","Output":"=== RUN   TestGonNamedArguments/legacy\n","OutputType":"frame"}
{"Time":"2026-10-03T11:32:35.759752-03:00","Action":"output","Package":"honnef.co/go/tools/go/ir","Test":"TestGonNamedArguments/legacy","Output":"--- PASS: TestGonNamedArguments/legacy (0.00s)\n","OutputType":"frame"}
{"Time":"2026-10-03T11:32:35.75976-03:00","Action":"pass","Package":"honnef.co/go/tools/go/ir","Test":"TestGonNamedArguments/legacy","Elapsed":0}
{"Time":"2026-10-03T11:32:35.759764-03:00","Action":"run","Package":"honnef.co/go/tools/go/ir","Test":"TestGonNamedArguments/modern"}
{"Time":"2026-10-03T11:32:35.759768-03:00","Action":"output","Package":"honnef.co/go/tools/go/ir","Test":"TestGonNamedArguments/modern","Output":"=== RUN   TestGonNamedArguments/modern\n","OutputType":"frame"}
{"Time":"2026-10-03T11:32:35.760465-03:00","Action":"output","Package":"honnef.co/go/tools/go/ir","Test":"TestGonNamedArguments/modern","Output":"--- PASS: TestGonNamedArguments/modern (0.00s)\n","OutputType":"frame"}
{"Time":"2026-10-03T11:32:35.760472-03:00","Action":"pass","Package":"honnef.co/go/tools/go/ir","Test":"TestGonNamedArguments/modern","Elapsed":0}
{"Time":"2026-10-03T11:32:35.760481-03:00","Action":"output","Package":"honnef.co/go/tools/go/ir","Test":"TestGonNamedArguments","Output":"--- PASS: TestGonNamedArguments (0.00s)\n","OutputType":"frame"}
{"Time":"2026-10-03T11:32:35.760488-03:00","Action":"pass","Package":"honnef.co/go/tools/go/ir","Test":"TestGonNamedArguments","Elapsed":0}
{"Time":"2026-10-03T11:32:35.760494-03:00","Action":"output","Package":"honnef.co/go/tools/go/ir","Output":"PASS\n","OutputType":"frame"}
{"Time":"2026-10-03T11:32:35.761253-03:00","Action":"output","Package":"honnef.co/go/tools/go/ir","Output":"ok  \thonnef.co/go/tools/go/ir\t0.313s\n"}
{"Time":"2026-10-03T11:32:35.761276-03:00","Action":"pass","Package":"honnef.co/go/tools/go/ir","Elapsed":0.313}
