{"Time":"2026-10-03T11:32:00.151386-03:00","Action":"start","Package":"golang.org/x/tools/go/ast/inspector"}
{"Time":"2026-10-03T11:32:00.151645-03:00","Action":"start","Package":"golang.org/x/tools/go/ast/astutil"}
{"Time":"2026-10-03T11:32:00.152231-03:00","Action":"start","Package":"golang.org/x/tools/go/ast/edge"}
{"Time":"2026-10-03T11:32:00.288874-03:00","Action":"start","Package":"golang.org/x/tools/go/cfg"}
{"Time":"2026-10-03T11:32:00.34993-03:00","Action":"output","Package":"golang.org/x/tools/go/ast/edge","Output":"testing: warning: no tests to run\n"}
{"Time":"2026-10-03T11:32:00.35005-03:00","Action":"output","Package":"golang.org/x/tools/go/ast/edge","Output":"PASS\n","OutputType":"frame"}
{"Time":"2026-10-03T11:32:00.350253-03:00","Action":"output","Package":"golang.org/x/tools/go/ast/edge","Output":"ok  \tgolang.org/x/tools/go/ast/edge\t0.198s [no tests to run]\n"}
{"Time":"2026-10-03T11:32:00.350296-03:00","Action":"pass","Package":"golang.org/x/tools/go/ast/edge","Elapsed":0.198}
{"Time":"2026-10-03T11:32:00.358993-03:00","Action":"run","Package":"golang.org/x/tools/go/ast/astutil","Test":"TestCondExpr"}
{"Time":"2026-10-03T11:32:00.359036-03:00","Action":"output","Package":"golang.org/x/tools/go/ast/astutil","Test":"TestCondExpr","Output":"=== RUN   TestCondExpr\n","OutputType":"frame"}
{"Time":"2026-10-03T11:32:00.35927-03:00","Action":"output","Package":"golang.org/x/tools/go/ast/astutil","Test":"TestCondExpr","Output":"--- PASS: TestCondExpr (0.00s)\n","OutputType":"frame"}
{"Time":"2026-10-03T11:32:00.359285-03:00","Action":"pass","Package":"golang.org/x/tools/go/ast/astutil","Test":"TestCondExpr","Elapsed":0}
{"Time":"2026-10-03T11:32:00.359296-03:00","Action":"run","Package":"golang.org/x/tools/go/ast/astutil","Test":"TestCondExprMissingElse"}
{"Time":"2026-10-03T11:32:00.3593-03:00","Action":"output","Package":"golang.org/x/tools/go/ast/astutil","Test":"TestCondExprMissingElse","Output":"=== RUN   TestCondExprMissingElse\n","OutputType":"frame"}
{"Time":"2026-10-03T11:32:00.359349-03:00","Action":"output","Package":"golang.org/x/tools/go/ast/astutil","Test":"TestCondExprMissingElse","Output":"--- PASS: TestCondExprMissingElse (0.00s)\n","OutputType":"frame"}
{"Time":"2026-10-03T11:32:00.359358-03:00","Action":"pass","Package":"golang.org/x/tools/go/ast/astutil","Test":"TestCondExprMissingElse","Elapsed":0}
{"Time":"2026-10-03T11:32:00.359364-03:00","Action":"run","Package":"golang.org/x/tools/go/ast/astutil","Test":"TestGonFeatureRewrites"}
{"Time":"2026-10-03T11:32:00.359367-03:00","Action":"output","Package":"golang.org/x/tools/go/ast/astutil","Test":"TestGonFeatureRewrites","Output":"=== RUN   TestGonFeatureRewrites\n","OutputType":"frame"}
{"Time":"2026-10-03T11:32:00.359427-03:00","Action":"output","Package":"golang.org/x/tools/go/ast/astutil","Test":"TestGonFeatureRewrites","Output":"--- PASS: TestGonFeatureRewrites (0.00s)\n","OutputType":"frame"}
{"Time":"2026-10-03T11:32:00.359432-03:00","Action":"pass","Package":"golang.org/x/tools/go/ast/astutil","Test":"TestGonFeatureRewrites","Elapsed":0}
{"Time":"2026-10-03T11:32:00.359456-03:00","Action":"run","Package":"golang.org/x/tools/go/ast/astutil","Test":"TestGonAlternativesReplacement"}
{"Time":"2026-10-03T11:32:00.359462-03:00","Action":"output","Package":"golang.org/x/tools/go/ast/astutil","Test":"TestGonAlternativesReplacement","Output":"=== RUN   TestGonAlternativesReplacement\n","OutputType":"frame"}
{"Time":"2026-10-03T11:32:00.359503-03:00","Action":"output","Package":"golang.org/x/tools/go/ast/astutil","Test":"TestGonAlternativesReplacement","Output":"--- PASS: TestGonAlternativesReplacement (0.00s)\n","OutputType":"frame"}
{"Time":"2026-10-03T11:32:00.359515-03:00","Action":"pass","Package":"golang.org/x/tools/go/ast/astutil","Test":"TestGonAlternativesReplacement","Elapsed":0}
{"Time":"2026-10-03T11:32:00.359526-03:00","Action":"output","Package":"golang.org/x/tools/go/ast/astutil","Output":"PASS\n","OutputType":"frame"}
{"Time":"2026-10-03T11:32:00.359888-03:00","Action":"output","Package":"golang.org/x/tools/go/ast/astutil","Output":"ok  \tgolang.org/x/tools/go/ast/astutil\t0.208s\n"}
{"Time":"2026-10-03T11:32:00.359918-03:00","Action":"pass","Package":"golang.org/x/tools/go/ast/astutil","Elapsed":0.208}
{"Time":"2026-10-03T11:32:00.396274-03:00","Action":"run","Package":"golang.org/x/tools/go/ast/inspector","Test":"TestGonAlternativesInventory"}
{"Time":"2026-10-03T11:32:00.396308-03:00","Action":"output","Package":"golang.org/x/tools/go/ast/inspector","Test":"TestGonAlternativesInventory","Output":"=== RUN   TestGonAlternativesInventory\n","OutputType":"frame"}
{"Time":"2026-10-03T11:32:00.396333-03:00","Action":"output","Package":"golang.org/x/tools/go/ast/inspector","Test":"TestGonAlternativesInventory","Output":"--- PASS: TestGonAlternativesInventory (0.00s)\n","OutputType":"frame"}
{"Time":"2026-10-03T11:32:00.396343-03:00","Action":"pass","Package":"golang.org/x/tools/go/ast/inspector","Test":"TestGonAlternativesInventory","Elapsed":0}
{"Time":"2026-10-03T11:32:00.396351-03:00","Action":"run","Package":"golang.org/x/tools/go/ast/inspector","Test":"TestCondExpr"}
{"Time":"2026-10-03T11:32:00.396356-03:00","Action":"output","Package":"golang.org/x/tools/go/ast/inspector","Test":"TestCondExpr","Output":"=== RUN   TestCondExpr\n","OutputType":"frame"}
{"Time":"2026-10-03T11:32:00.396381-03:00","Action":"output","Package":"golang.org/x/tools/go/ast/inspector","Test":"TestCondExpr","Output":"--- PASS: TestCondExpr (0.00s)\n","OutputType":"frame"}
{"Time":"2026-10-03T11:32:00.396387-03:00","Action":"pass","Package":"golang.org/x/tools/go/ast/inspector","Test":"TestCondExpr","Elapsed":0}
{"Time":"2026-10-03T11:32:00.396391-03:00","Action":"run","Package":"golang.org/x/tools/go/ast/inspector","Test":"TestErrorHandling"}
{"Time":"2026-10-03T11:32:00.396394-03:00","Action":"output","Package":"golang.org/x/tools/go/ast/inspector","Test":"TestErrorHandling","Output":"=== RUN   TestErrorHandling\n","OutputType":"frame"}
{"Time":"2026-10-03T11:32:00.396405-03:00","Action":"output","Package":"golang.org/x/tools/go/ast/inspector","Test":"TestErrorHandling","Output":"--- PASS: TestErrorHandling (0.00s)\n","OutputType":"frame"}
{"Time":"2026-10-03T11:32:00.396409-03:00","Action":"pass","Package":"golang.org/x/tools/go/ast/inspector","Test":"TestErrorHandling","Elapsed":0}
{"Time":"2026-10-03T11:32:00.396412-03:00","Action":"run","Package":"golang.org/x/tools/go/ast/inspector","Test":"TestGonFeatureEdges"}
{"Time":"2026-10-03T11:32:00.396415-03:00","Action":"output","Package":"golang.org/x/tools/go/ast/inspector","Test":"TestGonFeatureEdges","Output":"=== RUN   TestGonFeatureEdges\n","OutputType":"frame"}
{"Time":"2026-10-03T11:32:00.39646-03:00","Action":"output","Package":"golang.org/x/tools/go/ast/inspector","Test":"TestGonFeatureEdges","Output":"--- PASS: TestGonFeatureEdges (0.00s)\n","OutputType":"frame"}
{"Time":"2026-10-03T11:32:00.396482-03:00","Action":"pass","Package":"golang.org/x/tools/go/ast/inspector","Test":"TestGonFeatureEdges","Elapsed":0}
{"Time":"2026-10-03T11:32:00.396505-03:00","Action":"run","Package":"golang.org/x/tools/go/ast/inspector","Test":"TestInspectAllNodes"}
{"Time":"2026-10-03T11:32:00.396512-03:00","Action":"output","Package":"golang.org/x/tools/go/ast/inspector","Test":"TestInspectAllNodes","Output":"=== RUN   TestInspectAllNodes\n","OutputType":"frame"}
{"Time":"2026-10-03T11:32:00.400831-03:00","Action":"output","Package":"golang.org/x/tools/go/ast/inspector","Test":"TestInspectAllNodes","Output":"--- PASS: TestInspectAllNodes (0.00s)\n","OutputType":"frame"}
{"Time":"2026-10-03T11:32:00.400893-03:00","Action":"pass","Package":"golang.org/x/tools/go/ast/inspector","Test":"TestInspectAllNodes","Elapsed":0}
{"Time":"2026-10-03T11:32:00.400913-03:00","Action":"output","Package":"golang.org/x/tools/go/ast/inspector","Output":"PASS\n","OutputType":"frame"}
{"Time":"2026-10-03T11:32:00.401517-03:00","Action":"output","Package":"golang.org/x/tools/go/ast/inspector","Output":"ok  \tgolang.org/x/tools/go/ast/inspector\t0.250s\n"}
{"Time":"2026-10-03T11:32:00.401532-03:00","Action":"pass","Package":"golang.org/x/tools/go/ast/inspector","Elapsed":0.25}
{"Time":"2026-10-03T11:32:00.474137-03:00","Action":"start","Package":"golang.org/x/tools/refactor/satisfy"}
{"Time":"2026-10-03T11:32:00.474468-03:00","Action":"start","Package":"golang.org/x/tools/internal/typesinternal"}
{"Time":"2026-10-03T11:32:00.598446-03:00","Action":"run","Package":"golang.org/x/tools/go/cfg","Test":"TestGonAlternatives"}
{"Time":"2026-10-03T11:32:00.598504-03:00","Action":"output","Package":"golang.org/x/tools/go/cfg","Test":"TestGonAlternatives","Output":"=== RUN   TestGonAlternatives\n","OutputType":"frame"}
{"Time":"2026-10-03T11:32:00.598557-03:00","Action":"run","Package":"golang.org/x/tools/go/cfg","Test":"TestGonAlternatives/__=_Option[int].None?;_panic(0)"}
{"Time":"2026-10-03T11:32:00.598568-03:00","Action":"output","Package":"golang.org/x/tools/go/cfg","Test":"TestGonAlternatives/__=_Option[int].None?;_panic(0)","Output":"=== RUN   TestGonAlternatives/__=_Option[int].None?;_panic(0)\n","OutputType":"frame"}
{"Time":"2026-10-03T11:32:00.598786-03:00","Action":"output","Package":"golang.org/x/tools/go/cfg","Test":"TestGonAlternatives/__=_Option[int].None?;_panic(0)","Output":"--- PASS: TestGonAlternatives/__=_Option[int].None?;_panic(0) (0.00s)\n","OutputType":"frame"}
{"Time":"2026-10-03T11:32:00.598796-03:00","Action":"pass","Package":"golang.org/x/tools/go/cfg","Test":"TestGonAlternatives/__=_Option[int].None?;_panic(0)","Elapsed":0}
{"Time":"2026-10-03T11:32:00.598807-03:00","Action":"run","Package":"golang.org/x/tools/go/cfg","Test":"TestGonAlternatives/__=_switch_value_{_case_Event.A_=\u003e_fail()?;_default_=\u003e_1_};_panic(0)"}
{"Time":"2026-10-03T11:32:00.598816-03:00","Action":"output","Package":"golang.org/x/tools/go/cfg","Test":"TestGonAlternatives/__=_switch_value_{_case_Event.A_=\u003e_fail()?;_default_=\u003e_1_};_panic(0)","Output":"=== RUN   TestGonAlternatives/__=_switch_value_{_case_Event.A_=\u003e_fail()?;_default_=\u003e_1_};_panic(0)\n","OutputType":"frame"}
{"Time":"2026-10-03T11:32:00.598852-03:00","Action":"output","Package":"golang.org/x/tools/go/cfg","Test":"TestGonAlternatives/__=_switch_value_{_case_Event.A_=\u003e_fail()?;_default_=\u003e_1_};_panic(0)","Output":"--- PASS: TestGonAlternatives/__=_switch_value_{_case_Event.A_=\u003e_fail()?;_default_=\u003e_1_};_panic(0) (0.00s)\n","OutputType":"frame"}
{"Time":"2026-10-03T11:32:00.598859-03:00","Action":"pass","Package":"golang.org/x/tools/go/cfg","Test":"TestGonAlternatives/__=_switch_value_{_case_Event.A_=\u003e_fail()?;_default_=\u003e_1_};_panic(0)","Elapsed":0}
{"Time":"2026-10-03T11:32:00.598867-03:00","Action":"run","Package":"golang.org/x/tools/go/cfg","Test":"TestGonAlternatives/switch_value_{_case_Event.A_=\u003e_{_return_};_default_=\u003e_{_panic(0)_}_}"}
{"Time":"2026-10-03T11:32:00.598871-03:00","Action":"output","Package":"golang.org/x/tools/go/cfg","Test":"TestGonAlternatives/switch_value_{_case_Event.A_=\u003e_{_return_};_default_=\u003e_{_panic(0)_}_}","Output":"=== RUN   TestGonAlternatives/switch_value_{_case_Event.A_=\u003e_{_return_};_default_=\u003e_{_panic(0)_}_}\n","OutputType":"frame"}
{"Time":"2026-10-03T11:32:00.598879-03:00","Action":"output","Package":"golang.org/x/tools/go/cfg","Test":"TestGonAlternatives/switch_value_{_case_Event.A_=\u003e_{_return_};_default_=\u003e_{_panic(0)_}_}","Output":"--- PASS: TestGonAlternatives/switch_value_{_case_Event.A_=\u003e_{_return_};_default_=\u003e_{_panic(0)_}_} (0.00s)\n","OutputType":"frame"}
{"Time":"2026-10-03T11:32:00.598885-03:00","Action":"pass","Package":"golang.org/x/tools/go/cfg","Test":"TestGonAlternatives/switch_value_{_case_Event.A_=\u003e_{_return_};_default_=\u003e_{_panic(0)_}_}","Elapsed":0}
{"Time":"2026-10-03T11:32:00.59889-03:00","Action":"run","Package":"golang.org/x/tools/go/cfg","Test":"TestGonAlternatives/switch_value_{_case_Event.A_if_guard()_=\u003e_{_panic(0)_};_default_=\u003e_{_panic(0)_}_}"}
{"Time":"2026-10-03T11:32:00.598894-03:00","Action":"output","Package":"golang.org/x/tools/go/cfg","Test":"TestGonAlternatives/switch_value_{_case_Event.A_if_guard()_=\u003e_{_panic(0)_};_default_=\u003e_{_panic(0)_}_}","Output":"=== RUN   TestGonAlternatives/switch_value_{_case_Event.A_if_guard()_=\u003e_{_panic(0)_};_default_=\u003e_{_panic(0)_}_}\n","OutputType":"frame"}
{"Time":"2026-10-03T11:32:00.598932-03:00","Action":"output","Package":"golang.org/x/tools/go/cfg","Test":"TestGonAlternatives/switch_value_{_case_Event.A_if_guard()_=\u003e_{_panic(0)_};_default_=\u003e_{_panic(0)_}_}","Output":"--- PASS: TestGonAlternatives/switch_value_{_case_Event.A_if_guard()_=\u003e_{_panic(0)_};_default_=\u003e_{_panic(0)_}_} (0.00s)\n","OutputType":"frame"}
{"Time":"2026-10-03T11:32:00.59894-03:00","Action":"pass","Package":"golang.org/x/tools/go/cfg","Test":"TestGonAlternatives/switch_value_{_case_Event.A_if_guard()_=\u003e_{_panic(0)_};_default_=\u003e_{_panic(0)_}_}","Elapsed":0}
{"Time":"2026-10-03T11:32:00.598951-03:00","Action":"run","Package":"golang.org/x/tools/go/cfg","Test":"TestGonAlternatives/L:_switch_value_{_case_Event.A_=\u003e_{_break_L_};_default_=\u003e_{_panic(0)_}_};_panic(0)"}
{"Time":"2026-10-03T11:32:00.598956-03:00","Action":"output","Package":"golang.org/x/tools/go/cfg","Test":"TestGonAlternatives/L:_switch_value_{_case_Event.A_=\u003e_{_break_L_};_default_=\u003e_{_panic(0)_}_};_panic(0)","Output":"=== RUN   TestGonAlternatives/L:_switch_value_{_case_Event.A_=\u003e_{_break_L_};_default_=\u003e_{_panic(0)_}_};_panic(0)\n","OutputType":"frame"}
{"Time":"2026-10-03T11:32:00.598965-03:00","Action":"output","Package":"golang.org/x/tools/go/cfg","Test":"TestGonAlternatives/L:_switch_value_{_case_Event.A_=\u003e_{_break_L_};_default_=\u003e_{_panic(0)_}_};_panic(0)","Output":"--- PASS: TestGonAlternatives/L:_switch_value_{_case_Event.A_=\u003e_{_break_L_};_default_=\u003e_{_panic(0)_}_};_panic(0) (0.00s)\n","OutputType":"frame"}
{"Time":"2026-10-03T11:32:00.598993-03:00","Action":"pass","Package":"golang.org/x/tools/go/cfg","Test":"TestGonAlternatives/L:_switch_value_{_case_Event.A_=\u003e_{_break_L_};_default_=\u003e_{_panic(0)_}_};_panic(0)","Elapsed":0}
{"Time":"2026-10-03T11:32:00.599019-03:00","Action":"output","Package":"golang.org/x/tools/go/cfg","Test":"TestGonAlternatives","Output":"--- PASS: TestGonAlternatives (0.00s)\n","OutputType":"frame"}
{"Time":"2026-10-03T11:32:00.599025-03:00","Action":"pass","Package":"golang.org/x/tools/go/cfg","Test":"TestGonAlternatives","Elapsed":0}
{"Time":"2026-10-03T11:32:00.599029-03:00","Action":"run","Package":"golang.org/x/tools/go/cfg","Test":"TestCondExprControlFlow"}
{"Time":"2026-10-03T11:32:00.599033-03:00","Action":"output","Package":"golang.org/x/tools/go/cfg","Test":"TestCondExprControlFlow","Output":"=== RUN   TestCondExprControlFlow\n","OutputType":"frame"}
{"Time":"2026-10-03T11:32:00.599093-03:00","Action":"run","Package":"golang.org/x/tools/go/cfg","Test":"TestCondExprControlFlow/__=_if_c_{_1_}_else_{_2_};_panic(0)"}
{"Time":"2026-10-03T11:32:00.599099-03:00","Action":"output","Package":"golang.org/x/tools/go/cfg","Test":"TestCondExprControlFlow/__=_if_c_{_1_}_else_{_2_};_panic(0)","Output":"=== RUN   TestCondExprControlFlow/__=_if_c_{_1_}_else_{_2_};_panic(0)\n","OutputType":"frame"}
{"Time":"2026-10-03T11:32:00.599105-03:00","Action":"output","Package":"golang.org/x/tools/go/cfg","Test":"TestCondExprControlFlow/__=_if_c_{_1_}_else_{_2_};_panic(0)","Output":"--- PASS: TestCondExprControlFlow/__=_if_c_{_1_}_else_{_2_};_panic(0) (0.00s)\n","OutputType":"frame"}
{"Time":"2026-10-03T11:32:00.59911-03:00","Action":"pass","Package":"golang.org/x/tools/go/cfg","Test":"TestCondExprControlFlow/__=_if_c_{_1_}_else_{_2_};_panic(0)","Elapsed":0}
{"Time":"2026-10-03T11:32:00.59912-03:00","Action":"run","Package":"golang.org/x/tools/go/cfg","Test":"TestCondExprControlFlow/panic(if_c_{_1_}_else_{_2_})"}
{"Time":"2026-10-03T11:32:00.599125-03:00","Action":"output","Package":"golang.org/x/tools/go/cfg","Test":"TestCondExprControlFlow/panic(if_c_{_1_}_else_{_2_})","Output":"=== RUN   TestCondExprControlFlow/panic(if_c_{_1_}_else_{_2_})\n","OutputType":"frame"}
{"Time":"2026-10-03T11:32:00.599142-03:00","Action":"output","Package":"golang.org/x/tools/go/cfg","Test":"TestCondExprControlFlow/panic(if_c_{_1_}_else_{_2_})","Output":"--- PASS: TestCondExprControlFlow/panic(if_c_{_1_}_else_{_2_}) (0.00s)\n","OutputType":"frame"}
{"Time":"2026-10-03T11:32:00.599154-03:00","Action":"pass","Package":"golang.org/x/tools/go/cfg","Test":"TestCondExprControlFlow/panic(if_c_{_1_}_else_{_2_})","Elapsed":0}
{"Time":"2026-10-03T11:32:00.599159-03:00","Action":"run","Package":"golang.org/x/tools/go/cfg","Test":"TestCondExprControlFlow/return_if_c_{_1_}_else_{_2_}"}
{"Time":"2026-10-03T11:32:00.599163-03:00","Action":"output","Package":"golang.org/x/tools/go/cfg","Test":"TestCondExprControlFlow/return_if_c_{_1_}_else_{_2_}","Output":"=== RUN   TestCondExprControlFlow/return_if_c_{_1_}_else_{_2_}\n","OutputType":"frame"}
{"Time":"2026-10-03T11:32:00.599168-03:00","Action":"output","Package":"golang.org/x/tools/go/cfg","Test":"TestCondExprControlFlow/return_if_c_{_1_}_else_{_2_}","Output":"--- PASS: TestCondExprControlFlow/return_if_c_{_1_}_else_{_2_} (0.00s)\n","OutputType":"frame"}
{"Time":"2026-10-03T11:32:00.599173-03:00","Action":"pass","Package":"golang.org/x/tools/go/cfg","Test":"TestCondExprControlFlow/return_if_c_{_1_}_else_{_2_}","Elapsed":0}
{"Time":"2026-10-03T11:32:00.599177-03:00","Action":"run","Package":"golang.org/x/tools/go/cfg","Test":"TestCondExprControlFlow/__=_if_c_{_f()!_}_else_{_0_};_panic(0)"}
{"Time":"2026-10-03T11:32:00.599181-03:00","Action":"output","Package":"golang.org/x/tools/go/cfg","Test":"TestCondExprControlFlow/__=_if_c_{_f()!_}_else_{_0_};_panic(0)","Output":"=== RUN   TestCondExprControlFlow/__=_if_c_{_f()!_}_else_{_0_};_panic(0)\n","OutputType":"frame"}
{"Time":"2026-10-03T11:32:00.599276-03:00","Action":"output","Package":"golang.org/x/tools/go/cfg","Test":"TestCondExprControlFlow/__=_if_c_{_f()!_}_else_{_0_};_panic(0)","Output":"--- PASS: TestCondExprControlFlow/__=_if_c_{_f()!_}_else_{_0_};_panic(0) (0.00s)\n","OutputType":"frame"}
{"Time":"2026-10-03T11:32:00.599291-03:00","Action":"pass","Package":"golang.org/x/tools/go/cfg","Test":"TestCondExprControlFlow/__=_if_c_{_f()!_}_else_{_0_};_panic(0)","Elapsed":0}
{"Time":"2026-10-03T11:32:00.599298-03:00","Action":"run","Package":"golang.org/x/tools/go/cfg","Test":"TestCondExprControlFlow/__=_if_c_{_0_}_else_{_f()_or_err_{_return_}_};_panic(0)"}
{"Time":"2026-10-03T11:32:00.599303-03:00","Action":"output","Package":"golang.org/x/tools/go/cfg","Test":"TestCondExprControlFlow/__=_if_c_{_0_}_else_{_f()_or_err_{_return_}_};_panic(0)","Output":"=== RUN   TestCondExprControlFlow/__=_if_c_{_0_}_else_{_f()_or_err_{_return_}_};_panic(0)\n","OutputType":"frame"}
{"Time":"2026-10-03T11:32:00.599319-03:00","Action":"output","Package":"golang.org/x/tools/go/cfg","Test":"TestCondExprControlFlow/__=_if_c_{_0_}_else_{_f()_or_err_{_return_}_};_panic(0)","Output":"--- PASS: TestCondExprControlFlow/__=_if_c_{_0_}_else_{_f()_or_err_{_return_}_};_panic(0) (0.00s)\n","OutputType":"frame"}
{"Time":"2026-10-03T11:32:00.599328-03:00","Action":"pass","Package":"golang.org/x/tools/go/cfg","Test":"TestCondExprControlFlow/__=_if_c_{_0_}_else_{_f()_or_err_{_return_}_};_panic(0)","Elapsed":0}
{"Time":"2026-10-03T11:32:00.599334-03:00","Action":"run","Package":"golang.org/x/tools/go/cfg","Test":"TestCondExprControlFlow/__=_if_c_{_f()_or_err_{_panic(err)_}_}_else_{_g()_or_err_{_panic(err)_}_};_panic(0)"}
{"Time":"2026-10-03T11:32:00.599339-03:00","Action":"output","Package":"golang.org/x/tools/go/cfg","Test":"TestCondExprControlFlow/__=_if_c_{_f()_or_err_{_panic(err)_}_}_else_{_g()_or_err_{_panic(err)_}_};_panic(0)","Output":"=== RUN   TestCondExprControlFlow/__=_if_c_{_f()_or_err_{_panic(err)_}_}_else_{_g()_or_err_{_panic(err)_}_};_panic(0)\n","OutputType":"frame"}
{"Time":"2026-10-03T11:32:00.599354-03:00","Action":"output","Package":"golang.org/x/tools/go/cfg","Test":"TestCondExprControlFlow/__=_if_c_{_f()_or_err_{_panic(err)_}_}_else_{_g()_or_err_{_panic(err)_}_};_panic(0)","Output":"--- PASS: TestCondExprControlFlow/__=_if_c_{_f()_or_err_{_panic(err)_}_}_else_{_g()_or_err_{_panic(err)_}_};_panic(0) (0.00s)\n","OutputType":"frame"}
{"Time":"2026-10-03T11:32:00.599367-03:00","Action":"pass","Package":"golang.org/x/tools/go/cfg","Test":"TestCondExprControlFlow/__=_if_c_{_f()_or_err_{_panic(err)_}_}_else_{_g()_or_err_{_panic(err)_}_};_panic(0)","Elapsed":0}
{"Time":"2026-10-03T11:32:00.599373-03:00","Action":"run","Package":"golang.org/x/tools/go/cfg","Test":"TestCondExprControlFlow/__=_if_f()!_{_1_}_else_{_2_};_panic(0)"}
{"Time":"2026-10-03T11:32:00.599377-03:00","Action":"output","Package":"golang.org/x/tools/go/cfg","Test":"TestCondExprControlFlow/__=_if_f()!_{_1_}_else_{_2_};_panic(0)","Output":"=== RUN   TestCondExprControlFlow/__=_if_f()!_{_1_}_else_{_2_};_panic(0)\n","OutputType":"frame"}
{"Time":"2026-10-03T11:32:00.599383-03:00","Action":"output","Package":"golang.org/x/tools/go/cfg","Test":"TestCondExprControlFlow/__=_if_f()!_{_1_}_else_{_2_};_panic(0)","Output":"--- PASS: TestCondExprControlFlow/__=_if_f()!_{_1_}_else_{_2_};_panic(0) (0.00s)\n","OutputType":"frame"}
{"Time":"2026-10-03T11:32:00.599387-03:00","Action":"pass","Package":"golang.org/x/tools/go/cfg","Test":"TestCondExprControlFlow/__=_if_f()!_{_1_}_else_{_2_};_panic(0)","Elapsed":0}
{"Time":"2026-10-03T11:32:00.599391-03:00","Action":"run","Package":"golang.org/x/tools/go/cfg","Test":"TestCondExprControlFlow/__=_g(1,_if_c_{_f()!_}_else_{_0_});_panic(0)"}
{"Time":"2026-10-03T11:32:00.599395-03:00","Action":"output","Package":"golang.org/x/tools/go/cfg","Test":"TestCondExprControlFlow/__=_g(1,_if_c_{_f()!_}_else_{_0_});_panic(0)","Output":"=== RUN   TestCondExprControlFlow/__=_g(1,_if_c_{_f()!_}_else_{_0_});_panic(0)\n","OutputType":"frame"}
{"Time":"2026-10-03T11:32:00.5994-03:00","Action":"output","Package":"golang.org/x/tools/go/cfg","Test":"TestCondExprControlFlow/__=_g(1,_if_c_{_f()!_}_else_{_0_});_panic(0)","Output":"--- PASS: TestCondExprControlFlow/__=_g(1,_if_c_{_f()!_}_else_{_0_});_panic(0) (0.00s)\n","OutputType":"frame"}
{"Time":"2026-10-03T11:32:00.599406-03:00","Action":"pass","Package":"golang.org/x/tools/go/cfg","Test":"TestCondExprControlFlow/__=_g(1,_if_c_{_f()!_}_else_{_0_});_panic(0)","Elapsed":0}
{"Time":"2026-10-03T11:32:00.599411-03:00","Action":"run","Package":"golang.org/x/tools/go/cfg","Test":"TestCondExprControlFlow/__=_if_c_{_g(if_d_{_f()!_}_else_{_0_})_}_else_{_0_};_panic(0)"}
{"Time":"2026-10-03T11:32:00.599415-03:00","Action":"output","Package":"golang.org/x/tools/go/cfg","Test":"TestCondExprControlFlow/__=_if_c_{_g(if_d_{_f()!_}_else_{_0_})_}_else_{_0_};_panic(0)","Output":"=== RUN   TestCondExprControlFlow/__=_if_c_{_g(if_d_{_f()!_}_else_{_0_})_}_else_{_0_};_panic(0)\n","OutputType":"frame"}
{"Time":"2026-10-03T11:32:00.59942-03:00","Action":"output","Package":"golang.org/x/tools/go/cfg","Test":"TestCondExprControlFlow/__=_if_c_{_g(if_d_{_f()!_}_else_{_0_})_}_else_{_0_};_panic(0)","Output":"--- PASS: TestCondExprControlFlow/__=_if_c_{_g(if_d_{_f()!_}_else_{_0_})_}_else_{_0_};_panic(0) (0.00s)\n","OutputType":"frame"}
{"Time":"2026-10-03T11:32:00.599425-03:00","Action":"pass","Package":"golang.org/x/tools/go/cfg","Test":"TestCondExprControlFlow/__=_if_c_{_g(if_d_{_f()!_}_else_{_0_})_}_else_{_0_};_panic(0)","Elapsed":0}
{"Time":"2026-10-03T11:32:00.59943-03:00","Action":"run","Package":"golang.org/x/tools/go/cfg","Test":"TestCondExprControlFlow/__=_if_c_{_func()_int_{_f()!;_return_0_}_}_else_{_nil_};_panic(0)"}
{"Time":"2026-10-03T11:32:00.599435-03:00","Action":"output","Package":"golang.org/x/tools/go/cfg","Test":"TestCondExprControlFlow/__=_if_c_{_func()_int_{_f()!;_return_0_}_}_else_{_nil_};_panic(0)","Output":"=== RUN   TestCondExprControlFlow/__=_if_c_{_func()_int_{_f()!;_return_0_}_}_else_{_nil_};_panic(0)\n","OutputType":"frame"}
{"Time":"2026-10-03T11:32:00.59944-03:00","Action":"output","Package":"golang.org/x/tools/go/cfg","Test":"TestCondExprControlFlow/__=_if_c_{_func()_int_{_f()!;_return_0_}_}_else_{_nil_};_panic(0)","Output":"--- PASS: TestCondExprControlFlow/__=_if_c_{_func()_int_{_f()!;_return_0_}_}_else_{_nil_};_panic(0) (0.00s)\n","OutputType":"frame"}
{"Time":"2026-10-03T11:32:00.599444-03:00","Action":"pass","Package":"golang.org/x/tools/go/cfg","Test":"TestCondExprControlFlow/__=_if_c_{_func()_int_{_f()!;_return_0_}_}_else_{_nil_};_panic(0)","Elapsed":0}
{"Time":"2026-10-03T11:32:00.599452-03:00","Action":"run","Package":"golang.org/x/tools/go/cfg","Test":"TestCondExprControlFlow/defer_g(if_c_{_f()!_}_else_{_0_});_panic(0)"}
{"Time":"2026-10-03T11:32:00.599456-03:00","Action":"output","Package":"golang.org/x/tools/go/cfg","Test":"TestCondExprControlFlow/defer_g(if_c_{_f()!_}_else_{_0_});_panic(0)","Output":"=== RUN   TestCondExprControlFlow/defer_g(if_c_{_f()!_}_else_{_0_});_panic(0)\n","OutputType":"frame"}
{"Time":"2026-10-03T11:32:00.599463-03:00","Action":"output","Package":"golang.org/x/tools/go/cfg","Test":"TestCondExprControlFlow/defer_g(if_c_{_f()!_}_else_{_0_});_panic(0)","Output":"--- PASS: TestCondExprControlFlow/defer_g(if_c_{_f()!_}_else_{_0_});_panic(0) (0.00s)\n","OutputType":"frame"}
{"Time":"2026-10-03T11:32:00.599467-03:00","Action":"pass","Package":"golang.org/x/tools/go/cfg","Test":"TestCondExprControlFlow/defer_g(if_c_{_f()!_}_else_{_0_});_panic(0)","Elapsed":0}
{"Time":"2026-10-03T11:32:00.599472-03:00","Action":"output","Package":"golang.org/x/tools/go/cfg","Test":"TestCondExprControlFlow","Output":"--- PASS: TestCondExprControlFlow (0.00s)\n","OutputType":"frame"}
{"Time":"2026-10-03T11:32:00.599476-03:00","Action":"pass","Package":"golang.org/x/tools/go/cfg","Test":"TestCondExprControlFlow","Elapsed":0}
{"Time":"2026-10-03T11:32:00.59948-03:00","Action":"run","Package":"golang.org/x/tools/go/cfg","Test":"TestCondExprBlocks"}
{"Time":"2026-10-03T11:32:00.599484-03:00","Action":"output","Package":"golang.org/x/tools/go/cfg","Test":"TestCondExprBlocks","Output":"=== RUN   TestCondExprBlocks\n","OutputType":"frame"}
{"Time":"2026-10-03T11:32:00.599589-03:00","Action":"output","Package":"golang.org/x/tools/go/cfg","Test":"TestCondExprBlocks","Output":"--- PASS: TestCondExprBlocks (0.00s)\n","OutputType":"frame"}
{"Time":"2026-10-03T11:32:00.599597-03:00","Action":"pass","Package":"golang.org/x/tools/go/cfg","Test":"TestCondExprBlocks","Elapsed":0}
{"Time":"2026-10-03T11:32:00.599602-03:00","Action":"run","Package":"golang.org/x/tools/go/cfg","Test":"TestErrorHandlingControlFlow"}
{"Time":"2026-10-03T11:32:00.599606-03:00","Action":"output","Package":"golang.org/x/tools/go/cfg","Test":"TestErrorHandlingControlFlow","Output":"=== RUN   TestErrorHandlingControlFlow\n","OutputType":"frame"}
{"Time":"2026-10-03T11:32:00.599611-03:00","Action":"run","Package":"golang.org/x/tools/go/cfg","Test":"TestErrorHandlingControlFlow/f()!;_panic(0)"}
{"Time":"2026-10-03T11:32:00.599615-03:00","Action":"output","Package":"golang.org/x/tools/go/cfg","Test":"TestErrorHandlingControlFlow/f()!;_panic(0)","Output":"=== RUN   TestErrorHandlingControlFlow/f()!;_panic(0)\n","OutputType":"frame"}
{"Time":"2026-10-03T11:32:00.599673-03:00","Action":"output","Package":"golang.org/x/tools/go/cfg","Test":"TestErrorHandlingControlFlow/f()!;_panic(0)","Output":"--- PASS: TestErrorHandlingControlFlow/f()!;_panic(0) (0.00s)\n","OutputType":"frame"}
{"Time":"2026-10-03T11:32:00.59968-03:00","Action":"pass","Package":"golang.org/x/tools/go/cfg","Test":"TestErrorHandlingControlFlow/f()!;_panic(0)","Elapsed":0}
{"Time":"2026-10-03T11:32:00.599685-03:00","Action":"run","Package":"golang.org/x/tools/go/cfg","Test":"TestErrorHandlingControlFlow/f()_or_err_{_return_};_panic(0)"}
{"Time":"2026-10-03T11:32:00.599689-03:00","Action":"output","Package":"golang.org/x/tools/go/cfg","Test":"TestErrorHandlingControlFlow/f()_or_err_{_return_};_panic(0)","Output":"=== RUN   TestErrorHandlingControlFlow/f()_or_err_{_return_};_panic(0)\n","OutputType":"frame"}
{"Time":"2026-10-03T11:32:00.599694-03:00","Action":"output","Package":"golang.org/x/tools/go/cfg","Test":"TestErrorHandlingControlFlow/f()_or_err_{_return_};_panic(0)","Output":"--- PASS: TestErrorHandlingControlFlow/f()_or_err_{_return_};_panic(0) (0.00s)\n","OutputType":"frame"}
{"Time":"2026-10-03T11:32:00.599699-03:00","Action":"pass","Package":"golang.org/x/tools/go/cfg","Test":"TestErrorHandlingControlFlow/f()_or_err_{_return_};_panic(0)","Elapsed":0}
{"Time":"2026-10-03T11:32:00.599709-03:00","Action":"run","Package":"golang.org/x/tools/go/cfg","Test":"TestErrorHandlingControlFlow/f()_or_err_{_panic(err)_};_panic(0)"}
{"Time":"2026-10-03T11:32:00.599713-03:00","Action":"output","Package":"golang.org/x/tools/go/cfg","Test":"TestErrorHandlingControlFlow/f()_or_err_{_panic(err)_};_panic(0)","Output":"=== RUN   TestErrorHandlingControlFlow/f()_or_err_{_panic(err)_};_panic(0)\n","OutputType":"frame"}
{"Time":"2026-10-03T11:32:00.59972-03:00","Action":"output","Package":"golang.org/x/tools/go/cfg","Test":"TestErrorHandlingControlFlow/f()_or_err_{_panic(err)_};_panic(0)","Output":"--- PASS: TestErrorHandlingControlFlow/f()_or_err_{_panic(err)_};_panic(0) (0.00s)\n","OutputType":"frame"}
{"Time":"2026-10-03T11:32:00.599725-03:00","Action":"pass","Package":"golang.org/x/tools/go/cfg","Test":"TestErrorHandlingControlFlow/f()_or_err_{_panic(err)_};_panic(0)","Elapsed":0}
{"Time":"2026-10-03T11:32:00.59973-03:00","Action":"run","Package":"golang.org/x/tools/go/cfg","Test":"TestErrorHandlingControlFlow/f()_or_err_{};_return"}
{"Time":"2026-10-03T11:32:00.599734-03:00","Action":"output","Package":"golang.org/x/tools/go/cfg","Test":"TestErrorHandlingControlFlow/f()_or_err_{};_return","Output":"=== RUN   TestErrorHandlingControlFlow/f()_or_err_{};_return\n","OutputType":"frame"}
{"Time":"2026-10-03T11:32:00.599754-03:00","Action":"output","Package":"golang.org/x/tools/go/cfg","Test":"TestErrorHandlingControlFlow/f()_or_err_{};_return","Output":"--- PASS: TestErrorHandlingControlFlow/f()_or_err_{};_return (0.00s)\n","OutputType":"frame"}
{"Time":"2026-10-03T11:32:00.599759-03:00","Action":"pass","Package":"golang.org/x/tools/go/cfg","Test":"TestErrorHandlingControlFlow/f()_or_err_{};_return","Elapsed":0}
{"Time":"2026-10-03T11:32:00.599764-03:00","Action":"run","Package":"golang.org/x/tools/go/cfg","Test":"TestErrorHandlingControlFlow/__=_func()_{_f()!_};_panic(0)"}
{"Time":"2026-10-03T11:32:00.599768-03:00","Action":"output","Package":"golang.org/x/tools/go/cfg","Test":"TestErrorHandlingControlFlow/__=_func()_{_f()!_};_panic(0)","Output":"=== RUN   TestErrorHandlingControlFlow/__=_func()_{_f()!_};_panic(0)\n","OutputType":"frame"}
{"Time":"2026-10-03T11:32:00.599786-03:00","Action":"output","Package":"golang.org/x/tools/go/cfg","Test":"TestErrorHandlingControlFlow/__=_func()_{_f()!_};_panic(0)","Output":"--- PASS: TestErrorHandlingControlFlow/__=_func()_{_f()!_};_panic(0) (0.00s)\n","OutputType":"frame"}
{"Time":"2026-10-03T11:32:00.599791-03:00","Action":"pass","Package":"golang.org/x/tools/go/cfg","Test":"TestErrorHandlingControlFlow/__=_func()_{_f()!_};_panic(0)","Elapsed":0}
{"Time":"2026-10-03T11:32:00.599796-03:00","Action":"run","Package":"golang.org/x/tools/go/cfg","Test":"TestErrorHandlingControlFlow/g(f()!)!;_panic(0)"}
{"Time":"2026-10-03T11:32:00.5998-03:00","Action":"output","Package":"golang.org/x/tools/go/cfg","Test":"TestErrorHandlingControlFlow/g(f()!)!;_panic(0)","Output":"=== RUN   TestErrorHandlingControlFlow/g(f()!)!;_panic(0)\n","OutputType":"frame"}
{"Time":"2026-10-03T11:32:00.599812-03:00","Action":"output","Package":"golang.org/x/tools/go/cfg","Test":"TestErrorHandlingControlFlow/g(f()!)!;_panic(0)","Output":"--- PASS: TestErrorHandlingControlFlow/g(f()!)!;_panic(0) (0.00s)\n","OutputType":"frame"}
{"Time":"2026-10-03T11:32:00.599818-03:00","Action":"pass","Package":"golang.org/x/tools/go/cfg","Test":"TestErrorHandlingControlFlow/g(f()!)!;_panic(0)","Elapsed":0}
{"Time":"2026-10-03T11:32:00.599823-03:00","Action":"output","Package":"golang.org/x/tools/go/cfg","Test":"TestErrorHandlingControlFlow","Output":"--- PASS: TestErrorHandlingControlFlow (0.00s)\n","OutputType":"frame"}
{"Time":"2026-10-03T11:32:00.599827-03:00","Action":"pass","Package":"golang.org/x/tools/go/cfg","Test":"TestErrorHandlingControlFlow","Elapsed":0}
{"Time":"2026-10-03T11:32:00.599831-03:00","Action":"run","Package":"golang.org/x/tools/go/cfg","Test":"TestGonFeatureControlFlow"}
{"Time":"2026-10-03T11:32:00.599835-03:00","Action":"output","Package":"golang.org/x/tools/go/cfg","Test":"TestGonFeatureControlFlow","Output":"=== RUN   TestGonFeatureControlFlow\n","OutputType":"frame"}
{"Time":"2026-10-03T11:32:00.599845-03:00","Action":"run","Package":"golang.org/x/tools/go/cfg","Test":"TestGonFeatureControlFlow/var_f_func()_error_=_()_=\u003e_{_g()!;_return_nil_};_panic(0)"}
{"Time":"2026-10-03T11:32:00.599849-03:00","Action":"output","Package":"golang.org/x/tools/go/cfg","Test":"TestGonFeatureControlFlow/var_f_func()_error_=_()_=\u003e_{_g()!;_return_nil_};_panic(0)","Output":"=== RUN   TestGonFeatureControlFlow/var_f_func()_error_=_()_=\u003e_{_g()!;_return_nil_};_panic(0)\n","OutputType":"frame"}
{"Time":"2026-10-03T11:32:00.599855-03:00","Action":"output","Package":"golang.org/x/tools/go/cfg","Test":"TestGonFeatureControlFlow/var_f_func()_error_=_()_=\u003e_{_g()!;_return_nil_};_panic(0)","Output":"--- PASS: TestGonFeatureControlFlow/var_f_func()_error_=_()_=\u003e_{_g()!;_return_nil_};_panic(0) (0.00s)\n","OutputType":"frame"}
{"Time":"2026-10-03T11:32:00.599859-03:00","Action":"pass","Package":"golang.org/x/tools/go/cfg","Test":"TestGonFeatureControlFlow/var_f_func()_error_=_()_=\u003e_{_g()!;_return_nil_};_panic(0)","Elapsed":0}
{"Time":"2026-10-03T11:32:00.599863-03:00","Action":"run","Package":"golang.org/x/tools/go/cfg","Test":"TestGonFeatureControlFlow/var_f_func()_error_=_()_=\u003e_g()!;_panic(0)"}
{"Time":"2026-10-03T11:32:00.599867-03:00","Action":"output","Package":"golang.org/x/tools/go/cfg","Test":"TestGonFeatureControlFlow/var_f_func()_error_=_()_=\u003e_g()!;_panic(0)","Output":"=== RUN   TestGonFeatureControlFlow/var_f_func()_error_=_()_=\u003e_g()!;_panic(0)\n","OutputType":"frame"}
{"Time":"2026-10-03T11:32:00.599872-03:00","Action":"output","Package":"golang.org/x/tools/go/cfg","Test":"TestGonFeatureControlFlow/var_f_func()_error_=_()_=\u003e_g()!;_panic(0)","Output":"--- PASS: TestGonFeatureControlFlow/var_f_func()_error_=_()_=\u003e_g()!;_panic(0) (0.00s)\n","OutputType":"frame"}
{"Time":"2026-10-03T11:32:00.599877-03:00","Action":"pass","Package":"golang.org/x/tools/go/cfg","Test":"TestGonFeatureControlFlow/var_f_func()_error_=_()_=\u003e_g()!;_panic(0)","Elapsed":0}
{"Time":"2026-10-03T11:32:00.599881-03:00","Action":"run","Package":"golang.org/x/tools/go/cfg","Test":"TestGonFeatureControlFlow/__=_p?.M(g()!);_panic(0)"}
{"Time":"2026-10-03T11:32:00.599885-03:00","Action":"output","Package":"golang.org/x/tools/go/cfg","Test":"TestGonFeatureControlFlow/__=_p?.M(g()!);_panic(0)","Output":"=== RUN   TestGonFeatureControlFlow/__=_p?.M(g()!);_panic(0)\n","OutputType":"frame"}
{"Time":"2026-10-03T11:32:00.599902-03:00","Action":"output","Package":"golang.org/x/tools/go/cfg","Test":"TestGonFeatureControlFlow/__=_p?.M(g()!);_panic(0)","Output":"--- PASS: TestGonFeatureControlFlow/__=_p?.M(g()!);_panic(0) (0.00s)\n","OutputType":"frame"}
{"Time":"2026-10-03T11:32:00.599908-03:00","Action":"pass","Package":"golang.org/x/tools/go/cfg","Test":"TestGonFeatureControlFlow/__=_p?.M(g()!);_panic(0)","Elapsed":0}
{"Time":"2026-10-03T11:32:00.599912-03:00","Action":"run","Package":"golang.org/x/tools/go/cfg","Test":"TestGonFeatureControlFlow/__=_p?.M(g()_or_err_{_panic(err)_});_panic(0)"}
{"Time":"2026-10-03T11:32:00.599916-03:00","Action":"output","Package":"golang.org/x/tools/go/cfg","Test":"TestGonFeatureControlFlow/__=_p?.M(g()_or_err_{_panic(err)_});_panic(0)","Output":"=== RUN   TestGonFeatureControlFlow/__=_p?.M(g()_or_err_{_panic(err)_});_panic(0)\n","OutputType":"frame"}
{"Time":"2026-10-03T11:32:00.599933-03:00","Action":"output","Package":"golang.org/x/tools/go/cfg","Test":"TestGonFeatureControlFlow/__=_p?.M(g()_or_err_{_panic(err)_});_panic(0)","Output":"--- PASS: TestGonFeatureControlFlow/__=_p?.M(g()_or_err_{_panic(err)_});_panic(0) (0.00s)\n","OutputType":"frame"}
{"Time":"2026-10-03T11:32:00.599941-03:00","Action":"pass","Package":"golang.org/x/tools/go/cfg","Test":"TestGonFeatureControlFlow/__=_p?.M(g()_or_err_{_panic(err)_});_panic(0)","Elapsed":0}
{"Time":"2026-10-03T11:32:00.599946-03:00","Action":"run","Package":"golang.org/x/tools/go/cfg","Test":"TestGonFeatureControlFlow/__=_p_??_g()!;_panic(0)"}
{"Time":"2026-10-03T11:32:00.599954-03:00","Action":"output","Package":"golang.org/x/tools/go/cfg","Test":"TestGonFeatureControlFlow/__=_p_??_g()!;_panic(0)","Output":"=== RUN   TestGonFeatureControlFlow/__=_p_??_g()!;_panic(0)\n","OutputType":"frame"}
{"Time":"2026-10-03T11:32:00.59996-03:00","Action":"output","Package":"golang.org/x/tools/go/cfg","Test":"TestGonFeatureControlFlow/__=_p_??_g()!;_panic(0)","Output":"--- PASS: TestGonFeatureControlFlow/__=_p_??_g()!;_panic(0) (0.00s)\n","OutputType":"frame"}
{"Time":"2026-10-03T11:32:00.599965-03:00","Action":"pass","Package":"golang.org/x/tools/go/cfg","Test":"TestGonFeatureControlFlow/__=_p_??_g()!;_panic(0)","Elapsed":0}
{"Time":"2026-10-03T11:32:00.599969-03:00","Action":"run","Package":"golang.org/x/tools/go/cfg","Test":"TestGonFeatureControlFlow/p_??=_g()!;_panic(0)"}
{"Time":"2026-10-03T11:32:00.599972-03:00","Action":"output","Package":"golang.org/x/tools/go/cfg","Test":"TestGonFeatureControlFlow/p_??=_g()!;_panic(0)","Output":"=== RUN   TestGonFeatureControlFlow/p_??=_g()!;_panic(0)\n","OutputType":"frame"}
{"Time":"2026-10-03T11:32:00.599978-03:00","Action":"output","Package":"golang.org/x/tools/go/cfg","Test":"TestGonFeatureControlFlow/p_??=_g()!;_panic(0)","Output":"--- PASS: TestGonFeatureControlFlow/p_??=_g()!;_panic(0) (0.00s)\n","OutputType":"frame"}
{"Time":"2026-10-03T11:32:00.599982-03:00","Action":"pass","Package":"golang.org/x/tools/go/cfg","Test":"TestGonFeatureControlFlow/p_??=_g()!;_panic(0)","Elapsed":0}
{"Time":"2026-10-03T11:32:00.599986-03:00","Action":"run","Package":"golang.org/x/tools/go/cfg","Test":"TestGonFeatureControlFlow/__=_**p_??_g()!;_panic(0)"}
{"Time":"2026-10-03T11:32:00.59999-03:00","Action":"output","Package":"golang.org/x/tools/go/cfg","Test":"TestGonFeatureControlFlow/__=_**p_??_g()!;_panic(0)","Output":"=== RUN   TestGonFeatureControlFlow/__=_**p_??_g()!;_panic(0)\n","OutputType":"frame"}
{"Time":"2026-10-03T11:32:00.599996-03:00","Action":"output","Package":"golang.org/x/tools/go/cfg","Test":"TestGonFeatureControlFlow/__=_**p_??_g()!;_panic(0)","Output":"--- PASS: TestGonFeatureControlFlow/__=_**p_??_g()!;_panic(0) (0.00s)\n","OutputType":"frame"}
{"Time":"2026-10-03T11:32:00.600001-03:00","Action":"pass","Package":"golang.org/x/tools/go/cfg","Test":"TestGonFeatureControlFlow/__=_**p_??_g()!;_panic(0)","Elapsed":0}
{"Time":"2026-10-03T11:32:00.600005-03:00","Action":"output","Package":"golang.org/x/tools/go/cfg","Test":"TestGonFeatureControlFlow","Output":"--- PASS: TestGonFeatureControlFlow (0.00s)\n","OutputType":"frame"}
{"Time":"2026-10-03T11:32:00.600012-03:00","Action":"pass","Package":"golang.org/x/tools/go/cfg","Test":"TestGonFeatureControlFlow","Elapsed":0}
{"Time":"2026-10-03T11:32:00.600017-03:00","Action":"run","Package":"golang.org/x/tools/go/cfg","Test":"TestGonNilAbsentPaths"}
{"Time":"2026-10-03T11:32:00.600021-03:00","Action":"output","Package":"golang.org/x/tools/go/cfg","Test":"TestGonNilAbsentPaths","Output":"=== RUN   TestGonNilAbsentPaths\n","OutputType":"frame"}
{"Time":"2026-10-03T11:32:00.600048-03:00","Action":"output","Package":"golang.org/x/tools/go/cfg","Test":"TestGonNilAbsentPaths","Output":"--- PASS: TestGonNilAbsentPaths (0.00s)\n","OutputType":"frame"}
{"Time":"2026-10-03T11:32:00.600053-03:00","Action":"pass","Package":"golang.org/x/tools/go/cfg","Test":"TestGonNilAbsentPaths","Elapsed":0}
{"Time":"2026-10-03T11:32:00.600058-03:00","Action":"output","Package":"golang.org/x/tools/go/cfg","Output":"PASS\n","OutputType":"frame"}
{"Time":"2026-10-03T11:32:00.600684-03:00","Action":"output","Package":"golang.org/x/tools/go/cfg","Output":"ok  \tgolang.org/x/tools/go/cfg\t0.312s\n"}
{"Time":"2026-10-03T11:32:00.600694-03:00","Action":"pass","Package":"golang.org/x/tools/go/cfg","Elapsed":0.312}
{"Time":"2026-10-03T11:32:00.690415-03:00","Action":"run","Package":"golang.org/x/tools/refactor/satisfy","Test":"TestCondExpr"}
{"Time":"2026-10-03T11:32:00.690447-03:00","Action":"output","Package":"golang.org/x/tools/refactor/satisfy","Test":"TestCondExpr","Output":"=== RUN   TestCondExpr\n","OutputType":"frame"}
{"Time":"2026-10-03T11:32:00.690862-03:00","Action":"output","Package":"golang.org/x/tools/refactor/satisfy","Test":"TestCondExpr","Output":"--- PASS: TestCondExpr (0.00s)\n","OutputType":"frame"}
{"Time":"2026-10-03T11:32:00.69087-03:00","Action":"pass","Package":"golang.org/x/tools/refactor/satisfy","Test":"TestCondExpr","Elapsed":0}
{"Time":"2026-10-03T11:32:00.690877-03:00","Action":"run","Package":"golang.org/x/tools/refactor/satisfy","Test":"TestErrorHandling"}
{"Time":"2026-10-03T11:32:00.690881-03:00","Action":"output","Package":"golang.org/x/tools/refactor/satisfy","Test":"TestErrorHandling","Output":"=== RUN   TestErrorHandling\n","OutputType":"frame"}
{"Time":"2026-10-03T11:32:00.690936-03:00","Action":"output","Package":"golang.org/x/tools/refactor/satisfy","Test":"TestErrorHandling","Output":"--- PASS: TestErrorHandling (0.00s)\n","OutputType":"frame"}
{"Time":"2026-10-03T11:32:00.690941-03:00","Action":"pass","Package":"golang.org/x/tools/refactor/satisfy","Test":"TestErrorHandling","Elapsed":0}
{"Time":"2026-10-03T11:32:00.690945-03:00","Action":"run","Package":"golang.org/x/tools/refactor/satisfy","Test":"TestGonFeatureConstraints"}
{"Time":"2026-10-03T11:32:00.690948-03:00","Action":"output","Package":"golang.org/x/tools/refactor/satisfy","Test":"TestGonFeatureConstraints","Output":"=== RUN   TestGonFeatureConstraints\n","OutputType":"frame"}
{"Time":"2026-10-03T11:32:00.691033-03:00","Action":"output","Package":"golang.org/x/tools/refactor/satisfy","Test":"TestGonFeatureConstraints","Output":"--- PASS: TestGonFeatureConstraints (0.00s)\n","OutputType":"frame"}
{"Time":"2026-10-03T11:32:00.691038-03:00","Action":"pass","Package":"golang.org/x/tools/refactor/satisfy","Test":"TestGonFeatureConstraints","Elapsed":0}
{"Time":"2026-10-03T11:32:00.691041-03:00","Action":"run","Package":"golang.org/x/tools/refactor/satisfy","Test":"TestGonAlternatives"}
{"Time":"2026-10-03T11:32:00.691044-03:00","Action":"output","Package":"golang.org/x/tools/refactor/satisfy","Test":"TestGonAlternatives","Output":"=== RUN   TestGonAlternatives\n","OutputType":"frame"}
{"Time":"2026-10-03T11:32:00.691306-03:00","Action":"output","Package":"golang.org/x/tools/refactor/satisfy","Test":"TestGonAlternatives","Output":"--- PASS: TestGonAlternatives (0.00s)\n","OutputType":"frame"}
{"Time":"2026-10-03T11:32:00.69131-03:00","Action":"pass","Package":"golang.org/x/tools/refactor/satisfy","Test":"TestGonAlternatives","Elapsed":0}
{"Time":"2026-10-03T11:32:00.691325-03:00","Action":"run","Package":"golang.org/x/tools/internal/typesinternal","Test":"TestErrorCodes"}
{"Time":"2026-10-03T11:32:00.691336-03:00","Action":"output","Package":"golang.org/x/tools/internal/typesinternal","Test":"TestErrorCodes","Output":"=== RUN   TestErrorCodes\n","OutputType":"frame"}
{"Time":"2026-10-03T11:32:00.691341-03:00","Action":"output","Package":"golang.org/x/tools/refactor/satisfy","Output":"PASS\n","OutputType":"frame"}
{"Time":"2026-10-03T11:32:00.691429-03:00","Action":"output","Package":"golang.org/x/tools/internal/typesinternal","Test":"TestErrorCodes","Output":"    errorcode_test.go:22: unskip this test to verify the correctness of errorcode.go for the current Go version\n"}
{"Time":"2026-10-03T11:32:00.691453-03:00","Action":"output","Package":"golang.org/x/tools/internal/typesinternal","Test":"TestErrorCodes","Output":"--- SKIP: TestErrorCodes (0.00s)\n","OutputType":"frame"}
{"Time":"2026-10-03T11:32:00.691489-03:00","Action":"skip","Package":"golang.org/x/tools/internal/typesinternal","Test":"TestErrorCodes","Elapsed":0}
{"Time":"2026-10-03T11:32:00.69151-03:00","Action":"run","Package":"golang.org/x/tools/internal/typesinternal","Test":"TestGonErrorCodes"}
{"Time":"2026-10-03T11:32:00.691522-03:00","Action":"output","Package":"golang.org/x/tools/internal/typesinternal","Test":"TestGonErrorCodes","Output":"=== RUN   TestGonErrorCodes\n","OutputType":"frame"}
{"Time":"2026-10-03T11:32:00.691686-03:00","Action":"output","Package":"golang.org/x/tools/refactor/satisfy","Output":"ok  \tgolang.org/x/tools/refactor/satisfy\t0.218s\n"}
{"Time":"2026-10-03T11:32:00.6917-03:00","Action":"pass","Package":"golang.org/x/tools/refactor/satisfy","Elapsed":0.218}
{"Time":"2026-10-03T11:32:00.692583-03:00","Action":"output","Package":"golang.org/x/tools/internal/typesinternal","Test":"TestGonErrorCodes","Output":"    gon_errorcode_test.go:28: InvalidMatch: got 0 (present false), toolchain has 10003\n","OutputType":"error"}
{"Time":"2026-10-03T11:32:00.692595-03:00","Action":"output","Package":"golang.org/x/tools/internal/typesinternal","Test":"TestGonErrorCodes","Output":"--- FAIL: TestGonErrorCodes (0.00s)\n","OutputType":"frame"}
{"Time":"2026-10-03T11:32:00.6926-03:00","Action":"fail","Package":"golang.org/x/tools/internal/typesinternal","Test":"TestGonErrorCodes","Elapsed":0}
{"Time":"2026-10-03T11:32:00.692604-03:00","Action":"run","Package":"golang.org/x/tools/internal/typesinternal","Test":"TestGonNoEffects"}
{"Time":"2026-10-03T11:32:00.692607-03:00","Action":"output","Package":"golang.org/x/tools/internal/typesinternal","Test":"TestGonNoEffects","Output":"=== RUN   TestGonNoEffects\n","OutputType":"frame"}
{"Time":"2026-10-03T11:32:00.692723-03:00","Action":"output","Package":"golang.org/x/tools/internal/typesinternal","Test":"TestGonNoEffects","Output":"--- PASS: TestGonNoEffects (0.00s)\n","OutputType":"frame"}
{"Time":"2026-10-03T11:32:00.692727-03:00","Action":"pass","Package":"golang.org/x/tools/internal/typesinternal","Test":"TestGonNoEffects","Elapsed":0}
{"Time":"2026-10-03T11:32:00.692731-03:00","Action":"output","Package":"golang.org/x/tools/internal/typesinternal","Output":"FAIL\n","OutputType":"frame"}
{"Time":"2026-10-03T11:32:00.693085-03:00","Action":"output","Package":"golang.org/x/tools/internal/typesinternal","Output":"FAIL\tgolang.org/x/tools/internal/typesinternal\t0.219s\n","OutputType":"frame"}
{"Time":"2026-10-03T11:32:00.693092-03:00","Action":"fail","Package":"golang.org/x/tools/internal/typesinternal","Elapsed":0.219}
