{"Time":"2026-10-03T22:45:21.811387-03:00","Action":"start","Package":"cmd/compile/internal/inline"}
{"Time":"2026-10-03T22:45:22.069837-03:00","Action":"run","Package":"cmd/compile/internal/inline","Test":"TestGonLoweringAdministrativeCost"}
{"Time":"2026-10-03T22:45:22.070003-03:00","Action":"output","Package":"cmd/compile/internal/inline","Test":"TestGonLoweringAdministrativeCost","Output":"=== RUN   TestGonLoweringAdministrativeCost\n","OutputType":"frame"}
{"Time":"2026-10-03T22:45:22.070118-03:00","Action":"run","Package":"cmd/compile/internal/inline","Test":"TestGonLoweringAdministrativeCost/AutoTemp/block"}
{"Time":"2026-10-03T22:45:22.070133-03:00","Action":"output","Package":"cmd/compile/internal/inline","Test":"TestGonLoweringAdministrativeCost/AutoTemp/block","Output":"=== RUN   TestGonLoweringAdministrativeCost/AutoTemp/block\n","OutputType":"frame"}
{"Time":"2026-10-03T22:45:22.070162-03:00","Action":"output","Package":"cmd/compile/internal/inline","Test":"TestGonLoweringAdministrativeCost/AutoTemp/block","Output":"--- PASS: TestGonLoweringAdministrativeCost/AutoTemp/block (0.00s)\n","OutputType":"frame"}
{"Time":"2026-10-03T22:45:22.07019-03:00","Action":"pass","Package":"cmd/compile/internal/inline","Test":"TestGonLoweringAdministrativeCost/AutoTemp/block","Elapsed":0}
{"Time":"2026-10-03T22:45:22.070213-03:00","Action":"run","Package":"cmd/compile/internal/inline","Test":"TestGonLoweringAdministrativeCost/AutoTemp/expression"}
{"Time":"2026-10-03T22:45:22.070225-03:00","Action":"output","Package":"cmd/compile/internal/inline","Test":"TestGonLoweringAdministrativeCost/AutoTemp/expression","Output":"=== RUN   TestGonLoweringAdministrativeCost/AutoTemp/expression\n","OutputType":"frame"}
{"Time":"2026-10-03T22:45:22.070245-03:00","Action":"output","Package":"cmd/compile/internal/inline","Test":"TestGonLoweringAdministrativeCost/AutoTemp/expression","Output":"--- PASS: TestGonLoweringAdministrativeCost/AutoTemp/expression (0.00s)\n","OutputType":"frame"}
{"Time":"2026-10-03T22:45:22.070257-03:00","Action":"pass","Package":"cmd/compile/internal/inline","Test":"TestGonLoweringAdministrativeCost/AutoTemp/expression","Elapsed":0}
{"Time":"2026-10-03T22:45:22.070266-03:00","Action":"run","Package":"cmd/compile/internal/inline","Test":"TestGonLoweringAdministrativeCost/GonTemporary/block"}
{"Time":"2026-10-03T22:45:22.070283-03:00","Action":"output","Package":"cmd/compile/internal/inline","Test":"TestGonLoweringAdministrativeCost/GonTemporary/block","Output":"=== RUN   TestGonLoweringAdministrativeCost/GonTemporary/block\n","OutputType":"frame"}
{"Time":"2026-10-03T22:45:22.070304-03:00","Action":"output","Package":"cmd/compile/internal/inline","Test":"TestGonLoweringAdministrativeCost/GonTemporary/block","Output":"--- PASS: TestGonLoweringAdministrativeCost/GonTemporary/block (0.00s)\n","OutputType":"frame"}
{"Time":"2026-10-03T22:45:22.070314-03:00","Action":"pass","Package":"cmd/compile/internal/inline","Test":"TestGonLoweringAdministrativeCost/GonTemporary/block","Elapsed":0}
{"Time":"2026-10-03T22:45:22.070327-03:00","Action":"run","Package":"cmd/compile/internal/inline","Test":"TestGonLoweringAdministrativeCost/GonTemporary/expression"}
{"Time":"2026-10-03T22:45:22.07034-03:00","Action":"output","Package":"cmd/compile/internal/inline","Test":"TestGonLoweringAdministrativeCost/GonTemporary/expression","Output":"=== RUN   TestGonLoweringAdministrativeCost/GonTemporary/expression\n","OutputType":"frame"}
{"Time":"2026-10-03T22:45:22.070358-03:00","Action":"output","Package":"cmd/compile/internal/inline","Test":"TestGonLoweringAdministrativeCost/GonTemporary/expression","Output":"--- PASS: TestGonLoweringAdministrativeCost/GonTemporary/expression (0.00s)\n","OutputType":"frame"}
{"Time":"2026-10-03T22:45:22.070369-03:00","Action":"pass","Package":"cmd/compile/internal/inline","Test":"TestGonLoweringAdministrativeCost/GonTemporary/expression","Elapsed":0}
{"Time":"2026-10-03T22:45:22.070385-03:00","Action":"output","Package":"cmd/compile/internal/inline","Test":"TestGonLoweringAdministrativeCost","Output":"--- PASS: TestGonLoweringAdministrativeCost (0.00s)\n","OutputType":"frame"}
{"Time":"2026-10-03T22:45:22.070429-03:00","Action":"pass","Package":"cmd/compile/internal/inline","Test":"TestGonLoweringAdministrativeCost","Elapsed":0}
{"Time":"2026-10-03T22:45:22.070441-03:00","Action":"run","Package":"cmd/compile/internal/inline","Test":"TestGonLoweringScope"}
{"Time":"2026-10-03T22:45:22.070459-03:00","Action":"output","Package":"cmd/compile/internal/inline","Test":"TestGonLoweringScope","Output":"=== RUN   TestGonLoweringScope\n","OutputType":"frame"}
{"Time":"2026-10-03T22:45:22.070478-03:00","Action":"output","Package":"cmd/compile/internal/inline","Test":"TestGonLoweringScope","Output":"--- PASS: TestGonLoweringScope (0.00s)\n","OutputType":"frame"}
{"Time":"2026-10-03T22:45:22.070489-03:00","Action":"pass","Package":"cmd/compile/internal/inline","Test":"TestGonLoweringScope","Elapsed":0}
{"Time":"2026-10-03T22:45:22.070498-03:00","Action":"run","Package":"cmd/compile/internal/inline","Test":"TestGonLoweringOperations"}
{"Time":"2026-10-03T22:45:22.070507-03:00","Action":"output","Package":"cmd/compile/internal/inline","Test":"TestGonLoweringOperations","Output":"=== RUN   TestGonLoweringOperations\n","OutputType":"frame"}
{"Time":"2026-10-03T22:45:22.07053-03:00","Action":"output","Package":"cmd/compile/internal/inline","Test":"TestGonLoweringOperations","Output":"--- PASS: TestGonLoweringOperations (0.00s)\n","OutputType":"frame"}
{"Time":"2026-10-03T22:45:22.070541-03:00","Action":"pass","Package":"cmd/compile/internal/inline","Test":"TestGonLoweringOperations","Elapsed":0}
{"Time":"2026-10-03T22:45:22.07055-03:00","Action":"run","Package":"cmd/compile/internal/inline","Test":"TestGonLoweringCallbackCost"}
{"Time":"2026-10-03T22:45:22.070557-03:00","Action":"output","Package":"cmd/compile/internal/inline","Test":"TestGonLoweringCallbackCost","Output":"=== RUN   TestGonLoweringCallbackCost\n","OutputType":"frame"}
{"Time":"2026-10-03T22:45:22.07057-03:00","Action":"run","Package":"cmd/compile/internal/inline","Test":"TestGonLoweringCallbackCost/immutable"}
{"Time":"2026-10-03T22:45:22.070579-03:00","Action":"output","Package":"cmd/compile/internal/inline","Test":"TestGonLoweringCallbackCost/immutable","Output":"=== RUN   TestGonLoweringCallbackCost/immutable\n","OutputType":"frame"}
{"Time":"2026-10-03T22:45:22.070589-03:00","Action":"output","Package":"cmd/compile/internal/inline","Test":"TestGonLoweringCallbackCost/immutable","Output":"--- PASS: TestGonLoweringCallbackCost/immutable (0.00s)\n","OutputType":"frame"}
{"Time":"2026-10-03T22:45:22.070598-03:00","Action":"pass","Package":"cmd/compile/internal/inline","Test":"TestGonLoweringCallbackCost/immutable","Elapsed":0}
{"Time":"2026-10-03T22:45:22.070606-03:00","Action":"run","Package":"cmd/compile/internal/inline","Test":"TestGonLoweringCallbackCost/reassigned"}
{"Time":"2026-10-03T22:45:22.070613-03:00","Action":"output","Package":"cmd/compile/internal/inline","Test":"TestGonLoweringCallbackCost/reassigned","Output":"=== RUN   TestGonLoweringCallbackCost/reassigned\n","OutputType":"frame"}
{"Time":"2026-10-03T22:45:22.070621-03:00","Action":"output","Package":"cmd/compile/internal/inline","Test":"TestGonLoweringCallbackCost/reassigned","Output":"--- PASS: TestGonLoweringCallbackCost/reassigned (0.00s)\n","OutputType":"frame"}
{"Time":"2026-10-03T22:45:22.07064-03:00","Action":"pass","Package":"cmd/compile/internal/inline","Test":"TestGonLoweringCallbackCost/reassigned","Elapsed":0}
{"Time":"2026-10-03T22:45:22.070649-03:00","Action":"run","Package":"cmd/compile/internal/inline","Test":"TestGonLoweringCallbackCost/address-taken"}
{"Time":"2026-10-03T22:45:22.070656-03:00","Action":"output","Package":"cmd/compile/internal/inline","Test":"TestGonLoweringCallbackCost/address-taken","Output":"=== RUN   TestGonLoweringCallbackCost/address-taken\n","OutputType":"frame"}
{"Time":"2026-10-03T22:45:22.070666-03:00","Action":"output","Package":"cmd/compile/internal/inline","Test":"TestGonLoweringCallbackCost/address-taken","Output":"--- PASS: TestGonLoweringCallbackCost/address-taken (0.00s)\n","OutputType":"frame"}
{"Time":"2026-10-03T22:45:22.070683-03:00","Action":"pass","Package":"cmd/compile/internal/inline","Test":"TestGonLoweringCallbackCost/address-taken","Elapsed":0}
{"Time":"2026-10-03T22:45:22.070693-03:00","Action":"run","Package":"cmd/compile/internal/inline","Test":"TestGonLoweringCallbackCost/source-local"}
{"Time":"2026-10-03T22:45:22.0707-03:00","Action":"output","Package":"cmd/compile/internal/inline","Test":"TestGonLoweringCallbackCost/source-local","Output":"=== RUN   TestGonLoweringCallbackCost/source-local\n","OutputType":"frame"}
{"Time":"2026-10-03T22:45:22.070708-03:00","Action":"output","Package":"cmd/compile/internal/inline","Test":"TestGonLoweringCallbackCost/source-local","Output":"--- PASS: TestGonLoweringCallbackCost/source-local (0.00s)\n","OutputType":"frame"}
{"Time":"2026-10-03T22:45:22.070717-03:00","Action":"pass","Package":"cmd/compile/internal/inline","Test":"TestGonLoweringCallbackCost/source-local","Elapsed":0}
{"Time":"2026-10-03T22:45:22.070726-03:00","Action":"output","Package":"cmd/compile/internal/inline","Test":"TestGonLoweringCallbackCost","Output":"--- PASS: TestGonLoweringCallbackCost (0.00s)\n","OutputType":"frame"}
{"Time":"2026-10-03T22:45:22.070735-03:00","Action":"pass","Package":"cmd/compile/internal/inline","Test":"TestGonLoweringCallbackCost","Elapsed":0}
{"Time":"2026-10-03T22:45:22.070742-03:00","Action":"run","Package":"cmd/compile/internal/inline","Test":"TestGonLoweringMultiResultCost"}
{"Time":"2026-10-03T22:45:22.07075-03:00","Action":"output","Package":"cmd/compile/internal/inline","Test":"TestGonLoweringMultiResultCost","Output":"=== RUN   TestGonLoweringMultiResultCost\n","OutputType":"frame"}
{"Time":"2026-10-03T22:45:22.070758-03:00","Action":"output","Package":"cmd/compile/internal/inline","Test":"TestGonLoweringMultiResultCost","Output":"--- PASS: TestGonLoweringMultiResultCost (0.00s)\n","OutputType":"frame"}
{"Time":"2026-10-03T22:45:22.070776-03:00","Action":"pass","Package":"cmd/compile/internal/inline","Test":"TestGonLoweringMultiResultCost","Elapsed":0}
{"Time":"2026-10-03T22:45:22.070786-03:00","Action":"run","Package":"cmd/compile/internal/inline","Test":"TestGonLoweringHardRejections"}
{"Time":"2026-10-03T22:45:22.070796-03:00","Action":"output","Package":"cmd/compile/internal/inline","Test":"TestGonLoweringHardRejections","Output":"=== RUN   TestGonLoweringHardRejections\n","OutputType":"frame"}
{"Time":"2026-10-03T22:45:22.070806-03:00","Action":"output","Package":"cmd/compile/internal/inline","Test":"TestGonLoweringHardRejections","Output":"--- PASS: TestGonLoweringHardRejections (0.00s)\n","OutputType":"frame"}
{"Time":"2026-10-03T22:45:22.070815-03:00","Action":"pass","Package":"cmd/compile/internal/inline","Test":"TestGonLoweringHardRejections","Elapsed":0}
{"Time":"2026-10-03T22:45:22.070824-03:00","Action":"run","Package":"cmd/compile/internal/inline","Test":"TestGonEnumStorageLiterals"}
{"Time":"2026-10-03T22:45:22.070831-03:00","Action":"output","Package":"cmd/compile/internal/inline","Test":"TestGonEnumStorageLiterals","Output":"=== RUN   TestGonEnumStorageLiterals\n","OutputType":"frame"}
{"Time":"2026-10-03T22:45:22.070846-03:00","Action":"run","Package":"cmd/compile/internal/inline","Test":"TestGonEnumStorageLiterals/arithmetic"}
{"Time":"2026-10-03T22:45:22.070855-03:00","Action":"output","Package":"cmd/compile/internal/inline","Test":"TestGonEnumStorageLiterals/arithmetic","Output":"=== RUN   TestGonEnumStorageLiterals/arithmetic\n","OutputType":"frame"}
{"Time":"2026-10-03T22:45:22.070864-03:00","Action":"output","Package":"cmd/compile/internal/inline","Test":"TestGonEnumStorageLiterals/arithmetic","Output":"--- PASS: TestGonEnumStorageLiterals/arithmetic (0.00s)\n","OutputType":"frame"}
{"Time":"2026-10-03T22:45:22.070873-03:00","Action":"pass","Package":"cmd/compile/internal/inline","Test":"TestGonEnumStorageLiterals/arithmetic","Elapsed":0}
{"Time":"2026-10-03T22:45:22.070882-03:00","Action":"run","Package":"cmd/compile/internal/inline","Test":"TestGonEnumStorageLiterals/call"}
{"Time":"2026-10-03T22:45:22.070891-03:00","Action":"output","Package":"cmd/compile/internal/inline","Test":"TestGonEnumStorageLiterals/call","Output":"=== RUN   TestGonEnumStorageLiterals/call\n","OutputType":"frame"}
{"Time":"2026-10-03T22:45:22.070907-03:00","Action":"output","Package":"cmd/compile/internal/inline","Test":"TestGonEnumStorageLiterals/call","Output":"--- PASS: TestGonEnumStorageLiterals/call (0.00s)\n","OutputType":"frame"}
{"Time":"2026-10-03T22:45:22.070917-03:00","Action":"pass","Package":"cmd/compile/internal/inline","Test":"TestGonEnumStorageLiterals/call","Elapsed":0}
{"Time":"2026-10-03T22:45:22.070934-03:00","Action":"output","Package":"cmd/compile/internal/inline","Test":"TestGonEnumStorageLiterals","Output":"--- PASS: TestGonEnumStorageLiterals (0.00s)\n","OutputType":"frame"}
{"Time":"2026-10-03T22:45:22.070944-03:00","Action":"pass","Package":"cmd/compile/internal/inline","Test":"TestGonEnumStorageLiterals","Elapsed":0}
{"Time":"2026-10-03T22:45:22.070954-03:00","Action":"run","Package":"cmd/compile/internal/inline","Test":"TestGonEnumStorageSelectors"}
{"Time":"2026-10-03T22:45:22.070961-03:00","Action":"output","Package":"cmd/compile/internal/inline","Test":"TestGonEnumStorageSelectors","Output":"=== RUN   TestGonEnumStorageSelectors\n","OutputType":"frame"}
{"Time":"2026-10-03T22:45:22.07097-03:00","Action":"run","Package":"cmd/compile/internal/inline","Test":"TestGonEnumStorageSelectors/parameter"}
{"Time":"2026-10-03T22:45:22.070979-03:00","Action":"output","Package":"cmd/compile/internal/inline","Test":"TestGonEnumStorageSelectors/parameter","Output":"=== RUN   TestGonEnumStorageSelectors/parameter\n","OutputType":"frame"}
{"Time":"2026-10-03T22:45:22.070988-03:00","Action":"output","Package":"cmd/compile/internal/inline","Test":"TestGonEnumStorageSelectors/parameter","Output":"--- PASS: TestGonEnumStorageSelectors/parameter (0.00s)\n","OutputType":"frame"}
{"Time":"2026-10-03T22:45:22.070996-03:00","Action":"pass","Package":"cmd/compile/internal/inline","Test":"TestGonEnumStorageSelectors/parameter","Elapsed":0}
{"Time":"2026-10-03T22:45:22.071005-03:00","Action":"run","Package":"cmd/compile/internal/inline","Test":"TestGonEnumStorageSelectors/call"}
{"Time":"2026-10-03T22:45:22.071014-03:00","Action":"output","Package":"cmd/compile/internal/inline","Test":"TestGonEnumStorageSelectors/call","Output":"=== RUN   TestGonEnumStorageSelectors/call\n","OutputType":"frame"}
{"Time":"2026-10-03T22:45:22.071024-03:00","Action":"output","Package":"cmd/compile/internal/inline","Test":"TestGonEnumStorageSelectors/call","Output":"--- PASS: TestGonEnumStorageSelectors/call (0.00s)\n","OutputType":"frame"}
{"Time":"2026-10-03T22:45:22.071033-03:00","Action":"pass","Package":"cmd/compile/internal/inline","Test":"TestGonEnumStorageSelectors/call","Elapsed":0}
{"Time":"2026-10-03T22:45:22.071042-03:00","Action":"output","Package":"cmd/compile/internal/inline","Test":"TestGonEnumStorageSelectors","Output":"--- PASS: TestGonEnumStorageSelectors (0.00s)\n","OutputType":"frame"}
{"Time":"2026-10-03T22:45:22.071052-03:00","Action":"pass","Package":"cmd/compile/internal/inline","Test":"TestGonEnumStorageSelectors","Elapsed":0}
{"Time":"2026-10-03T22:45:22.07106-03:00","Action":"run","Package":"cmd/compile/internal/inline","Test":"TestGonHandlerBindingCost"}
{"Time":"2026-10-03T22:45:22.071067-03:00","Action":"output","Package":"cmd/compile/internal/inline","Test":"TestGonHandlerBindingCost","Output":"=== RUN   TestGonHandlerBindingCost\n","OutputType":"frame"}
{"Time":"2026-10-03T22:45:22.071077-03:00","Action":"run","Package":"cmd/compile/internal/inline","Test":"TestGonHandlerBindingCost/arithmetic"}
{"Time":"2026-10-03T22:45:22.071086-03:00","Action":"output","Package":"cmd/compile/internal/inline","Test":"TestGonHandlerBindingCost/arithmetic","Output":"=== RUN   TestGonHandlerBindingCost/arithmetic\n","OutputType":"frame"}
{"Time":"2026-10-03T22:45:22.071106-03:00","Action":"output","Package":"cmd/compile/internal/inline","Test":"TestGonHandlerBindingCost/arithmetic","Output":"--- PASS: TestGonHandlerBindingCost/arithmetic (0.00s)\n","OutputType":"frame"}
{"Time":"2026-10-03T22:45:22.071127-03:00","Action":"pass","Package":"cmd/compile/internal/inline","Test":"TestGonHandlerBindingCost/arithmetic","Elapsed":0}
{"Time":"2026-10-03T22:45:22.071135-03:00","Action":"run","Package":"cmd/compile/internal/inline","Test":"TestGonHandlerBindingCost/call"}
{"Time":"2026-10-03T22:45:22.071144-03:00","Action":"output","Package":"cmd/compile/internal/inline","Test":"TestGonHandlerBindingCost/call","Output":"=== RUN   TestGonHandlerBindingCost/call\n","OutputType":"frame"}
{"Time":"2026-10-03T22:45:22.071154-03:00","Action":"output","Package":"cmd/compile/internal/inline","Test":"TestGonHandlerBindingCost/call","Output":"--- PASS: TestGonHandlerBindingCost/call (0.00s)\n","OutputType":"frame"}
{"Time":"2026-10-03T22:45:22.071163-03:00","Action":"pass","Package":"cmd/compile/internal/inline","Test":"TestGonHandlerBindingCost/call","Elapsed":0}
{"Time":"2026-10-03T22:45:22.071173-03:00","Action":"output","Package":"cmd/compile/internal/inline","Test":"TestGonHandlerBindingCost","Output":"--- PASS: TestGonHandlerBindingCost (0.00s)\n","OutputType":"frame"}
{"Time":"2026-10-03T22:45:22.071182-03:00","Action":"pass","Package":"cmd/compile/internal/inline","Test":"TestGonHandlerBindingCost","Elapsed":0}
{"Time":"2026-10-03T22:45:22.071191-03:00","Action":"run","Package":"cmd/compile/internal/inline","Test":"TestGonHandlerBindingInitRejections"}
{"Time":"2026-10-03T22:45:22.071198-03:00","Action":"output","Package":"cmd/compile/internal/inline","Test":"TestGonHandlerBindingInitRejections","Output":"=== RUN   TestGonHandlerBindingInitRejections\n","OutputType":"frame"}
{"Time":"2026-10-03T22:45:22.071208-03:00","Action":"output","Package":"cmd/compile/internal/inline","Test":"TestGonHandlerBindingInitRejections","Output":"--- PASS: TestGonHandlerBindingInitRejections (0.00s)\n","OutputType":"frame"}
{"Time":"2026-10-03T22:45:22.071217-03:00","Action":"pass","Package":"cmd/compile/internal/inline","Test":"TestGonHandlerBindingInitRejections","Elapsed":0}
{"Time":"2026-10-03T22:45:22.071225-03:00","Action":"output","Package":"cmd/compile/internal/inline","Output":"PASS\n","OutputType":"frame"}
{"Time":"2026-10-03T22:45:22.071704-03:00","Action":"output","Package":"cmd/compile/internal/inline","Output":"ok  \tcmd/compile/internal/inline\t0.260s\n"}
{"Time":"2026-10-03T22:45:22.071728-03:00","Action":"pass","Package":"cmd/compile/internal/inline","Elapsed":0.26}
