{"Time":"2026-10-03T22:46:31.928515-03:00","Action":"start","Package":"cmd/internal/testdir"}
{"Time":"2026-10-03T22:46:32.132039-03:00","Action":"run","Package":"cmd/internal/testdir","Test":"Test"}
{"Time":"2026-10-03T22:46:32.132196-03:00","Action":"output","Package":"cmd/internal/testdir","Test":"Test","Output":"=== RUN   Test\n","OutputType":"frame"}
{"Time":"2026-10-03T22:46:32.17973-03:00","Action":"run","Package":"cmd/internal/testdir","Test":"Test/enums.go"}
{"Time":"2026-10-03T22:46:32.179748-03:00","Action":"output","Package":"cmd/internal/testdir","Test":"Test/enums.go","Output":"=== RUN   Test/enums.go\n","OutputType":"frame"}
{"Time":"2026-10-03T22:46:32.17978-03:00","Action":"output","Package":"cmd/internal/testdir","Test":"Test/enums.go","Output":"=== PAUSE Test/enums.go\n","OutputType":"frame"}
{"Time":"2026-10-03T22:46:32.179785-03:00","Action":"pause","Package":"cmd/internal/testdir","Test":"Test/enums.go"}
{"Time":"2026-10-03T22:46:32.186926-03:00","Action":"cont","Package":"cmd/internal/testdir","Test":"Test/enums.go"}
{"Time":"2026-10-03T22:46:32.186933-03:00","Action":"output","Package":"cmd/internal/testdir","Test":"Test/enums.go","Output":"=== CONT  Test/enums.go\n","OutputType":"frame"}
{"Time":"2026-10-03T22:46:39.550723-03:00","Action":"output","Package":"cmd/internal/testdir","Test":"Test/enums.go","Output":"--- PASS: Test/enums.go (7.36s)\n","OutputType":"frame"}
{"Time":"2026-10-03T22:46:39.551194-03:00","Action":"pass","Package":"cmd/internal/testdir","Test":"Test/enums.go","Elapsed":7.36}
{"Time":"2026-10-03T22:46:39.551214-03:00","Action":"output","Package":"cmd/internal/testdir","Test":"Test","Output":"--- PASS: Test (0.06s)\n","OutputType":"frame"}
{"Time":"2026-10-03T22:46:39.551221-03:00","Action":"pass","Package":"cmd/internal/testdir","Test":"Test","Elapsed":0.06}
{"Time":"2026-10-03T22:46:39.551226-03:00","Action":"run","Package":"cmd/internal/testdir","Test":"TestShouldTest"}
{"Time":"2026-10-03T22:46:39.55123-03:00","Action":"output","Package":"cmd/internal/testdir","Test":"TestShouldTest","Output":"=== RUN   TestShouldTest\n","OutputType":"frame"}
{"Time":"2026-10-03T22:46:39.551266-03:00","Action":"output","Package":"cmd/internal/testdir","Test":"TestShouldTest","Output":"--- PASS: TestShouldTest (0.00s)\n","OutputType":"frame"}
{"Time":"2026-10-03T22:46:39.551271-03:00","Action":"pass","Package":"cmd/internal/testdir","Test":"TestShouldTest","Elapsed":0}
{"Time":"2026-10-03T22:46:39.551274-03:00","Action":"output","Package":"cmd/internal/testdir","Output":"PASS\n","OutputType":"frame"}
{"Time":"2026-10-03T22:46:39.551721-03:00","Action":"output","Package":"cmd/internal/testdir","Output":"ok  \tcmd/internal/testdir\t7.623s\n"}
{"Time":"2026-10-03T22:46:39.551744-03:00","Action":"pass","Package":"cmd/internal/testdir","Elapsed":7.623}
