{"Time":"2026-10-03T22:46:20.520144-03:00","Action":"start","Package":"golang.org/x/tools/gopls/internal/cmd"}
{"Time":"2026-10-03T22:46:20.961702-03:00","Action":"run","Package":"golang.org/x/tools/gopls/internal/cmd","Test":"TestGonAlternativesQuery"}
{"Time":"2026-10-03T22:46:20.961788-03:00","Action":"output","Package":"golang.org/x/tools/gopls/internal/cmd","Test":"TestGonAlternativesQuery","Output":"=== RUN   TestGonAlternativesQuery\n","OutputType":"frame"}
{"Time":"2026-10-03T22:46:21.605469-03:00","Action":"output","Package":"golang.org/x/tools/gopls/internal/cmd","Test":"TestGonAlternativesQuery","Output":"--- PASS: TestGonAlternativesQuery (0.64s)\n","OutputType":"frame"}
{"Time":"2026-10-03T22:46:21.605495-03:00","Action":"pass","Package":"golang.org/x/tools/gopls/internal/cmd","Test":"TestGonAlternativesQuery","Elapsed":0.64}
{"Time":"2026-10-03T22:46:21.605518-03:00","Action":"run","Package":"golang.org/x/tools/gopls/internal/cmd","Test":"TestGonFeatureExplain"}
{"Time":"2026-10-03T22:46:21.605523-03:00","Action":"output","Package":"golang.org/x/tools/gopls/internal/cmd","Test":"TestGonFeatureExplain","Output":"=== RUN   TestGonFeatureExplain\n","OutputType":"frame"}
{"Time":"2026-10-03T22:46:21.605534-03:00","Action":"output","Package":"golang.org/x/tools/gopls/internal/cmd","Test":"TestGonFeatureExplain","Output":"=== PAUSE TestGonFeatureExplain\n","OutputType":"frame"}
{"Time":"2026-10-03T22:46:21.605537-03:00","Action":"pause","Package":"golang.org/x/tools/gopls/internal/cmd","Test":"TestGonFeatureExplain"}
{"Time":"2026-10-03T22:46:21.605544-03:00","Action":"run","Package":"golang.org/x/tools/gopls/internal/cmd","Test":"TestGonExplain"}
{"Time":"2026-10-03T22:46:21.605547-03:00","Action":"output","Package":"golang.org/x/tools/gopls/internal/cmd","Test":"TestGonExplain","Output":"=== RUN   TestGonExplain\n","OutputType":"frame"}
{"Time":"2026-10-03T22:46:21.605551-03:00","Action":"output","Package":"golang.org/x/tools/gopls/internal/cmd","Test":"TestGonExplain","Output":"=== PAUSE TestGonExplain\n","OutputType":"frame"}
{"Time":"2026-10-03T22:46:21.605553-03:00","Action":"pause","Package":"golang.org/x/tools/gopls/internal/cmd","Test":"TestGonExplain"}
{"Time":"2026-10-03T22:46:21.605557-03:00","Action":"cont","Package":"golang.org/x/tools/gopls/internal/cmd","Test":"TestGonFeatureExplain"}
{"Time":"2026-10-03T22:46:21.60556-03:00","Action":"output","Package":"golang.org/x/tools/gopls/internal/cmd","Test":"TestGonFeatureExplain","Output":"=== CONT  TestGonFeatureExplain\n","OutputType":"frame"}
{"Time":"2026-10-03T22:46:21.605566-03:00","Action":"cont","Package":"golang.org/x/tools/gopls/internal/cmd","Test":"TestGonExplain"}
{"Time":"2026-10-03T22:46:21.60557-03:00","Action":"output","Package":"golang.org/x/tools/gopls/internal/cmd","Test":"TestGonExplain","Output":"=== CONT  TestGonExplain\n","OutputType":"frame"}
{"Time":"2026-10-03T22:46:21.622744-03:00","Action":"output","Package":"golang.org/x/tools/gopls/internal/cmd","Test":"TestGonFeatureExplain","Output":"--- PASS: TestGonFeatureExplain (0.02s)\n","OutputType":"frame"}
{"Time":"2026-10-03T22:46:21.651703-03:00","Action":"pass","Package":"golang.org/x/tools/gopls/internal/cmd","Test":"TestGonFeatureExplain","Elapsed":0.02}
{"Time":"2026-10-03T22:46:21.651726-03:00","Action":"output","Package":"golang.org/x/tools/gopls/internal/cmd","Test":"TestGonExplain","Output":"--- PASS: TestGonExplain (0.05s)\n","OutputType":"frame"}
{"Time":"2026-10-03T22:46:21.651734-03:00","Action":"pass","Package":"golang.org/x/tools/gopls/internal/cmd","Test":"TestGonExplain","Elapsed":0.05}
{"Time":"2026-10-03T22:46:21.651738-03:00","Action":"output","Package":"golang.org/x/tools/gopls/internal/cmd","Output":"PASS\n","OutputType":"frame"}
{"Time":"2026-10-03T22:46:21.652982-03:00","Action":"output","Package":"golang.org/x/tools/gopls/internal/cmd","Output":"ok  \tgolang.org/x/tools/gopls/internal/cmd\t1.133s\n"}
{"Time":"2026-10-03T22:46:21.653001-03:00","Action":"pass","Package":"golang.org/x/tools/gopls/internal/cmd","Elapsed":1.133}
