{"Time":"2026-10-03T22:46:47.601057-03:00","Action":"start","Package":"golang.org/x/tools/internal/gcimporter"}
{"Time":"2026-10-03T22:46:47.877746-03:00","Action":"run","Package":"golang.org/x/tools/internal/gcimporter","Test":"TestGonAlternativesSimplification"}
{"Time":"2026-10-03T22:46:47.877936-03:00","Action":"output","Package":"golang.org/x/tools/internal/gcimporter","Test":"TestGonAlternativesSimplification","Output":"=== RUN   TestGonAlternativesSimplification\n","OutputType":"frame"}
{"Time":"2026-10-03T22:46:47.87968-03:00","Action":"run","Package":"golang.org/x/tools/internal/gcimporter","Test":"TestGonAlternativesSimplification/baseline_legacy"}
{"Time":"2026-10-03T22:46:47.879729-03:00","Action":"output","Package":"golang.org/x/tools/internal/gcimporter","Test":"TestGonAlternativesSimplification/baseline_legacy","Output":"=== RUN   TestGonAlternativesSimplification/baseline_legacy\n","OutputType":"frame"}
{"Time":"2026-10-03T22:46:48.189031-03:00","Action":"output","Package":"golang.org/x/tools/internal/gcimporter","Test":"TestGonAlternativesSimplification/baseline_legacy","Output":"--- PASS: TestGonAlternativesSimplification/baseline_legacy (0.31s)\n","OutputType":"frame"}
{"Time":"2026-10-03T22:46:48.189082-03:00","Action":"pass","Package":"golang.org/x/tools/internal/gcimporter","Test":"TestGonAlternativesSimplification/baseline_legacy","Elapsed":0.31}
{"Time":"2026-10-03T22:46:48.189123-03:00","Action":"run","Package":"golang.org/x/tools/internal/gcimporter","Test":"TestGonAlternativesSimplification/Gon_legacy"}
{"Time":"2026-10-03T22:46:48.189141-03:00","Action":"output","Package":"golang.org/x/tools/internal/gcimporter","Test":"TestGonAlternativesSimplification/Gon_legacy","Output":"=== RUN   TestGonAlternativesSimplification/Gon_legacy\n","OutputType":"frame"}
{"Time":"2026-10-03T22:46:48.492507-03:00","Action":"output","Package":"golang.org/x/tools/internal/gcimporter","Test":"TestGonAlternativesSimplification/Gon_legacy","Output":"--- PASS: TestGonAlternativesSimplification/Gon_legacy (0.30s)\n","OutputType":"frame"}
{"Time":"2026-10-03T22:46:48.492589-03:00","Action":"pass","Package":"golang.org/x/tools/internal/gcimporter","Test":"TestGonAlternativesSimplification/Gon_legacy","Elapsed":0.3}
{"Time":"2026-10-03T22:46:48.49261-03:00","Action":"run","Package":"golang.org/x/tools/internal/gcimporter","Test":"TestGonAlternativesSimplification/Gon_modern"}
{"Time":"2026-10-03T22:46:48.492619-03:00","Action":"output","Package":"golang.org/x/tools/internal/gcimporter","Test":"TestGonAlternativesSimplification/Gon_modern","Output":"=== RUN   TestGonAlternativesSimplification/Gon_modern\n","OutputType":"frame"}
{"Time":"2026-10-03T22:46:48.804804-03:00","Action":"output","Package":"golang.org/x/tools/internal/gcimporter","Test":"TestGonAlternativesSimplification/Gon_modern","Output":"--- PASS: TestGonAlternativesSimplification/Gon_modern (0.31s)\n","OutputType":"frame"}
{"Time":"2026-10-03T22:46:48.804872-03:00","Action":"pass","Package":"golang.org/x/tools/internal/gcimporter","Test":"TestGonAlternativesSimplification/Gon_modern","Elapsed":0.31}
{"Time":"2026-10-03T22:46:48.804906-03:00","Action":"run","Package":"golang.org/x/tools/internal/gcimporter","Test":"TestGonAlternativesSimplification/imported_bodies_without_inlining"}
{"Time":"2026-10-03T22:46:48.80493-03:00","Action":"output","Package":"golang.org/x/tools/internal/gcimporter","Test":"TestGonAlternativesSimplification/imported_bodies_without_inlining","Output":"=== RUN   TestGonAlternativesSimplification/imported_bodies_without_inlining\n","OutputType":"frame"}
{"Time":"2026-10-03T22:46:49.109815-03:00","Action":"output","Package":"golang.org/x/tools/internal/gcimporter","Test":"TestGonAlternativesSimplification/imported_bodies_without_inlining","Output":"--- PASS: TestGonAlternativesSimplification/imported_bodies_without_inlining (0.30s)\n","OutputType":"frame"}
{"Time":"2026-10-03T22:46:49.10987-03:00","Action":"pass","Package":"golang.org/x/tools/internal/gcimporter","Test":"TestGonAlternativesSimplification/imported_bodies_without_inlining","Elapsed":0.3}
{"Time":"2026-10-03T22:46:49.151534-03:00","Action":"run","Package":"golang.org/x/tools/internal/gcimporter","Test":"TestGonAlternativesSimplification/unified"}
{"Time":"2026-10-03T22:46:49.15155-03:00","Action":"output","Package":"golang.org/x/tools/internal/gcimporter","Test":"TestGonAlternativesSimplification/unified","Output":"=== RUN   TestGonAlternativesSimplification/unified\n","OutputType":"frame"}
{"Time":"2026-10-03T22:46:49.15159-03:00","Action":"output","Package":"golang.org/x/tools/internal/gcimporter","Test":"TestGonAlternativesSimplification/unified","Output":"--- PASS: TestGonAlternativesSimplification/unified (0.00s)\n","OutputType":"frame"}
{"Time":"2026-10-03T22:46:49.151596-03:00","Action":"pass","Package":"golang.org/x/tools/internal/gcimporter","Test":"TestGonAlternativesSimplification/unified","Elapsed":0}
{"Time":"2026-10-03T22:46:49.151601-03:00","Action":"run","Package":"golang.org/x/tools/internal/gcimporter","Test":"TestGonAlternativesSimplification/indexed"}
{"Time":"2026-10-03T22:46:49.151604-03:00","Action":"output","Package":"golang.org/x/tools/internal/gcimporter","Test":"TestGonAlternativesSimplification/indexed","Output":"=== RUN   TestGonAlternativesSimplification/indexed\n","OutputType":"frame"}
{"Time":"2026-10-03T22:46:49.152167-03:00","Action":"output","Package":"golang.org/x/tools/internal/gcimporter","Test":"TestGonAlternativesSimplification/indexed","Output":"--- PASS: TestGonAlternativesSimplification/indexed (0.00s)\n","OutputType":"frame"}
{"Time":"2026-10-03T22:46:49.152179-03:00","Action":"pass","Package":"golang.org/x/tools/internal/gcimporter","Test":"TestGonAlternativesSimplification/indexed","Elapsed":0}
{"Time":"2026-10-03T22:46:49.152186-03:00","Action":"run","Package":"golang.org/x/tools/internal/gcimporter","Test":"TestGonAlternativesSimplification/shallow"}
{"Time":"2026-10-03T22:46:49.152189-03:00","Action":"output","Package":"golang.org/x/tools/internal/gcimporter","Test":"TestGonAlternativesSimplification/shallow","Output":"=== RUN   TestGonAlternativesSimplification/shallow\n","OutputType":"frame"}
{"Time":"2026-10-03T22:46:49.15235-03:00","Action":"output","Package":"golang.org/x/tools/internal/gcimporter","Test":"TestGonAlternativesSimplification/shallow","Output":"--- PASS: TestGonAlternativesSimplification/shallow (0.00s)\n","OutputType":"frame"}
{"Time":"2026-10-03T22:46:49.152355-03:00","Action":"pass","Package":"golang.org/x/tools/internal/gcimporter","Test":"TestGonAlternativesSimplification/shallow","Elapsed":0}
{"Time":"2026-10-03T22:46:49.43771-03:00","Action":"run","Package":"golang.org/x/tools/internal/gcimporter","Test":"TestGonAlternativesSimplification/public_compiler_export"}
{"Time":"2026-10-03T22:46:49.437733-03:00","Action":"output","Package":"golang.org/x/tools/internal/gcimporter","Test":"TestGonAlternativesSimplification/public_compiler_export","Output":"=== RUN   TestGonAlternativesSimplification/public_compiler_export\n","OutputType":"frame"}
{"Time":"2026-10-03T22:46:49.438413-03:00","Action":"output","Package":"golang.org/x/tools/internal/gcimporter","Test":"TestGonAlternativesSimplification/public_compiler_export","Output":"--- PASS: TestGonAlternativesSimplification/public_compiler_export (0.00s)\n","OutputType":"frame"}
{"Time":"2026-10-03T22:46:49.438433-03:00","Action":"pass","Package":"golang.org/x/tools/internal/gcimporter","Test":"TestGonAlternativesSimplification/public_compiler_export","Elapsed":0}
{"Time":"2026-10-03T22:46:49.438442-03:00","Action":"run","Package":"golang.org/x/tools/internal/gcimporter","Test":"TestGonAlternativesSimplification/public_client_export"}
{"Time":"2026-10-03T22:46:49.438449-03:00","Action":"output","Package":"golang.org/x/tools/internal/gcimporter","Test":"TestGonAlternativesSimplification/public_client_export","Output":"=== RUN   TestGonAlternativesSimplification/public_client_export\n","OutputType":"frame"}
{"Time":"2026-10-03T22:46:49.596513-03:00","Action":"output","Package":"golang.org/x/tools/internal/gcimporter","Test":"TestGonAlternativesSimplification/public_client_export","Output":"--- PASS: TestGonAlternativesSimplification/public_client_export (0.16s)\n","OutputType":"frame"}
{"Time":"2026-10-03T22:46:49.596544-03:00","Action":"pass","Package":"golang.org/x/tools/internal/gcimporter","Test":"TestGonAlternativesSimplification/public_client_export","Elapsed":0.16}
{"Time":"2026-10-03T22:46:49.596551-03:00","Action":"run","Package":"golang.org/x/tools/internal/gcimporter","Test":"TestGonAlternativesSimplification/toolchain_importer"}
{"Time":"2026-10-03T22:46:49.596556-03:00","Action":"output","Package":"golang.org/x/tools/internal/gcimporter","Test":"TestGonAlternativesSimplification/toolchain_importer","Output":"=== RUN   TestGonAlternativesSimplification/toolchain_importer\n","OutputType":"frame"}
{"Time":"2026-10-03T22:46:49.596896-03:00","Action":"output","Package":"golang.org/x/tools/internal/gcimporter","Test":"TestGonAlternativesSimplification/toolchain_importer","Output":"--- PASS: TestGonAlternativesSimplification/toolchain_importer (0.00s)\n","OutputType":"frame"}
{"Time":"2026-10-03T22:46:49.596902-03:00","Action":"pass","Package":"golang.org/x/tools/internal/gcimporter","Test":"TestGonAlternativesSimplification/toolchain_importer","Elapsed":0}
{"Time":"2026-10-03T22:46:49.598311-03:00","Action":"output","Package":"golang.org/x/tools/internal/gcimporter","Test":"TestGonAlternativesSimplification","Output":"--- PASS: TestGonAlternativesSimplification (1.72s)\n","OutputType":"frame"}
{"Time":"2026-10-03T22:46:49.598319-03:00","Action":"pass","Package":"golang.org/x/tools/internal/gcimporter","Test":"TestGonAlternativesSimplification","Elapsed":1.72}
{"Time":"2026-10-03T22:46:49.598327-03:00","Action":"run","Package":"golang.org/x/tools/internal/gcimporter","Test":"TestGonAlternatives"}
{"Time":"2026-10-03T22:46:49.598332-03:00","Action":"output","Package":"golang.org/x/tools/internal/gcimporter","Test":"TestGonAlternatives","Output":"=== RUN   TestGonAlternatives\n","OutputType":"frame"}
{"Time":"2026-10-03T22:46:49.598524-03:00","Action":"output","Package":"golang.org/x/tools/internal/gcimporter","Test":"TestGonAlternatives","Output":"--- PASS: TestGonAlternatives (0.00s)\n","OutputType":"frame"}
{"Time":"2026-10-03T22:46:49.598533-03:00","Action":"pass","Package":"golang.org/x/tools/internal/gcimporter","Test":"TestGonAlternatives","Elapsed":0}
{"Time":"2026-10-03T22:46:49.598538-03:00","Action":"output","Package":"golang.org/x/tools/internal/gcimporter","Output":"PASS\n","OutputType":"frame"}
{"Time":"2026-10-03T22:46:49.598957-03:00","Action":"output","Package":"golang.org/x/tools/internal/gcimporter","Output":"ok  \tgolang.org/x/tools/internal/gcimporter\t1.998s\n"}
{"Time":"2026-10-03T22:46:49.598968-03:00","Action":"pass","Package":"golang.org/x/tools/internal/gcimporter","Elapsed":1.998}
