{"Time":"2026-10-03T22:46:12.472292-03:00","Action":"start","Package":"go/token"}
{"Time":"2026-10-03T22:46:12.472615-03:00","Action":"start","Package":"go/scanner"}
{"Time":"2026-10-03T22:46:12.687252-03:00","Action":"run","Package":"go/scanner","Test":"TestScan"}
{"Time":"2026-10-03T22:46:12.687536-03:00","Action":"output","Package":"go/scanner","Test":"TestScan","Output":"=== RUN   TestScan\n","OutputType":"frame"}
{"Time":"2026-10-03T22:46:12.687618-03:00","Action":"output","Package":"go/scanner","Test":"TestScan","Output":"--- PASS: TestScan (0.00s)\n","OutputType":"frame"}
{"Time":"2026-10-03T22:46:12.687638-03:00","Action":"pass","Package":"go/scanner","Test":"TestScan","Elapsed":0}
{"Time":"2026-10-03T22:46:12.687666-03:00","Action":"run","Package":"go/scanner","Test":"TestScanErrors"}
{"Time":"2026-10-03T22:46:12.687678-03:00","Action":"output","Package":"go/scanner","Test":"TestScanErrors","Output":"=== RUN   TestScanErrors\n","OutputType":"frame"}
{"Time":"2026-10-03T22:46:12.687696-03:00","Action":"output","Package":"go/scanner","Test":"TestScanErrors","Output":"--- PASS: TestScanErrors (0.00s)\n","OutputType":"frame"}
{"Time":"2026-10-03T22:46:12.687708-03:00","Action":"pass","Package":"go/scanner","Test":"TestScanErrors","Elapsed":0}
{"Time":"2026-10-03T22:46:12.687719-03:00","Action":"output","Package":"go/scanner","Output":"PASS\n","OutputType":"frame"}
{"Time":"2026-10-03T22:46:12.688832-03:00","Action":"output","Package":"go/scanner","Output":"ok  \tgo/scanner\t0.216s\n"}
{"Time":"2026-10-03T22:46:12.688914-03:00","Action":"pass","Package":"go/scanner","Elapsed":0.216}
{"Time":"2026-10-03T22:46:12.699724-03:00","Action":"run","Package":"go/token","Test":"TestGonTokens"}
{"Time":"2026-10-03T22:46:12.699815-03:00","Action":"output","Package":"go/token","Test":"TestGonTokens","Output":"=== RUN   TestGonTokens\n","OutputType":"frame"}
{"Time":"2026-10-03T22:46:12.699843-03:00","Action":"output","Package":"go/token","Test":"TestGonTokens","Output":"--- PASS: TestGonTokens (0.00s)\n","OutputType":"frame"}
{"Time":"2026-10-03T22:46:12.699856-03:00","Action":"pass","Package":"go/token","Test":"TestGonTokens","Elapsed":0}
{"Time":"2026-10-03T22:46:12.699875-03:00","Action":"output","Package":"go/token","Output":"PASS\n","OutputType":"frame"}
{"Time":"2026-10-03T22:46:12.700705-03:00","Action":"output","Package":"go/token","Output":"ok  \tgo/token\t0.228s\n"}
{"Time":"2026-10-03T22:46:12.700732-03:00","Action":"pass","Package":"go/token","Elapsed":0.228}
