{"Time":"2026-10-03T22:46:52.591115-03:00","Action":"start","Package":"cmd/internal/testdir"}
{"Time":"2026-10-03T22:46:52.801311-03:00","Action":"run","Package":"cmd/internal/testdir","Test":"Test"}
{"Time":"2026-10-03T22:46:52.801525-03:00","Action":"output","Package":"cmd/internal/testdir","Test":"Test","Output":"=== RUN   Test\n","OutputType":"frame"}
{"Time":"2026-10-03T22:46:52.858103-03:00","Action":"run","Package":"cmd/internal/testdir","Test":"Test/matching.go"}
{"Time":"2026-10-03T22:46:52.858149-03:00","Action":"output","Package":"cmd/internal/testdir","Test":"Test/matching.go","Output":"=== RUN   Test/matching.go\n","OutputType":"frame"}
{"Time":"2026-10-03T22:46:52.858173-03:00","Action":"output","Package":"cmd/internal/testdir","Test":"Test/matching.go","Output":"=== PAUSE Test/matching.go\n","OutputType":"frame"}
{"Time":"2026-10-03T22:46:52.858181-03:00","Action":"pause","Package":"cmd/internal/testdir","Test":"Test/matching.go"}
{"Time":"2026-10-03T22:46:52.866668-03:00","Action":"cont","Package":"cmd/internal/testdir","Test":"Test/matching.go"}
{"Time":"2026-10-03T22:46:52.866696-03:00","Action":"output","Package":"cmd/internal/testdir","Test":"Test/matching.go","Output":"=== CONT  Test/matching.go\n","OutputType":"frame"}
{"Time":"2026-10-03T22:46:56.965168-03:00","Action":"output","Package":"cmd/internal/testdir","Test":"Test/matching.go","Output":"--- PASS: Test/matching.go (4.10s)\n","OutputType":"frame"}
{"Time":"2026-10-03T22:46:56.965703-03:00","Action":"pass","Package":"cmd/internal/testdir","Test":"Test/matching.go","Elapsed":4.1}
{"Time":"2026-10-03T22:46:56.965718-03:00","Action":"output","Package":"cmd/internal/testdir","Test":"Test","Output":"--- PASS: Test (0.07s)\n","OutputType":"frame"}
{"Time":"2026-10-03T22:46:56.965728-03:00","Action":"pass","Package":"cmd/internal/testdir","Test":"Test","Elapsed":0.07}
{"Time":"2026-10-03T22:46:56.965736-03:00","Action":"run","Package":"cmd/internal/testdir","Test":"TestShouldTest"}
{"Time":"2026-10-03T22:46:56.96574-03:00","Action":"output","Package":"cmd/internal/testdir","Test":"TestShouldTest","Output":"=== RUN   TestShouldTest\n","OutputType":"frame"}
{"Time":"2026-10-03T22:46:56.965767-03:00","Action":"output","Package":"cmd/internal/testdir","Test":"TestShouldTest","Output":"--- PASS: TestShouldTest (0.00s)\n","OutputType":"frame"}
{"Time":"2026-10-03T22:46:56.965772-03:00","Action":"pass","Package":"cmd/internal/testdir","Test":"TestShouldTest","Elapsed":0}
{"Time":"2026-10-03T22:46:56.965778-03:00","Action":"output","Package":"cmd/internal/testdir","Output":"PASS\n","OutputType":"frame"}
{"Time":"2026-10-03T22:46:56.966232-03:00","Action":"output","Package":"cmd/internal/testdir","Output":"ok  \tcmd/internal/testdir\t4.375s\n"}
{"Time":"2026-10-03T22:46:56.966244-03:00","Action":"pass","Package":"cmd/internal/testdir","Elapsed":4.375}
