{"Time":"2026-10-03T22:46:58.173324-03:00","Action":"start","Package":"cmd/internal/testdir"}
{"Time":"2026-10-03T22:46:58.385267-03:00","Action":"run","Package":"cmd/internal/testdir","Test":"Test"}
{"Time":"2026-10-03T22:46:58.385457-03:00","Action":"output","Package":"cmd/internal/testdir","Test":"Test","Output":"=== RUN   Test\n","OutputType":"frame"}
{"Time":"2026-10-03T22:46:58.434238-03:00","Action":"run","Package":"cmd/internal/testdir","Test":"Test/optionresult.go"}
{"Time":"2026-10-03T22:46:58.434257-03:00","Action":"output","Package":"cmd/internal/testdir","Test":"Test/optionresult.go","Output":"=== RUN   Test/optionresult.go\n","OutputType":"frame"}
{"Time":"2026-10-03T22:46:58.434286-03:00","Action":"output","Package":"cmd/internal/testdir","Test":"Test/optionresult.go","Output":"=== PAUSE Test/optionresult.go\n","OutputType":"frame"}
{"Time":"2026-10-03T22:46:58.434291-03:00","Action":"pause","Package":"cmd/internal/testdir","Test":"Test/optionresult.go"}
{"Time":"2026-10-03T22:46:58.442524-03:00","Action":"cont","Package":"cmd/internal/testdir","Test":"Test/optionresult.go"}
{"Time":"2026-10-03T22:46:58.442532-03:00","Action":"output","Package":"cmd/internal/testdir","Test":"Test/optionresult.go","Output":"=== CONT  Test/optionresult.go\n","OutputType":"frame"}
{"Time":"2026-10-03T22:47:00.734153-03:00","Action":"output","Package":"cmd/internal/testdir","Test":"Test/optionresult.go","Output":"--- PASS: Test/optionresult.go (2.29s)\n","OutputType":"frame"}
{"Time":"2026-10-03T22:47:00.734481-03:00","Action":"pass","Package":"cmd/internal/testdir","Test":"Test/optionresult.go","Elapsed":2.29}
{"Time":"2026-10-03T22:47:00.734502-03:00","Action":"output","Package":"cmd/internal/testdir","Test":"Test","Output":"--- PASS: Test (0.06s)\n","OutputType":"frame"}
{"Time":"2026-10-03T22:47:00.734512-03:00","Action":"pass","Package":"cmd/internal/testdir","Test":"Test","Elapsed":0.06}
{"Time":"2026-10-03T22:47:00.734516-03:00","Action":"run","Package":"cmd/internal/testdir","Test":"TestShouldTest"}
{"Time":"2026-10-03T22:47:00.73452-03:00","Action":"output","Package":"cmd/internal/testdir","Test":"TestShouldTest","Output":"=== RUN   TestShouldTest\n","OutputType":"frame"}
{"Time":"2026-10-03T22:47:00.734555-03:00","Action":"output","Package":"cmd/internal/testdir","Test":"TestShouldTest","Output":"--- PASS: TestShouldTest (0.00s)\n","OutputType":"frame"}
{"Time":"2026-10-03T22:47:00.734563-03:00","Action":"pass","Package":"cmd/internal/testdir","Test":"TestShouldTest","Elapsed":0}
{"Time":"2026-10-03T22:47:00.734569-03:00","Action":"output","Package":"cmd/internal/testdir","Output":"PASS\n","OutputType":"frame"}
{"Time":"2026-10-03T22:47:00.735042-03:00","Action":"output","Package":"cmd/internal/testdir","Output":"ok  \tcmd/internal/testdir\t2.562s\n"}
{"Time":"2026-10-03T22:47:00.735058-03:00","Action":"pass","Package":"cmd/internal/testdir","Elapsed":2.5620000000000003}
