{"Time":"2026-10-03T22:47:16.058457-03:00","Action":"start","Package":"cmd/compile/internal/syntax"}
{"Time":"2026-10-03T22:47:16.06249-03:00","Action":"start","Package":"go/parser"}
{"Time":"2026-10-03T22:47:16.063703-03:00","Action":"start","Package":"go/printer"}
{"Time":"2026-10-03T22:47:16.063763-03:00","Action":"start","Package":"go/format"}
{"Time":"2026-10-03T22:47:16.063873-03:00","Action":"start","Package":"cmd/gofmt"}
{"Time":"2026-10-03T22:47:16.250212-03:00","Action":"run","Package":"cmd/compile/internal/syntax","Test":"TestAlternativesSyntax"}
{"Time":"2026-10-03T22:47:16.250276-03:00","Action":"output","Package":"cmd/compile/internal/syntax","Test":"TestAlternativesSyntax","Output":"=== RUN   TestAlternativesSyntax\n","OutputType":"frame"}
{"Time":"2026-10-03T22:47:16.250318-03:00","Action":"run","Package":"cmd/compile/internal/syntax","Test":"TestAlternativesSyntax/variants"}
{"Time":"2026-10-03T22:47:16.250324-03:00","Action":"output","Package":"cmd/compile/internal/syntax","Test":"TestAlternativesSyntax/variants","Output":"=== RUN   TestAlternativesSyntax/variants\n","OutputType":"frame"}
{"Time":"2026-10-03T22:47:16.25047-03:00","Action":"output","Package":"cmd/compile/internal/syntax","Test":"TestAlternativesSyntax/variants","Output":"--- PASS: TestAlternativesSyntax/variants (0.00s)\n","OutputType":"frame"}
{"Time":"2026-10-03T22:47:16.250487-03:00","Action":"pass","Package":"cmd/compile/internal/syntax","Test":"TestAlternativesSyntax/variants","Elapsed":0}
{"Time":"2026-10-03T22:47:16.2505-03:00","Action":"run","Package":"cmd/compile/internal/syntax","Test":"TestAlternativesSyntax/expression"}
{"Time":"2026-10-03T22:47:16.250506-03:00","Action":"output","Package":"cmd/compile/internal/syntax","Test":"TestAlternativesSyntax/expression","Output":"=== RUN   TestAlternativesSyntax/expression\n","OutputType":"frame"}
{"Time":"2026-10-03T22:47:16.250622-03:00","Action":"output","Package":"cmd/compile/internal/syntax","Test":"TestAlternativesSyntax/expression","Output":"--- PASS: TestAlternativesSyntax/expression (0.00s)\n","OutputType":"frame"}
{"Time":"2026-10-03T22:47:16.250656-03:00","Action":"pass","Package":"cmd/compile/internal/syntax","Test":"TestAlternativesSyntax/expression","Elapsed":0}
{"Time":"2026-10-03T22:47:16.250667-03:00","Action":"run","Package":"cmd/compile/internal/syntax","Test":"TestAlternativesSyntax/statement"}
{"Time":"2026-10-03T22:47:16.250675-03:00","Action":"output","Package":"cmd/compile/internal/syntax","Test":"TestAlternativesSyntax/statement","Output":"=== RUN   TestAlternativesSyntax/statement\n","OutputType":"frame"}
{"Time":"2026-10-03T22:47:16.250703-03:00","Action":"output","Package":"cmd/compile/internal/syntax","Test":"TestAlternativesSyntax/statement","Output":"--- PASS: TestAlternativesSyntax/statement (0.00s)\n","OutputType":"frame"}
{"Time":"2026-10-03T22:47:16.250712-03:00","Action":"pass","Package":"cmd/compile/internal/syntax","Test":"TestAlternativesSyntax/statement","Elapsed":0}
{"Time":"2026-10-03T22:47:16.25072-03:00","Action":"run","Package":"cmd/compile/internal/syntax","Test":"TestAlternativesSyntax/nested"}
{"Time":"2026-10-03T22:47:16.250728-03:00","Action":"output","Package":"cmd/compile/internal/syntax","Test":"TestAlternativesSyntax/nested","Output":"=== RUN   TestAlternativesSyntax/nested\n","OutputType":"frame"}
{"Time":"2026-10-03T22:47:16.250753-03:00","Action":"output","Package":"cmd/compile/internal/syntax","Test":"TestAlternativesSyntax/nested","Output":"--- PASS: TestAlternativesSyntax/nested (0.00s)\n","OutputType":"frame"}
{"Time":"2026-10-03T22:47:16.250761-03:00","Action":"pass","Package":"cmd/compile/internal/syntax","Test":"TestAlternativesSyntax/nested","Elapsed":0}
{"Time":"2026-10-03T22:47:16.250769-03:00","Action":"run","Package":"cmd/compile/internal/syntax","Test":"TestAlternativesSyntax/legacy"}
{"Time":"2026-10-03T22:47:16.250775-03:00","Action":"output","Package":"cmd/compile/internal/syntax","Test":"TestAlternativesSyntax/legacy","Output":"=== RUN   TestAlternativesSyntax/legacy\n","OutputType":"frame"}
{"Time":"2026-10-03T22:47:16.250789-03:00","Action":"output","Package":"cmd/compile/internal/syntax","Test":"TestAlternativesSyntax/legacy","Output":"--- PASS: TestAlternativesSyntax/legacy (0.00s)\n","OutputType":"frame"}
{"Time":"2026-10-03T22:47:16.250811-03:00","Action":"pass","Package":"cmd/compile/internal/syntax","Test":"TestAlternativesSyntax/legacy","Elapsed":0}
{"Time":"2026-10-03T22:47:16.25082-03:00","Action":"output","Package":"cmd/compile/internal/syntax","Test":"TestAlternativesSyntax","Output":"--- PASS: TestAlternativesSyntax (0.00s)\n","OutputType":"frame"}
{"Time":"2026-10-03T22:47:16.250832-03:00","Action":"pass","Package":"cmd/compile/internal/syntax","Test":"TestAlternativesSyntax","Elapsed":0}
{"Time":"2026-10-03T22:47:16.250839-03:00","Action":"run","Package":"cmd/compile/internal/syntax","Test":"TestAlternativesSyntaxErrors"}
{"Time":"2026-10-03T22:47:16.250846-03:00","Action":"output","Package":"cmd/compile/internal/syntax","Test":"TestAlternativesSyntaxErrors","Output":"=== RUN   TestAlternativesSyntaxErrors\n","OutputType":"frame"}
{"Time":"2026-10-03T22:47:16.250875-03:00","Action":"output","Package":"cmd/compile/internal/syntax","Test":"TestAlternativesSyntaxErrors","Output":"--- PASS: TestAlternativesSyntaxErrors (0.00s)\n","OutputType":"frame"}
{"Time":"2026-10-03T22:47:16.250889-03:00","Action":"pass","Package":"cmd/compile/internal/syntax","Test":"TestAlternativesSyntaxErrors","Elapsed":0}
{"Time":"2026-10-03T22:47:16.250922-03:00","Action":"run","Package":"cmd/compile/internal/syntax","Test":"TestAlternativesGroupedRecord"}
{"Time":"2026-10-03T22:47:16.25093-03:00","Action":"output","Package":"cmd/compile/internal/syntax","Test":"TestAlternativesGroupedRecord","Output":"=== RUN   TestAlternativesGroupedRecord\n","OutputType":"frame"}
{"Time":"2026-10-03T22:47:16.250938-03:00","Action":"output","Package":"cmd/compile/internal/syntax","Test":"TestAlternativesGroupedRecord","Output":"--- PASS: TestAlternativesGroupedRecord (0.00s)\n","OutputType":"frame"}
{"Time":"2026-10-03T22:47:16.250943-03:00","Action":"pass","Package":"cmd/compile/internal/syntax","Test":"TestAlternativesGroupedRecord","Elapsed":0}
{"Time":"2026-10-03T22:47:16.250949-03:00","Action":"run","Package":"cmd/compile/internal/syntax","Test":"TestSimplifiedAlternativesSyntax"}
{"Time":"2026-10-03T22:47:16.250952-03:00","Action":"output","Package":"cmd/compile/internal/syntax","Test":"TestSimplifiedAlternativesSyntax","Output":"=== RUN   TestSimplifiedAlternativesSyntax\n","OutputType":"frame"}
{"Time":"2026-10-03T22:47:16.251109-03:00","Action":"output","Package":"cmd/compile/internal/syntax","Test":"TestSimplifiedAlternativesSyntax","Output":"--- PASS: TestSimplifiedAlternativesSyntax (0.00s)\n","OutputType":"frame"}
{"Time":"2026-10-03T22:47:16.25113-03:00","Action":"pass","Package":"cmd/compile/internal/syntax","Test":"TestSimplifiedAlternativesSyntax","Elapsed":0}
{"Time":"2026-10-03T22:47:16.251274-03:00","Action":"output","Package":"cmd/compile/internal/syntax","Output":"PASS\n","OutputType":"frame"}
{"Time":"2026-10-03T22:47:16.251874-03:00","Action":"output","Package":"cmd/compile/internal/syntax","Output":"ok  \tcmd/compile/internal/syntax\t0.193s\n"}
{"Time":"2026-10-03T22:47:16.251909-03:00","Action":"pass","Package":"cmd/compile/internal/syntax","Elapsed":0.193}
{"Time":"2026-10-03T22:47:16.252998-03:00","Action":"output","Package":"cmd/gofmt","Output":"testing: warning: no tests to run\n"}
{"Time":"2026-10-03T22:47:16.253091-03:00","Action":"output","Package":"cmd/gofmt","Output":"PASS\n","OutputType":"frame"}
{"Time":"2026-10-03T22:47:16.253812-03:00","Action":"output","Package":"cmd/gofmt","Output":"ok  \tcmd/gofmt\t0.190s [no tests to run]\n"}
{"Time":"2026-10-03T22:47:16.253825-03:00","Action":"pass","Package":"cmd/gofmt","Elapsed":0.19}
{"Time":"2026-10-03T22:47:16.25544-03:00","Action":"output","Package":"go/format","Output":"testing: warning: no tests to run\n"}
{"Time":"2026-10-03T22:47:16.255492-03:00","Action":"output","Package":"go/format","Output":"PASS\n","OutputType":"frame"}
{"Time":"2026-10-03T22:47:16.255757-03:00","Action":"output","Package":"go/printer","Output":"testing: warning: no tests to run\n"}
{"Time":"2026-10-03T22:47:16.255796-03:00","Action":"output","Package":"go/printer","Output":"PASS\n","OutputType":"frame"}
{"Time":"2026-10-03T22:47:16.256006-03:00","Action":"output","Package":"go/format","Output":"ok  \tgo/format\t0.192s [no tests to run]\n"}
{"Time":"2026-10-03T22:47:16.256022-03:00","Action":"pass","Package":"go/format","Elapsed":0.192}
{"Time":"2026-10-03T22:47:16.256361-03:00","Action":"output","Package":"go/printer","Output":"ok  \tgo/printer\t0.193s [no tests to run]\n"}
{"Time":"2026-10-03T22:47:16.25638-03:00","Action":"pass","Package":"go/printer","Elapsed":0.193}
{"Time":"2026-10-03T22:47:16.257948-03:00","Action":"run","Package":"go/parser","Test":"TestAlternativesSyntax"}
{"Time":"2026-10-03T22:47:16.257969-03:00","Action":"output","Package":"go/parser","Test":"TestAlternativesSyntax","Output":"=== RUN   TestAlternativesSyntax\n","OutputType":"frame"}
{"Time":"2026-10-03T22:47:16.258592-03:00","Action":"output","Package":"go/parser","Test":"TestAlternativesSyntax","Output":"--- PASS: TestAlternativesSyntax (0.00s)\n","OutputType":"frame"}
{"Time":"2026-10-03T22:47:16.258601-03:00","Action":"pass","Package":"go/parser","Test":"TestAlternativesSyntax","Elapsed":0}
{"Time":"2026-10-03T22:47:16.258608-03:00","Action":"run","Package":"go/parser","Test":"TestAlternativesNestedPatterns"}
{"Time":"2026-10-03T22:47:16.258612-03:00","Action":"output","Package":"go/parser","Test":"TestAlternativesNestedPatterns","Output":"=== RUN   TestAlternativesNestedPatterns\n","OutputType":"frame"}
{"Time":"2026-10-03T22:47:16.258633-03:00","Action":"output","Package":"go/parser","Test":"TestAlternativesNestedPatterns","Output":"--- PASS: TestAlternativesNestedPatterns (0.00s)\n","OutputType":"frame"}
{"Time":"2026-10-03T22:47:16.258639-03:00","Action":"pass","Package":"go/parser","Test":"TestAlternativesNestedPatterns","Elapsed":0}
{"Time":"2026-10-03T22:47:16.258645-03:00","Action":"run","Package":"go/parser","Test":"TestAlternativesLegacySyntax"}
{"Time":"2026-10-03T22:47:16.258649-03:00","Action":"output","Package":"go/parser","Test":"TestAlternativesLegacySyntax","Output":"=== RUN   TestAlternativesLegacySyntax\n","OutputType":"frame"}
{"Time":"2026-10-03T22:47:16.258696-03:00","Action":"output","Package":"go/parser","Test":"TestAlternativesLegacySyntax","Output":"--- PASS: TestAlternativesLegacySyntax (0.00s)\n","OutputType":"frame"}
{"Time":"2026-10-03T22:47:16.258707-03:00","Action":"pass","Package":"go/parser","Test":"TestAlternativesLegacySyntax","Elapsed":0}
{"Time":"2026-10-03T22:47:16.258716-03:00","Action":"run","Package":"go/parser","Test":"TestAlternativesInvalidSyntax"}
{"Time":"2026-10-03T22:47:16.258722-03:00","Action":"output","Package":"go/parser","Test":"TestAlternativesInvalidSyntax","Output":"=== RUN   TestAlternativesInvalidSyntax\n","OutputType":"frame"}
{"Time":"2026-10-03T22:47:16.258763-03:00","Action":"run","Package":"go/parser","Test":"TestAlternativesInvalidSyntax/package_p;_type_E_enum;_{_default_V_}"}
{"Time":"2026-10-03T22:47:16.258772-03:00","Action":"output","Package":"go/parser","Test":"TestAlternativesInvalidSyntax/package_p;_type_E_enum;_{_default_V_}","Output":"=== RUN   TestAlternativesInvalidSyntax/package_p;_type_E_enum;_{_default_V_}\n","OutputType":"frame"}
{"Time":"2026-10-03T22:47:16.258786-03:00","Action":"output","Package":"go/parser","Test":"TestAlternativesInvalidSyntax/package_p;_type_E_enum;_{_default_V_}","Output":"--- PASS: TestAlternativesInvalidSyntax/package_p;_type_E_enum;_{_default_V_} (0.00s)\n","OutputType":"frame"}
{"Time":"2026-10-03T22:47:16.258792-03:00","Action":"pass","Package":"go/parser","Test":"TestAlternativesInvalidSyntax/package_p;_type_E_enum;_{_default_V_}","Elapsed":0}
{"Time":"2026-10-03T22:47:16.258805-03:00","Action":"run","Package":"go/parser","Test":"TestAlternativesInvalidSyntax/package_p;_type_E_=_enum_{_default_V_}"}
{"Time":"2026-10-03T22:47:16.25881-03:00","Action":"output","Package":"go/parser","Test":"TestAlternativesInvalidSyntax/package_p;_type_E_=_enum_{_default_V_}","Output":"=== RUN   TestAlternativesInvalidSyntax/package_p;_type_E_=_enum_{_default_V_}\n","OutputType":"frame"}
{"Time":"2026-10-03T22:47:16.258824-03:00","Action":"output","Package":"go/parser","Test":"TestAlternativesInvalidSyntax/package_p;_type_E_=_enum_{_default_V_}","Output":"--- PASS: TestAlternativesInvalidSyntax/package_p;_type_E_=_enum_{_default_V_} (0.00s)\n","OutputType":"frame"}
{"Time":"2026-10-03T22:47:16.25883-03:00","Action":"pass","Package":"go/parser","Test":"TestAlternativesInvalidSyntax/package_p;_type_E_=_enum_{_default_V_}","Elapsed":0}
{"Time":"2026-10-03T22:47:16.258835-03:00","Action":"run","Package":"go/parser","Test":"TestAlternativesInvalidSyntax/package_p;_type_E_enum_{_default_V(x_int)_}"}
{"Time":"2026-10-03T22:47:16.25884-03:00","Action":"output","Package":"go/parser","Test":"TestAlternativesInvalidSyntax/package_p;_type_E_enum_{_default_V(x_int)_}","Output":"=== RUN   TestAlternativesInvalidSyntax/package_p;_type_E_enum_{_default_V(x_int)_}\n","OutputType":"frame"}
{"Time":"2026-10-03T22:47:16.258847-03:00","Action":"output","Package":"go/parser","Test":"TestAlternativesInvalidSyntax/package_p;_type_E_enum_{_default_V(x_int)_}","Output":"--- PASS: TestAlternativesInvalidSyntax/package_p;_type_E_enum_{_default_V(x_int)_} (0.00s)\n","OutputType":"frame"}
{"Time":"2026-10-03T22:47:16.258855-03:00","Action":"pass","Package":"go/parser","Test":"TestAlternativesInvalidSyntax/package_p;_type_E_enum_{_default_V(x_int)_}","Elapsed":0}
{"Time":"2026-10-03T22:47:16.258864-03:00","Action":"run","Package":"go/parser","Test":"TestAlternativesInvalidSyntax/package_p;_type_E_enum_{_default_V_{_Embedded_}_}"}
{"Time":"2026-10-03T22:47:16.258869-03:00","Action":"output","Package":"go/parser","Test":"TestAlternativesInvalidSyntax/package_p;_type_E_enum_{_default_V_{_Embedded_}_}","Output":"=== RUN   TestAlternativesInvalidSyntax/package_p;_type_E_enum_{_default_V_{_Embedded_}_}\n","OutputType":"frame"}
{"Time":"2026-10-03T22:47:16.258879-03:00","Action":"output","Package":"go/parser","Test":"TestAlternativesInvalidSyntax/package_p;_type_E_enum_{_default_V_{_Embedded_}_}","Output":"--- PASS: TestAlternativesInvalidSyntax/package_p;_type_E_enum_{_default_V_{_Embedded_}_} (0.00s)\n","OutputType":"frame"}
{"Time":"2026-10-03T22:47:16.258885-03:00","Action":"pass","Package":"go/parser","Test":"TestAlternativesInvalidSyntax/package_p;_type_E_enum_{_default_V_{_Embedded_}_}","Elapsed":0}
{"Time":"2026-10-03T22:47:16.25889-03:00","Action":"run","Package":"go/parser","Test":"TestAlternativesInvalidSyntax/package_p;_type_E_enum_{_default_V_{_*Embedded_}_}"}
{"Time":"2026-10-03T22:47:16.258894-03:00","Action":"output","Package":"go/parser","Test":"TestAlternativesInvalidSyntax/package_p;_type_E_enum_{_default_V_{_*Embedded_}_}","Output":"=== RUN   TestAlternativesInvalidSyntax/package_p;_type_E_enum_{_default_V_{_*Embedded_}_}\n","OutputType":"frame"}
{"Time":"2026-10-03T22:47:16.258901-03:00","Action":"output","Package":"go/parser","Test":"TestAlternativesInvalidSyntax/package_p;_type_E_enum_{_default_V_{_*Embedded_}_}","Output":"--- PASS: TestAlternativesInvalidSyntax/package_p;_type_E_enum_{_default_V_{_*Embedded_}_} (0.00s)\n","OutputType":"frame"}
{"Time":"2026-10-03T22:47:16.258905-03:00","Action":"pass","Package":"go/parser","Test":"TestAlternativesInvalidSyntax/package_p;_type_E_enum_{_default_V_{_*Embedded_}_}","Elapsed":0}
{"Time":"2026-10-03T22:47:16.258911-03:00","Action":"run","Package":"go/parser","Test":"TestAlternativesInvalidSyntax/package_p;_type_E_enum_{_default_V_{_X_int_\"tag\"_}_}"}
{"Time":"2026-10-03T22:47:16.258916-03:00","Action":"output","Package":"go/parser","Test":"TestAlternativesInvalidSyntax/package_p;_type_E_enum_{_default_V_{_X_int_\"tag\"_}_}","Output":"=== RUN   TestAlternativesInvalidSyntax/package_p;_type_E_enum_{_default_V_{_X_int_\"tag\"_}_}\n","OutputType":"frame"}
{"Time":"2026-10-03T22:47:16.25893-03:00","Action":"output","Package":"go/parser","Test":"TestAlternativesInvalidSyntax/package_p;_type_E_enum_{_default_V_{_X_int_\"tag\"_}_}","Output":"--- PASS: TestAlternativesInvalidSyntax/package_p;_type_E_enum_{_default_V_{_X_int_\"tag\"_}_} (0.00s)\n","OutputType":"frame"}
{"Time":"2026-10-03T22:47:16.258945-03:00","Action":"pass","Package":"go/parser","Test":"TestAlternativesInvalidSyntax/package_p;_type_E_enum_{_default_V_{_X_int_\"tag\"_}_}","Elapsed":0}
{"Time":"2026-10-03T22:47:16.258962-03:00","Action":"run","Package":"go/parser","Test":"TestAlternativesInvalidSyntax/package_p;_var_x_=_switch_y_{_case_E.V_=\u003e_1;_default:_2_}"}
{"Time":"2026-10-03T22:47:16.258968-03:00","Action":"output","Package":"go/parser","Test":"TestAlternativesInvalidSyntax/package_p;_var_x_=_switch_y_{_case_E.V_=\u003e_1;_default:_2_}","Output":"=== RUN   TestAlternativesInvalidSyntax/package_p;_var_x_=_switch_y_{_case_E.V_=\u003e_1;_default:_2_}\n","OutputType":"frame"}
{"Time":"2026-10-03T22:47:16.25901-03:00","Action":"output","Package":"go/parser","Test":"TestAlternativesInvalidSyntax/package_p;_var_x_=_switch_y_{_case_E.V_=\u003e_1;_default:_2_}","Output":"--- PASS: TestAlternativesInvalidSyntax/package_p;_var_x_=_switch_y_{_case_E.V_=\u003e_1;_default:_2_} (0.00s)\n","OutputType":"frame"}
{"Time":"2026-10-03T22:47:16.259025-03:00","Action":"pass","Package":"go/parser","Test":"TestAlternativesInvalidSyntax/package_p;_var_x_=_switch_y_{_case_E.V_=\u003e_1;_default:_2_}","Elapsed":0}
{"Time":"2026-10-03T22:47:16.259034-03:00","Action":"run","Package":"go/parser","Test":"TestAlternativesInvalidSyntax/package_p;_func_f()_{_switch_y_{_case_E.V_=\u003e_1_}_}"}
{"Time":"2026-10-03T22:47:16.259046-03:00","Action":"output","Package":"go/parser","Test":"TestAlternativesInvalidSyntax/package_p;_func_f()_{_switch_y_{_case_E.V_=\u003e_1_}_}","Output":"=== RUN   TestAlternativesInvalidSyntax/package_p;_func_f()_{_switch_y_{_case_E.V_=\u003e_1_}_}\n","OutputType":"frame"}
{"Time":"2026-10-03T22:47:16.259056-03:00","Action":"output","Package":"go/parser","Test":"TestAlternativesInvalidSyntax/package_p;_func_f()_{_switch_y_{_case_E.V_=\u003e_1_}_}","Output":"--- PASS: TestAlternativesInvalidSyntax/package_p;_func_f()_{_switch_y_{_case_E.V_=\u003e_1_}_} (0.00s)\n","OutputType":"frame"}
{"Time":"2026-10-03T22:47:16.25907-03:00","Action":"pass","Package":"go/parser","Test":"TestAlternativesInvalidSyntax/package_p;_func_f()_{_switch_y_{_case_E.V_=\u003e_1_}_}","Elapsed":0}
{"Time":"2026-10-03T22:47:16.259076-03:00","Action":"run","Package":"go/parser","Test":"TestAlternativesInvalidSyntax/package_p;_var_x_=_switch_y_{_case_E.V{X:_x,_...,_Y:_y}_=\u003e_x_}"}
{"Time":"2026-10-03T22:47:16.259081-03:00","Action":"output","Package":"go/parser","Test":"TestAlternativesInvalidSyntax/package_p;_var_x_=_switch_y_{_case_E.V{X:_x,_...,_Y:_y}_=\u003e_x_}","Output":"=== RUN   TestAlternativesInvalidSyntax/package_p;_var_x_=_switch_y_{_case_E.V{X:_x,_...,_Y:_y}_=\u003e_x_}\n","OutputType":"frame"}
{"Time":"2026-10-03T22:47:16.259102-03:00","Action":"output","Package":"go/parser","Test":"TestAlternativesInvalidSyntax/package_p;_var_x_=_switch_y_{_case_E.V{X:_x,_...,_Y:_y}_=\u003e_x_}","Output":"--- PASS: TestAlternativesInvalidSyntax/package_p;_var_x_=_switch_y_{_case_E.V{X:_x,_...,_Y:_y}_=\u003e_x_} (0.00s)\n","OutputType":"frame"}
{"Time":"2026-10-03T22:47:16.259109-03:00","Action":"pass","Package":"go/parser","Test":"TestAlternativesInvalidSyntax/package_p;_var_x_=_switch_y_{_case_E.V{X:_x,_...,_Y:_y}_=\u003e_x_}","Elapsed":0}
{"Time":"2026-10-03T22:47:16.259123-03:00","Action":"run","Package":"go/parser","Test":"TestAlternativesInvalidSyntax/package_p;_var_x_=_switch_y_{_case_E.V{X}_=\u003e_1_}"}
{"Time":"2026-10-03T22:47:16.25913-03:00","Action":"output","Package":"go/parser","Test":"TestAlternativesInvalidSyntax/package_p;_var_x_=_switch_y_{_case_E.V{X}_=\u003e_1_}","Output":"=== RUN   TestAlternativesInvalidSyntax/package_p;_var_x_=_switch_y_{_case_E.V{X}_=\u003e_1_}\n","OutputType":"frame"}
{"Time":"2026-10-03T22:47:16.259153-03:00","Action":"output","Package":"go/parser","Test":"TestAlternativesInvalidSyntax/package_p;_var_x_=_switch_y_{_case_E.V{X}_=\u003e_1_}","Output":"--- PASS: TestAlternativesInvalidSyntax/package_p;_var_x_=_switch_y_{_case_E.V{X}_=\u003e_1_} (0.00s)\n","OutputType":"frame"}
{"Time":"2026-10-03T22:47:16.259167-03:00","Action":"pass","Package":"go/parser","Test":"TestAlternativesInvalidSyntax/package_p;_var_x_=_switch_y_{_case_E.V{X}_=\u003e_1_}","Elapsed":0}
{"Time":"2026-10-03T22:47:16.259174-03:00","Action":"run","Package":"go/parser","Test":"TestAlternativesInvalidSyntax/package_p;_var_x_=_switch_y_{_case_f()+g()_=\u003e_1_}"}
{"Time":"2026-10-03T22:47:16.259179-03:00","Action":"output","Package":"go/parser","Test":"TestAlternativesInvalidSyntax/package_p;_var_x_=_switch_y_{_case_f()+g()_=\u003e_1_}","Output":"=== RUN   TestAlternativesInvalidSyntax/package_p;_var_x_=_switch_y_{_case_f()+g()_=\u003e_1_}\n","OutputType":"frame"}
{"Time":"2026-10-03T22:47:16.259185-03:00","Action":"output","Package":"go/parser","Test":"TestAlternativesInvalidSyntax/package_p;_var_x_=_switch_y_{_case_f()+g()_=\u003e_1_}","Output":"--- PASS: TestAlternativesInvalidSyntax/package_p;_var_x_=_switch_y_{_case_f()+g()_=\u003e_1_} (0.00s)\n","OutputType":"frame"}
{"Time":"2026-10-03T22:47:16.259191-03:00","Action":"pass","Package":"go/parser","Test":"TestAlternativesInvalidSyntax/package_p;_var_x_=_switch_y_{_case_f()+g()_=\u003e_1_}","Elapsed":0}
{"Time":"2026-10-03T22:47:16.259204-03:00","Action":"run","Package":"go/parser","Test":"TestAlternativesInvalidSyntax/package_p;_var_x_=_switch_init();_y_{_default_=\u003e_1_}"}
{"Time":"2026-10-03T22:47:16.25921-03:00","Action":"output","Package":"go/parser","Test":"TestAlternativesInvalidSyntax/package_p;_var_x_=_switch_init();_y_{_default_=\u003e_1_}","Output":"=== RUN   TestAlternativesInvalidSyntax/package_p;_var_x_=_switch_init();_y_{_default_=\u003e_1_}\n","OutputType":"frame"}
{"Time":"2026-10-03T22:47:16.259229-03:00","Action":"output","Package":"go/parser","Test":"TestAlternativesInvalidSyntax/package_p;_var_x_=_switch_init();_y_{_default_=\u003e_1_}","Output":"--- PASS: TestAlternativesInvalidSyntax/package_p;_var_x_=_switch_init();_y_{_default_=\u003e_1_} (0.00s)\n","OutputType":"frame"}
{"Time":"2026-10-03T22:47:16.259242-03:00","Action":"pass","Package":"go/parser","Test":"TestAlternativesInvalidSyntax/package_p;_var_x_=_switch_init();_y_{_default_=\u003e_1_}","Elapsed":0}
{"Time":"2026-10-03T22:47:16.259248-03:00","Action":"output","Package":"go/parser","Test":"TestAlternativesInvalidSyntax","Output":"--- PASS: TestAlternativesInvalidSyntax (0.00s)\n","OutputType":"frame"}
{"Time":"2026-10-03T22:47:16.259254-03:00","Action":"pass","Package":"go/parser","Test":"TestAlternativesInvalidSyntax","Elapsed":0}
{"Time":"2026-10-03T22:47:16.259258-03:00","Action":"run","Package":"go/parser","Test":"TestAlternativesGroupedRecord"}
{"Time":"2026-10-03T22:47:16.259263-03:00","Action":"output","Package":"go/parser","Test":"TestAlternativesGroupedRecord","Output":"=== RUN   TestAlternativesGroupedRecord\n","OutputType":"frame"}
{"Time":"2026-10-03T22:47:16.259305-03:00","Action":"output","Package":"go/parser","Test":"TestAlternativesGroupedRecord","Output":"--- PASS: TestAlternativesGroupedRecord (0.00s)\n","OutputType":"frame"}
{"Time":"2026-10-03T22:47:16.259319-03:00","Action":"pass","Package":"go/parser","Test":"TestAlternativesGroupedRecord","Elapsed":0}
{"Time":"2026-10-03T22:47:16.259327-03:00","Action":"run","Package":"go/parser","Test":"TestSimplifiedAlternativesSyntax"}
{"Time":"2026-10-03T22:47:16.259338-03:00","Action":"output","Package":"go/parser","Test":"TestSimplifiedAlternativesSyntax","Output":"=== RUN   TestSimplifiedAlternativesSyntax\n","OutputType":"frame"}
{"Time":"2026-10-03T22:47:16.259621-03:00","Action":"output","Package":"go/parser","Test":"TestSimplifiedAlternativesSyntax","Output":"--- PASS: TestSimplifiedAlternativesSyntax (0.00s)\n","OutputType":"frame"}
{"Time":"2026-10-03T22:47:16.259631-03:00","Action":"pass","Package":"go/parser","Test":"TestSimplifiedAlternativesSyntax","Elapsed":0}
{"Time":"2026-10-03T22:47:16.259637-03:00","Action":"run","Package":"go/parser","Test":"TestSimplifiedAlternativesSyntaxErrors"}
{"Time":"2026-10-03T22:47:16.259642-03:00","Action":"output","Package":"go/parser","Test":"TestSimplifiedAlternativesSyntaxErrors","Output":"=== RUN   TestSimplifiedAlternativesSyntaxErrors\n","OutputType":"frame"}
{"Time":"2026-10-03T22:47:16.259671-03:00","Action":"output","Package":"go/parser","Test":"TestSimplifiedAlternativesSyntaxErrors","Output":"--- PASS: TestSimplifiedAlternativesSyntaxErrors (0.00s)\n","OutputType":"frame"}
{"Time":"2026-10-03T22:47:16.259678-03:00","Action":"pass","Package":"go/parser","Test":"TestSimplifiedAlternativesSyntaxErrors","Elapsed":0}
{"Time":"2026-10-03T22:47:16.259684-03:00","Action":"run","Package":"go/parser","Test":"TestSimplifiedAlternativesMultiline"}
{"Time":"2026-10-03T22:47:16.259688-03:00","Action":"output","Package":"go/parser","Test":"TestSimplifiedAlternativesMultiline","Output":"=== RUN   TestSimplifiedAlternativesMultiline\n","OutputType":"frame"}
{"Time":"2026-10-03T22:47:16.259772-03:00","Action":"output","Package":"go/parser","Test":"TestSimplifiedAlternativesMultiline","Output":"--- PASS: TestSimplifiedAlternativesMultiline (0.00s)\n","OutputType":"frame"}
{"Time":"2026-10-03T22:47:16.259781-03:00","Action":"pass","Package":"go/parser","Test":"TestSimplifiedAlternativesMultiline","Elapsed":0}
{"Time":"2026-10-03T22:47:16.259788-03:00","Action":"output","Package":"go/parser","Output":"PASS\n","OutputType":"frame"}
{"Time":"2026-10-03T22:47:16.260373-03:00","Action":"output","Package":"go/parser","Output":"ok  \tgo/parser\t0.198s\n"}
{"Time":"2026-10-03T22:47:16.260386-03:00","Action":"pass","Package":"go/parser","Elapsed":0.198}
