{"Time":"2026-10-03T22:47:16.568867-03:00","Action":"start","Package":"cmd/compile/internal/types2"}
{"Time":"2026-10-03T22:47:16.569981-03:00","Action":"start","Package":"go/types"}
{"Time":"2026-10-03T22:47:16.774308-03:00","Action":"run","Package":"cmd/compile/internal/types2","Test":"TestNativeOptionalIdentity"}
{"Time":"2026-10-03T22:47:16.77444-03:00","Action":"output","Package":"cmd/compile/internal/types2","Test":"TestNativeOptionalIdentity","Output":"=== RUN   TestNativeOptionalIdentity\n","OutputType":"frame"}
{"Time":"2026-10-03T22:47:16.774516-03:00","Action":"output","Package":"cmd/compile/internal/types2","Test":"TestNativeOptionalIdentity","Output":"--- PASS: TestNativeOptionalIdentity (0.00s)\n","OutputType":"frame"}
{"Time":"2026-10-03T22:47:16.774531-03:00","Action":"pass","Package":"cmd/compile/internal/types2","Test":"TestNativeOptionalIdentity","Elapsed":0}
{"Time":"2026-10-03T22:47:16.774545-03:00","Action":"run","Package":"cmd/compile/internal/types2","Test":"TestNativeOptionalPatterns"}
{"Time":"2026-10-03T22:47:16.774554-03:00","Action":"output","Package":"cmd/compile/internal/types2","Test":"TestNativeOptionalPatterns","Output":"=== RUN   TestNativeOptionalPatterns\n","OutputType":"frame"}
{"Time":"2026-10-03T22:47:16.774971-03:00","Action":"output","Package":"cmd/compile/internal/types2","Test":"TestNativeOptionalPatterns","Output":"--- PASS: TestNativeOptionalPatterns (0.00s)\n","OutputType":"frame"}
{"Time":"2026-10-03T22:47:16.774992-03:00","Action":"pass","Package":"cmd/compile/internal/types2","Test":"TestNativeOptionalPatterns","Elapsed":0}
{"Time":"2026-10-03T22:47:16.775005-03:00","Action":"run","Package":"cmd/compile/internal/types2","Test":"TestNativeOptionalInvalid"}
{"Time":"2026-10-03T22:47:16.775013-03:00","Action":"output","Package":"cmd/compile/internal/types2","Test":"TestNativeOptionalInvalid","Output":"=== RUN   TestNativeOptionalInvalid\n","OutputType":"frame"}
{"Time":"2026-10-03T22:47:16.775155-03:00","Action":"output","Package":"cmd/compile/internal/types2","Test":"TestNativeOptionalInvalid","Output":"--- PASS: TestNativeOptionalInvalid (0.00s)\n","OutputType":"frame"}
{"Time":"2026-10-03T22:47:16.775165-03:00","Action":"pass","Package":"cmd/compile/internal/types2","Test":"TestNativeOptionalInvalid","Elapsed":0}
{"Time":"2026-10-03T22:47:16.775175-03:00","Action":"run","Package":"cmd/compile/internal/types2","Test":"TestOptionContextTypes"}
{"Time":"2026-10-03T22:47:16.775182-03:00","Action":"output","Package":"cmd/compile/internal/types2","Test":"TestOptionContextTypes","Output":"=== RUN   TestOptionContextTypes\n","OutputType":"frame"}
{"Time":"2026-10-03T22:47:16.77584-03:00","Action":"output","Package":"cmd/compile/internal/types2","Test":"TestOptionContextTypes","Output":"--- PASS: TestOptionContextTypes (0.00s)\n","OutputType":"frame"}
{"Time":"2026-10-03T22:47:16.776287-03:00","Action":"pass","Package":"cmd/compile/internal/types2","Test":"TestOptionContextTypes","Elapsed":0}
{"Time":"2026-10-03T22:47:16.776305-03:00","Action":"run","Package":"cmd/compile/internal/types2","Test":"TestOptionContextInvalid"}
{"Time":"2026-10-03T22:47:16.77631-03:00","Action":"output","Package":"cmd/compile/internal/types2","Test":"TestOptionContextInvalid","Output":"=== RUN   TestOptionContextInvalid\n","OutputType":"frame"}
{"Time":"2026-10-03T22:47:16.776315-03:00","Action":"run","Package":"cmd/compile/internal/types2","Test":"TestOptionContextInvalid/var___=_.Ok(1)"}
{"Time":"2026-10-03T22:47:16.776319-03:00","Action":"output","Package":"cmd/compile/internal/types2","Test":"TestOptionContextInvalid/var___=_.Ok(1)","Output":"=== RUN   TestOptionContextInvalid/var___=_.Ok(1)\n","OutputType":"frame"}
{"Time":"2026-10-03T22:47:16.776332-03:00","Action":"output","Package":"cmd/compile/internal/types2","Test":"TestOptionContextInvalid/var___=_.Ok(1)","Output":"--- PASS: TestOptionContextInvalid/var___=_.Ok(1) (0.00s)\n","OutputType":"frame"}
{"Time":"2026-10-03T22:47:16.776336-03:00","Action":"pass","Package":"cmd/compile/internal/types2","Test":"TestOptionContextInvalid/var___=_.Ok(1)","Elapsed":0}
{"Time":"2026-10-03T22:47:16.77636-03:00","Action":"run","Package":"cmd/compile/internal/types2","Test":"TestOptionContextInvalid/var___=_.None"}
{"Time":"2026-10-03T22:47:16.776364-03:00","Action":"output","Package":"cmd/compile/internal/types2","Test":"TestOptionContextInvalid/var___=_.None","Output":"=== RUN   TestOptionContextInvalid/var___=_.None\n","OutputType":"frame"}
{"Time":"2026-10-03T22:47:16.776368-03:00","Action":"output","Package":"cmd/compile/internal/types2","Test":"TestOptionContextInvalid/var___=_.None","Output":"--- PASS: TestOptionContextInvalid/var___=_.None (0.00s)\n","OutputType":"frame"}
{"Time":"2026-10-03T22:47:16.776373-03:00","Action":"pass","Package":"cmd/compile/internal/types2","Test":"TestOptionContextInvalid/var___=_.None","Elapsed":0}
{"Time":"2026-10-03T22:47:16.776376-03:00","Action":"run","Package":"cmd/compile/internal/types2","Test":"TestOptionContextInvalid/var___int_=_.Some(1)"}
{"Time":"2026-10-03T22:47:16.776379-03:00","Action":"output","Package":"cmd/compile/internal/types2","Test":"TestOptionContextInvalid/var___int_=_.Some(1)","Output":"=== RUN   TestOptionContextInvalid/var___int_=_.Some(1)\n","OutputType":"frame"}
{"Time":"2026-10-03T22:47:16.776383-03:00","Action":"output","Package":"cmd/compile/internal/types2","Test":"TestOptionContextInvalid/var___int_=_.Some(1)","Output":"--- PASS: TestOptionContextInvalid/var___int_=_.Some(1) (0.00s)\n","OutputType":"frame"}
{"Time":"2026-10-03T22:47:16.776386-03:00","Action":"pass","Package":"cmd/compile/internal/types2","Test":"TestOptionContextInvalid/var___int_=_.Some(1)","Elapsed":0}
{"Time":"2026-10-03T22:47:16.776392-03:00","Action":"run","Package":"cmd/compile/internal/types2","Test":"TestOptionContextInvalid/type_Other_enum_{_default_Ok(int)_};_var___Other_=_.Ok(1)"}
{"Time":"2026-10-03T22:47:16.776399-03:00","Action":"output","Package":"cmd/compile/internal/types2","Test":"TestOptionContextInvalid/type_Other_enum_{_default_Ok(int)_};_var___Other_=_.Ok(1)","Output":"=== RUN   TestOptionContextInvalid/type_Other_enum_{_default_Ok(int)_};_var___Other_=_.Ok(1)\n","OutputType":"frame"}
{"Time":"2026-10-03T22:47:16.776415-03:00","Action":"output","Package":"cmd/compile/internal/types2","Test":"TestOptionContextInvalid/type_Other_enum_{_default_Ok(int)_};_var___Other_=_.Ok(1)","Output":"--- PASS: TestOptionContextInvalid/type_Other_enum_{_default_Ok(int)_};_var___Other_=_.Ok(1) (0.00s)\n","OutputType":"frame"}
{"Time":"2026-10-03T22:47:16.77642-03:00","Action":"pass","Package":"cmd/compile/internal/types2","Test":"TestOptionContextInvalid/type_Other_enum_{_default_Ok(int)_};_var___Other_=_.Ok(1)","Elapsed":0}
{"Time":"2026-10-03T22:47:16.776422-03:00","Action":"run","Package":"cmd/compile/internal/types2","Test":"TestOptionContextInvalid/type_Option[T_any]_struct{};_var___Option[int]_=_.Some(1)"}
{"Time":"2026-10-03T22:47:16.776425-03:00","Action":"output","Package":"cmd/compile/internal/types2","Test":"TestOptionContextInvalid/type_Option[T_any]_struct{};_var___Option[int]_=_.Some(1)","Output":"=== RUN   TestOptionContextInvalid/type_Option[T_any]_struct{};_var___Option[int]_=_.Some(1)\n","OutputType":"frame"}
{"Time":"2026-10-03T22:47:16.776428-03:00","Action":"output","Package":"cmd/compile/internal/types2","Test":"TestOptionContextInvalid/type_Option[T_any]_struct{};_var___Option[int]_=_.Some(1)","Output":"--- PASS: TestOptionContextInvalid/type_Option[T_any]_struct{};_var___Option[int]_=_.Some(1) (0.00s)\n","OutputType":"frame"}
{"Time":"2026-10-03T22:47:16.77643-03:00","Action":"pass","Package":"cmd/compile/internal/types2","Test":"TestOptionContextInvalid/type_Option[T_any]_struct{};_var___Option[int]_=_.Some(1)","Elapsed":0}
{"Time":"2026-10-03T22:47:16.776433-03:00","Action":"run","Package":"cmd/compile/internal/types2","Test":"TestOptionContextInvalid/var___int?_=_.Ok(1)"}
{"Time":"2026-10-03T22:47:16.776435-03:00","Action":"output","Package":"cmd/compile/internal/types2","Test":"TestOptionContextInvalid/var___int?_=_.Ok(1)","Output":"=== RUN   TestOptionContextInvalid/var___int?_=_.Ok(1)\n","OutputType":"frame"}
{"Time":"2026-10-03T22:47:16.776441-03:00","Action":"output","Package":"cmd/compile/internal/types2","Test":"TestOptionContextInvalid/var___int?_=_.Ok(1)","Output":"--- PASS: TestOptionContextInvalid/var___int?_=_.Ok(1) (0.00s)\n","OutputType":"frame"}
{"Time":"2026-10-03T22:47:16.776444-03:00","Action":"pass","Package":"cmd/compile/internal/types2","Test":"TestOptionContextInvalid/var___int?_=_.Ok(1)","Elapsed":0}
{"Time":"2026-10-03T22:47:16.776446-03:00","Action":"run","Package":"cmd/compile/internal/types2","Test":"TestOptionContextInvalid/var___Result[int,error]_=_.None"}
{"Time":"2026-10-03T22:47:16.776448-03:00","Action":"output","Package":"cmd/compile/internal/types2","Test":"TestOptionContextInvalid/var___Result[int,error]_=_.None","Output":"=== RUN   TestOptionContextInvalid/var___Result[int,error]_=_.None\n","OutputType":"frame"}
{"Time":"2026-10-03T22:47:16.776458-03:00","Action":"output","Package":"cmd/compile/internal/types2","Test":"TestOptionContextInvalid/var___Result[int,error]_=_.None","Output":"--- PASS: TestOptionContextInvalid/var___Result[int,error]_=_.None (0.00s)\n","OutputType":"frame"}
{"Time":"2026-10-03T22:47:16.776461-03:00","Action":"pass","Package":"cmd/compile/internal/types2","Test":"TestOptionContextInvalid/var___Result[int,error]_=_.None","Elapsed":0}
{"Time":"2026-10-03T22:47:16.776463-03:00","Action":"run","Package":"cmd/compile/internal/types2","Test":"TestOptionContextInvalid/var___int?_=_.Some(nil)"}
{"Time":"2026-10-03T22:47:16.776466-03:00","Action":"output","Package":"cmd/compile/internal/types2","Test":"TestOptionContextInvalid/var___int?_=_.Some(nil)","Output":"=== RUN   TestOptionContextInvalid/var___int?_=_.Some(nil)\n","OutputType":"frame"}
{"Time":"2026-10-03T22:47:16.776469-03:00","Action":"output","Package":"cmd/compile/internal/types2","Test":"TestOptionContextInvalid/var___int?_=_.Some(nil)","Output":"--- PASS: TestOptionContextInvalid/var___int?_=_.Some(nil) (0.00s)\n","OutputType":"frame"}
{"Time":"2026-10-03T22:47:16.776471-03:00","Action":"pass","Package":"cmd/compile/internal/types2","Test":"TestOptionContextInvalid/var___int?_=_.Some(nil)","Elapsed":0}
{"Time":"2026-10-03T22:47:16.776473-03:00","Action":"run","Package":"cmd/compile/internal/types2","Test":"TestOptionContextInvalid/var___int?_=_.Some"}
{"Time":"2026-10-03T22:47:16.776475-03:00","Action":"output","Package":"cmd/compile/internal/types2","Test":"TestOptionContextInvalid/var___int?_=_.Some","Output":"=== RUN   TestOptionContextInvalid/var___int?_=_.Some\n","OutputType":"frame"}
{"Time":"2026-10-03T22:47:16.776478-03:00","Action":"output","Package":"cmd/compile/internal/types2","Test":"TestOptionContextInvalid/var___int?_=_.Some","Output":"--- PASS: TestOptionContextInvalid/var___int?_=_.Some (0.00s)\n","OutputType":"frame"}
{"Time":"2026-10-03T22:47:16.77648-03:00","Action":"pass","Package":"cmd/compile/internal/types2","Test":"TestOptionContextInvalid/var___int?_=_.Some","Elapsed":0}
{"Time":"2026-10-03T22:47:16.776483-03:00","Action":"run","Package":"cmd/compile/internal/types2","Test":"TestOptionContextInvalid/var___int?_=_.Some(1,_2)"}
{"Time":"2026-10-03T22:47:16.776485-03:00","Action":"output","Package":"cmd/compile/internal/types2","Test":"TestOptionContextInvalid/var___int?_=_.Some(1,_2)","Output":"=== RUN   TestOptionContextInvalid/var___int?_=_.Some(1,_2)\n","OutputType":"frame"}
{"Time":"2026-10-03T22:47:16.776491-03:00","Action":"output","Package":"cmd/compile/internal/types2","Test":"TestOptionContextInvalid/var___int?_=_.Some(1,_2)","Output":"--- PASS: TestOptionContextInvalid/var___int?_=_.Some(1,_2) (0.00s)\n","OutputType":"frame"}
{"Time":"2026-10-03T22:47:16.776494-03:00","Action":"pass","Package":"cmd/compile/internal/types2","Test":"TestOptionContextInvalid/var___int?_=_.Some(1,_2)","Elapsed":0}
{"Time":"2026-10-03T22:47:16.776496-03:00","Action":"run","Package":"cmd/compile/internal/types2","Test":"TestOptionContextInvalid/var___int?_=_.None()"}
{"Time":"2026-10-03T22:47:16.776498-03:00","Action":"output","Package":"cmd/compile/internal/types2","Test":"TestOptionContextInvalid/var___int?_=_.None()","Output":"=== RUN   TestOptionContextInvalid/var___int?_=_.None()\n","OutputType":"frame"}
{"Time":"2026-10-03T22:47:16.776504-03:00","Action":"output","Package":"cmd/compile/internal/types2","Test":"TestOptionContextInvalid/var___int?_=_.None()","Output":"--- PASS: TestOptionContextInvalid/var___int?_=_.None() (0.00s)\n","OutputType":"frame"}
{"Time":"2026-10-03T22:47:16.776506-03:00","Action":"pass","Package":"cmd/compile/internal/types2","Test":"TestOptionContextInvalid/var___int?_=_.None()","Elapsed":0}
{"Time":"2026-10-03T22:47:16.776508-03:00","Action":"run","Package":"cmd/compile/internal/types2","Test":"TestOptionContextInvalid/var___int?_=_\"wrong\""}
{"Time":"2026-10-03T22:47:16.776511-03:00","Action":"output","Package":"cmd/compile/internal/types2","Test":"TestOptionContextInvalid/var___int?_=_\"wrong\"","Output":"=== RUN   TestOptionContextInvalid/var___int?_=_\"wrong\"\n","OutputType":"frame"}
{"Time":"2026-10-03T22:47:16.776513-03:00","Action":"output","Package":"cmd/compile/internal/types2","Test":"TestOptionContextInvalid/var___int?_=_\"wrong\"","Output":"--- PASS: TestOptionContextInvalid/var___int?_=_\"wrong\" (0.00s)\n","OutputType":"frame"}
{"Time":"2026-10-03T22:47:16.776516-03:00","Action":"pass","Package":"cmd/compile/internal/types2","Test":"TestOptionContextInvalid/var___int?_=_\"wrong\"","Elapsed":0}
{"Time":"2026-10-03T22:47:16.776518-03:00","Action":"run","Package":"cmd/compile/internal/types2","Test":"TestOptionContextInvalid/var___(int?)?_=_1"}
{"Time":"2026-10-03T22:47:16.77652-03:00","Action":"output","Package":"cmd/compile/internal/types2","Test":"TestOptionContextInvalid/var___(int?)?_=_1","Output":"=== RUN   TestOptionContextInvalid/var___(int?)?_=_1\n","OutputType":"frame"}
{"Time":"2026-10-03T22:47:16.776523-03:00","Action":"output","Package":"cmd/compile/internal/types2","Test":"TestOptionContextInvalid/var___(int?)?_=_1","Output":"--- PASS: TestOptionContextInvalid/var___(int?)?_=_1 (0.00s)\n","OutputType":"frame"}
{"Time":"2026-10-03T22:47:16.776525-03:00","Action":"pass","Package":"cmd/compile/internal/types2","Test":"TestOptionContextInvalid/var___(int?)?_=_1","Elapsed":0}
{"Time":"2026-10-03T22:47:16.776528-03:00","Action":"run","Package":"cmd/compile/internal/types2","Test":"TestOptionContextInvalid/func_f[T_any](x_T?)_{}_;_func_g()_{_f(.Some(1))_}"}
{"Time":"2026-10-03T22:47:16.77653-03:00","Action":"output","Package":"cmd/compile/internal/types2","Test":"TestOptionContextInvalid/func_f[T_any](x_T?)_{}_;_func_g()_{_f(.Some(1))_}","Output":"=== RUN   TestOptionContextInvalid/func_f[T_any](x_T?)_{}_;_func_g()_{_f(.Some(1))_}\n","OutputType":"frame"}
{"Time":"2026-10-03T22:47:16.776533-03:00","Action":"output","Package":"cmd/compile/internal/types2","Test":"TestOptionContextInvalid/func_f[T_any](x_T?)_{}_;_func_g()_{_f(.Some(1))_}","Output":"--- PASS: TestOptionContextInvalid/func_f[T_any](x_T?)_{}_;_func_g()_{_f(.Some(1))_} (0.00s)\n","OutputType":"frame"}
{"Time":"2026-10-03T22:47:16.776535-03:00","Action":"pass","Package":"cmd/compile/internal/types2","Test":"TestOptionContextInvalid/func_f[T_any](x_T?)_{}_;_func_g()_{_f(.Some(1))_}","Elapsed":0}
{"Time":"2026-10-03T22:47:16.77654-03:00","Action":"run","Package":"cmd/compile/internal/types2","Test":"TestOptionContextInvalid/func_f[T_any](x_T?)_{}_;_func_g()_{_f(1)_}"}
{"Time":"2026-10-03T22:47:16.776544-03:00","Action":"output","Package":"cmd/compile/internal/types2","Test":"TestOptionContextInvalid/func_f[T_any](x_T?)_{}_;_func_g()_{_f(1)_}","Output":"=== RUN   TestOptionContextInvalid/func_f[T_any](x_T?)_{}_;_func_g()_{_f(1)_}\n","OutputType":"frame"}
{"Time":"2026-10-03T22:47:16.776552-03:00","Action":"output","Package":"cmd/compile/internal/types2","Test":"TestOptionContextInvalid/func_f[T_any](x_T?)_{}_;_func_g()_{_f(1)_}","Output":"--- PASS: TestOptionContextInvalid/func_f[T_any](x_T?)_{}_;_func_g()_{_f(1)_} (0.00s)\n","OutputType":"frame"}
{"Time":"2026-10-03T22:47:16.776555-03:00","Action":"pass","Package":"cmd/compile/internal/types2","Test":"TestOptionContextInvalid/func_f[T_any](x_T?)_{}_;_func_g()_{_f(1)_}","Elapsed":0}
{"Time":"2026-10-03T22:47:16.776561-03:00","Action":"run","Package":"cmd/compile/internal/types2","Test":"TestOptionContextInvalid/func_f[T,E_any](x_T,_r_Result[T,E])_{}_;_func_g()_{_f(1,_.Ok(2))_}"}
{"Time":"2026-10-03T22:47:16.776566-03:00","Action":"output","Package":"cmd/compile/internal/types2","Test":"TestOptionContextInvalid/func_f[T,E_any](x_T,_r_Result[T,E])_{}_;_func_g()_{_f(1,_.Ok(2))_}","Output":"=== RUN   TestOptionContextInvalid/func_f[T,E_any](x_T,_r_Result[T,E])_{}_;_func_g()_{_f(1,_.Ok(2))_}\n","OutputType":"frame"}
{"Time":"2026-10-03T22:47:16.776569-03:00","Action":"output","Package":"cmd/compile/internal/types2","Test":"TestOptionContextInvalid/func_f[T,E_any](x_T,_r_Result[T,E])_{}_;_func_g()_{_f(1,_.Ok(2))_}","Output":"--- PASS: TestOptionContextInvalid/func_f[T,E_any](x_T,_r_Result[T,E])_{}_;_func_g()_{_f(1,_.Ok(2))_} (0.00s)\n","OutputType":"frame"}
{"Time":"2026-10-03T22:47:16.776572-03:00","Action":"pass","Package":"cmd/compile/internal/types2","Test":"TestOptionContextInvalid/func_f[T,E_any](x_T,_r_Result[T,E])_{}_;_func_g()_{_f(1,_.Ok(2))_}","Elapsed":0}
{"Time":"2026-10-03T22:47:16.776575-03:00","Action":"run","Package":"cmd/compile/internal/types2","Test":"TestOptionContextInvalid/func_pair()(int,int)_{_return_1,2_};_func_f(a_int?,_b_int)_{};_func_g(){f(pair())}"}
{"Time":"2026-10-03T22:47:16.776577-03:00","Action":"output","Package":"cmd/compile/internal/types2","Test":"TestOptionContextInvalid/func_pair()(int,int)_{_return_1,2_};_func_f(a_int?,_b_int)_{};_func_g(){f(pair())}","Output":"=== RUN   TestOptionContextInvalid/func_pair()(int,int)_{_return_1,2_};_func_f(a_int?,_b_int)_{};_func_g(){f(pair())}\n","OutputType":"frame"}
{"Time":"2026-10-03T22:47:16.776586-03:00","Action":"output","Package":"cmd/compile/internal/types2","Test":"TestOptionContextInvalid/func_pair()(int,int)_{_return_1,2_};_func_f(a_int?,_b_int)_{};_func_g(){f(pair())}","Output":"--- PASS: TestOptionContextInvalid/func_pair()(int,int)_{_return_1,2_};_func_f(a_int?,_b_int)_{};_func_g(){f(pair())} (0.00s)\n","OutputType":"frame"}
{"Time":"2026-10-03T22:47:16.776588-03:00","Action":"pass","Package":"cmd/compile/internal/types2","Test":"TestOptionContextInvalid/func_pair()(int,int)_{_return_1,2_};_func_f(a_int?,_b_int)_{};_func_g(){f(pair())}","Elapsed":0}
{"Time":"2026-10-03T22:47:16.77659-03:00","Action":"run","Package":"cmd/compile/internal/types2","Test":"TestOptionContextInvalid/func_pair()(int,int)_{_return_1,2_};_var_a_int?;_var_b_int;_func_g(){_a,b_=_pair()_}"}
{"Time":"2026-10-03T22:47:16.776593-03:00","Action":"output","Package":"cmd/compile/internal/types2","Test":"TestOptionContextInvalid/func_pair()(int,int)_{_return_1,2_};_var_a_int?;_var_b_int;_func_g(){_a,b_=_pair()_}","Output":"=== RUN   TestOptionContextInvalid/func_pair()(int,int)_{_return_1,2_};_var_a_int?;_var_b_int;_func_g(){_a,b_=_pair()_}\n","OutputType":"frame"}
{"Time":"2026-10-03T22:47:16.776596-03:00","Action":"output","Package":"cmd/compile/internal/types2","Test":"TestOptionContextInvalid/func_pair()(int,int)_{_return_1,2_};_var_a_int?;_var_b_int;_func_g(){_a,b_=_pair()_}","Output":"--- PASS: TestOptionContextInvalid/func_pair()(int,int)_{_return_1,2_};_var_a_int?;_var_b_int;_func_g(){_a,b_=_pair()_} (0.00s)\n","OutputType":"frame"}
{"Time":"2026-10-03T22:47:16.776598-03:00","Action":"pass","Package":"cmd/compile/internal/types2","Test":"TestOptionContextInvalid/func_pair()(int,int)_{_return_1,2_};_var_a_int?;_var_b_int;_func_g(){_a,b_=_pair()_}","Elapsed":0}
{"Time":"2026-10-03T22:47:16.776601-03:00","Action":"run","Package":"cmd/compile/internal/types2","Test":"TestOptionContextInvalid/func_pair()(int,int)_{_return_1,2_};_func_f()(int?,int){_return_pair()_}"}
{"Time":"2026-10-03T22:47:16.776603-03:00","Action":"output","Package":"cmd/compile/internal/types2","Test":"TestOptionContextInvalid/func_pair()(int,int)_{_return_1,2_};_func_f()(int?,int){_return_pair()_}","Output":"=== RUN   TestOptionContextInvalid/func_pair()(int,int)_{_return_1,2_};_func_f()(int?,int){_return_pair()_}\n","OutputType":"frame"}
{"Time":"2026-10-03T22:47:16.776608-03:00","Action":"output","Package":"cmd/compile/internal/types2","Test":"TestOptionContextInvalid/func_pair()(int,int)_{_return_1,2_};_func_f()(int?,int){_return_pair()_}","Output":"--- PASS: TestOptionContextInvalid/func_pair()(int,int)_{_return_1,2_};_func_f()(int?,int){_return_pair()_} (0.00s)\n","OutputType":"frame"}
{"Time":"2026-10-03T22:47:16.776614-03:00","Action":"pass","Package":"cmd/compile/internal/types2","Test":"TestOptionContextInvalid/func_pair()(int,int)_{_return_1,2_};_func_f()(int?,int){_return_pair()_}","Elapsed":0}
{"Time":"2026-10-03T22:47:16.776617-03:00","Action":"run","Package":"cmd/compile/internal/types2","Test":"TestOptionContextInvalid/var_m_map[int]int;_var_o_int?;_var_b_bool;_func_f(){o,b_=_m[1]}"}
{"Time":"2026-10-03T22:47:16.776625-03:00","Action":"output","Package":"cmd/compile/internal/types2","Test":"TestOptionContextInvalid/var_m_map[int]int;_var_o_int?;_var_b_bool;_func_f(){o,b_=_m[1]}","Output":"=== RUN   TestOptionContextInvalid/var_m_map[int]int;_var_o_int?;_var_b_bool;_func_f(){o,b_=_m[1]}\n","OutputType":"frame"}
{"Time":"2026-10-03T22:47:16.776632-03:00","Action":"output","Package":"cmd/compile/internal/types2","Test":"TestOptionContextInvalid/var_m_map[int]int;_var_o_int?;_var_b_bool;_func_f(){o,b_=_m[1]}","Output":"--- PASS: TestOptionContextInvalid/var_m_map[int]int;_var_o_int?;_var_b_bool;_func_f(){o,b_=_m[1]} (0.00s)\n","OutputType":"frame"}
{"Time":"2026-10-03T22:47:16.776637-03:00","Action":"pass","Package":"cmd/compile/internal/types2","Test":"TestOptionContextInvalid/var_m_map[int]int;_var_o_int?;_var_b_bool;_func_f(){o,b_=_m[1]}","Elapsed":0}
{"Time":"2026-10-03T22:47:16.776647-03:00","Action":"output","Package":"cmd/compile/internal/types2","Test":"TestOptionContextInvalid","Output":"--- PASS: TestOptionContextInvalid (0.00s)\n","OutputType":"frame"}
{"Time":"2026-10-03T22:47:16.77665-03:00","Action":"pass","Package":"cmd/compile/internal/types2","Test":"TestOptionContextInvalid","Elapsed":0}
{"Time":"2026-10-03T22:47:16.776653-03:00","Action":"run","Package":"cmd/compile/internal/types2","Test":"TestOptionResultOperators"}
{"Time":"2026-10-03T22:47:16.776655-03:00","Action":"output","Package":"cmd/compile/internal/types2","Test":"TestOptionResultOperators","Output":"=== RUN   TestOptionResultOperators\n","OutputType":"frame"}
{"Time":"2026-10-03T22:47:16.776657-03:00","Action":"run","Package":"cmd/compile/internal/types2","Test":"TestOptionResultOperators/type_User_struct{Name_string};type_Node_struct{User_User?};func_f(x_*Node)string{return_x?.User?.Name_??_\"none\"}"}
{"Time":"2026-10-03T22:47:16.77666-03:00","Action":"output","Package":"cmd/compile/internal/types2","Test":"TestOptionResultOperators/type_User_struct{Name_string};type_Node_struct{User_User?};func_f(x_*Node)string{return_x?.User?.Name_??_\"none\"}","Output":"=== RUN   TestOptionResultOperators/type_User_struct{Name_string};type_Node_struct{User_User?};func_f(x_*Node)string{return_x?.User?.Name_??_\"none\"}\n","OutputType":"frame"}
{"Time":"2026-10-03T22:47:16.776668-03:00","Action":"output","Package":"cmd/compile/internal/types2","Test":"TestOptionResultOperators/type_User_struct{Name_string};type_Node_struct{User_User?};func_f(x_*Node)string{return_x?.User?.Name_??_\"none\"}","Output":"--- PASS: TestOptionResultOperators/type_User_struct{Name_string};type_Node_struct{User_User?};func_f(x_*Node)string{return_x?.User?.Name_??_\"none\"} (0.00s)\n","OutputType":"frame"}
{"Time":"2026-10-03T22:47:16.77667-03:00","Action":"pass","Package":"cmd/compile/internal/types2","Test":"TestOptionResultOperators/type_User_struct{Name_string};type_Node_struct{User_User?};func_f(x_*Node)string{return_x?.User?.Name_??_\"none\"}","Elapsed":0}
{"Time":"2026-10-03T22:47:16.776673-03:00","Action":"run","Package":"cmd/compile/internal/types2","Test":"TestOptionResultOperators/type_User_struct{Name_string};type_Node_struct{User_*User};func_f(x_Node?)string{return_x?.User?.Name_??_\"none\"}"}
{"Time":"2026-10-03T22:47:16.776675-03:00","Action":"output","Package":"cmd/compile/internal/types2","Test":"TestOptionResultOperators/type_User_struct{Name_string};type_Node_struct{User_*User};func_f(x_Node?)string{return_x?.User?.Name_??_\"none\"}","Output":"=== RUN   TestOptionResultOperators/type_User_struct{Name_string};type_Node_struct{User_*User};func_f(x_Node?)string{return_x?.User?.Name_??_\"none\"}\n","OutputType":"frame"}
{"Time":"2026-10-03T22:47:16.776681-03:00","Action":"output","Package":"cmd/compile/internal/types2","Test":"TestOptionResultOperators/type_User_struct{Name_string};type_Node_struct{User_*User};func_f(x_Node?)string{return_x?.User?.Name_??_\"none\"}","Output":"--- PASS: TestOptionResultOperators/type_User_struct{Name_string};type_Node_struct{User_*User};func_f(x_Node?)string{return_x?.User?.Name_??_\"none\"} (0.00s)\n","OutputType":"frame"}
{"Time":"2026-10-03T22:47:16.776683-03:00","Action":"pass","Package":"cmd/compile/internal/types2","Test":"TestOptionResultOperators/type_User_struct{Name_string};type_Node_struct{User_*User};func_f(x_Node?)string{return_x?.User?.Name_??_\"none\"}","Elapsed":0}
{"Time":"2026-10-03T22:47:16.776686-03:00","Action":"run","Package":"cmd/compile/internal/types2","Test":"TestOptionResultOperators/type_User_struct{Name_string};func_f(x_(*User)?)string{return_(x_??_nil)?.Name_??_\"none\"}"}
{"Time":"2026-10-03T22:47:16.776688-03:00","Action":"output","Package":"cmd/compile/internal/types2","Test":"TestOptionResultOperators/type_User_struct{Name_string};func_f(x_(*User)?)string{return_(x_??_nil)?.Name_??_\"none\"}","Output":"=== RUN   TestOptionResultOperators/type_User_struct{Name_string};func_f(x_(*User)?)string{return_(x_??_nil)?.Name_??_\"none\"}\n","OutputType":"frame"}
{"Time":"2026-10-03T22:47:16.776691-03:00","Action":"output","Package":"cmd/compile/internal/types2","Test":"TestOptionResultOperators/type_User_struct{Name_string};func_f(x_(*User)?)string{return_(x_??_nil)?.Name_??_\"none\"}","Output":"--- PASS: TestOptionResultOperators/type_User_struct{Name_string};func_f(x_(*User)?)string{return_(x_??_nil)?.Name_??_\"none\"} (0.00s)\n","OutputType":"frame"}
{"Time":"2026-10-03T22:47:16.776694-03:00","Action":"pass","Package":"cmd/compile/internal/types2","Test":"TestOptionResultOperators/type_User_struct{Name_string};func_f(x_(*User)?)string{return_(x_??_nil)?.Name_??_\"none\"}","Elapsed":0}
{"Time":"2026-10-03T22:47:16.776696-03:00","Action":"run","Package":"cmd/compile/internal/types2","Test":"TestOptionResultOperators/type_User_struct{Name_string};type_Node_struct{User_User?};func_f(x_*Node)string{var_value_User?;if_x!=nil{value=x.User};return_value?.Name_??_\"none\"}"}
{"Time":"2026-10-03T22:47:16.776699-03:00","Action":"output","Package":"cmd/compile/internal/types2","Test":"TestOptionResultOperators/type_User_struct{Name_string};type_Node_struct{User_User?};func_f(x_*Node)string{var_value_User?;if_x!=nil{value=x.User};return_value?.Name_??_\"none\"}","Output":"=== RUN   TestOptionResultOperators/type_User_struct{Name_string};type_Node_struct{User_User?};func_f(x_*Node)string{var_value_User?;if_x!=nil{value=x.User};return_value?.Name_??_\"none\"}\n","OutputType":"frame"}
{"Time":"2026-10-03T22:47:16.776706-03:00","Action":"output","Package":"cmd/compile/internal/types2","Test":"TestOptionResultOperators/type_User_struct{Name_string};type_Node_struct{User_User?};func_f(x_*Node)string{var_value_User?;if_x!=nil{value=x.User};return_value?.Name_??_\"none\"}","Output":"--- PASS: TestOptionResultOperators/type_User_struct{Name_string};type_Node_struct{User_User?};func_f(x_*Node)string{var_value_User?;if_x!=nil{value=x.User};return_value?.Name_??_\"none\"} (0.00s)\n","OutputType":"frame"}
{"Time":"2026-10-03T22:47:16.776709-03:00","Action":"pass","Package":"cmd/compile/internal/types2","Test":"TestOptionResultOperators/type_User_struct{Name_string};type_Node_struct{User_User?};func_f(x_*Node)string{var_value_User?;if_x!=nil{value=x.User};return_value?.Name_??_\"none\"}","Elapsed":0}
{"Time":"2026-10-03T22:47:16.776711-03:00","Action":"run","Package":"cmd/compile/internal/types2","Test":"TestOptionResultOperators/func_f(x_int?)_string?_{_n:=x?;_return_(string?)((string)(string(rune(n))))_}"}
{"Time":"2026-10-03T22:47:16.776716-03:00","Action":"output","Package":"cmd/compile/internal/types2","Test":"TestOptionResultOperators/func_f(x_int?)_string?_{_n:=x?;_return_(string?)((string)(string(rune(n))))_}","Output":"=== RUN   TestOptionResultOperators/func_f(x_int?)_string?_{_n:=x?;_return_(string?)((string)(string(rune(n))))_}\n","OutputType":"frame"}
{"Time":"2026-10-03T22:47:16.776719-03:00","Action":"output","Package":"cmd/compile/internal/types2","Test":"TestOptionResultOperators/func_f(x_int?)_string?_{_n:=x?;_return_(string?)((string)(string(rune(n))))_}","Output":"--- PASS: TestOptionResultOperators/func_f(x_int?)_string?_{_n:=x?;_return_(string?)((string)(string(rune(n))))_} (0.00s)\n","OutputType":"frame"}
{"Time":"2026-10-03T22:47:16.776721-03:00","Action":"pass","Package":"cmd/compile/internal/types2","Test":"TestOptionResultOperators/func_f(x_int?)_string?_{_n:=x?;_return_(string?)((string)(string(rune(n))))_}","Elapsed":0}
{"Time":"2026-10-03T22:47:16.776724-03:00","Action":"run","Package":"cmd/compile/internal/types2","Test":"TestOptionResultOperators/func_f(x_int?)_int_{return_x_??_3}"}
{"Time":"2026-10-03T22:47:16.776726-03:00","Action":"output","Package":"cmd/compile/internal/types2","Test":"TestOptionResultOperators/func_f(x_int?)_int_{return_x_??_3}","Output":"=== RUN   TestOptionResultOperators/func_f(x_int?)_int_{return_x_??_3}\n","OutputType":"frame"}
{"Time":"2026-10-03T22:47:16.776729-03:00","Action":"output","Package":"cmd/compile/internal/types2","Test":"TestOptionResultOperators/func_f(x_int?)_int_{return_x_??_3}","Output":"--- PASS: TestOptionResultOperators/func_f(x_int?)_int_{return_x_??_3} (0.00s)\n","OutputType":"frame"}
{"Time":"2026-10-03T22:47:16.776731-03:00","Action":"pass","Package":"cmd/compile/internal/types2","Test":"TestOptionResultOperators/func_f(x_int?)_int_{return_x_??_3}","Elapsed":0}
{"Time":"2026-10-03T22:47:16.776734-03:00","Action":"run","Package":"cmd/compile/internal/types2","Test":"TestOptionResultOperators/func_f(){var_x_int?;x_??=_3}"}
{"Time":"2026-10-03T22:47:16.776736-03:00","Action":"output","Package":"cmd/compile/internal/types2","Test":"TestOptionResultOperators/func_f(){var_x_int?;x_??=_3}","Output":"=== RUN   TestOptionResultOperators/func_f(){var_x_int?;x_??=_3}\n","OutputType":"frame"}
{"Time":"2026-10-03T22:47:16.777576-03:00","Action":"output","Package":"cmd/compile/internal/types2","Test":"TestOptionResultOperators/func_f(){var_x_int?;x_??=_3}","Output":"--- PASS: TestOptionResultOperators/func_f(){var_x_int?;x_??=_3} (0.00s)\n","OutputType":"frame"}
{"Time":"2026-10-03T22:47:16.777622-03:00","Action":"pass","Package":"cmd/compile/internal/types2","Test":"TestOptionResultOperators/func_f(){var_x_int?;x_??=_3}","Elapsed":0}
{"Time":"2026-10-03T22:47:16.777635-03:00","Action":"run","Package":"cmd/compile/internal/types2","Test":"TestOptionResultOperators/func_f(m_map[string]int?)_{m[\"key\"]_??=_3}"}
{"Time":"2026-10-03T22:47:16.777641-03:00","Action":"output","Package":"cmd/compile/internal/types2","Test":"TestOptionResultOperators/func_f(m_map[string]int?)_{m[\"key\"]_??=_3}","Output":"=== RUN   TestOptionResultOperators/func_f(m_map[string]int?)_{m[\"key\"]_??=_3}\n","OutputType":"frame"}
{"Time":"2026-10-03T22:47:16.777647-03:00","Action":"output","Package":"cmd/compile/internal/types2","Test":"TestOptionResultOperators/func_f(m_map[string]int?)_{m[\"key\"]_??=_3}","Output":"--- PASS: TestOptionResultOperators/func_f(m_map[string]int?)_{m[\"key\"]_??=_3} (0.00s)\n","OutputType":"frame"}
{"Time":"2026-10-03T22:47:16.777652-03:00","Action":"pass","Package":"cmd/compile/internal/types2","Test":"TestOptionResultOperators/func_f(m_map[string]int?)_{m[\"key\"]_??=_3}","Elapsed":0}
{"Time":"2026-10-03T22:47:16.777656-03:00","Action":"run","Package":"cmd/compile/internal/types2","Test":"TestOptionResultOperators/func_makeOption()_int?_{return_(int?)(nil)};func_f(){makeOption()_??=_3}"}
{"Time":"2026-10-03T22:47:16.777671-03:00","Action":"output","Package":"cmd/compile/internal/types2","Test":"TestOptionResultOperators/func_makeOption()_int?_{return_(int?)(nil)};func_f(){makeOption()_??=_3}","Output":"=== RUN   TestOptionResultOperators/func_makeOption()_int?_{return_(int?)(nil)};func_f(){makeOption()_??=_3}\n","OutputType":"frame"}
{"Time":"2026-10-03T22:47:16.777692-03:00","Action":"output","Package":"cmd/compile/internal/types2","Test":"TestOptionResultOperators/func_makeOption()_int?_{return_(int?)(nil)};func_f(){makeOption()_??=_3}","Output":"--- PASS: TestOptionResultOperators/func_makeOption()_int?_{return_(int?)(nil)};func_f(){makeOption()_??=_3} (0.00s)\n","OutputType":"frame"}
{"Time":"2026-10-03T22:47:16.77771-03:00","Action":"pass","Package":"cmd/compile/internal/types2","Test":"TestOptionResultOperators/func_makeOption()_int?_{return_(int?)(nil)};func_f(){makeOption()_??=_3}","Elapsed":0}
{"Time":"2026-10-03T22:47:16.77789-03:00","Action":"run","Package":"cmd/compile/internal/types2","Test":"TestOptionResultOperators/func_f(){var_x_int?;x_??=_(int?)((int)(3))}"}
{"Time":"2026-10-03T22:47:16.777909-03:00","Action":"output","Package":"cmd/compile/internal/types2","Test":"TestOptionResultOperators/func_f(){var_x_int?;x_??=_(int?)((int)(3))}","Output":"=== RUN   TestOptionResultOperators/func_f(){var_x_int?;x_??=_(int?)((int)(3))}\n","OutputType":"frame"}
{"Time":"2026-10-03T22:47:16.777985-03:00","Action":"output","Package":"cmd/compile/internal/types2","Test":"TestOptionResultOperators/func_f(){var_x_int?;x_??=_(int?)((int)(3))}","Output":"--- PASS: TestOptionResultOperators/func_f(){var_x_int?;x_??=_(int?)((int)(3))} (0.00s)\n","OutputType":"frame"}
{"Time":"2026-10-03T22:47:16.778004-03:00","Action":"pass","Package":"cmd/compile/internal/types2","Test":"TestOptionResultOperators/func_f(){var_x_int?;x_??=_(int?)((int)(3))}","Elapsed":0}
{"Time":"2026-10-03T22:47:16.778015-03:00","Action":"run","Package":"cmd/compile/internal/types2","Test":"TestOptionResultOperators/type_User_struct{Name_string};func_f(x_User?)_string{return_x?.Name_??_\"none\"}"}
{"Time":"2026-10-03T22:47:16.778024-03:00","Action":"output","Package":"cmd/compile/internal/types2","Test":"TestOptionResultOperators/type_User_struct{Name_string};func_f(x_User?)_string{return_x?.Name_??_\"none\"}","Output":"=== RUN   TestOptionResultOperators/type_User_struct{Name_string};func_f(x_User?)_string{return_x?.Name_??_\"none\"}\n","OutputType":"frame"}
{"Time":"2026-10-03T22:47:16.778037-03:00","Action":"output","Package":"cmd/compile/internal/types2","Test":"TestOptionResultOperators/type_User_struct{Name_string};func_f(x_User?)_string{return_x?.Name_??_\"none\"}","Output":"--- PASS: TestOptionResultOperators/type_User_struct{Name_string};func_f(x_User?)_string{return_x?.Name_??_\"none\"} (0.00s)\n","OutputType":"frame"}
{"Time":"2026-10-03T22:47:16.778045-03:00","Action":"pass","Package":"cmd/compile/internal/types2","Test":"TestOptionResultOperators/type_User_struct{Name_string};func_f(x_User?)_string{return_x?.Name_??_\"none\"}","Elapsed":0}
{"Time":"2026-10-03T22:47:16.778054-03:00","Action":"run","Package":"cmd/compile/internal/types2","Test":"TestOptionResultOperators/type_User_struct{Name_string};func_f(x_User?)_any{return_x?.Name}"}
{"Time":"2026-10-03T22:47:16.778061-03:00","Action":"output","Package":"cmd/compile/internal/types2","Test":"TestOptionResultOperators/type_User_struct{Name_string};func_f(x_User?)_any{return_x?.Name}","Output":"=== RUN   TestOptionResultOperators/type_User_struct{Name_string};func_f(x_User?)_any{return_x?.Name}\n","OutputType":"frame"}
{"Time":"2026-10-03T22:47:16.778069-03:00","Action":"output","Package":"cmd/compile/internal/types2","Test":"TestOptionResultOperators/type_User_struct{Name_string};func_f(x_User?)_any{return_x?.Name}","Output":"--- PASS: TestOptionResultOperators/type_User_struct{Name_string};func_f(x_User?)_any{return_x?.Name} (0.00s)\n","OutputType":"frame"}
{"Time":"2026-10-03T22:47:16.778077-03:00","Action":"pass","Package":"cmd/compile/internal/types2","Test":"TestOptionResultOperators/type_User_struct{Name_string};func_f(x_User?)_any{return_x?.Name}","Elapsed":0}
{"Time":"2026-10-03T22:47:16.778086-03:00","Action":"run","Package":"cmd/compile/internal/types2","Test":"TestOptionResultOperators/func_f(x_Result[int,string])_Result[string,string]_{n:=x!;return_Result[string,string].Ok(string(rune(n)))}"}
{"Time":"2026-10-03T22:47:16.778105-03:00","Action":"output","Package":"cmd/compile/internal/types2","Test":"TestOptionResultOperators/func_f(x_Result[int,string])_Result[string,string]_{n:=x!;return_Result[string,string].Ok(string(rune(n)))}","Output":"=== RUN   TestOptionResultOperators/func_f(x_Result[int,string])_Result[string,string]_{n:=x!;return_Result[string,string].Ok(string(rune(n)))}\n","OutputType":"frame"}
{"Time":"2026-10-03T22:47:16.778114-03:00","Action":"output","Package":"cmd/compile/internal/types2","Test":"TestOptionResultOperators/func_f(x_Result[int,string])_Result[string,string]_{n:=x!;return_Result[string,string].Ok(string(rune(n)))}","Output":"--- PASS: TestOptionResultOperators/func_f(x_Result[int,string])_Result[string,string]_{n:=x!;return_Result[string,string].Ok(string(rune(n)))} (0.00s)\n","OutputType":"frame"}
{"Time":"2026-10-03T22:47:16.778122-03:00","Action":"pass","Package":"cmd/compile/internal/types2","Test":"TestOptionResultOperators/func_f(x_Result[int,string])_Result[string,string]_{n:=x!;return_Result[string,string].Ok(string(rune(n)))}","Elapsed":0}
{"Time":"2026-10-03T22:47:16.778129-03:00","Action":"run","Package":"cmd/compile/internal/types2","Test":"TestOptionResultOperators/func_f(x_Result[int,string])_int_{return_x_or_e_{panic(e)}}"}
{"Time":"2026-10-03T22:47:16.778136-03:00","Action":"output","Package":"cmd/compile/internal/types2","Test":"TestOptionResultOperators/func_f(x_Result[int,string])_int_{return_x_or_e_{panic(e)}}","Output":"=== RUN   TestOptionResultOperators/func_f(x_Result[int,string])_int_{return_x_or_e_{panic(e)}}\n","OutputType":"frame"}
{"Time":"2026-10-03T22:47:16.778145-03:00","Action":"output","Package":"cmd/compile/internal/types2","Test":"TestOptionResultOperators/func_f(x_Result[int,string])_int_{return_x_or_e_{panic(e)}}","Output":"--- PASS: TestOptionResultOperators/func_f(x_Result[int,string])_int_{return_x_or_e_{panic(e)}} (0.00s)\n","OutputType":"frame"}
{"Time":"2026-10-03T22:47:16.778152-03:00","Action":"pass","Package":"cmd/compile/internal/types2","Test":"TestOptionResultOperators/func_f(x_Result[int,string])_int_{return_x_or_e_{panic(e)}}","Elapsed":0}
{"Time":"2026-10-03T22:47:16.778159-03:00","Action":"run","Package":"cmd/compile/internal/types2","Test":"TestOptionResultOperators/func_f(x_Result[int,error])_Result[int,any]_{n:=x!;return_Result[int,any].Ok(n)}"}
{"Time":"2026-10-03T22:47:16.778166-03:00","Action":"output","Package":"cmd/compile/internal/types2","Test":"TestOptionResultOperators/func_f(x_Result[int,error])_Result[int,any]_{n:=x!;return_Result[int,any].Ok(n)}","Output":"=== RUN   TestOptionResultOperators/func_f(x_Result[int,error])_Result[int,any]_{n:=x!;return_Result[int,any].Ok(n)}\n","OutputType":"frame"}
{"Time":"2026-10-03T22:47:16.778176-03:00","Action":"output","Package":"cmd/compile/internal/types2","Test":"TestOptionResultOperators/func_f(x_Result[int,error])_Result[int,any]_{n:=x!;return_Result[int,any].Ok(n)}","Output":"--- PASS: TestOptionResultOperators/func_f(x_Result[int,error])_Result[int,any]_{n:=x!;return_Result[int,any].Ok(n)} (0.00s)\n","OutputType":"frame"}
{"Time":"2026-10-03T22:47:16.778183-03:00","Action":"pass","Package":"cmd/compile/internal/types2","Test":"TestOptionResultOperators/func_f(x_Result[int,error])_Result[int,any]_{n:=x!;return_Result[int,any].Ok(n)}","Elapsed":0}
{"Time":"2026-10-03T22:47:16.77819-03:00","Action":"run","Package":"cmd/compile/internal/types2","Test":"TestOptionResultOperators/type_Counter_struct{};func(c_*Counter)Increment(){};func_f(x_Counter?){x?.Increment()}"}
{"Time":"2026-10-03T22:47:16.778197-03:00","Action":"output","Package":"cmd/compile/internal/types2","Test":"TestOptionResultOperators/type_Counter_struct{};func(c_*Counter)Increment(){};func_f(x_Counter?){x?.Increment()}","Output":"=== RUN   TestOptionResultOperators/type_Counter_struct{};func(c_*Counter)Increment(){};func_f(x_Counter?){x?.Increment()}\n","OutputType":"frame"}
{"Time":"2026-10-03T22:47:16.778212-03:00","Action":"output","Package":"cmd/compile/internal/types2","Test":"TestOptionResultOperators/type_Counter_struct{};func(c_*Counter)Increment(){};func_f(x_Counter?){x?.Increment()}","Output":"--- PASS: TestOptionResultOperators/type_Counter_struct{};func(c_*Counter)Increment(){};func_f(x_Counter?){x?.Increment()} (0.00s)\n","OutputType":"frame"}
{"Time":"2026-10-03T22:47:16.77822-03:00","Action":"pass","Package":"cmd/compile/internal/types2","Test":"TestOptionResultOperators/type_Counter_struct{};func(c_*Counter)Increment(){};func_f(x_Counter?){x?.Increment()}","Elapsed":0}
{"Time":"2026-10-03T22:47:16.778228-03:00","Action":"run","Package":"cmd/compile/internal/types2","Test":"TestOptionResultOperators/type_Counter_struct{};func(c_*Counter)Increment(){};func_f(x_(*Counter)?){x?.Increment()}"}
{"Time":"2026-10-03T22:47:16.778235-03:00","Action":"output","Package":"cmd/compile/internal/types2","Test":"TestOptionResultOperators/type_Counter_struct{};func(c_*Counter)Increment(){};func_f(x_(*Counter)?){x?.Increment()}","Output":"=== RUN   TestOptionResultOperators/type_Counter_struct{};func(c_*Counter)Increment(){};func_f(x_(*Counter)?){x?.Increment()}\n","OutputType":"frame"}
{"Time":"2026-10-03T22:47:16.778245-03:00","Action":"output","Package":"cmd/compile/internal/types2","Test":"TestOptionResultOperators/type_Counter_struct{};func(c_*Counter)Increment(){};func_f(x_(*Counter)?){x?.Increment()}","Output":"--- PASS: TestOptionResultOperators/type_Counter_struct{};func(c_*Counter)Increment(){};func_f(x_(*Counter)?){x?.Increment()} (0.00s)\n","OutputType":"frame"}
{"Time":"2026-10-03T22:47:16.778252-03:00","Action":"pass","Package":"cmd/compile/internal/types2","Test":"TestOptionResultOperators/type_Counter_struct{};func(c_*Counter)Increment(){};func_f(x_(*Counter)?){x?.Increment()}","Elapsed":0}
{"Time":"2026-10-03T22:47:16.778259-03:00","Action":"run","Package":"cmd/compile/internal/types2","Test":"TestOptionResultOperators/func_f(x_int?)_int_{return_x?}"}
{"Time":"2026-10-03T22:47:16.778266-03:00","Action":"output","Package":"cmd/compile/internal/types2","Test":"TestOptionResultOperators/func_f(x_int?)_int_{return_x?}","Output":"=== RUN   TestOptionResultOperators/func_f(x_int?)_int_{return_x?}\n","OutputType":"frame"}
{"Time":"2026-10-03T22:47:16.778275-03:00","Action":"output","Package":"cmd/compile/internal/types2","Test":"TestOptionResultOperators/func_f(x_int?)_int_{return_x?}","Output":"--- PASS: TestOptionResultOperators/func_f(x_int?)_int_{return_x?} (0.00s)\n","OutputType":"frame"}
{"Time":"2026-10-03T22:47:16.778283-03:00","Action":"pass","Package":"cmd/compile/internal/types2","Test":"TestOptionResultOperators/func_f(x_int?)_int_{return_x?}","Elapsed":0}
{"Time":"2026-10-03T22:47:16.77829-03:00","Action":"run","Package":"cmd/compile/internal/types2","Test":"TestOptionResultOperators/func_f(x_Result[int,string])_int_{return_x!}"}
{"Time":"2026-10-03T22:47:16.778297-03:00","Action":"output","Package":"cmd/compile/internal/types2","Test":"TestOptionResultOperators/func_f(x_Result[int,string])_int_{return_x!}","Output":"=== RUN   TestOptionResultOperators/func_f(x_Result[int,string])_int_{return_x!}\n","OutputType":"frame"}
{"Time":"2026-10-03T22:47:16.779059-03:00","Action":"output","Package":"cmd/compile/internal/types2","Test":"TestOptionResultOperators/func_f(x_Result[int,string])_int_{return_x!}","Output":"--- PASS: TestOptionResultOperators/func_f(x_Result[int,string])_int_{return_x!} (0.00s)\n","OutputType":"frame"}
{"Time":"2026-10-03T22:47:16.779082-03:00","Action":"pass","Package":"cmd/compile/internal/types2","Test":"TestOptionResultOperators/func_f(x_Result[int,string])_int_{return_x!}","Elapsed":0}
{"Time":"2026-10-03T22:47:16.779088-03:00","Action":"run","Package":"cmd/compile/internal/types2","Test":"TestOptionResultOperators/func_f(x_Result[int,string])_Result[int,error]_{n:=x!;return_Result[int,error].Ok(n)}"}
{"Time":"2026-10-03T22:47:16.779092-03:00","Action":"output","Package":"cmd/compile/internal/types2","Test":"TestOptionResultOperators/func_f(x_Result[int,string])_Result[int,error]_{n:=x!;return_Result[int,error].Ok(n)}","Output":"=== RUN   TestOptionResultOperators/func_f(x_Result[int,string])_Result[int,error]_{n:=x!;return_Result[int,error].Ok(n)}\n","OutputType":"frame"}
{"Time":"2026-10-03T22:47:16.779103-03:00","Action":"output","Package":"cmd/compile/internal/types2","Test":"TestOptionResultOperators/func_f(x_Result[int,string])_Result[int,error]_{n:=x!;return_Result[int,error].Ok(n)}","Output":"--- PASS: TestOptionResultOperators/func_f(x_Result[int,string])_Result[int,error]_{n:=x!;return_Result[int,error].Ok(n)} (0.00s)\n","OutputType":"frame"}
{"Time":"2026-10-03T22:47:16.779107-03:00","Action":"pass","Package":"cmd/compile/internal/types2","Test":"TestOptionResultOperators/func_f(x_Result[int,string])_Result[int,error]_{n:=x!;return_Result[int,error].Ok(n)}","Elapsed":0}
{"Time":"2026-10-03T22:47:16.77911-03:00","Action":"run","Package":"cmd/compile/internal/types2","Test":"TestOptionResultOperators/func_f(x_Result[int,string])_int_{return_x_or_e_{__=_e}}"}
{"Time":"2026-10-03T22:47:16.779114-03:00","Action":"output","Package":"cmd/compile/internal/types2","Test":"TestOptionResultOperators/func_f(x_Result[int,string])_int_{return_x_or_e_{__=_e}}","Output":"=== RUN   TestOptionResultOperators/func_f(x_Result[int,string])_int_{return_x_or_e_{__=_e}}\n","OutputType":"frame"}
{"Time":"2026-10-03T22:47:16.779118-03:00","Action":"output","Package":"cmd/compile/internal/types2","Test":"TestOptionResultOperators/func_f(x_Result[int,string])_int_{return_x_or_e_{__=_e}}","Output":"--- PASS: TestOptionResultOperators/func_f(x_Result[int,string])_int_{return_x_or_e_{__=_e}} (0.00s)\n","OutputType":"frame"}
{"Time":"2026-10-03T22:47:16.77912-03:00","Action":"pass","Package":"cmd/compile/internal/types2","Test":"TestOptionResultOperators/func_f(x_Result[int,string])_int_{return_x_or_e_{__=_e}}","Elapsed":0}
{"Time":"2026-10-03T22:47:16.779124-03:00","Action":"run","Package":"cmd/compile/internal/types2","Test":"TestOptionResultOperators/func_f(x_Result[int,string])_int_{return_x_??_0}"}
{"Time":"2026-10-03T22:47:16.779126-03:00","Action":"output","Package":"cmd/compile/internal/types2","Test":"TestOptionResultOperators/func_f(x_Result[int,string])_int_{return_x_??_0}","Output":"=== RUN   TestOptionResultOperators/func_f(x_Result[int,string])_int_{return_x_??_0}\n","OutputType":"frame"}
{"Time":"2026-10-03T22:47:16.779129-03:00","Action":"output","Package":"cmd/compile/internal/types2","Test":"TestOptionResultOperators/func_f(x_Result[int,string])_int_{return_x_??_0}","Output":"--- PASS: TestOptionResultOperators/func_f(x_Result[int,string])_int_{return_x_??_0} (0.00s)\n","OutputType":"frame"}
{"Time":"2026-10-03T22:47:16.779132-03:00","Action":"pass","Package":"cmd/compile/internal/types2","Test":"TestOptionResultOperators/func_f(x_Result[int,string])_int_{return_x_??_0}","Elapsed":0}
{"Time":"2026-10-03T22:47:16.779134-03:00","Action":"run","Package":"cmd/compile/internal/types2","Test":"TestOptionResultOperators/type_Option[T_any]_struct{value_T};func_f(x_Option[int])_Option[int]_{__=_x?;return_x}"}
{"Time":"2026-10-03T22:47:16.779137-03:00","Action":"output","Package":"cmd/compile/internal/types2","Test":"TestOptionResultOperators/type_Option[T_any]_struct{value_T};func_f(x_Option[int])_Option[int]_{__=_x?;return_x}","Output":"=== RUN   TestOptionResultOperators/type_Option[T_any]_struct{value_T};func_f(x_Option[int])_Option[int]_{__=_x?;return_x}\n","OutputType":"frame"}
{"Time":"2026-10-03T22:47:16.77914-03:00","Action":"output","Package":"cmd/compile/internal/types2","Test":"TestOptionResultOperators/type_Option[T_any]_struct{value_T};func_f(x_Option[int])_Option[int]_{__=_x?;return_x}","Output":"--- PASS: TestOptionResultOperators/type_Option[T_any]_struct{value_T};func_f(x_Option[int])_Option[int]_{__=_x?;return_x} (0.00s)\n","OutputType":"frame"}
{"Time":"2026-10-03T22:47:16.779143-03:00","Action":"pass","Package":"cmd/compile/internal/types2","Test":"TestOptionResultOperators/type_Option[T_any]_struct{value_T};func_f(x_Option[int])_Option[int]_{__=_x?;return_x}","Elapsed":0}
{"Time":"2026-10-03T22:47:16.779149-03:00","Action":"output","Package":"cmd/compile/internal/types2","Test":"TestOptionResultOperators","Output":"--- PASS: TestOptionResultOperators (0.00s)\n","OutputType":"frame"}
{"Time":"2026-10-03T22:47:16.779152-03:00","Action":"pass","Package":"cmd/compile/internal/types2","Test":"TestOptionResultOperators","Elapsed":0}
{"Time":"2026-10-03T22:47:16.779155-03:00","Action":"output","Package":"cmd/compile/internal/types2","Output":"PASS\n","OutputType":"frame"}
{"Time":"2026-10-03T22:47:16.77979-03:00","Action":"output","Package":"cmd/compile/internal/types2","Output":"ok  \tcmd/compile/internal/types2\t0.211s\n"}
{"Time":"2026-10-03T22:47:16.779889-03:00","Action":"pass","Package":"cmd/compile/internal/types2","Elapsed":0.211}
{"Time":"2026-10-03T22:47:16.787584-03:00","Action":"run","Package":"go/types","Test":"TestGenerate"}
{"Time":"2026-10-03T22:47:16.787683-03:00","Action":"output","Package":"go/types","Test":"TestGenerate","Output":"=== RUN   TestGenerate\n","OutputType":"frame"}
{"Time":"2026-10-03T22:47:16.845624-03:00","Action":"output","Package":"go/types","Test":"TestGenerate","Output":"--- PASS: TestGenerate (0.06s)\n","OutputType":"frame"}
{"Time":"2026-10-03T22:47:16.845648-03:00","Action":"pass","Package":"go/types","Test":"TestGenerate","Elapsed":0.06}
{"Time":"2026-10-03T22:47:16.845825-03:00","Action":"run","Package":"go/types","Test":"TestNativeOptionalIdentity"}
{"Time":"2026-10-03T22:47:16.845832-03:00","Action":"output","Package":"go/types","Test":"TestNativeOptionalIdentity","Output":"=== RUN   TestNativeOptionalIdentity\n","OutputType":"frame"}
{"Time":"2026-10-03T22:47:16.845963-03:00","Action":"output","Package":"go/types","Test":"TestNativeOptionalIdentity","Output":"--- PASS: TestNativeOptionalIdentity (0.00s)\n","OutputType":"frame"}
{"Time":"2026-10-03T22:47:16.84597-03:00","Action":"pass","Package":"go/types","Test":"TestNativeOptionalIdentity","Elapsed":0}
{"Time":"2026-10-03T22:47:16.845974-03:00","Action":"run","Package":"go/types","Test":"TestNativeOptionalPatterns"}
{"Time":"2026-10-03T22:47:16.845977-03:00","Action":"output","Package":"go/types","Test":"TestNativeOptionalPatterns","Output":"=== RUN   TestNativeOptionalPatterns\n","OutputType":"frame"}
{"Time":"2026-10-03T22:47:16.846323-03:00","Action":"output","Package":"go/types","Test":"TestNativeOptionalPatterns","Output":"--- PASS: TestNativeOptionalPatterns (0.00s)\n","OutputType":"frame"}
{"Time":"2026-10-03T22:47:16.846329-03:00","Action":"pass","Package":"go/types","Test":"TestNativeOptionalPatterns","Elapsed":0}
{"Time":"2026-10-03T22:47:16.846342-03:00","Action":"run","Package":"go/types","Test":"TestNativeOptionalInvalid"}
{"Time":"2026-10-03T22:47:16.846345-03:00","Action":"output","Package":"go/types","Test":"TestNativeOptionalInvalid","Output":"=== RUN   TestNativeOptionalInvalid\n","OutputType":"frame"}
{"Time":"2026-10-03T22:47:16.846495-03:00","Action":"output","Package":"go/types","Test":"TestNativeOptionalInvalid","Output":"--- PASS: TestNativeOptionalInvalid (0.00s)\n","OutputType":"frame"}
{"Time":"2026-10-03T22:47:16.8465-03:00","Action":"pass","Package":"go/types","Test":"TestNativeOptionalInvalid","Elapsed":0}
{"Time":"2026-10-03T22:47:16.846504-03:00","Action":"run","Package":"go/types","Test":"TestOptionContextTypes"}
{"Time":"2026-10-03T22:47:16.846508-03:00","Action":"output","Package":"go/types","Test":"TestOptionContextTypes","Output":"=== RUN   TestOptionContextTypes\n","OutputType":"frame"}
{"Time":"2026-10-03T22:47:16.846989-03:00","Action":"output","Package":"go/types","Test":"TestOptionContextTypes","Output":"--- PASS: TestOptionContextTypes (0.00s)\n","OutputType":"frame"}
{"Time":"2026-10-03T22:47:16.846994-03:00","Action":"pass","Package":"go/types","Test":"TestOptionContextTypes","Elapsed":0}
{"Time":"2026-10-03T22:47:16.846999-03:00","Action":"run","Package":"go/types","Test":"TestOptionContextInvalid"}
{"Time":"2026-10-03T22:47:16.847002-03:00","Action":"output","Package":"go/types","Test":"TestOptionContextInvalid","Output":"=== RUN   TestOptionContextInvalid\n","OutputType":"frame"}
{"Time":"2026-10-03T22:47:16.847014-03:00","Action":"run","Package":"go/types","Test":"TestOptionContextInvalid/var___=_.Ok(1)"}
{"Time":"2026-10-03T22:47:16.847017-03:00","Action":"output","Package":"go/types","Test":"TestOptionContextInvalid/var___=_.Ok(1)","Output":"=== RUN   TestOptionContextInvalid/var___=_.Ok(1)\n","OutputType":"frame"}
{"Time":"2026-10-03T22:47:16.847025-03:00","Action":"output","Package":"go/types","Test":"TestOptionContextInvalid/var___=_.Ok(1)","Output":"--- PASS: TestOptionContextInvalid/var___=_.Ok(1) (0.00s)\n","OutputType":"frame"}
{"Time":"2026-10-03T22:47:16.847029-03:00","Action":"pass","Package":"go/types","Test":"TestOptionContextInvalid/var___=_.Ok(1)","Elapsed":0}
{"Time":"2026-10-03T22:47:16.847038-03:00","Action":"run","Package":"go/types","Test":"TestOptionContextInvalid/var___=_.None"}
{"Time":"2026-10-03T22:47:16.847041-03:00","Action":"output","Package":"go/types","Test":"TestOptionContextInvalid/var___=_.None","Output":"=== RUN   TestOptionContextInvalid/var___=_.None\n","OutputType":"frame"}
{"Time":"2026-10-03T22:47:16.84705-03:00","Action":"output","Package":"go/types","Test":"TestOptionContextInvalid/var___=_.None","Output":"--- PASS: TestOptionContextInvalid/var___=_.None (0.00s)\n","OutputType":"frame"}
{"Time":"2026-10-03T22:47:16.847054-03:00","Action":"pass","Package":"go/types","Test":"TestOptionContextInvalid/var___=_.None","Elapsed":0}
{"Time":"2026-10-03T22:47:16.847057-03:00","Action":"run","Package":"go/types","Test":"TestOptionContextInvalid/var___int_=_.Some(1)"}
{"Time":"2026-10-03T22:47:16.84706-03:00","Action":"output","Package":"go/types","Test":"TestOptionContextInvalid/var___int_=_.Some(1)","Output":"=== RUN   TestOptionContextInvalid/var___int_=_.Some(1)\n","OutputType":"frame"}
{"Time":"2026-10-03T22:47:16.847068-03:00","Action":"output","Package":"go/types","Test":"TestOptionContextInvalid/var___int_=_.Some(1)","Output":"--- PASS: TestOptionContextInvalid/var___int_=_.Some(1) (0.00s)\n","OutputType":"frame"}
{"Time":"2026-10-03T22:47:16.847071-03:00","Action":"pass","Package":"go/types","Test":"TestOptionContextInvalid/var___int_=_.Some(1)","Elapsed":0}
{"Time":"2026-10-03T22:47:16.847074-03:00","Action":"run","Package":"go/types","Test":"TestOptionContextInvalid/type_Other_enum_{_default_Ok(int)_};_var___Other_=_.Ok(1)"}
{"Time":"2026-10-03T22:47:16.847077-03:00","Action":"output","Package":"go/types","Test":"TestOptionContextInvalid/type_Other_enum_{_default_Ok(int)_};_var___Other_=_.Ok(1)","Output":"=== RUN   TestOptionContextInvalid/type_Other_enum_{_default_Ok(int)_};_var___Other_=_.Ok(1)\n","OutputType":"frame"}
{"Time":"2026-10-03T22:47:16.847088-03:00","Action":"output","Package":"go/types","Test":"TestOptionContextInvalid/type_Other_enum_{_default_Ok(int)_};_var___Other_=_.Ok(1)","Output":"--- PASS: TestOptionContextInvalid/type_Other_enum_{_default_Ok(int)_};_var___Other_=_.Ok(1) (0.00s)\n","OutputType":"frame"}
{"Time":"2026-10-03T22:47:16.847091-03:00","Action":"pass","Package":"go/types","Test":"TestOptionContextInvalid/type_Other_enum_{_default_Ok(int)_};_var___Other_=_.Ok(1)","Elapsed":0}
{"Time":"2026-10-03T22:47:16.847094-03:00","Action":"run","Package":"go/types","Test":"TestOptionContextInvalid/type_Option[T_any]_struct{};_var___Option[int]_=_.Some(1)"}
{"Time":"2026-10-03T22:47:16.847097-03:00","Action":"output","Package":"go/types","Test":"TestOptionContextInvalid/type_Option[T_any]_struct{};_var___Option[int]_=_.Some(1)","Output":"=== RUN   TestOptionContextInvalid/type_Option[T_any]_struct{};_var___Option[int]_=_.Some(1)\n","OutputType":"frame"}
{"Time":"2026-10-03T22:47:16.847108-03:00","Action":"output","Package":"go/types","Test":"TestOptionContextInvalid/type_Option[T_any]_struct{};_var___Option[int]_=_.Some(1)","Output":"--- PASS: TestOptionContextInvalid/type_Option[T_any]_struct{};_var___Option[int]_=_.Some(1) (0.00s)\n","OutputType":"frame"}
{"Time":"2026-10-03T22:47:16.847112-03:00","Action":"pass","Package":"go/types","Test":"TestOptionContextInvalid/type_Option[T_any]_struct{};_var___Option[int]_=_.Some(1)","Elapsed":0}
{"Time":"2026-10-03T22:47:16.847118-03:00","Action":"run","Package":"go/types","Test":"TestOptionContextInvalid/var___int?_=_.Ok(1)"}
{"Time":"2026-10-03T22:47:16.84712-03:00","Action":"output","Package":"go/types","Test":"TestOptionContextInvalid/var___int?_=_.Ok(1)","Output":"=== RUN   TestOptionContextInvalid/var___int?_=_.Ok(1)\n","OutputType":"frame"}
{"Time":"2026-10-03T22:47:16.847129-03:00","Action":"output","Package":"go/types","Test":"TestOptionContextInvalid/var___int?_=_.Ok(1)","Output":"--- PASS: TestOptionContextInvalid/var___int?_=_.Ok(1) (0.00s)\n","OutputType":"frame"}
{"Time":"2026-10-03T22:47:16.847132-03:00","Action":"pass","Package":"go/types","Test":"TestOptionContextInvalid/var___int?_=_.Ok(1)","Elapsed":0}
{"Time":"2026-10-03T22:47:16.847135-03:00","Action":"run","Package":"go/types","Test":"TestOptionContextInvalid/var___Result[int,error]_=_.None"}
{"Time":"2026-10-03T22:47:16.847137-03:00","Action":"output","Package":"go/types","Test":"TestOptionContextInvalid/var___Result[int,error]_=_.None","Output":"=== RUN   TestOptionContextInvalid/var___Result[int,error]_=_.None\n","OutputType":"frame"}
{"Time":"2026-10-03T22:47:16.847148-03:00","Action":"output","Package":"go/types","Test":"TestOptionContextInvalid/var___Result[int,error]_=_.None","Output":"--- PASS: TestOptionContextInvalid/var___Result[int,error]_=_.None (0.00s)\n","OutputType":"frame"}
{"Time":"2026-10-03T22:47:16.847152-03:00","Action":"pass","Package":"go/types","Test":"TestOptionContextInvalid/var___Result[int,error]_=_.None","Elapsed":0}
{"Time":"2026-10-03T22:47:16.847154-03:00","Action":"run","Package":"go/types","Test":"TestOptionContextInvalid/var___int?_=_.Some(nil)"}
{"Time":"2026-10-03T22:47:16.847157-03:00","Action":"output","Package":"go/types","Test":"TestOptionContextInvalid/var___int?_=_.Some(nil)","Output":"=== RUN   TestOptionContextInvalid/var___int?_=_.Some(nil)\n","OutputType":"frame"}
{"Time":"2026-10-03T22:47:16.847163-03:00","Action":"output","Package":"go/types","Test":"TestOptionContextInvalid/var___int?_=_.Some(nil)","Output":"--- PASS: TestOptionContextInvalid/var___int?_=_.Some(nil) (0.00s)\n","OutputType":"frame"}
{"Time":"2026-10-03T22:47:16.847167-03:00","Action":"pass","Package":"go/types","Test":"TestOptionContextInvalid/var___int?_=_.Some(nil)","Elapsed":0}
{"Time":"2026-10-03T22:47:16.847171-03:00","Action":"run","Package":"go/types","Test":"TestOptionContextInvalid/var___int?_=_.Some"}
{"Time":"2026-10-03T22:47:16.847173-03:00","Action":"output","Package":"go/types","Test":"TestOptionContextInvalid/var___int?_=_.Some","Output":"=== RUN   TestOptionContextInvalid/var___int?_=_.Some\n","OutputType":"frame"}
{"Time":"2026-10-03T22:47:16.847182-03:00","Action":"output","Package":"go/types","Test":"TestOptionContextInvalid/var___int?_=_.Some","Output":"--- PASS: TestOptionContextInvalid/var___int?_=_.Some (0.00s)\n","OutputType":"frame"}
{"Time":"2026-10-03T22:47:16.847185-03:00","Action":"pass","Package":"go/types","Test":"TestOptionContextInvalid/var___int?_=_.Some","Elapsed":0}
{"Time":"2026-10-03T22:47:16.847192-03:00","Action":"run","Package":"go/types","Test":"TestOptionContextInvalid/var___int?_=_.Some(1,_2)"}
{"Time":"2026-10-03T22:47:16.847195-03:00","Action":"output","Package":"go/types","Test":"TestOptionContextInvalid/var___int?_=_.Some(1,_2)","Output":"=== RUN   TestOptionContextInvalid/var___int?_=_.Some(1,_2)\n","OutputType":"frame"}
{"Time":"2026-10-03T22:47:16.847199-03:00","Action":"output","Package":"go/types","Test":"TestOptionContextInvalid/var___int?_=_.Some(1,_2)","Output":"--- PASS: TestOptionContextInvalid/var___int?_=_.Some(1,_2) (0.00s)\n","OutputType":"frame"}
{"Time":"2026-10-03T22:47:16.847202-03:00","Action":"pass","Package":"go/types","Test":"TestOptionContextInvalid/var___int?_=_.Some(1,_2)","Elapsed":0}
{"Time":"2026-10-03T22:47:16.847205-03:00","Action":"run","Package":"go/types","Test":"TestOptionContextInvalid/var___int?_=_.None()"}
{"Time":"2026-10-03T22:47:16.847207-03:00","Action":"output","Package":"go/types","Test":"TestOptionContextInvalid/var___int?_=_.None()","Output":"=== RUN   TestOptionContextInvalid/var___int?_=_.None()\n","OutputType":"frame"}
{"Time":"2026-10-03T22:47:16.847213-03:00","Action":"output","Package":"go/types","Test":"TestOptionContextInvalid/var___int?_=_.None()","Output":"--- PASS: TestOptionContextInvalid/var___int?_=_.None() (0.00s)\n","OutputType":"frame"}
{"Time":"2026-10-03T22:47:16.847216-03:00","Action":"pass","Package":"go/types","Test":"TestOptionContextInvalid/var___int?_=_.None()","Elapsed":0}
{"Time":"2026-10-03T22:47:16.847218-03:00","Action":"run","Package":"go/types","Test":"TestOptionContextInvalid/var___int?_=_\"wrong\""}
{"Time":"2026-10-03T22:47:16.847221-03:00","Action":"output","Package":"go/types","Test":"TestOptionContextInvalid/var___int?_=_\"wrong\"","Output":"=== RUN   TestOptionContextInvalid/var___int?_=_\"wrong\"\n","OutputType":"frame"}
{"Time":"2026-10-03T22:47:16.84723-03:00","Action":"output","Package":"go/types","Test":"TestOptionContextInvalid/var___int?_=_\"wrong\"","Output":"--- PASS: TestOptionContextInvalid/var___int?_=_\"wrong\" (0.00s)\n","OutputType":"frame"}
{"Time":"2026-10-03T22:47:16.847233-03:00","Action":"pass","Package":"go/types","Test":"TestOptionContextInvalid/var___int?_=_\"wrong\"","Elapsed":0}
{"Time":"2026-10-03T22:47:16.847236-03:00","Action":"run","Package":"go/types","Test":"TestOptionContextInvalid/var___(int?)?_=_1"}
{"Time":"2026-10-03T22:47:16.847239-03:00","Action":"output","Package":"go/types","Test":"TestOptionContextInvalid/var___(int?)?_=_1","Output":"=== RUN   TestOptionContextInvalid/var___(int?)?_=_1\n","OutputType":"frame"}
{"Time":"2026-10-03T22:47:16.847248-03:00","Action":"output","Package":"go/types","Test":"TestOptionContextInvalid/var___(int?)?_=_1","Output":"--- PASS: TestOptionContextInvalid/var___(int?)?_=_1 (0.00s)\n","OutputType":"frame"}
{"Time":"2026-10-03T22:47:16.84725-03:00","Action":"pass","Package":"go/types","Test":"TestOptionContextInvalid/var___(int?)?_=_1","Elapsed":0}
{"Time":"2026-10-03T22:47:16.847254-03:00","Action":"run","Package":"go/types","Test":"TestOptionContextInvalid/func_f[T_any](x_T?)_{}_;_func_g()_{_f(.Some(1))_}"}
{"Time":"2026-10-03T22:47:16.847256-03:00","Action":"output","Package":"go/types","Test":"TestOptionContextInvalid/func_f[T_any](x_T?)_{}_;_func_g()_{_f(.Some(1))_}","Output":"=== RUN   TestOptionContextInvalid/func_f[T_any](x_T?)_{}_;_func_g()_{_f(.Some(1))_}\n","OutputType":"frame"}
{"Time":"2026-10-03T22:47:16.847294-03:00","Action":"output","Package":"go/types","Test":"TestOptionContextInvalid/func_f[T_any](x_T?)_{}_;_func_g()_{_f(.Some(1))_}","Output":"--- PASS: TestOptionContextInvalid/func_f[T_any](x_T?)_{}_;_func_g()_{_f(.Some(1))_} (0.00s)\n","OutputType":"frame"}
{"Time":"2026-10-03T22:47:16.847299-03:00","Action":"pass","Package":"go/types","Test":"TestOptionContextInvalid/func_f[T_any](x_T?)_{}_;_func_g()_{_f(.Some(1))_}","Elapsed":0}
{"Time":"2026-10-03T22:47:16.847302-03:00","Action":"run","Package":"go/types","Test":"TestOptionContextInvalid/func_f[T_any](x_T?)_{}_;_func_g()_{_f(1)_}"}
{"Time":"2026-10-03T22:47:16.847304-03:00","Action":"output","Package":"go/types","Test":"TestOptionContextInvalid/func_f[T_any](x_T?)_{}_;_func_g()_{_f(1)_}","Output":"=== RUN   TestOptionContextInvalid/func_f[T_any](x_T?)_{}_;_func_g()_{_f(1)_}\n","OutputType":"frame"}
{"Time":"2026-10-03T22:47:16.847322-03:00","Action":"output","Package":"go/types","Test":"TestOptionContextInvalid/func_f[T_any](x_T?)_{}_;_func_g()_{_f(1)_}","Output":"--- PASS: TestOptionContextInvalid/func_f[T_any](x_T?)_{}_;_func_g()_{_f(1)_} (0.00s)\n","OutputType":"frame"}
{"Time":"2026-10-03T22:47:16.847326-03:00","Action":"pass","Package":"go/types","Test":"TestOptionContextInvalid/func_f[T_any](x_T?)_{}_;_func_g()_{_f(1)_}","Elapsed":0}
{"Time":"2026-10-03T22:47:16.847329-03:00","Action":"run","Package":"go/types","Test":"TestOptionContextInvalid/func_f[T,E_any](x_T,_r_Result[T,E])_{}_;_func_g()_{_f(1,_.Ok(2))_}"}
{"Time":"2026-10-03T22:47:16.847332-03:00","Action":"output","Package":"go/types","Test":"TestOptionContextInvalid/func_f[T,E_any](x_T,_r_Result[T,E])_{}_;_func_g()_{_f(1,_.Ok(2))_}","Output":"=== RUN   TestOptionContextInvalid/func_f[T,E_any](x_T,_r_Result[T,E])_{}_;_func_g()_{_f(1,_.Ok(2))_}\n","OutputType":"frame"}
{"Time":"2026-10-03T22:47:16.847369-03:00","Action":"output","Package":"go/types","Test":"TestOptionContextInvalid/func_f[T,E_any](x_T,_r_Result[T,E])_{}_;_func_g()_{_f(1,_.Ok(2))_}","Output":"--- PASS: TestOptionContextInvalid/func_f[T,E_any](x_T,_r_Result[T,E])_{}_;_func_g()_{_f(1,_.Ok(2))_} (0.00s)\n","OutputType":"frame"}
{"Time":"2026-10-03T22:47:16.847381-03:00","Action":"pass","Package":"go/types","Test":"TestOptionContextInvalid/func_f[T,E_any](x_T,_r_Result[T,E])_{}_;_func_g()_{_f(1,_.Ok(2))_}","Elapsed":0}
{"Time":"2026-10-03T22:47:16.847386-03:00","Action":"run","Package":"go/types","Test":"TestOptionContextInvalid/func_pair()(int,int)_{_return_1,2_};_func_f(a_int?,_b_int)_{};_func_g(){f(pair())}"}
{"Time":"2026-10-03T22:47:16.84739-03:00","Action":"output","Package":"go/types","Test":"TestOptionContextInvalid/func_pair()(int,int)_{_return_1,2_};_func_f(a_int?,_b_int)_{};_func_g(){f(pair())}","Output":"=== RUN   TestOptionContextInvalid/func_pair()(int,int)_{_return_1,2_};_func_f(a_int?,_b_int)_{};_func_g(){f(pair())}\n","OutputType":"frame"}
{"Time":"2026-10-03T22:47:16.847396-03:00","Action":"output","Package":"go/types","Test":"TestOptionContextInvalid/func_pair()(int,int)_{_return_1,2_};_func_f(a_int?,_b_int)_{};_func_g(){f(pair())}","Output":"--- PASS: TestOptionContextInvalid/func_pair()(int,int)_{_return_1,2_};_func_f(a_int?,_b_int)_{};_func_g(){f(pair())} (0.00s)\n","OutputType":"frame"}
{"Time":"2026-10-03T22:47:16.847401-03:00","Action":"pass","Package":"go/types","Test":"TestOptionContextInvalid/func_pair()(int,int)_{_return_1,2_};_func_f(a_int?,_b_int)_{};_func_g(){f(pair())}","Elapsed":0}
{"Time":"2026-10-03T22:47:16.847404-03:00","Action":"run","Package":"go/types","Test":"TestOptionContextInvalid/func_pair()(int,int)_{_return_1,2_};_var_a_int?;_var_b_int;_func_g(){_a,b_=_pair()_}"}
{"Time":"2026-10-03T22:47:16.847407-03:00","Action":"output","Package":"go/types","Test":"TestOptionContextInvalid/func_pair()(int,int)_{_return_1,2_};_var_a_int?;_var_b_int;_func_g(){_a,b_=_pair()_}","Output":"=== RUN   TestOptionContextInvalid/func_pair()(int,int)_{_return_1,2_};_var_a_int?;_var_b_int;_func_g(){_a,b_=_pair()_}\n","OutputType":"frame"}
{"Time":"2026-10-03T22:47:16.847422-03:00","Action":"output","Package":"go/types","Test":"TestOptionContextInvalid/func_pair()(int,int)_{_return_1,2_};_var_a_int?;_var_b_int;_func_g(){_a,b_=_pair()_}","Output":"--- PASS: TestOptionContextInvalid/func_pair()(int,int)_{_return_1,2_};_var_a_int?;_var_b_int;_func_g(){_a,b_=_pair()_} (0.00s)\n","OutputType":"frame"}
{"Time":"2026-10-03T22:47:16.847426-03:00","Action":"pass","Package":"go/types","Test":"TestOptionContextInvalid/func_pair()(int,int)_{_return_1,2_};_var_a_int?;_var_b_int;_func_g(){_a,b_=_pair()_}","Elapsed":0}
{"Time":"2026-10-03T22:47:16.847429-03:00","Action":"run","Package":"go/types","Test":"TestOptionContextInvalid/func_pair()(int,int)_{_return_1,2_};_func_f()(int?,int){_return_pair()_}"}
{"Time":"2026-10-03T22:47:16.847432-03:00","Action":"output","Package":"go/types","Test":"TestOptionContextInvalid/func_pair()(int,int)_{_return_1,2_};_func_f()(int?,int){_return_pair()_}","Output":"=== RUN   TestOptionContextInvalid/func_pair()(int,int)_{_return_1,2_};_func_f()(int?,int){_return_pair()_}\n","OutputType":"frame"}
{"Time":"2026-10-03T22:47:16.847447-03:00","Action":"output","Package":"go/types","Test":"TestOptionContextInvalid/func_pair()(int,int)_{_return_1,2_};_func_f()(int?,int){_return_pair()_}","Output":"--- PASS: TestOptionContextInvalid/func_pair()(int,int)_{_return_1,2_};_func_f()(int?,int){_return_pair()_} (0.00s)\n","OutputType":"frame"}
{"Time":"2026-10-03T22:47:16.847454-03:00","Action":"pass","Package":"go/types","Test":"TestOptionContextInvalid/func_pair()(int,int)_{_return_1,2_};_func_f()(int?,int){_return_pair()_}","Elapsed":0}
{"Time":"2026-10-03T22:47:16.847465-03:00","Action":"run","Package":"go/types","Test":"TestOptionContextInvalid/var_m_map[int]int;_var_o_int?;_var_b_bool;_func_f(){o,b_=_m[1]}"}
{"Time":"2026-10-03T22:47:16.847469-03:00","Action":"output","Package":"go/types","Test":"TestOptionContextInvalid/var_m_map[int]int;_var_o_int?;_var_b_bool;_func_f(){o,b_=_m[1]}","Output":"=== RUN   TestOptionContextInvalid/var_m_map[int]int;_var_o_int?;_var_b_bool;_func_f(){o,b_=_m[1]}\n","OutputType":"frame"}
{"Time":"2026-10-03T22:47:16.847475-03:00","Action":"output","Package":"go/types","Test":"TestOptionContextInvalid/var_m_map[int]int;_var_o_int?;_var_b_bool;_func_f(){o,b_=_m[1]}","Output":"--- PASS: TestOptionContextInvalid/var_m_map[int]int;_var_o_int?;_var_b_bool;_func_f(){o,b_=_m[1]} (0.00s)\n","OutputType":"frame"}
{"Time":"2026-10-03T22:47:16.847479-03:00","Action":"pass","Package":"go/types","Test":"TestOptionContextInvalid/var_m_map[int]int;_var_o_int?;_var_b_bool;_func_f(){o,b_=_m[1]}","Elapsed":0}
{"Time":"2026-10-03T22:47:16.847482-03:00","Action":"output","Package":"go/types","Test":"TestOptionContextInvalid","Output":"--- PASS: TestOptionContextInvalid (0.00s)\n","OutputType":"frame"}
{"Time":"2026-10-03T22:47:16.847484-03:00","Action":"pass","Package":"go/types","Test":"TestOptionContextInvalid","Elapsed":0}
{"Time":"2026-10-03T22:47:16.847487-03:00","Action":"run","Package":"go/types","Test":"TestOptionResultOperators"}
{"Time":"2026-10-03T22:47:16.847489-03:00","Action":"output","Package":"go/types","Test":"TestOptionResultOperators","Output":"=== RUN   TestOptionResultOperators\n","OutputType":"frame"}
{"Time":"2026-10-03T22:47:16.847492-03:00","Action":"run","Package":"go/types","Test":"TestOptionResultOperators/type_User_struct{Name_string};type_Node_struct{User_User?};func_f(x_*Node)string{return_x?.User?.Name_??_\"none\"}"}
{"Time":"2026-10-03T22:47:16.847495-03:00","Action":"output","Package":"go/types","Test":"TestOptionResultOperators/type_User_struct{Name_string};type_Node_struct{User_User?};func_f(x_*Node)string{return_x?.User?.Name_??_\"none\"}","Output":"=== RUN   TestOptionResultOperators/type_User_struct{Name_string};type_Node_struct{User_User?};func_f(x_*Node)string{return_x?.User?.Name_??_\"none\"}\n","OutputType":"frame"}
{"Time":"2026-10-03T22:47:16.847506-03:00","Action":"output","Package":"go/types","Test":"TestOptionResultOperators/type_User_struct{Name_string};type_Node_struct{User_User?};func_f(x_*Node)string{return_x?.User?.Name_??_\"none\"}","Output":"--- PASS: TestOptionResultOperators/type_User_struct{Name_string};type_Node_struct{User_User?};func_f(x_*Node)string{return_x?.User?.Name_??_\"none\"} (0.00s)\n","OutputType":"frame"}
{"Time":"2026-10-03T22:47:16.847512-03:00","Action":"pass","Package":"go/types","Test":"TestOptionResultOperators/type_User_struct{Name_string};type_Node_struct{User_User?};func_f(x_*Node)string{return_x?.User?.Name_??_\"none\"}","Elapsed":0}
{"Time":"2026-10-03T22:47:16.847515-03:00","Action":"run","Package":"go/types","Test":"TestOptionResultOperators/type_User_struct{Name_string};type_Node_struct{User_*User};func_f(x_Node?)string{return_x?.User?.Name_??_\"none\"}"}
{"Time":"2026-10-03T22:47:16.847518-03:00","Action":"output","Package":"go/types","Test":"TestOptionResultOperators/type_User_struct{Name_string};type_Node_struct{User_*User};func_f(x_Node?)string{return_x?.User?.Name_??_\"none\"}","Output":"=== RUN   TestOptionResultOperators/type_User_struct{Name_string};type_Node_struct{User_*User};func_f(x_Node?)string{return_x?.User?.Name_??_\"none\"}\n","OutputType":"frame"}
{"Time":"2026-10-03T22:47:16.847528-03:00","Action":"output","Package":"go/types","Test":"TestOptionResultOperators/type_User_struct{Name_string};type_Node_struct{User_*User};func_f(x_Node?)string{return_x?.User?.Name_??_\"none\"}","Output":"--- PASS: TestOptionResultOperators/type_User_struct{Name_string};type_Node_struct{User_*User};func_f(x_Node?)string{return_x?.User?.Name_??_\"none\"} (0.00s)\n","OutputType":"frame"}
{"Time":"2026-10-03T22:47:16.847531-03:00","Action":"pass","Package":"go/types","Test":"TestOptionResultOperators/type_User_struct{Name_string};type_Node_struct{User_*User};func_f(x_Node?)string{return_x?.User?.Name_??_\"none\"}","Elapsed":0}
{"Time":"2026-10-03T22:47:16.847535-03:00","Action":"run","Package":"go/types","Test":"TestOptionResultOperators/type_User_struct{Name_string};func_f(x_(*User)?)string{return_(x_??_nil)?.Name_??_\"none\"}"}
{"Time":"2026-10-03T22:47:16.847538-03:00","Action":"output","Package":"go/types","Test":"TestOptionResultOperators/type_User_struct{Name_string};func_f(x_(*User)?)string{return_(x_??_nil)?.Name_??_\"none\"}","Output":"=== RUN   TestOptionResultOperators/type_User_struct{Name_string};func_f(x_(*User)?)string{return_(x_??_nil)?.Name_??_\"none\"}\n","OutputType":"frame"}
{"Time":"2026-10-03T22:47:16.847555-03:00","Action":"output","Package":"go/types","Test":"TestOptionResultOperators/type_User_struct{Name_string};func_f(x_(*User)?)string{return_(x_??_nil)?.Name_??_\"none\"}","Output":"--- PASS: TestOptionResultOperators/type_User_struct{Name_string};func_f(x_(*User)?)string{return_(x_??_nil)?.Name_??_\"none\"} (0.00s)\n","OutputType":"frame"}
{"Time":"2026-10-03T22:47:16.847561-03:00","Action":"pass","Package":"go/types","Test":"TestOptionResultOperators/type_User_struct{Name_string};func_f(x_(*User)?)string{return_(x_??_nil)?.Name_??_\"none\"}","Elapsed":0}
{"Time":"2026-10-03T22:47:16.847565-03:00","Action":"run","Package":"go/types","Test":"TestOptionResultOperators/type_User_struct{Name_string};type_Node_struct{User_User?};func_f(x_*Node)string{var_value_User?;if_x!=nil{value=x.User};return_value?.Name_??_\"none\"}"}
{"Time":"2026-10-03T22:47:16.847567-03:00","Action":"output","Package":"go/types","Test":"TestOptionResultOperators/type_User_struct{Name_string};type_Node_struct{User_User?};func_f(x_*Node)string{var_value_User?;if_x!=nil{value=x.User};return_value?.Name_??_\"none\"}","Output":"=== RUN   TestOptionResultOperators/type_User_struct{Name_string};type_Node_struct{User_User?};func_f(x_*Node)string{var_value_User?;if_x!=nil{value=x.User};return_value?.Name_??_\"none\"}\n","OutputType":"frame"}
{"Time":"2026-10-03T22:47:16.847583-03:00","Action":"output","Package":"go/types","Test":"TestOptionResultOperators/type_User_struct{Name_string};type_Node_struct{User_User?};func_f(x_*Node)string{var_value_User?;if_x!=nil{value=x.User};return_value?.Name_??_\"none\"}","Output":"--- PASS: TestOptionResultOperators/type_User_struct{Name_string};type_Node_struct{User_User?};func_f(x_*Node)string{var_value_User?;if_x!=nil{value=x.User};return_value?.Name_??_\"none\"} (0.00s)\n","OutputType":"frame"}
{"Time":"2026-10-03T22:47:16.847586-03:00","Action":"pass","Package":"go/types","Test":"TestOptionResultOperators/type_User_struct{Name_string};type_Node_struct{User_User?};func_f(x_*Node)string{var_value_User?;if_x!=nil{value=x.User};return_value?.Name_??_\"none\"}","Elapsed":0}
{"Time":"2026-10-03T22:47:16.847589-03:00","Action":"run","Package":"go/types","Test":"TestOptionResultOperators/func_f(x_int?)_string?_{_n:=x?;_return_(string?)((string)(string(rune(n))))_}"}
{"Time":"2026-10-03T22:47:16.847592-03:00","Action":"output","Package":"go/types","Test":"TestOptionResultOperators/func_f(x_int?)_string?_{_n:=x?;_return_(string?)((string)(string(rune(n))))_}","Output":"=== RUN   TestOptionResultOperators/func_f(x_int?)_string?_{_n:=x?;_return_(string?)((string)(string(rune(n))))_}\n","OutputType":"frame"}
{"Time":"2026-10-03T22:47:16.847607-03:00","Action":"output","Package":"go/types","Test":"TestOptionResultOperators/func_f(x_int?)_string?_{_n:=x?;_return_(string?)((string)(string(rune(n))))_}","Output":"--- PASS: TestOptionResultOperators/func_f(x_int?)_string?_{_n:=x?;_return_(string?)((string)(string(rune(n))))_} (0.00s)\n","OutputType":"frame"}
{"Time":"2026-10-03T22:47:16.847609-03:00","Action":"pass","Package":"go/types","Test":"TestOptionResultOperators/func_f(x_int?)_string?_{_n:=x?;_return_(string?)((string)(string(rune(n))))_}","Elapsed":0}
{"Time":"2026-10-03T22:47:16.847613-03:00","Action":"run","Package":"go/types","Test":"TestOptionResultOperators/func_f(x_int?)_int_{return_x_??_3}"}
{"Time":"2026-10-03T22:47:16.847615-03:00","Action":"output","Package":"go/types","Test":"TestOptionResultOperators/func_f(x_int?)_int_{return_x_??_3}","Output":"=== RUN   TestOptionResultOperators/func_f(x_int?)_int_{return_x_??_3}\n","OutputType":"frame"}
{"Time":"2026-10-03T22:47:16.847622-03:00","Action":"output","Package":"go/types","Test":"TestOptionResultOperators/func_f(x_int?)_int_{return_x_??_3}","Output":"--- PASS: TestOptionResultOperators/func_f(x_int?)_int_{return_x_??_3} (0.00s)\n","OutputType":"frame"}
{"Time":"2026-10-03T22:47:16.847625-03:00","Action":"pass","Package":"go/types","Test":"TestOptionResultOperators/func_f(x_int?)_int_{return_x_??_3}","Elapsed":0}
{"Time":"2026-10-03T22:47:16.847628-03:00","Action":"run","Package":"go/types","Test":"TestOptionResultOperators/func_f(){var_x_int?;x_??=_3}"}
{"Time":"2026-10-03T22:47:16.847631-03:00","Action":"output","Package":"go/types","Test":"TestOptionResultOperators/func_f(){var_x_int?;x_??=_3}","Output":"=== RUN   TestOptionResultOperators/func_f(){var_x_int?;x_??=_3}\n","OutputType":"frame"}
{"Time":"2026-10-03T22:47:16.847638-03:00","Action":"output","Package":"go/types","Test":"TestOptionResultOperators/func_f(){var_x_int?;x_??=_3}","Output":"--- PASS: TestOptionResultOperators/func_f(){var_x_int?;x_??=_3} (0.00s)\n","OutputType":"frame"}
{"Time":"2026-10-03T22:47:16.847641-03:00","Action":"pass","Package":"go/types","Test":"TestOptionResultOperators/func_f(){var_x_int?;x_??=_3}","Elapsed":0}
{"Time":"2026-10-03T22:47:16.847644-03:00","Action":"run","Package":"go/types","Test":"TestOptionResultOperators/func_f(m_map[string]int?)_{m[\"key\"]_??=_3}"}
{"Time":"2026-10-03T22:47:16.847647-03:00","Action":"output","Package":"go/types","Test":"TestOptionResultOperators/func_f(m_map[string]int?)_{m[\"key\"]_??=_3}","Output":"=== RUN   TestOptionResultOperators/func_f(m_map[string]int?)_{m[\"key\"]_??=_3}\n","OutputType":"frame"}
{"Time":"2026-10-03T22:47:16.847655-03:00","Action":"output","Package":"go/types","Test":"TestOptionResultOperators/func_f(m_map[string]int?)_{m[\"key\"]_??=_3}","Output":"--- PASS: TestOptionResultOperators/func_f(m_map[string]int?)_{m[\"key\"]_??=_3} (0.00s)\n","OutputType":"frame"}
{"Time":"2026-10-03T22:47:16.847658-03:00","Action":"pass","Package":"go/types","Test":"TestOptionResultOperators/func_f(m_map[string]int?)_{m[\"key\"]_??=_3}","Elapsed":0}
{"Time":"2026-10-03T22:47:16.847661-03:00","Action":"run","Package":"go/types","Test":"TestOptionResultOperators/func_makeOption()_int?_{return_(int?)(nil)};func_f(){makeOption()_??=_3}"}
{"Time":"2026-10-03T22:47:16.847663-03:00","Action":"output","Package":"go/types","Test":"TestOptionResultOperators/func_makeOption()_int?_{return_(int?)(nil)};func_f(){makeOption()_??=_3}","Output":"=== RUN   TestOptionResultOperators/func_makeOption()_int?_{return_(int?)(nil)};func_f(){makeOption()_??=_3}\n","OutputType":"frame"}
{"Time":"2026-10-03T22:47:16.847678-03:00","Action":"output","Package":"go/types","Test":"TestOptionResultOperators/func_makeOption()_int?_{return_(int?)(nil)};func_f(){makeOption()_??=_3}","Output":"--- PASS: TestOptionResultOperators/func_makeOption()_int?_{return_(int?)(nil)};func_f(){makeOption()_??=_3} (0.00s)\n","OutputType":"frame"}
{"Time":"2026-10-03T22:47:16.847689-03:00","Action":"pass","Package":"go/types","Test":"TestOptionResultOperators/func_makeOption()_int?_{return_(int?)(nil)};func_f(){makeOption()_??=_3}","Elapsed":0}
{"Time":"2026-10-03T22:47:16.847694-03:00","Action":"run","Package":"go/types","Test":"TestOptionResultOperators/func_f(){var_x_int?;x_??=_(int?)((int)(3))}"}
{"Time":"2026-10-03T22:47:16.847697-03:00","Action":"output","Package":"go/types","Test":"TestOptionResultOperators/func_f(){var_x_int?;x_??=_(int?)((int)(3))}","Output":"=== RUN   TestOptionResultOperators/func_f(){var_x_int?;x_??=_(int?)((int)(3))}\n","OutputType":"frame"}
{"Time":"2026-10-03T22:47:16.847705-03:00","Action":"output","Package":"go/types","Test":"TestOptionResultOperators/func_f(){var_x_int?;x_??=_(int?)((int)(3))}","Output":"--- PASS: TestOptionResultOperators/func_f(){var_x_int?;x_??=_(int?)((int)(3))} (0.00s)\n","OutputType":"frame"}
{"Time":"2026-10-03T22:47:16.847715-03:00","Action":"pass","Package":"go/types","Test":"TestOptionResultOperators/func_f(){var_x_int?;x_??=_(int?)((int)(3))}","Elapsed":0}
{"Time":"2026-10-03T22:47:16.847718-03:00","Action":"run","Package":"go/types","Test":"TestOptionResultOperators/type_User_struct{Name_string};func_f(x_User?)_string{return_x?.Name_??_\"none\"}"}
{"Time":"2026-10-03T22:47:16.847721-03:00","Action":"output","Package":"go/types","Test":"TestOptionResultOperators/type_User_struct{Name_string};func_f(x_User?)_string{return_x?.Name_??_\"none\"}","Output":"=== RUN   TestOptionResultOperators/type_User_struct{Name_string};func_f(x_User?)_string{return_x?.Name_??_\"none\"}\n","OutputType":"frame"}
{"Time":"2026-10-03T22:47:16.847725-03:00","Action":"output","Package":"go/types","Test":"TestOptionResultOperators/type_User_struct{Name_string};func_f(x_User?)_string{return_x?.Name_??_\"none\"}","Output":"--- PASS: TestOptionResultOperators/type_User_struct{Name_string};func_f(x_User?)_string{return_x?.Name_??_\"none\"} (0.00s)\n","OutputType":"frame"}
{"Time":"2026-10-03T22:47:16.847728-03:00","Action":"pass","Package":"go/types","Test":"TestOptionResultOperators/type_User_struct{Name_string};func_f(x_User?)_string{return_x?.Name_??_\"none\"}","Elapsed":0}
{"Time":"2026-10-03T22:47:16.847731-03:00","Action":"run","Package":"go/types","Test":"TestOptionResultOperators/type_User_struct{Name_string};func_f(x_User?)_any{return_x?.Name}"}
{"Time":"2026-10-03T22:47:16.847733-03:00","Action":"output","Package":"go/types","Test":"TestOptionResultOperators/type_User_struct{Name_string};func_f(x_User?)_any{return_x?.Name}","Output":"=== RUN   TestOptionResultOperators/type_User_struct{Name_string};func_f(x_User?)_any{return_x?.Name}\n","OutputType":"frame"}
{"Time":"2026-10-03T22:47:16.847747-03:00","Action":"output","Package":"go/types","Test":"TestOptionResultOperators/type_User_struct{Name_string};func_f(x_User?)_any{return_x?.Name}","Output":"--- PASS: TestOptionResultOperators/type_User_struct{Name_string};func_f(x_User?)_any{return_x?.Name} (0.00s)\n","OutputType":"frame"}
{"Time":"2026-10-03T22:47:16.84775-03:00","Action":"pass","Package":"go/types","Test":"TestOptionResultOperators/type_User_struct{Name_string};func_f(x_User?)_any{return_x?.Name}","Elapsed":0}
{"Time":"2026-10-03T22:47:16.847753-03:00","Action":"run","Package":"go/types","Test":"TestOptionResultOperators/func_f(x_Result[int,string])_Result[string,string]_{n:=x!;return_Result[string,string].Ok(string(rune(n)))}"}
{"Time":"2026-10-03T22:47:16.847756-03:00","Action":"output","Package":"go/types","Test":"TestOptionResultOperators/func_f(x_Result[int,string])_Result[string,string]_{n:=x!;return_Result[string,string].Ok(string(rune(n)))}","Output":"=== RUN   TestOptionResultOperators/func_f(x_Result[int,string])_Result[string,string]_{n:=x!;return_Result[string,string].Ok(string(rune(n)))}\n","OutputType":"frame"}
{"Time":"2026-10-03T22:47:16.847774-03:00","Action":"output","Package":"go/types","Test":"TestOptionResultOperators/func_f(x_Result[int,string])_Result[string,string]_{n:=x!;return_Result[string,string].Ok(string(rune(n)))}","Output":"--- PASS: TestOptionResultOperators/func_f(x_Result[int,string])_Result[string,string]_{n:=x!;return_Result[string,string].Ok(string(rune(n)))} (0.00s)\n","OutputType":"frame"}
{"Time":"2026-10-03T22:47:16.847778-03:00","Action":"pass","Package":"go/types","Test":"TestOptionResultOperators/func_f(x_Result[int,string])_Result[string,string]_{n:=x!;return_Result[string,string].Ok(string(rune(n)))}","Elapsed":0}
{"Time":"2026-10-03T22:47:16.847781-03:00","Action":"run","Package":"go/types","Test":"TestOptionResultOperators/func_f(x_Result[int,string])_int_{return_x_or_e_{panic(e)}}"}
{"Time":"2026-10-03T22:47:16.847784-03:00","Action":"output","Package":"go/types","Test":"TestOptionResultOperators/func_f(x_Result[int,string])_int_{return_x_or_e_{panic(e)}}","Output":"=== RUN   TestOptionResultOperators/func_f(x_Result[int,string])_int_{return_x_or_e_{panic(e)}}\n","OutputType":"frame"}
{"Time":"2026-10-03T22:47:16.8478-03:00","Action":"output","Package":"go/types","Test":"TestOptionResultOperators/func_f(x_Result[int,string])_int_{return_x_or_e_{panic(e)}}","Output":"--- PASS: TestOptionResultOperators/func_f(x_Result[int,string])_int_{return_x_or_e_{panic(e)}} (0.00s)\n","OutputType":"frame"}
{"Time":"2026-10-03T22:47:16.847803-03:00","Action":"pass","Package":"go/types","Test":"TestOptionResultOperators/func_f(x_Result[int,string])_int_{return_x_or_e_{panic(e)}}","Elapsed":0}
{"Time":"2026-10-03T22:47:16.847806-03:00","Action":"run","Package":"go/types","Test":"TestOptionResultOperators/func_f(x_Result[int,error])_Result[int,any]_{n:=x!;return_Result[int,any].Ok(n)}"}
{"Time":"2026-10-03T22:47:16.847809-03:00","Action":"output","Package":"go/types","Test":"TestOptionResultOperators/func_f(x_Result[int,error])_Result[int,any]_{n:=x!;return_Result[int,any].Ok(n)}","Output":"=== RUN   TestOptionResultOperators/func_f(x_Result[int,error])_Result[int,any]_{n:=x!;return_Result[int,any].Ok(n)}\n","OutputType":"frame"}
{"Time":"2026-10-03T22:47:16.847826-03:00","Action":"output","Package":"go/types","Test":"TestOptionResultOperators/func_f(x_Result[int,error])_Result[int,any]_{n:=x!;return_Result[int,any].Ok(n)}","Output":"--- PASS: TestOptionResultOperators/func_f(x_Result[int,error])_Result[int,any]_{n:=x!;return_Result[int,any].Ok(n)} (0.00s)\n","OutputType":"frame"}
{"Time":"2026-10-03T22:47:16.847829-03:00","Action":"pass","Package":"go/types","Test":"TestOptionResultOperators/func_f(x_Result[int,error])_Result[int,any]_{n:=x!;return_Result[int,any].Ok(n)}","Elapsed":0}
{"Time":"2026-10-03T22:47:16.847832-03:00","Action":"run","Package":"go/types","Test":"TestOptionResultOperators/type_Counter_struct{};func(c_*Counter)Increment(){};func_f(x_Counter?){x?.Increment()}"}
{"Time":"2026-10-03T22:47:16.847835-03:00","Action":"output","Package":"go/types","Test":"TestOptionResultOperators/type_Counter_struct{};func(c_*Counter)Increment(){};func_f(x_Counter?){x?.Increment()}","Output":"=== RUN   TestOptionResultOperators/type_Counter_struct{};func(c_*Counter)Increment(){};func_f(x_Counter?){x?.Increment()}\n","OutputType":"frame"}
{"Time":"2026-10-03T22:47:16.847851-03:00","Action":"output","Package":"go/types","Test":"TestOptionResultOperators/type_Counter_struct{};func(c_*Counter)Increment(){};func_f(x_Counter?){x?.Increment()}","Output":"--- PASS: TestOptionResultOperators/type_Counter_struct{};func(c_*Counter)Increment(){};func_f(x_Counter?){x?.Increment()} (0.00s)\n","OutputType":"frame"}
{"Time":"2026-10-03T22:47:16.847854-03:00","Action":"pass","Package":"go/types","Test":"TestOptionResultOperators/type_Counter_struct{};func(c_*Counter)Increment(){};func_f(x_Counter?){x?.Increment()}","Elapsed":0}
{"Time":"2026-10-03T22:47:16.847857-03:00","Action":"run","Package":"go/types","Test":"TestOptionResultOperators/type_Counter_struct{};func(c_*Counter)Increment(){};func_f(x_(*Counter)?){x?.Increment()}"}
{"Time":"2026-10-03T22:47:16.84786-03:00","Action":"output","Package":"go/types","Test":"TestOptionResultOperators/type_Counter_struct{};func(c_*Counter)Increment(){};func_f(x_(*Counter)?){x?.Increment()}","Output":"=== RUN   TestOptionResultOperators/type_Counter_struct{};func(c_*Counter)Increment(){};func_f(x_(*Counter)?){x?.Increment()}\n","OutputType":"frame"}
{"Time":"2026-10-03T22:47:16.847872-03:00","Action":"output","Package":"go/types","Test":"TestOptionResultOperators/type_Counter_struct{};func(c_*Counter)Increment(){};func_f(x_(*Counter)?){x?.Increment()}","Output":"--- PASS: TestOptionResultOperators/type_Counter_struct{};func(c_*Counter)Increment(){};func_f(x_(*Counter)?){x?.Increment()} (0.00s)\n","OutputType":"frame"}
{"Time":"2026-10-03T22:47:16.847875-03:00","Action":"pass","Package":"go/types","Test":"TestOptionResultOperators/type_Counter_struct{};func(c_*Counter)Increment(){};func_f(x_(*Counter)?){x?.Increment()}","Elapsed":0}
{"Time":"2026-10-03T22:47:16.847878-03:00","Action":"run","Package":"go/types","Test":"TestOptionResultOperators/func_f(x_int?)_int_{return_x?}"}
{"Time":"2026-10-03T22:47:16.84788-03:00","Action":"output","Package":"go/types","Test":"TestOptionResultOperators/func_f(x_int?)_int_{return_x?}","Output":"=== RUN   TestOptionResultOperators/func_f(x_int?)_int_{return_x?}\n","OutputType":"frame"}
{"Time":"2026-10-03T22:47:16.847895-03:00","Action":"output","Package":"go/types","Test":"TestOptionResultOperators/func_f(x_int?)_int_{return_x?}","Output":"--- PASS: TestOptionResultOperators/func_f(x_int?)_int_{return_x?} (0.00s)\n","OutputType":"frame"}
{"Time":"2026-10-03T22:47:16.847898-03:00","Action":"pass","Package":"go/types","Test":"TestOptionResultOperators/func_f(x_int?)_int_{return_x?}","Elapsed":0}
{"Time":"2026-10-03T22:47:16.847901-03:00","Action":"run","Package":"go/types","Test":"TestOptionResultOperators/func_f(x_Result[int,string])_int_{return_x!}"}
{"Time":"2026-10-03T22:47:16.847903-03:00","Action":"output","Package":"go/types","Test":"TestOptionResultOperators/func_f(x_Result[int,string])_int_{return_x!}","Output":"=== RUN   TestOptionResultOperators/func_f(x_Result[int,string])_int_{return_x!}\n","OutputType":"frame"}
{"Time":"2026-10-03T22:47:16.847913-03:00","Action":"output","Package":"go/types","Test":"TestOptionResultOperators/func_f(x_Result[int,string])_int_{return_x!}","Output":"--- PASS: TestOptionResultOperators/func_f(x_Result[int,string])_int_{return_x!} (0.00s)\n","OutputType":"frame"}
{"Time":"2026-10-03T22:47:16.847916-03:00","Action":"pass","Package":"go/types","Test":"TestOptionResultOperators/func_f(x_Result[int,string])_int_{return_x!}","Elapsed":0}
{"Time":"2026-10-03T22:47:16.847919-03:00","Action":"run","Package":"go/types","Test":"TestOptionResultOperators/func_f(x_Result[int,string])_Result[int,error]_{n:=x!;return_Result[int,error].Ok(n)}"}
{"Time":"2026-10-03T22:47:16.847921-03:00","Action":"output","Package":"go/types","Test":"TestOptionResultOperators/func_f(x_Result[int,string])_Result[int,error]_{n:=x!;return_Result[int,error].Ok(n)}","Output":"=== RUN   TestOptionResultOperators/func_f(x_Result[int,string])_Result[int,error]_{n:=x!;return_Result[int,error].Ok(n)}\n","OutputType":"frame"}
{"Time":"2026-10-03T22:47:16.84794-03:00","Action":"output","Package":"go/types","Test":"TestOptionResultOperators/func_f(x_Result[int,string])_Result[int,error]_{n:=x!;return_Result[int,error].Ok(n)}","Output":"--- PASS: TestOptionResultOperators/func_f(x_Result[int,string])_Result[int,error]_{n:=x!;return_Result[int,error].Ok(n)} (0.00s)\n","OutputType":"frame"}
{"Time":"2026-10-03T22:47:16.847946-03:00","Action":"pass","Package":"go/types","Test":"TestOptionResultOperators/func_f(x_Result[int,string])_Result[int,error]_{n:=x!;return_Result[int,error].Ok(n)}","Elapsed":0}
{"Time":"2026-10-03T22:47:16.847949-03:00","Action":"run","Package":"go/types","Test":"TestOptionResultOperators/func_f(x_Result[int,string])_int_{return_x_or_e_{__=_e}}"}
{"Time":"2026-10-03T22:47:16.847952-03:00","Action":"output","Package":"go/types","Test":"TestOptionResultOperators/func_f(x_Result[int,string])_int_{return_x_or_e_{__=_e}}","Output":"=== RUN   TestOptionResultOperators/func_f(x_Result[int,string])_int_{return_x_or_e_{__=_e}}\n","OutputType":"frame"}
{"Time":"2026-10-03T22:47:16.847963-03:00","Action":"output","Package":"go/types","Test":"TestOptionResultOperators/func_f(x_Result[int,string])_int_{return_x_or_e_{__=_e}}","Output":"--- PASS: TestOptionResultOperators/func_f(x_Result[int,string])_int_{return_x_or_e_{__=_e}} (0.00s)\n","OutputType":"frame"}
{"Time":"2026-10-03T22:47:16.847968-03:00","Action":"pass","Package":"go/types","Test":"TestOptionResultOperators/func_f(x_Result[int,string])_int_{return_x_or_e_{__=_e}}","Elapsed":0}
{"Time":"2026-10-03T22:47:16.847972-03:00","Action":"run","Package":"go/types","Test":"TestOptionResultOperators/func_f(x_Result[int,string])_int_{return_x_??_0}"}
{"Time":"2026-10-03T22:47:16.847974-03:00","Action":"output","Package":"go/types","Test":"TestOptionResultOperators/func_f(x_Result[int,string])_int_{return_x_??_0}","Output":"=== RUN   TestOptionResultOperators/func_f(x_Result[int,string])_int_{return_x_??_0}\n","OutputType":"frame"}
{"Time":"2026-10-03T22:47:16.847985-03:00","Action":"output","Package":"go/types","Test":"TestOptionResultOperators/func_f(x_Result[int,string])_int_{return_x_??_0}","Output":"--- PASS: TestOptionResultOperators/func_f(x_Result[int,string])_int_{return_x_??_0} (0.00s)\n","OutputType":"frame"}
{"Time":"2026-10-03T22:47:16.847988-03:00","Action":"pass","Package":"go/types","Test":"TestOptionResultOperators/func_f(x_Result[int,string])_int_{return_x_??_0}","Elapsed":0}
{"Time":"2026-10-03T22:47:16.847991-03:00","Action":"run","Package":"go/types","Test":"TestOptionResultOperators/type_Option[T_any]_struct{value_T};func_f(x_Option[int])_Option[int]_{__=_x?;return_x}"}
{"Time":"2026-10-03T22:47:16.847994-03:00","Action":"output","Package":"go/types","Test":"TestOptionResultOperators/type_Option[T_any]_struct{value_T};func_f(x_Option[int])_Option[int]_{__=_x?;return_x}","Output":"=== RUN   TestOptionResultOperators/type_Option[T_any]_struct{value_T};func_f(x_Option[int])_Option[int]_{__=_x?;return_x}\n","OutputType":"frame"}
{"Time":"2026-10-03T22:47:16.848012-03:00","Action":"output","Package":"go/types","Test":"TestOptionResultOperators/type_Option[T_any]_struct{value_T};func_f(x_Option[int])_Option[int]_{__=_x?;return_x}","Output":"--- PASS: TestOptionResultOperators/type_Option[T_any]_struct{value_T};func_f(x_Option[int])_Option[int]_{__=_x?;return_x} (0.00s)\n","OutputType":"frame"}
{"Time":"2026-10-03T22:47:16.848015-03:00","Action":"pass","Package":"go/types","Test":"TestOptionResultOperators/type_Option[T_any]_struct{value_T};func_f(x_Option[int])_Option[int]_{__=_x?;return_x}","Elapsed":0}
{"Time":"2026-10-03T22:47:16.848018-03:00","Action":"output","Package":"go/types","Test":"TestOptionResultOperators","Output":"--- PASS: TestOptionResultOperators (0.00s)\n","OutputType":"frame"}
{"Time":"2026-10-03T22:47:16.848025-03:00","Action":"pass","Package":"go/types","Test":"TestOptionResultOperators","Elapsed":0}
{"Time":"2026-10-03T22:47:16.84809-03:00","Action":"output","Package":"go/types","Output":"PASS\n","OutputType":"frame"}
{"Time":"2026-10-03T22:47:16.848595-03:00","Action":"output","Package":"go/types","Output":"ok  \tgo/types\t0.279s\n"}
{"Time":"2026-10-03T22:47:16.848602-03:00","Action":"pass","Package":"go/types","Elapsed":0.279}
