{"Time":"2026-10-03T22:46:49.787667-03:00","Action":"start","Package":"command-line-arguments"}
{"Time":"2026-10-03T22:46:50.016601-03:00","Action":"run","Package":"command-line-arguments","Test":"TestAlternativeRepresentation"}
{"Time":"2026-10-03T22:46:50.016791-03:00","Action":"output","Package":"command-line-arguments","Test":"TestAlternativeRepresentation","Output":"=== RUN   TestAlternativeRepresentation\n","OutputType":"frame"}
{"Time":"2026-10-03T22:46:50.01684-03:00","Action":"output","Package":"command-line-arguments","Test":"TestAlternativeRepresentation","Output":"    representation_test.go:44: sizes (bytes): Option[int]=16 tagged=16; Result[int,string]=32 tagged=32; Payload=24 tagged=24; Option[*int]=16 tagged=16\n"}
{"Time":"2026-10-03T22:46:50.016859-03:00","Action":"output","Package":"command-line-arguments","Test":"TestAlternativeRepresentation","Output":"    representation_test.go:45: unit and zero-size payload (bytes): Unit=16 tagged=8; Option[struct{}]=16 tagged=2\n"}
{"Time":"2026-10-03T22:46:50.016873-03:00","Action":"output","Package":"command-line-arguments","Test":"TestAlternativeRepresentation","Output":"    representation_test.go:56: construct allocations/run: modern=0 tagged=0\n"}
{"Time":"2026-10-03T22:46:50.01792-03:00","Action":"output","Package":"command-line-arguments","Test":"TestAlternativeRepresentation","Output":"    representation_test.go:74: 10k retained pointer Options: heap delta=240272 bytes, GC cycles=1\n"}
{"Time":"2026-10-03T22:46:50.018524-03:00","Action":"output","Package":"command-line-arguments","Test":"TestAlternativeRepresentation","Output":"    representation_test.go:92: 10k retained pointer tagged: heap delta=242056 bytes, GC cycles=1\n"}
{"Time":"2026-10-03T22:46:50.018548-03:00","Action":"output","Package":"command-line-arguments","Test":"TestAlternativeRepresentation","Output":"--- PASS: TestAlternativeRepresentation (0.00s)\n","OutputType":"frame"}
{"Time":"2026-10-03T22:46:50.018562-03:00","Action":"pass","Package":"command-line-arguments","Test":"TestAlternativeRepresentation","Elapsed":0}
{"Time":"2026-10-03T22:46:50.018777-03:00","Action":"output","Package":"command-line-arguments","Output":"goos: darwin\n"}
{"Time":"2026-10-03T22:46:50.018791-03:00","Action":"output","Package":"command-line-arguments","Output":"goarch: arm64\n"}
{"Time":"2026-10-03T22:46:50.018802-03:00","Action":"output","Package":"command-line-arguments","Output":"cpu: Apple M4\n"}
{"Time":"2026-10-03T22:46:50.018816-03:00","Action":"run","Package":"command-line-arguments","Test":"BenchmarkAlternatives"}
{"Time":"2026-10-03T22:46:50.018829-03:00","Action":"output","Package":"command-line-arguments","Test":"BenchmarkAlternatives","Output":"=== RUN   BenchmarkAlternatives\n","OutputType":"frame"}
{"Time":"2026-10-03T22:46:50.018841-03:00","Action":"output","Package":"command-line-arguments","Test":"BenchmarkAlternatives","Output":"BenchmarkAlternatives\n"}
{"Time":"2026-10-03T22:46:50.019022-03:00","Action":"run","Package":"command-line-arguments","Test":"BenchmarkAlternatives/OptionModern"}
{"Time":"2026-10-03T22:46:50.019035-03:00","Action":"output","Package":"command-line-arguments","Test":"BenchmarkAlternatives/OptionModern","Output":"=== RUN   BenchmarkAlternatives/OptionModern\n","OutputType":"frame"}
{"Time":"2026-10-03T22:46:50.019049-03:00","Action":"output","Package":"command-line-arguments","Test":"BenchmarkAlternatives/OptionModern","Output":"BenchmarkAlternatives/OptionModern\n"}
{"Time":"2026-10-03T22:46:50.252617-03:00","Action":"output","Package":"command-line-arguments","Test":"BenchmarkAlternatives/OptionModern","Output":"BenchmarkAlternatives/OptionModern-10         \t460803643\t         0.2499 ns/op\t       0 B/op\t       0 allocs/op\n"}
{"Time":"2026-10-03T22:46:50.252652-03:00","Action":"run","Package":"command-line-arguments","Test":"BenchmarkAlternatives/OptionTagged"}
{"Time":"2026-10-03T22:46:50.252657-03:00","Action":"output","Package":"command-line-arguments","Test":"BenchmarkAlternatives/OptionTagged","Output":"=== RUN   BenchmarkAlternatives/OptionTagged\n","OutputType":"frame"}
{"Time":"2026-10-03T22:46:50.252673-03:00","Action":"output","Package":"command-line-arguments","Test":"BenchmarkAlternatives/OptionTagged","Output":"BenchmarkAlternatives/OptionTagged\n"}
{"Time":"2026-10-03T22:46:50.405675-03:00","Action":"output","Package":"command-line-arguments","Test":"BenchmarkAlternatives/OptionTagged","Output":"BenchmarkAlternatives/OptionTagged-10         \t386477574\t         0.3121 ns/op\t       0 B/op\t       0 allocs/op\n"}
{"Time":"2026-10-03T22:46:50.405715-03:00","Action":"run","Package":"command-line-arguments","Test":"BenchmarkAlternatives/ResultModern"}
{"Time":"2026-10-03T22:46:50.40572-03:00","Action":"output","Package":"command-line-arguments","Test":"BenchmarkAlternatives/ResultModern","Output":"=== RUN   BenchmarkAlternatives/ResultModern\n","OutputType":"frame"}
{"Time":"2026-10-03T22:46:50.405725-03:00","Action":"output","Package":"command-line-arguments","Test":"BenchmarkAlternatives/ResultModern","Output":"BenchmarkAlternatives/ResultModern\n"}
{"Time":"2026-10-03T22:46:50.581853-03:00","Action":"output","Package":"command-line-arguments","Test":"BenchmarkAlternatives/ResultModern","Output":"BenchmarkAlternatives/ResultModern-10         \t220959376\t         0.5446 ns/op\t       0 B/op\t       0 allocs/op\n"}
{"Time":"2026-10-03T22:46:50.581893-03:00","Action":"run","Package":"command-line-arguments","Test":"BenchmarkAlternatives/ResultTagged"}
{"Time":"2026-10-03T22:46:50.581899-03:00","Action":"output","Package":"command-line-arguments","Test":"BenchmarkAlternatives/ResultTagged","Output":"=== RUN   BenchmarkAlternatives/ResultTagged\n","OutputType":"frame"}
{"Time":"2026-10-03T22:46:50.581904-03:00","Action":"output","Package":"command-line-arguments","Test":"BenchmarkAlternatives/ResultTagged","Output":"BenchmarkAlternatives/ResultTagged\n"}
{"Time":"2026-10-03T22:46:50.767222-03:00","Action":"output","Package":"command-line-arguments","Test":"BenchmarkAlternatives/ResultTagged","Output":"BenchmarkAlternatives/ResultTagged-10         \t187961460\t         0.6378 ns/op\t       0 B/op\t       0 allocs/op\n"}
{"Time":"2026-10-03T22:46:50.767263-03:00","Action":"run","Package":"command-line-arguments","Test":"BenchmarkAlternatives/EnumModern"}
{"Time":"2026-10-03T22:46:50.76727-03:00","Action":"output","Package":"command-line-arguments","Test":"BenchmarkAlternatives/EnumModern","Output":"=== RUN   BenchmarkAlternatives/EnumModern\n","OutputType":"frame"}
{"Time":"2026-10-03T22:46:50.767275-03:00","Action":"output","Package":"command-line-arguments","Test":"BenchmarkAlternatives/EnumModern","Output":"BenchmarkAlternatives/EnumModern\n"}
{"Time":"2026-10-03T22:46:50.938339-03:00","Action":"output","Package":"command-line-arguments","Test":"BenchmarkAlternatives/EnumModern","Output":"BenchmarkAlternatives/EnumModern-10           \t244039254\t         0.4936 ns/op\t       0 B/op\t       0 allocs/op\n"}
{"Time":"2026-10-03T22:46:50.93839-03:00","Action":"run","Package":"command-line-arguments","Test":"BenchmarkAlternatives/EnumTagged"}
{"Time":"2026-10-03T22:46:50.938397-03:00","Action":"output","Package":"command-line-arguments","Test":"BenchmarkAlternatives/EnumTagged","Output":"=== RUN   BenchmarkAlternatives/EnumTagged\n","OutputType":"frame"}
{"Time":"2026-10-03T22:46:50.938403-03:00","Action":"output","Package":"command-line-arguments","Test":"BenchmarkAlternatives/EnumTagged","Output":"BenchmarkAlternatives/EnumTagged\n"}
{"Time":"2026-10-03T22:46:51.109278-03:00","Action":"output","Package":"command-line-arguments","Test":"BenchmarkAlternatives/EnumTagged","Output":"BenchmarkAlternatives/EnumTagged-10           \t243061563\t         0.4942 ns/op\t       0 B/op\t       0 allocs/op\n"}
{"Time":"2026-10-03T22:46:51.109316-03:00","Action":"run","Package":"command-line-arguments","Test":"BenchmarkAlternatives/MatchModern"}
{"Time":"2026-10-03T22:46:51.109322-03:00","Action":"output","Package":"command-line-arguments","Test":"BenchmarkAlternatives/MatchModern","Output":"=== RUN   BenchmarkAlternatives/MatchModern\n","OutputType":"frame"}
{"Time":"2026-10-03T22:46:51.109328-03:00","Action":"output","Package":"command-line-arguments","Test":"BenchmarkAlternatives/MatchModern","Output":"BenchmarkAlternatives/MatchModern\n"}
{"Time":"2026-10-03T22:46:51.28302-03:00","Action":"output","Package":"command-line-arguments","Test":"BenchmarkAlternatives/MatchModern","Output":"BenchmarkAlternatives/MatchModern-10          \t275734767\t         0.4674 ns/op\t       0 B/op\t       0 allocs/op\n"}
{"Time":"2026-10-03T22:46:51.283062-03:00","Action":"run","Package":"command-line-arguments","Test":"BenchmarkAlternatives/MatchTagged"}
{"Time":"2026-10-03T22:46:51.283067-03:00","Action":"output","Package":"command-line-arguments","Test":"BenchmarkAlternatives/MatchTagged","Output":"=== RUN   BenchmarkAlternatives/MatchTagged\n","OutputType":"frame"}
{"Time":"2026-10-03T22:46:51.283071-03:00","Action":"output","Package":"command-line-arguments","Test":"BenchmarkAlternatives/MatchTagged","Output":"BenchmarkAlternatives/MatchTagged\n"}
{"Time":"2026-10-03T22:46:51.457457-03:00","Action":"output","Package":"command-line-arguments","Test":"BenchmarkAlternatives/MatchTagged","Output":"BenchmarkAlternatives/MatchTagged-10          \t225142998\t         0.5310 ns/op\t       0 B/op\t       0 allocs/op\n"}
{"Time":"2026-10-03T22:46:51.457504-03:00","Action":"output","Package":"command-line-arguments","Output":"PASS\n","OutputType":"frame"}
{"Time":"2026-10-03T22:46:51.457993-03:00","Action":"output","Package":"command-line-arguments","Output":"ok  \tcommand-line-arguments\t1.670s\n"}
{"Time":"2026-10-03T22:46:51.458011-03:00","Action":"pass","Package":"command-line-arguments","Elapsed":1.67}
