{"Time":"2026-10-03T22:47:17.05953-03:00","Action":"start","Package":"cmd/compile/internal/syntax"}
{"Time":"2026-10-03T22:47:17.063487-03:00","Action":"start","Package":"go/parser"}
{"Time":"2026-10-03T22:47:17.06353-03:00","Action":"start","Package":"go/printer"}
{"Time":"2026-10-03T22:47:17.06452-03:00","Action":"start","Package":"go/format"}
{"Time":"2026-10-03T22:47:17.064596-03:00","Action":"start","Package":"cmd/gofmt"}
{"Time":"2026-10-03T22:47:17.261219-03:00","Action":"output","Package":"go/format","Output":"testing: warning: no tests to run\n"}
{"Time":"2026-10-03T22:47:17.261392-03:00","Action":"output","Package":"go/format","Output":"PASS\n","OutputType":"frame"}
{"Time":"2026-10-03T22:47:17.262116-03:00","Action":"output","Package":"go/format","Output":"ok  \tgo/format\t0.198s [no tests to run]\n"}
{"Time":"2026-10-03T22:47:17.262155-03:00","Action":"pass","Package":"go/format","Elapsed":0.198}
{"Time":"2026-10-03T22:47:17.263043-03:00","Action":"run","Package":"go/parser","Test":"TestAlternativesSyntax"}
{"Time":"2026-10-03T22:47:17.263081-03:00","Action":"output","Package":"go/parser","Test":"TestAlternativesSyntax","Output":"=== RUN   TestAlternativesSyntax\n","OutputType":"frame"}
{"Time":"2026-10-03T22:47:17.26312-03:00","Action":"run","Package":"cmd/compile/internal/syntax","Test":"TestAlternativesSyntax"}
{"Time":"2026-10-03T22:47:17.263141-03:00","Action":"output","Package":"cmd/compile/internal/syntax","Test":"TestAlternativesSyntax","Output":"=== RUN   TestAlternativesSyntax\n","OutputType":"frame"}
{"Time":"2026-10-03T22:47:17.263153-03:00","Action":"run","Package":"cmd/compile/internal/syntax","Test":"TestAlternativesSyntax/variants"}
{"Time":"2026-10-03T22:47:17.263227-03:00","Action":"output","Package":"cmd/compile/internal/syntax","Test":"TestAlternativesSyntax/variants","Output":"=== RUN   TestAlternativesSyntax/variants\n","OutputType":"frame"}
{"Time":"2026-10-03T22:47:17.263377-03:00","Action":"output","Package":"go/printer","Output":"testing: warning: no tests to run\n"}
{"Time":"2026-10-03T22:47:17.263394-03:00","Action":"output","Package":"go/printer","Output":"PASS\n","OutputType":"frame"}
{"Time":"2026-10-03T22:47:17.263473-03:00","Action":"output","Package":"cmd/compile/internal/syntax","Test":"TestAlternativesSyntax/variants","Output":"--- PASS: TestAlternativesSyntax/variants (0.00s)\n","OutputType":"frame"}
{"Time":"2026-10-03T22:47:17.263511-03:00","Action":"pass","Package":"cmd/compile/internal/syntax","Test":"TestAlternativesSyntax/variants","Elapsed":0}
{"Time":"2026-10-03T22:47:17.263532-03:00","Action":"run","Package":"cmd/compile/internal/syntax","Test":"TestAlternativesSyntax/expression"}
{"Time":"2026-10-03T22:47:17.263541-03:00","Action":"output","Package":"cmd/compile/internal/syntax","Test":"TestAlternativesSyntax/expression","Output":"=== RUN   TestAlternativesSyntax/expression\n","OutputType":"frame"}
{"Time":"2026-10-03T22:47:17.263724-03:00","Action":"output","Package":"cmd/compile/internal/syntax","Test":"TestAlternativesSyntax/expression","Output":"--- PASS: TestAlternativesSyntax/expression (0.00s)\n","OutputType":"frame"}
{"Time":"2026-10-03T22:47:17.263747-03:00","Action":"pass","Package":"cmd/compile/internal/syntax","Test":"TestAlternativesSyntax/expression","Elapsed":0}
{"Time":"2026-10-03T22:47:17.263762-03:00","Action":"run","Package":"cmd/compile/internal/syntax","Test":"TestAlternativesSyntax/statement"}
{"Time":"2026-10-03T22:47:17.26377-03:00","Action":"output","Package":"cmd/compile/internal/syntax","Test":"TestAlternativesSyntax/statement","Output":"=== RUN   TestAlternativesSyntax/statement\n","OutputType":"frame"}
{"Time":"2026-10-03T22:47:17.263759-03:00","Action":"output","Package":"go/parser","Test":"TestAlternativesSyntax","Output":"--- PASS: TestAlternativesSyntax (0.00s)\n","OutputType":"frame"}
{"Time":"2026-10-03T22:47:17.263792-03:00","Action":"pass","Package":"go/parser","Test":"TestAlternativesSyntax","Elapsed":0}
{"Time":"2026-10-03T22:47:17.263797-03:00","Action":"run","Package":"go/parser","Test":"TestAlternativesNestedPatterns"}
{"Time":"2026-10-03T22:47:17.263802-03:00","Action":"output","Package":"go/parser","Test":"TestAlternativesNestedPatterns","Output":"=== RUN   TestAlternativesNestedPatterns\n","OutputType":"frame"}
{"Time":"2026-10-03T22:47:17.263821-03:00","Action":"output","Package":"go/parser","Test":"TestAlternativesNestedPatterns","Output":"--- PASS: TestAlternativesNestedPatterns (0.00s)\n","OutputType":"frame"}
{"Time":"2026-10-03T22:47:17.263826-03:00","Action":"pass","Package":"go/parser","Test":"TestAlternativesNestedPatterns","Elapsed":0}
{"Time":"2026-10-03T22:47:17.263831-03:00","Action":"run","Package":"go/parser","Test":"TestAlternativesLegacySyntax"}
{"Time":"2026-10-03T22:47:17.263835-03:00","Action":"output","Package":"go/parser","Test":"TestAlternativesLegacySyntax","Output":"=== RUN   TestAlternativesLegacySyntax\n","OutputType":"frame"}
{"Time":"2026-10-03T22:47:17.263826-03:00","Action":"output","Package":"cmd/compile/internal/syntax","Test":"TestAlternativesSyntax/statement","Output":"--- PASS: TestAlternativesSyntax/statement (0.00s)\n","OutputType":"frame"}
{"Time":"2026-10-03T22:47:17.263873-03:00","Action":"pass","Package":"cmd/compile/internal/syntax","Test":"TestAlternativesSyntax/statement","Elapsed":0}
{"Time":"2026-10-03T22:47:17.263863-03:00","Action":"output","Package":"go/parser","Test":"TestAlternativesLegacySyntax","Output":"--- PASS: TestAlternativesLegacySyntax (0.00s)\n","OutputType":"frame"}
{"Time":"2026-10-03T22:47:17.263893-03:00","Action":"pass","Package":"go/parser","Test":"TestAlternativesLegacySyntax","Elapsed":0}
{"Time":"2026-10-03T22:47:17.263885-03:00","Action":"run","Package":"cmd/compile/internal/syntax","Test":"TestAlternativesSyntax/nested"}
{"Time":"2026-10-03T22:47:17.263907-03:00","Action":"run","Package":"go/parser","Test":"TestAlternativesInvalidSyntax"}
{"Time":"2026-10-03T22:47:17.263914-03:00","Action":"output","Package":"go/parser","Test":"TestAlternativesInvalidSyntax","Output":"=== RUN   TestAlternativesInvalidSyntax\n","OutputType":"frame"}
{"Time":"2026-10-03T22:47:17.263907-03:00","Action":"output","Package":"cmd/compile/internal/syntax","Test":"TestAlternativesSyntax/nested","Output":"=== RUN   TestAlternativesSyntax/nested\n","OutputType":"frame"}
{"Time":"2026-10-03T22:47:17.263925-03:00","Action":"output","Package":"cmd/compile/internal/syntax","Test":"TestAlternativesSyntax/nested","Output":"--- PASS: TestAlternativesSyntax/nested (0.00s)\n","OutputType":"frame"}
{"Time":"2026-10-03T22:47:17.26393-03:00","Action":"pass","Package":"cmd/compile/internal/syntax","Test":"TestAlternativesSyntax/nested","Elapsed":0}
{"Time":"2026-10-03T22:47:17.263934-03:00","Action":"run","Package":"cmd/compile/internal/syntax","Test":"TestAlternativesSyntax/legacy"}
{"Time":"2026-10-03T22:47:17.263941-03:00","Action":"output","Package":"cmd/compile/internal/syntax","Test":"TestAlternativesSyntax/legacy","Output":"=== RUN   TestAlternativesSyntax/legacy\n","OutputType":"frame"}
{"Time":"2026-10-03T22:47:17.26395-03:00","Action":"output","Package":"cmd/compile/internal/syntax","Test":"TestAlternativesSyntax/legacy","Output":"--- PASS: TestAlternativesSyntax/legacy (0.00s)\n","OutputType":"frame"}
{"Time":"2026-10-03T22:47:17.263956-03:00","Action":"pass","Package":"cmd/compile/internal/syntax","Test":"TestAlternativesSyntax/legacy","Elapsed":0}
{"Time":"2026-10-03T22:47:17.263961-03:00","Action":"output","Package":"cmd/compile/internal/syntax","Test":"TestAlternativesSyntax","Output":"--- PASS: TestAlternativesSyntax (0.00s)\n","OutputType":"frame"}
{"Time":"2026-10-03T22:47:17.263942-03:00","Action":"output","Package":"cmd/gofmt","Output":"testing: warning: no tests to run\n"}
{"Time":"2026-10-03T22:47:17.263977-03:00","Action":"output","Package":"cmd/gofmt","Output":"PASS\n","OutputType":"frame"}
{"Time":"2026-10-03T22:47:17.263966-03:00","Action":"pass","Package":"cmd/compile/internal/syntax","Test":"TestAlternativesSyntax","Elapsed":0}
{"Time":"2026-10-03T22:47:17.263993-03:00","Action":"run","Package":"cmd/compile/internal/syntax","Test":"TestAlternativesSyntaxErrors"}
{"Time":"2026-10-03T22:47:17.264001-03:00","Action":"output","Package":"cmd/compile/internal/syntax","Test":"TestAlternativesSyntaxErrors","Output":"=== RUN   TestAlternativesSyntaxErrors\n","OutputType":"frame"}
{"Time":"2026-10-03T22:47:17.263934-03:00","Action":"run","Package":"go/parser","Test":"TestAlternativesInvalidSyntax/package_p;_type_E_enum;_{_default_V_}"}
{"Time":"2026-10-03T22:47:17.264021-03:00","Action":"output","Package":"go/parser","Test":"TestAlternativesInvalidSyntax/package_p;_type_E_enum;_{_default_V_}","Output":"=== RUN   TestAlternativesInvalidSyntax/package_p;_type_E_enum;_{_default_V_}\n","OutputType":"frame"}
{"Time":"2026-10-03T22:47:17.26403-03:00","Action":"output","Package":"go/parser","Test":"TestAlternativesInvalidSyntax/package_p;_type_E_enum;_{_default_V_}","Output":"--- PASS: TestAlternativesInvalidSyntax/package_p;_type_E_enum;_{_default_V_} (0.00s)\n","OutputType":"frame"}
{"Time":"2026-10-03T22:47:17.264036-03:00","Action":"pass","Package":"go/parser","Test":"TestAlternativesInvalidSyntax/package_p;_type_E_enum;_{_default_V_}","Elapsed":0}
{"Time":"2026-10-03T22:47:17.264042-03:00","Action":"run","Package":"go/parser","Test":"TestAlternativesInvalidSyntax/package_p;_type_E_=_enum_{_default_V_}"}
{"Time":"2026-10-03T22:47:17.264047-03:00","Action":"output","Package":"go/parser","Test":"TestAlternativesInvalidSyntax/package_p;_type_E_=_enum_{_default_V_}","Output":"=== RUN   TestAlternativesInvalidSyntax/package_p;_type_E_=_enum_{_default_V_}\n","OutputType":"frame"}
{"Time":"2026-10-03T22:47:17.264052-03:00","Action":"output","Package":"go/parser","Test":"TestAlternativesInvalidSyntax/package_p;_type_E_=_enum_{_default_V_}","Output":"--- PASS: TestAlternativesInvalidSyntax/package_p;_type_E_=_enum_{_default_V_} (0.00s)\n","OutputType":"frame"}
{"Time":"2026-10-03T22:47:17.264057-03:00","Action":"pass","Package":"go/parser","Test":"TestAlternativesInvalidSyntax/package_p;_type_E_=_enum_{_default_V_}","Elapsed":0}
{"Time":"2026-10-03T22:47:17.264062-03:00","Action":"run","Package":"go/parser","Test":"TestAlternativesInvalidSyntax/package_p;_type_E_enum_{_default_V(x_int)_}"}
{"Time":"2026-10-03T22:47:17.264067-03:00","Action":"output","Package":"go/parser","Test":"TestAlternativesInvalidSyntax/package_p;_type_E_enum_{_default_V(x_int)_}","Output":"=== RUN   TestAlternativesInvalidSyntax/package_p;_type_E_enum_{_default_V(x_int)_}\n","OutputType":"frame"}
{"Time":"2026-10-03T22:47:17.264072-03:00","Action":"output","Package":"go/parser","Test":"TestAlternativesInvalidSyntax/package_p;_type_E_enum_{_default_V(x_int)_}","Output":"--- PASS: TestAlternativesInvalidSyntax/package_p;_type_E_enum_{_default_V(x_int)_} (0.00s)\n","OutputType":"frame"}
{"Time":"2026-10-03T22:47:17.264083-03:00","Action":"pass","Package":"go/parser","Test":"TestAlternativesInvalidSyntax/package_p;_type_E_enum_{_default_V(x_int)_}","Elapsed":0}
{"Time":"2026-10-03T22:47:17.264103-03:00","Action":"run","Package":"go/parser","Test":"TestAlternativesInvalidSyntax/package_p;_type_E_enum_{_default_V_{_Embedded_}_}"}
{"Time":"2026-10-03T22:47:17.264108-03:00","Action":"output","Package":"go/parser","Test":"TestAlternativesInvalidSyntax/package_p;_type_E_enum_{_default_V_{_Embedded_}_}","Output":"=== RUN   TestAlternativesInvalidSyntax/package_p;_type_E_enum_{_default_V_{_Embedded_}_}\n","OutputType":"frame"}
{"Time":"2026-10-03T22:47:17.264113-03:00","Action":"output","Package":"go/parser","Test":"TestAlternativesInvalidSyntax/package_p;_type_E_enum_{_default_V_{_Embedded_}_}","Output":"--- PASS: TestAlternativesInvalidSyntax/package_p;_type_E_enum_{_default_V_{_Embedded_}_} (0.00s)\n","OutputType":"frame"}
{"Time":"2026-10-03T22:47:17.264122-03:00","Action":"pass","Package":"go/parser","Test":"TestAlternativesInvalidSyntax/package_p;_type_E_enum_{_default_V_{_Embedded_}_}","Elapsed":0}
{"Time":"2026-10-03T22:47:17.264082-03:00","Action":"output","Package":"cmd/compile/internal/syntax","Test":"TestAlternativesSyntaxErrors","Output":"--- PASS: TestAlternativesSyntaxErrors (0.00s)\n","OutputType":"frame"}
{"Time":"2026-10-03T22:47:17.264152-03:00","Action":"pass","Package":"cmd/compile/internal/syntax","Test":"TestAlternativesSyntaxErrors","Elapsed":0}
{"Time":"2026-10-03T22:47:17.264185-03:00","Action":"run","Package":"cmd/compile/internal/syntax","Test":"TestAlternativesGroupedRecord"}
{"Time":"2026-10-03T22:47:17.264196-03:00","Action":"output","Package":"cmd/compile/internal/syntax","Test":"TestAlternativesGroupedRecord","Output":"=== RUN   TestAlternativesGroupedRecord\n","OutputType":"frame"}
{"Time":"2026-10-03T22:47:17.264207-03:00","Action":"output","Package":"cmd/compile/internal/syntax","Test":"TestAlternativesGroupedRecord","Output":"--- PASS: TestAlternativesGroupedRecord (0.00s)\n","OutputType":"frame"}
{"Time":"2026-10-03T22:47:17.264156-03:00","Action":"output","Package":"go/printer","Output":"ok  \tgo/printer\t0.201s [no tests to run]\n"}
{"Time":"2026-10-03T22:47:17.264127-03:00","Action":"run","Package":"go/parser","Test":"TestAlternativesInvalidSyntax/package_p;_type_E_enum_{_default_V_{_*Embedded_}_}"}
{"Time":"2026-10-03T22:47:17.264216-03:00","Action":"pass","Package":"cmd/compile/internal/syntax","Test":"TestAlternativesGroupedRecord","Elapsed":0}
{"Time":"2026-10-03T22:47:17.264278-03:00","Action":"run","Package":"cmd/compile/internal/syntax","Test":"TestSimplifiedAlternativesSyntax"}
{"Time":"2026-10-03T22:47:17.264285-03:00","Action":"output","Package":"cmd/compile/internal/syntax","Test":"TestSimplifiedAlternativesSyntax","Output":"=== RUN   TestSimplifiedAlternativesSyntax\n","OutputType":"frame"}
{"Time":"2026-10-03T22:47:17.264292-03:00","Action":"output","Package":"cmd/compile/internal/syntax","Test":"TestSimplifiedAlternativesSyntax","Output":"--- PASS: TestSimplifiedAlternativesSyntax (0.00s)\n","OutputType":"frame"}
{"Time":"2026-10-03T22:47:17.264297-03:00","Action":"pass","Package":"cmd/compile/internal/syntax","Test":"TestSimplifiedAlternativesSyntax","Elapsed":0}
{"Time":"2026-10-03T22:47:17.264237-03:00","Action":"pass","Package":"go/printer","Elapsed":0.201}
{"Time":"2026-10-03T22:47:17.264259-03:00","Action":"output","Package":"go/parser","Test":"TestAlternativesInvalidSyntax/package_p;_type_E_enum_{_default_V_{_*Embedded_}_}","Output":"=== RUN   TestAlternativesInvalidSyntax/package_p;_type_E_enum_{_default_V_{_*Embedded_}_}\n","OutputType":"frame"}
{"Time":"2026-10-03T22:47:17.26434-03:00","Action":"output","Package":"go/parser","Test":"TestAlternativesInvalidSyntax/package_p;_type_E_enum_{_default_V_{_*Embedded_}_}","Output":"--- PASS: TestAlternativesInvalidSyntax/package_p;_type_E_enum_{_default_V_{_*Embedded_}_} (0.00s)\n","OutputType":"frame"}
{"Time":"2026-10-03T22:47:17.264363-03:00","Action":"pass","Package":"go/parser","Test":"TestAlternativesInvalidSyntax/package_p;_type_E_enum_{_default_V_{_*Embedded_}_}","Elapsed":0}
{"Time":"2026-10-03T22:47:17.264385-03:00","Action":"run","Package":"go/parser","Test":"TestAlternativesInvalidSyntax/package_p;_type_E_enum_{_default_V_{_X_int_\"tag\"_}_}"}
{"Time":"2026-10-03T22:47:17.264407-03:00","Action":"output","Package":"go/parser","Test":"TestAlternativesInvalidSyntax/package_p;_type_E_enum_{_default_V_{_X_int_\"tag\"_}_}","Output":"=== RUN   TestAlternativesInvalidSyntax/package_p;_type_E_enum_{_default_V_{_X_int_\"tag\"_}_}\n","OutputType":"frame"}
{"Time":"2026-10-03T22:47:17.264418-03:00","Action":"output","Package":"go/parser","Test":"TestAlternativesInvalidSyntax/package_p;_type_E_enum_{_default_V_{_X_int_\"tag\"_}_}","Output":"--- PASS: TestAlternativesInvalidSyntax/package_p;_type_E_enum_{_default_V_{_X_int_\"tag\"_}_} (0.00s)\n","OutputType":"frame"}
{"Time":"2026-10-03T22:47:17.264442-03:00","Action":"pass","Package":"go/parser","Test":"TestAlternativesInvalidSyntax/package_p;_type_E_enum_{_default_V_{_X_int_\"tag\"_}_}","Elapsed":0}
{"Time":"2026-10-03T22:47:17.264454-03:00","Action":"run","Package":"go/parser","Test":"TestAlternativesInvalidSyntax/package_p;_var_x_=_switch_y_{_case_E.V_=\u003e_1;_default:_2_}"}
{"Time":"2026-10-03T22:47:17.26446-03:00","Action":"output","Package":"go/parser","Test":"TestAlternativesInvalidSyntax/package_p;_var_x_=_switch_y_{_case_E.V_=\u003e_1;_default:_2_}","Output":"=== RUN   TestAlternativesInvalidSyntax/package_p;_var_x_=_switch_y_{_case_E.V_=\u003e_1;_default:_2_}\n","OutputType":"frame"}
{"Time":"2026-10-03T22:47:17.26448-03:00","Action":"output","Package":"go/parser","Test":"TestAlternativesInvalidSyntax/package_p;_var_x_=_switch_y_{_case_E.V_=\u003e_1;_default:_2_}","Output":"--- PASS: TestAlternativesInvalidSyntax/package_p;_var_x_=_switch_y_{_case_E.V_=\u003e_1;_default:_2_} (0.00s)\n","OutputType":"frame"}
{"Time":"2026-10-03T22:47:17.264487-03:00","Action":"pass","Package":"go/parser","Test":"TestAlternativesInvalidSyntax/package_p;_var_x_=_switch_y_{_case_E.V_=\u003e_1;_default:_2_}","Elapsed":0}
{"Time":"2026-10-03T22:47:17.264495-03:00","Action":"run","Package":"go/parser","Test":"TestAlternativesInvalidSyntax/package_p;_func_f()_{_switch_y_{_case_E.V_=\u003e_1_}_}"}
{"Time":"2026-10-03T22:47:17.2645-03:00","Action":"output","Package":"go/parser","Test":"TestAlternativesInvalidSyntax/package_p;_func_f()_{_switch_y_{_case_E.V_=\u003e_1_}_}","Output":"=== RUN   TestAlternativesInvalidSyntax/package_p;_func_f()_{_switch_y_{_case_E.V_=\u003e_1_}_}\n","OutputType":"frame"}
{"Time":"2026-10-03T22:47:17.264465-03:00","Action":"output","Package":"cmd/compile/internal/syntax","Output":"PASS\n","OutputType":"frame"}
{"Time":"2026-10-03T22:47:17.264506-03:00","Action":"output","Package":"go/parser","Test":"TestAlternativesInvalidSyntax/package_p;_func_f()_{_switch_y_{_case_E.V_=\u003e_1_}_}","Output":"--- PASS: TestAlternativesInvalidSyntax/package_p;_func_f()_{_switch_y_{_case_E.V_=\u003e_1_}_} (0.00s)\n","OutputType":"frame"}
{"Time":"2026-10-03T22:47:17.264542-03:00","Action":"pass","Package":"go/parser","Test":"TestAlternativesInvalidSyntax/package_p;_func_f()_{_switch_y_{_case_E.V_=\u003e_1_}_}","Elapsed":0}
{"Time":"2026-10-03T22:47:17.264554-03:00","Action":"run","Package":"go/parser","Test":"TestAlternativesInvalidSyntax/package_p;_var_x_=_switch_y_{_case_E.V{X:_x,_...,_Y:_y}_=\u003e_x_}"}
{"Time":"2026-10-03T22:47:17.264559-03:00","Action":"output","Package":"go/parser","Test":"TestAlternativesInvalidSyntax/package_p;_var_x_=_switch_y_{_case_E.V{X:_x,_...,_Y:_y}_=\u003e_x_}","Output":"=== RUN   TestAlternativesInvalidSyntax/package_p;_var_x_=_switch_y_{_case_E.V{X:_x,_...,_Y:_y}_=\u003e_x_}\n","OutputType":"frame"}
{"Time":"2026-10-03T22:47:17.264571-03:00","Action":"output","Package":"go/parser","Test":"TestAlternativesInvalidSyntax/package_p;_var_x_=_switch_y_{_case_E.V{X:_x,_...,_Y:_y}_=\u003e_x_}","Output":"--- PASS: TestAlternativesInvalidSyntax/package_p;_var_x_=_switch_y_{_case_E.V{X:_x,_...,_Y:_y}_=\u003e_x_} (0.00s)\n","OutputType":"frame"}
{"Time":"2026-10-03T22:47:17.264576-03:00","Action":"pass","Package":"go/parser","Test":"TestAlternativesInvalidSyntax/package_p;_var_x_=_switch_y_{_case_E.V{X:_x,_...,_Y:_y}_=\u003e_x_}","Elapsed":0}
{"Time":"2026-10-03T22:47:17.264584-03:00","Action":"run","Package":"go/parser","Test":"TestAlternativesInvalidSyntax/package_p;_var_x_=_switch_y_{_case_E.V{X}_=\u003e_1_}"}
{"Time":"2026-10-03T22:47:17.264588-03:00","Action":"output","Package":"go/parser","Test":"TestAlternativesInvalidSyntax/package_p;_var_x_=_switch_y_{_case_E.V{X}_=\u003e_1_}","Output":"=== RUN   TestAlternativesInvalidSyntax/package_p;_var_x_=_switch_y_{_case_E.V{X}_=\u003e_1_}\n","OutputType":"frame"}
{"Time":"2026-10-03T22:47:17.264755-03:00","Action":"output","Package":"go/parser","Test":"TestAlternativesInvalidSyntax/package_p;_var_x_=_switch_y_{_case_E.V{X}_=\u003e_1_}","Output":"--- PASS: TestAlternativesInvalidSyntax/package_p;_var_x_=_switch_y_{_case_E.V{X}_=\u003e_1_} (0.00s)\n","OutputType":"frame"}
{"Time":"2026-10-03T22:47:17.264764-03:00","Action":"pass","Package":"go/parser","Test":"TestAlternativesInvalidSyntax/package_p;_var_x_=_switch_y_{_case_E.V{X}_=\u003e_1_}","Elapsed":0}
{"Time":"2026-10-03T22:47:17.264769-03:00","Action":"run","Package":"go/parser","Test":"TestAlternativesInvalidSyntax/package_p;_var_x_=_switch_y_{_case_f()+g()_=\u003e_1_}"}
{"Time":"2026-10-03T22:47:17.264773-03:00","Action":"output","Package":"go/parser","Test":"TestAlternativesInvalidSyntax/package_p;_var_x_=_switch_y_{_case_f()+g()_=\u003e_1_}","Output":"=== RUN   TestAlternativesInvalidSyntax/package_p;_var_x_=_switch_y_{_case_f()+g()_=\u003e_1_}\n","OutputType":"frame"}
{"Time":"2026-10-03T22:47:17.264783-03:00","Action":"output","Package":"go/parser","Test":"TestAlternativesInvalidSyntax/package_p;_var_x_=_switch_y_{_case_f()+g()_=\u003e_1_}","Output":"--- PASS: TestAlternativesInvalidSyntax/package_p;_var_x_=_switch_y_{_case_f()+g()_=\u003e_1_} (0.00s)\n","OutputType":"frame"}
{"Time":"2026-10-03T22:47:17.264788-03:00","Action":"pass","Package":"go/parser","Test":"TestAlternativesInvalidSyntax/package_p;_var_x_=_switch_y_{_case_f()+g()_=\u003e_1_}","Elapsed":0}
{"Time":"2026-10-03T22:47:17.264793-03:00","Action":"run","Package":"go/parser","Test":"TestAlternativesInvalidSyntax/package_p;_var_x_=_switch_init();_y_{_default_=\u003e_1_}"}
{"Time":"2026-10-03T22:47:17.264798-03:00","Action":"output","Package":"go/parser","Test":"TestAlternativesInvalidSyntax/package_p;_var_x_=_switch_init();_y_{_default_=\u003e_1_}","Output":"=== RUN   TestAlternativesInvalidSyntax/package_p;_var_x_=_switch_init();_y_{_default_=\u003e_1_}\n","OutputType":"frame"}
{"Time":"2026-10-03T22:47:17.264807-03:00","Action":"output","Package":"go/parser","Test":"TestAlternativesInvalidSyntax/package_p;_var_x_=_switch_init();_y_{_default_=\u003e_1_}","Output":"--- PASS: TestAlternativesInvalidSyntax/package_p;_var_x_=_switch_init();_y_{_default_=\u003e_1_} (0.00s)\n","OutputType":"frame"}
{"Time":"2026-10-03T22:47:17.264818-03:00","Action":"pass","Package":"go/parser","Test":"TestAlternativesInvalidSyntax/package_p;_var_x_=_switch_init();_y_{_default_=\u003e_1_}","Elapsed":0}
{"Time":"2026-10-03T22:47:17.264825-03:00","Action":"output","Package":"go/parser","Test":"TestAlternativesInvalidSyntax","Output":"--- PASS: TestAlternativesInvalidSyntax (0.00s)\n","OutputType":"frame"}
{"Time":"2026-10-03T22:47:17.26483-03:00","Action":"pass","Package":"go/parser","Test":"TestAlternativesInvalidSyntax","Elapsed":0}
{"Time":"2026-10-03T22:47:17.264837-03:00","Action":"run","Package":"go/parser","Test":"TestAlternativesGroupedRecord"}
{"Time":"2026-10-03T22:47:17.264842-03:00","Action":"output","Package":"go/parser","Test":"TestAlternativesGroupedRecord","Output":"=== RUN   TestAlternativesGroupedRecord\n","OutputType":"frame"}
{"Time":"2026-10-03T22:47:17.264846-03:00","Action":"output","Package":"go/parser","Test":"TestAlternativesGroupedRecord","Output":"--- PASS: TestAlternativesGroupedRecord (0.00s)\n","OutputType":"frame"}
{"Time":"2026-10-03T22:47:17.264853-03:00","Action":"pass","Package":"go/parser","Test":"TestAlternativesGroupedRecord","Elapsed":0}
{"Time":"2026-10-03T22:47:17.264862-03:00","Action":"run","Package":"go/parser","Test":"TestSimplifiedAlternativesSyntax"}
{"Time":"2026-10-03T22:47:17.264866-03:00","Action":"output","Package":"go/parser","Test":"TestSimplifiedAlternativesSyntax","Output":"=== RUN   TestSimplifiedAlternativesSyntax\n","OutputType":"frame"}
{"Time":"2026-10-03T22:47:17.264871-03:00","Action":"output","Package":"go/parser","Test":"TestSimplifiedAlternativesSyntax","Output":"--- PASS: TestSimplifiedAlternativesSyntax (0.00s)\n","OutputType":"frame"}
{"Time":"2026-10-03T22:47:17.264884-03:00","Action":"pass","Package":"go/parser","Test":"TestSimplifiedAlternativesSyntax","Elapsed":0}
{"Time":"2026-10-03T22:47:17.265444-03:00","Action":"run","Package":"go/parser","Test":"TestSimplifiedAlternativesSyntaxErrors"}
{"Time":"2026-10-03T22:47:17.265477-03:00","Action":"output","Package":"go/parser","Test":"TestSimplifiedAlternativesSyntaxErrors","Output":"=== RUN   TestSimplifiedAlternativesSyntaxErrors\n","OutputType":"frame"}
{"Time":"2026-10-03T22:47:17.265502-03:00","Action":"output","Package":"go/parser","Test":"TestSimplifiedAlternativesSyntaxErrors","Output":"--- PASS: TestSimplifiedAlternativesSyntaxErrors (0.00s)\n","OutputType":"frame"}
{"Time":"2026-10-03T22:47:17.265514-03:00","Action":"pass","Package":"go/parser","Test":"TestSimplifiedAlternativesSyntaxErrors","Elapsed":0}
{"Time":"2026-10-03T22:47:17.265558-03:00","Action":"run","Package":"go/parser","Test":"TestSimplifiedAlternativesMultiline"}
{"Time":"2026-10-03T22:47:17.26557-03:00","Action":"output","Package":"go/parser","Test":"TestSimplifiedAlternativesMultiline","Output":"=== RUN   TestSimplifiedAlternativesMultiline\n","OutputType":"frame"}
{"Time":"2026-10-03T22:47:17.26558-03:00","Action":"output","Package":"go/parser","Test":"TestSimplifiedAlternativesMultiline","Output":"--- PASS: TestSimplifiedAlternativesMultiline (0.00s)\n","OutputType":"frame"}
{"Time":"2026-10-03T22:47:17.265072-03:00","Action":"output","Package":"cmd/gofmt","Output":"ok  \tcmd/gofmt\t0.200s [no tests to run]\n"}
{"Time":"2026-10-03T22:47:17.265604-03:00","Action":"pass","Package":"cmd/gofmt","Elapsed":0.201}
{"Time":"2026-10-03T22:47:17.265122-03:00","Action":"output","Package":"cmd/compile/internal/syntax","Output":"ok  \tcmd/compile/internal/syntax\t0.205s\n"}
{"Time":"2026-10-03T22:47:17.265632-03:00","Action":"pass","Package":"cmd/compile/internal/syntax","Elapsed":0.206}
{"Time":"2026-10-03T22:47:17.265589-03:00","Action":"pass","Package":"go/parser","Test":"TestSimplifiedAlternativesMultiline","Elapsed":0}
{"Time":"2026-10-03T22:47:17.265657-03:00","Action":"output","Package":"go/parser","Output":"PASS\n","OutputType":"frame"}
{"Time":"2026-10-03T22:47:17.265713-03:00","Action":"output","Package":"go/parser","Output":"ok  \tgo/parser\t0.202s\n"}
{"Time":"2026-10-03T22:47:17.265727-03:00","Action":"pass","Package":"go/parser","Elapsed":0.202}
