{"Time":"2026-10-03T22:47:17.517717-03:00","Action":"start","Package":"cmd/compile/internal/types2"}
{"Time":"2026-10-03T22:47:17.519217-03:00","Action":"start","Package":"go/types"}
{"Time":"2026-10-03T22:47:17.748481-03:00","Action":"run","Package":"cmd/compile/internal/types2","Test":"TestOptionContextTypes"}
{"Time":"2026-10-03T22:47:17.748673-03:00","Action":"output","Package":"cmd/compile/internal/types2","Test":"TestOptionContextTypes","Output":"=== RUN   TestOptionContextTypes\n","OutputType":"frame"}
{"Time":"2026-10-03T22:47:17.749319-03:00","Action":"run","Package":"go/types","Test":"TestGenerate"}
{"Time":"2026-10-03T22:47:17.749398-03:00","Action":"output","Package":"go/types","Test":"TestGenerate","Output":"=== RUN   TestGenerate\n","OutputType":"frame"}
{"Time":"2026-10-03T22:47:17.750793-03:00","Action":"output","Package":"cmd/compile/internal/types2","Test":"TestOptionContextTypes","Output":"--- PASS: TestOptionContextTypes (0.00s)\n","OutputType":"frame"}
{"Time":"2026-10-03T22:47:17.750883-03:00","Action":"pass","Package":"cmd/compile/internal/types2","Test":"TestOptionContextTypes","Elapsed":0}
{"Time":"2026-10-03T22:47:17.750908-03:00","Action":"run","Package":"cmd/compile/internal/types2","Test":"TestOptionContextInvalid"}
{"Time":"2026-10-03T22:47:17.750918-03:00","Action":"output","Package":"cmd/compile/internal/types2","Test":"TestOptionContextInvalid","Output":"=== RUN   TestOptionContextInvalid\n","OutputType":"frame"}
{"Time":"2026-10-03T22:47:17.75093-03:00","Action":"run","Package":"cmd/compile/internal/types2","Test":"TestOptionContextInvalid/var___=_.Ok(1)"}
{"Time":"2026-10-03T22:47:17.750944-03:00","Action":"output","Package":"cmd/compile/internal/types2","Test":"TestOptionContextInvalid/var___=_.Ok(1)","Output":"=== RUN   TestOptionContextInvalid/var___=_.Ok(1)\n","OutputType":"frame"}
{"Time":"2026-10-03T22:47:17.750997-03:00","Action":"output","Package":"cmd/compile/internal/types2","Test":"TestOptionContextInvalid/var___=_.Ok(1)","Output":"--- PASS: TestOptionContextInvalid/var___=_.Ok(1) (0.00s)\n","OutputType":"frame"}
{"Time":"2026-10-03T22:47:17.75101-03:00","Action":"pass","Package":"cmd/compile/internal/types2","Test":"TestOptionContextInvalid/var___=_.Ok(1)","Elapsed":0}
{"Time":"2026-10-03T22:47:17.751032-03:00","Action":"run","Package":"cmd/compile/internal/types2","Test":"TestOptionContextInvalid/var___=_.None"}
{"Time":"2026-10-03T22:47:17.751043-03:00","Action":"output","Package":"cmd/compile/internal/types2","Test":"TestOptionContextInvalid/var___=_.None","Output":"=== RUN   TestOptionContextInvalid/var___=_.None\n","OutputType":"frame"}
{"Time":"2026-10-03T22:47:17.751054-03:00","Action":"output","Package":"cmd/compile/internal/types2","Test":"TestOptionContextInvalid/var___=_.None","Output":"--- PASS: TestOptionContextInvalid/var___=_.None (0.00s)\n","OutputType":"frame"}
{"Time":"2026-10-03T22:47:17.751071-03:00","Action":"pass","Package":"cmd/compile/internal/types2","Test":"TestOptionContextInvalid/var___=_.None","Elapsed":0}
{"Time":"2026-10-03T22:47:17.751081-03:00","Action":"run","Package":"cmd/compile/internal/types2","Test":"TestOptionContextInvalid/var___int_=_.Some(1)"}
{"Time":"2026-10-03T22:47:17.751089-03:00","Action":"output","Package":"cmd/compile/internal/types2","Test":"TestOptionContextInvalid/var___int_=_.Some(1)","Output":"=== RUN   TestOptionContextInvalid/var___int_=_.Some(1)\n","OutputType":"frame"}
{"Time":"2026-10-03T22:47:17.751099-03:00","Action":"output","Package":"cmd/compile/internal/types2","Test":"TestOptionContextInvalid/var___int_=_.Some(1)","Output":"--- PASS: TestOptionContextInvalid/var___int_=_.Some(1) (0.00s)\n","OutputType":"frame"}
{"Time":"2026-10-03T22:47:17.751108-03:00","Action":"pass","Package":"cmd/compile/internal/types2","Test":"TestOptionContextInvalid/var___int_=_.Some(1)","Elapsed":0}
{"Time":"2026-10-03T22:47:17.751119-03:00","Action":"run","Package":"cmd/compile/internal/types2","Test":"TestOptionContextInvalid/type_Other_enum_{_default_Ok(int)_};_var___Other_=_.Ok(1)"}
{"Time":"2026-10-03T22:47:17.751135-03:00","Action":"output","Package":"cmd/compile/internal/types2","Test":"TestOptionContextInvalid/type_Other_enum_{_default_Ok(int)_};_var___Other_=_.Ok(1)","Output":"=== RUN   TestOptionContextInvalid/type_Other_enum_{_default_Ok(int)_};_var___Other_=_.Ok(1)\n","OutputType":"frame"}
{"Time":"2026-10-03T22:47:17.751178-03:00","Action":"output","Package":"cmd/compile/internal/types2","Test":"TestOptionContextInvalid/type_Other_enum_{_default_Ok(int)_};_var___Other_=_.Ok(1)","Output":"--- PASS: TestOptionContextInvalid/type_Other_enum_{_default_Ok(int)_};_var___Other_=_.Ok(1) (0.00s)\n","OutputType":"frame"}
{"Time":"2026-10-03T22:47:17.75119-03:00","Action":"pass","Package":"cmd/compile/internal/types2","Test":"TestOptionContextInvalid/type_Other_enum_{_default_Ok(int)_};_var___Other_=_.Ok(1)","Elapsed":0}
{"Time":"2026-10-03T22:47:17.751199-03:00","Action":"run","Package":"cmd/compile/internal/types2","Test":"TestOptionContextInvalid/type_Option[T_any]_struct{};_var___Option[int]_=_.Some(1)"}
{"Time":"2026-10-03T22:47:17.751226-03:00","Action":"output","Package":"cmd/compile/internal/types2","Test":"TestOptionContextInvalid/type_Option[T_any]_struct{};_var___Option[int]_=_.Some(1)","Output":"=== RUN   TestOptionContextInvalid/type_Option[T_any]_struct{};_var___Option[int]_=_.Some(1)\n","OutputType":"frame"}
{"Time":"2026-10-03T22:47:17.751239-03:00","Action":"output","Package":"cmd/compile/internal/types2","Test":"TestOptionContextInvalid/type_Option[T_any]_struct{};_var___Option[int]_=_.Some(1)","Output":"--- PASS: TestOptionContextInvalid/type_Option[T_any]_struct{};_var___Option[int]_=_.Some(1) (0.00s)\n","OutputType":"frame"}
{"Time":"2026-10-03T22:47:17.751247-03:00","Action":"pass","Package":"cmd/compile/internal/types2","Test":"TestOptionContextInvalid/type_Option[T_any]_struct{};_var___Option[int]_=_.Some(1)","Elapsed":0}
{"Time":"2026-10-03T22:47:17.75126-03:00","Action":"run","Package":"cmd/compile/internal/types2","Test":"TestOptionContextInvalid/var___int?_=_.Ok(1)"}
{"Time":"2026-10-03T22:47:17.751267-03:00","Action":"output","Package":"cmd/compile/internal/types2","Test":"TestOptionContextInvalid/var___int?_=_.Ok(1)","Output":"=== RUN   TestOptionContextInvalid/var___int?_=_.Ok(1)\n","OutputType":"frame"}
{"Time":"2026-10-03T22:47:17.751277-03:00","Action":"output","Package":"cmd/compile/internal/types2","Test":"TestOptionContextInvalid/var___int?_=_.Ok(1)","Output":"--- PASS: TestOptionContextInvalid/var___int?_=_.Ok(1) (0.00s)\n","OutputType":"frame"}
{"Time":"2026-10-03T22:47:17.751285-03:00","Action":"pass","Package":"cmd/compile/internal/types2","Test":"TestOptionContextInvalid/var___int?_=_.Ok(1)","Elapsed":0}
{"Time":"2026-10-03T22:47:17.751307-03:00","Action":"run","Package":"cmd/compile/internal/types2","Test":"TestOptionContextInvalid/var___Result[int,error]_=_.None"}
{"Time":"2026-10-03T22:47:17.751316-03:00","Action":"output","Package":"cmd/compile/internal/types2","Test":"TestOptionContextInvalid/var___Result[int,error]_=_.None","Output":"=== RUN   TestOptionContextInvalid/var___Result[int,error]_=_.None\n","OutputType":"frame"}
{"Time":"2026-10-03T22:47:17.751363-03:00","Action":"output","Package":"cmd/compile/internal/types2","Test":"TestOptionContextInvalid/var___Result[int,error]_=_.None","Output":"--- PASS: TestOptionContextInvalid/var___Result[int,error]_=_.None (0.00s)\n","OutputType":"frame"}
{"Time":"2026-10-03T22:47:17.751375-03:00","Action":"pass","Package":"cmd/compile/internal/types2","Test":"TestOptionContextInvalid/var___Result[int,error]_=_.None","Elapsed":0}
{"Time":"2026-10-03T22:47:17.751384-03:00","Action":"run","Package":"cmd/compile/internal/types2","Test":"TestOptionContextInvalid/var___int?_=_.Some(nil)"}
{"Time":"2026-10-03T22:47:17.751392-03:00","Action":"output","Package":"cmd/compile/internal/types2","Test":"TestOptionContextInvalid/var___int?_=_.Some(nil)","Output":"=== RUN   TestOptionContextInvalid/var___int?_=_.Some(nil)\n","OutputType":"frame"}
{"Time":"2026-10-03T22:47:17.751402-03:00","Action":"output","Package":"cmd/compile/internal/types2","Test":"TestOptionContextInvalid/var___int?_=_.Some(nil)","Output":"--- PASS: TestOptionContextInvalid/var___int?_=_.Some(nil) (0.00s)\n","OutputType":"frame"}
{"Time":"2026-10-03T22:47:17.751419-03:00","Action":"pass","Package":"cmd/compile/internal/types2","Test":"TestOptionContextInvalid/var___int?_=_.Some(nil)","Elapsed":0}
{"Time":"2026-10-03T22:47:17.751427-03:00","Action":"run","Package":"cmd/compile/internal/types2","Test":"TestOptionContextInvalid/var___int?_=_.Some"}
{"Time":"2026-10-03T22:47:17.751434-03:00","Action":"output","Package":"cmd/compile/internal/types2","Test":"TestOptionContextInvalid/var___int?_=_.Some","Output":"=== RUN   TestOptionContextInvalid/var___int?_=_.Some\n","OutputType":"frame"}
{"Time":"2026-10-03T22:47:17.751444-03:00","Action":"output","Package":"cmd/compile/internal/types2","Test":"TestOptionContextInvalid/var___int?_=_.Some","Output":"--- PASS: TestOptionContextInvalid/var___int?_=_.Some (0.00s)\n","OutputType":"frame"}
{"Time":"2026-10-03T22:47:17.751451-03:00","Action":"pass","Package":"cmd/compile/internal/types2","Test":"TestOptionContextInvalid/var___int?_=_.Some","Elapsed":0}
{"Time":"2026-10-03T22:47:17.751466-03:00","Action":"run","Package":"cmd/compile/internal/types2","Test":"TestOptionContextInvalid/var___int?_=_.Some(1,_2)"}
{"Time":"2026-10-03T22:47:17.751474-03:00","Action":"output","Package":"cmd/compile/internal/types2","Test":"TestOptionContextInvalid/var___int?_=_.Some(1,_2)","Output":"=== RUN   TestOptionContextInvalid/var___int?_=_.Some(1,_2)\n","OutputType":"frame"}
{"Time":"2026-10-03T22:47:17.751488-03:00","Action":"output","Package":"cmd/compile/internal/types2","Test":"TestOptionContextInvalid/var___int?_=_.Some(1,_2)","Output":"--- PASS: TestOptionContextInvalid/var___int?_=_.Some(1,_2) (0.00s)\n","OutputType":"frame"}
{"Time":"2026-10-03T22:47:17.751496-03:00","Action":"pass","Package":"cmd/compile/internal/types2","Test":"TestOptionContextInvalid/var___int?_=_.Some(1,_2)","Elapsed":0}
{"Time":"2026-10-03T22:47:17.751504-03:00","Action":"run","Package":"cmd/compile/internal/types2","Test":"TestOptionContextInvalid/var___int?_=_.None()"}
{"Time":"2026-10-03T22:47:17.751511-03:00","Action":"output","Package":"cmd/compile/internal/types2","Test":"TestOptionContextInvalid/var___int?_=_.None()","Output":"=== RUN   TestOptionContextInvalid/var___int?_=_.None()\n","OutputType":"frame"}
{"Time":"2026-10-03T22:47:17.751521-03:00","Action":"output","Package":"cmd/compile/internal/types2","Test":"TestOptionContextInvalid/var___int?_=_.None()","Output":"--- PASS: TestOptionContextInvalid/var___int?_=_.None() (0.00s)\n","OutputType":"frame"}
{"Time":"2026-10-03T22:47:17.751528-03:00","Action":"pass","Package":"cmd/compile/internal/types2","Test":"TestOptionContextInvalid/var___int?_=_.None()","Elapsed":0}
{"Time":"2026-10-03T22:47:17.751536-03:00","Action":"run","Package":"cmd/compile/internal/types2","Test":"TestOptionContextInvalid/var___int?_=_\"wrong\""}
{"Time":"2026-10-03T22:47:17.751542-03:00","Action":"output","Package":"cmd/compile/internal/types2","Test":"TestOptionContextInvalid/var___int?_=_\"wrong\"","Output":"=== RUN   TestOptionContextInvalid/var___int?_=_\"wrong\"\n","OutputType":"frame"}
{"Time":"2026-10-03T22:47:17.751574-03:00","Action":"output","Package":"cmd/compile/internal/types2","Test":"TestOptionContextInvalid/var___int?_=_\"wrong\"","Output":"--- PASS: TestOptionContextInvalid/var___int?_=_\"wrong\" (0.00s)\n","OutputType":"frame"}
{"Time":"2026-10-03T22:47:17.751608-03:00","Action":"pass","Package":"cmd/compile/internal/types2","Test":"TestOptionContextInvalid/var___int?_=_\"wrong\"","Elapsed":0}
{"Time":"2026-10-03T22:47:17.751616-03:00","Action":"run","Package":"cmd/compile/internal/types2","Test":"TestOptionContextInvalid/var___(int?)?_=_1"}
{"Time":"2026-10-03T22:47:17.751622-03:00","Action":"output","Package":"cmd/compile/internal/types2","Test":"TestOptionContextInvalid/var___(int?)?_=_1","Output":"=== RUN   TestOptionContextInvalid/var___(int?)?_=_1\n","OutputType":"frame"}
{"Time":"2026-10-03T22:47:17.751667-03:00","Action":"output","Package":"cmd/compile/internal/types2","Test":"TestOptionContextInvalid/var___(int?)?_=_1","Output":"--- PASS: TestOptionContextInvalid/var___(int?)?_=_1 (0.00s)\n","OutputType":"frame"}
{"Time":"2026-10-03T22:47:17.751727-03:00","Action":"pass","Package":"cmd/compile/internal/types2","Test":"TestOptionContextInvalid/var___(int?)?_=_1","Elapsed":0}
{"Time":"2026-10-03T22:47:17.75177-03:00","Action":"run","Package":"cmd/compile/internal/types2","Test":"TestOptionContextInvalid/func_f[T_any](x_T?)_{}_;_func_g()_{_f(.Some(1))_}"}
{"Time":"2026-10-03T22:47:17.751781-03:00","Action":"output","Package":"cmd/compile/internal/types2","Test":"TestOptionContextInvalid/func_f[T_any](x_T?)_{}_;_func_g()_{_f(.Some(1))_}","Output":"=== RUN   TestOptionContextInvalid/func_f[T_any](x_T?)_{}_;_func_g()_{_f(.Some(1))_}\n","OutputType":"frame"}
{"Time":"2026-10-03T22:47:17.751922-03:00","Action":"output","Package":"cmd/compile/internal/types2","Test":"TestOptionContextInvalid/func_f[T_any](x_T?)_{}_;_func_g()_{_f(.Some(1))_}","Output":"--- PASS: TestOptionContextInvalid/func_f[T_any](x_T?)_{}_;_func_g()_{_f(.Some(1))_} (0.00s)\n","OutputType":"frame"}
{"Time":"2026-10-03T22:47:17.751941-03:00","Action":"pass","Package":"cmd/compile/internal/types2","Test":"TestOptionContextInvalid/func_f[T_any](x_T?)_{}_;_func_g()_{_f(.Some(1))_}","Elapsed":0}
{"Time":"2026-10-03T22:47:17.751954-03:00","Action":"run","Package":"cmd/compile/internal/types2","Test":"TestOptionContextInvalid/func_f[T_any](x_T?)_{}_;_func_g()_{_f(1)_}"}
{"Time":"2026-10-03T22:47:17.751962-03:00","Action":"output","Package":"cmd/compile/internal/types2","Test":"TestOptionContextInvalid/func_f[T_any](x_T?)_{}_;_func_g()_{_f(1)_}","Output":"=== RUN   TestOptionContextInvalid/func_f[T_any](x_T?)_{}_;_func_g()_{_f(1)_}\n","OutputType":"frame"}
{"Time":"2026-10-03T22:47:17.752023-03:00","Action":"output","Package":"cmd/compile/internal/types2","Test":"TestOptionContextInvalid/func_f[T_any](x_T?)_{}_;_func_g()_{_f(1)_}","Output":"--- PASS: TestOptionContextInvalid/func_f[T_any](x_T?)_{}_;_func_g()_{_f(1)_} (0.00s)\n","OutputType":"frame"}
{"Time":"2026-10-03T22:47:17.752037-03:00","Action":"pass","Package":"cmd/compile/internal/types2","Test":"TestOptionContextInvalid/func_f[T_any](x_T?)_{}_;_func_g()_{_f(1)_}","Elapsed":0}
{"Time":"2026-10-03T22:47:17.752047-03:00","Action":"run","Package":"cmd/compile/internal/types2","Test":"TestOptionContextInvalid/func_f[T,E_any](x_T,_r_Result[T,E])_{}_;_func_g()_{_f(1,_.Ok(2))_}"}
{"Time":"2026-10-03T22:47:17.752055-03:00","Action":"output","Package":"cmd/compile/internal/types2","Test":"TestOptionContextInvalid/func_f[T,E_any](x_T,_r_Result[T,E])_{}_;_func_g()_{_f(1,_.Ok(2))_}","Output":"=== RUN   TestOptionContextInvalid/func_f[T,E_any](x_T,_r_Result[T,E])_{}_;_func_g()_{_f(1,_.Ok(2))_}\n","OutputType":"frame"}
{"Time":"2026-10-03T22:47:17.752137-03:00","Action":"output","Package":"cmd/compile/internal/types2","Test":"TestOptionContextInvalid/func_f[T,E_any](x_T,_r_Result[T,E])_{}_;_func_g()_{_f(1,_.Ok(2))_}","Output":"--- PASS: TestOptionContextInvalid/func_f[T,E_any](x_T,_r_Result[T,E])_{}_;_func_g()_{_f(1,_.Ok(2))_} (0.00s)\n","OutputType":"frame"}
{"Time":"2026-10-03T22:47:17.752149-03:00","Action":"pass","Package":"cmd/compile/internal/types2","Test":"TestOptionContextInvalid/func_f[T,E_any](x_T,_r_Result[T,E])_{}_;_func_g()_{_f(1,_.Ok(2))_}","Elapsed":0}
{"Time":"2026-10-03T22:47:17.752165-03:00","Action":"run","Package":"cmd/compile/internal/types2","Test":"TestOptionContextInvalid/func_pair()(int,int)_{_return_1,2_};_func_f(a_int?,_b_int)_{};_func_g(){f(pair())}"}
{"Time":"2026-10-03T22:47:17.752172-03:00","Action":"output","Package":"cmd/compile/internal/types2","Test":"TestOptionContextInvalid/func_pair()(int,int)_{_return_1,2_};_func_f(a_int?,_b_int)_{};_func_g(){f(pair())}","Output":"=== RUN   TestOptionContextInvalid/func_pair()(int,int)_{_return_1,2_};_func_f(a_int?,_b_int)_{};_func_g(){f(pair())}\n","OutputType":"frame"}
{"Time":"2026-10-03T22:47:17.752259-03:00","Action":"output","Package":"cmd/compile/internal/types2","Test":"TestOptionContextInvalid/func_pair()(int,int)_{_return_1,2_};_func_f(a_int?,_b_int)_{};_func_g(){f(pair())}","Output":"--- PASS: TestOptionContextInvalid/func_pair()(int,int)_{_return_1,2_};_func_f(a_int?,_b_int)_{};_func_g(){f(pair())} (0.00s)\n","OutputType":"frame"}
{"Time":"2026-10-03T22:47:17.752285-03:00","Action":"pass","Package":"cmd/compile/internal/types2","Test":"TestOptionContextInvalid/func_pair()(int,int)_{_return_1,2_};_func_f(a_int?,_b_int)_{};_func_g(){f(pair())}","Elapsed":0}
{"Time":"2026-10-03T22:47:17.752295-03:00","Action":"run","Package":"cmd/compile/internal/types2","Test":"TestOptionContextInvalid/func_pair()(int,int)_{_return_1,2_};_var_a_int?;_var_b_int;_func_g(){_a,b_=_pair()_}"}
{"Time":"2026-10-03T22:47:17.752302-03:00","Action":"output","Package":"cmd/compile/internal/types2","Test":"TestOptionContextInvalid/func_pair()(int,int)_{_return_1,2_};_var_a_int?;_var_b_int;_func_g(){_a,b_=_pair()_}","Output":"=== RUN   TestOptionContextInvalid/func_pair()(int,int)_{_return_1,2_};_var_a_int?;_var_b_int;_func_g(){_a,b_=_pair()_}\n","OutputType":"frame"}
{"Time":"2026-10-03T22:47:17.752347-03:00","Action":"output","Package":"cmd/compile/internal/types2","Test":"TestOptionContextInvalid/func_pair()(int,int)_{_return_1,2_};_var_a_int?;_var_b_int;_func_g(){_a,b_=_pair()_}","Output":"--- PASS: TestOptionContextInvalid/func_pair()(int,int)_{_return_1,2_};_var_a_int?;_var_b_int;_func_g(){_a,b_=_pair()_} (0.00s)\n","OutputType":"frame"}
{"Time":"2026-10-03T22:47:17.752362-03:00","Action":"pass","Package":"cmd/compile/internal/types2","Test":"TestOptionContextInvalid/func_pair()(int,int)_{_return_1,2_};_var_a_int?;_var_b_int;_func_g(){_a,b_=_pair()_}","Elapsed":0}
{"Time":"2026-10-03T22:47:17.752372-03:00","Action":"run","Package":"cmd/compile/internal/types2","Test":"TestOptionContextInvalid/func_pair()(int,int)_{_return_1,2_};_func_f()(int?,int){_return_pair()_}"}
{"Time":"2026-10-03T22:47:17.75238-03:00","Action":"output","Package":"cmd/compile/internal/types2","Test":"TestOptionContextInvalid/func_pair()(int,int)_{_return_1,2_};_func_f()(int?,int){_return_pair()_}","Output":"=== RUN   TestOptionContextInvalid/func_pair()(int,int)_{_return_1,2_};_func_f()(int?,int){_return_pair()_}\n","OutputType":"frame"}
{"Time":"2026-10-03T22:47:17.75241-03:00","Action":"output","Package":"cmd/compile/internal/types2","Test":"TestOptionContextInvalid/func_pair()(int,int)_{_return_1,2_};_func_f()(int?,int){_return_pair()_}","Output":"--- PASS: TestOptionContextInvalid/func_pair()(int,int)_{_return_1,2_};_func_f()(int?,int){_return_pair()_} (0.00s)\n","OutputType":"frame"}
{"Time":"2026-10-03T22:47:17.752421-03:00","Action":"pass","Package":"cmd/compile/internal/types2","Test":"TestOptionContextInvalid/func_pair()(int,int)_{_return_1,2_};_func_f()(int?,int){_return_pair()_}","Elapsed":0}
{"Time":"2026-10-03T22:47:17.75243-03:00","Action":"run","Package":"cmd/compile/internal/types2","Test":"TestOptionContextInvalid/var_m_map[int]int;_var_o_int?;_var_b_bool;_func_f(){o,b_=_m[1]}"}
{"Time":"2026-10-03T22:47:17.752437-03:00","Action":"output","Package":"cmd/compile/internal/types2","Test":"TestOptionContextInvalid/var_m_map[int]int;_var_o_int?;_var_b_bool;_func_f(){o,b_=_m[1]}","Output":"=== RUN   TestOptionContextInvalid/var_m_map[int]int;_var_o_int?;_var_b_bool;_func_f(){o,b_=_m[1]}\n","OutputType":"frame"}
{"Time":"2026-10-03T22:47:17.75254-03:00","Action":"output","Package":"cmd/compile/internal/types2","Test":"TestOptionContextInvalid/var_m_map[int]int;_var_o_int?;_var_b_bool;_func_f(){o,b_=_m[1]}","Output":"--- PASS: TestOptionContextInvalid/var_m_map[int]int;_var_o_int?;_var_b_bool;_func_f(){o,b_=_m[1]} (0.00s)\n","OutputType":"frame"}
{"Time":"2026-10-03T22:47:17.752552-03:00","Action":"pass","Package":"cmd/compile/internal/types2","Test":"TestOptionContextInvalid/var_m_map[int]int;_var_o_int?;_var_b_bool;_func_f(){o,b_=_m[1]}","Elapsed":0}
{"Time":"2026-10-03T22:47:17.75256-03:00","Action":"output","Package":"cmd/compile/internal/types2","Test":"TestOptionContextInvalid","Output":"--- PASS: TestOptionContextInvalid (0.00s)\n","OutputType":"frame"}
{"Time":"2026-10-03T22:47:17.752579-03:00","Action":"pass","Package":"cmd/compile/internal/types2","Test":"TestOptionContextInvalid","Elapsed":0}
{"Time":"2026-10-03T22:47:17.752607-03:00","Action":"run","Package":"cmd/compile/internal/types2","Test":"TestOptionResultOperators"}
{"Time":"2026-10-03T22:47:17.752616-03:00","Action":"output","Package":"cmd/compile/internal/types2","Test":"TestOptionResultOperators","Output":"=== RUN   TestOptionResultOperators\n","OutputType":"frame"}
{"Time":"2026-10-03T22:47:17.752623-03:00","Action":"run","Package":"cmd/compile/internal/types2","Test":"TestOptionResultOperators/type_User_struct{Name_string};type_Node_struct{User_User?};func_f(x_*Node)string{return_x?.User?.Name_??_\"none\"}"}
{"Time":"2026-10-03T22:47:17.75263-03:00","Action":"output","Package":"cmd/compile/internal/types2","Test":"TestOptionResultOperators/type_User_struct{Name_string};type_Node_struct{User_User?};func_f(x_*Node)string{return_x?.User?.Name_??_\"none\"}","Output":"=== RUN   TestOptionResultOperators/type_User_struct{Name_string};type_Node_struct{User_User?};func_f(x_*Node)string{return_x?.User?.Name_??_\"none\"}\n","OutputType":"frame"}
{"Time":"2026-10-03T22:47:17.752684-03:00","Action":"output","Package":"cmd/compile/internal/types2","Test":"TestOptionResultOperators/type_User_struct{Name_string};type_Node_struct{User_User?};func_f(x_*Node)string{return_x?.User?.Name_??_\"none\"}","Output":"--- PASS: TestOptionResultOperators/type_User_struct{Name_string};type_Node_struct{User_User?};func_f(x_*Node)string{return_x?.User?.Name_??_\"none\"} (0.00s)\n","OutputType":"frame"}
{"Time":"2026-10-03T22:47:17.752696-03:00","Action":"pass","Package":"cmd/compile/internal/types2","Test":"TestOptionResultOperators/type_User_struct{Name_string};type_Node_struct{User_User?};func_f(x_*Node)string{return_x?.User?.Name_??_\"none\"}","Elapsed":0}
{"Time":"2026-10-03T22:47:17.752704-03:00","Action":"run","Package":"cmd/compile/internal/types2","Test":"TestOptionResultOperators/type_User_struct{Name_string};type_Node_struct{User_*User};func_f(x_Node?)string{return_x?.User?.Name_??_\"none\"}"}
{"Time":"2026-10-03T22:47:17.752711-03:00","Action":"output","Package":"cmd/compile/internal/types2","Test":"TestOptionResultOperators/type_User_struct{Name_string};type_Node_struct{User_*User};func_f(x_Node?)string{return_x?.User?.Name_??_\"none\"}","Output":"=== RUN   TestOptionResultOperators/type_User_struct{Name_string};type_Node_struct{User_*User};func_f(x_Node?)string{return_x?.User?.Name_??_\"none\"}\n","OutputType":"frame"}
{"Time":"2026-10-03T22:47:17.752848-03:00","Action":"output","Package":"cmd/compile/internal/types2","Test":"TestOptionResultOperators/type_User_struct{Name_string};type_Node_struct{User_*User};func_f(x_Node?)string{return_x?.User?.Name_??_\"none\"}","Output":"--- PASS: TestOptionResultOperators/type_User_struct{Name_string};type_Node_struct{User_*User};func_f(x_Node?)string{return_x?.User?.Name_??_\"none\"} (0.00s)\n","OutputType":"frame"}
{"Time":"2026-10-03T22:47:17.752859-03:00","Action":"pass","Package":"cmd/compile/internal/types2","Test":"TestOptionResultOperators/type_User_struct{Name_string};type_Node_struct{User_*User};func_f(x_Node?)string{return_x?.User?.Name_??_\"none\"}","Elapsed":0}
{"Time":"2026-10-03T22:47:17.752868-03:00","Action":"run","Package":"cmd/compile/internal/types2","Test":"TestOptionResultOperators/type_User_struct{Name_string};func_f(x_(*User)?)string{return_(x_??_nil)?.Name_??_\"none\"}"}
{"Time":"2026-10-03T22:47:17.752875-03:00","Action":"output","Package":"cmd/compile/internal/types2","Test":"TestOptionResultOperators/type_User_struct{Name_string};func_f(x_(*User)?)string{return_(x_??_nil)?.Name_??_\"none\"}","Output":"=== RUN   TestOptionResultOperators/type_User_struct{Name_string};func_f(x_(*User)?)string{return_(x_??_nil)?.Name_??_\"none\"}\n","OutputType":"frame"}
{"Time":"2026-10-03T22:47:17.752929-03:00","Action":"output","Package":"cmd/compile/internal/types2","Test":"TestOptionResultOperators/type_User_struct{Name_string};func_f(x_(*User)?)string{return_(x_??_nil)?.Name_??_\"none\"}","Output":"--- PASS: TestOptionResultOperators/type_User_struct{Name_string};func_f(x_(*User)?)string{return_(x_??_nil)?.Name_??_\"none\"} (0.00s)\n","OutputType":"frame"}
{"Time":"2026-10-03T22:47:17.752947-03:00","Action":"pass","Package":"cmd/compile/internal/types2","Test":"TestOptionResultOperators/type_User_struct{Name_string};func_f(x_(*User)?)string{return_(x_??_nil)?.Name_??_\"none\"}","Elapsed":0}
{"Time":"2026-10-03T22:47:17.752956-03:00","Action":"run","Package":"cmd/compile/internal/types2","Test":"TestOptionResultOperators/type_User_struct{Name_string};type_Node_struct{User_User?};func_f(x_*Node)string{var_value_User?;if_x!=nil{value=x.User};return_value?.Name_??_\"none\"}"}
{"Time":"2026-10-03T22:47:17.752963-03:00","Action":"output","Package":"cmd/compile/internal/types2","Test":"TestOptionResultOperators/type_User_struct{Name_string};type_Node_struct{User_User?};func_f(x_*Node)string{var_value_User?;if_x!=nil{value=x.User};return_value?.Name_??_\"none\"}","Output":"=== RUN   TestOptionResultOperators/type_User_struct{Name_string};type_Node_struct{User_User?};func_f(x_*Node)string{var_value_User?;if_x!=nil{value=x.User};return_value?.Name_??_\"none\"}\n","OutputType":"frame"}
{"Time":"2026-10-03T22:47:17.753032-03:00","Action":"output","Package":"cmd/compile/internal/types2","Test":"TestOptionResultOperators/type_User_struct{Name_string};type_Node_struct{User_User?};func_f(x_*Node)string{var_value_User?;if_x!=nil{value=x.User};return_value?.Name_??_\"none\"}","Output":"--- PASS: TestOptionResultOperators/type_User_struct{Name_string};type_Node_struct{User_User?};func_f(x_*Node)string{var_value_User?;if_x!=nil{value=x.User};return_value?.Name_??_\"none\"} (0.00s)\n","OutputType":"frame"}
{"Time":"2026-10-03T22:47:17.753047-03:00","Action":"pass","Package":"cmd/compile/internal/types2","Test":"TestOptionResultOperators/type_User_struct{Name_string};type_Node_struct{User_User?};func_f(x_*Node)string{var_value_User?;if_x!=nil{value=x.User};return_value?.Name_??_\"none\"}","Elapsed":0}
{"Time":"2026-10-03T22:47:17.753055-03:00","Action":"run","Package":"cmd/compile/internal/types2","Test":"TestOptionResultOperators/func_f(x_int?)_string?_{_n:=x?;_return_(string?)((string)(string(rune(n))))_}"}
{"Time":"2026-10-03T22:47:17.753061-03:00","Action":"output","Package":"cmd/compile/internal/types2","Test":"TestOptionResultOperators/func_f(x_int?)_string?_{_n:=x?;_return_(string?)((string)(string(rune(n))))_}","Output":"=== RUN   TestOptionResultOperators/func_f(x_int?)_string?_{_n:=x?;_return_(string?)((string)(string(rune(n))))_}\n","OutputType":"frame"}
{"Time":"2026-10-03T22:47:17.753088-03:00","Action":"output","Package":"cmd/compile/internal/types2","Test":"TestOptionResultOperators/func_f(x_int?)_string?_{_n:=x?;_return_(string?)((string)(string(rune(n))))_}","Output":"--- PASS: TestOptionResultOperators/func_f(x_int?)_string?_{_n:=x?;_return_(string?)((string)(string(rune(n))))_} (0.00s)\n","OutputType":"frame"}
{"Time":"2026-10-03T22:47:17.753097-03:00","Action":"pass","Package":"cmd/compile/internal/types2","Test":"TestOptionResultOperators/func_f(x_int?)_string?_{_n:=x?;_return_(string?)((string)(string(rune(n))))_}","Elapsed":0}
{"Time":"2026-10-03T22:47:17.753104-03:00","Action":"run","Package":"cmd/compile/internal/types2","Test":"TestOptionResultOperators/func_f(x_int?)_int_{return_x_??_3}"}
{"Time":"2026-10-03T22:47:17.75311-03:00","Action":"output","Package":"cmd/compile/internal/types2","Test":"TestOptionResultOperators/func_f(x_int?)_int_{return_x_??_3}","Output":"=== RUN   TestOptionResultOperators/func_f(x_int?)_int_{return_x_??_3}\n","OutputType":"frame"}
{"Time":"2026-10-03T22:47:17.753134-03:00","Action":"output","Package":"cmd/compile/internal/types2","Test":"TestOptionResultOperators/func_f(x_int?)_int_{return_x_??_3}","Output":"--- PASS: TestOptionResultOperators/func_f(x_int?)_int_{return_x_??_3} (0.00s)\n","OutputType":"frame"}
{"Time":"2026-10-03T22:47:17.753144-03:00","Action":"pass","Package":"cmd/compile/internal/types2","Test":"TestOptionResultOperators/func_f(x_int?)_int_{return_x_??_3}","Elapsed":0}
{"Time":"2026-10-03T22:47:17.753159-03:00","Action":"run","Package":"cmd/compile/internal/types2","Test":"TestOptionResultOperators/func_f(){var_x_int?;x_??=_3}"}
{"Time":"2026-10-03T22:47:17.753166-03:00","Action":"output","Package":"cmd/compile/internal/types2","Test":"TestOptionResultOperators/func_f(){var_x_int?;x_??=_3}","Output":"=== RUN   TestOptionResultOperators/func_f(){var_x_int?;x_??=_3}\n","OutputType":"frame"}
{"Time":"2026-10-03T22:47:17.753193-03:00","Action":"output","Package":"cmd/compile/internal/types2","Test":"TestOptionResultOperators/func_f(){var_x_int?;x_??=_3}","Output":"--- PASS: TestOptionResultOperators/func_f(){var_x_int?;x_??=_3} (0.00s)\n","OutputType":"frame"}
{"Time":"2026-10-03T22:47:17.753203-03:00","Action":"pass","Package":"cmd/compile/internal/types2","Test":"TestOptionResultOperators/func_f(){var_x_int?;x_??=_3}","Elapsed":0}
{"Time":"2026-10-03T22:47:17.753209-03:00","Action":"run","Package":"cmd/compile/internal/types2","Test":"TestOptionResultOperators/func_f(m_map[string]int?)_{m[\"key\"]_??=_3}"}
{"Time":"2026-10-03T22:47:17.753215-03:00","Action":"output","Package":"cmd/compile/internal/types2","Test":"TestOptionResultOperators/func_f(m_map[string]int?)_{m[\"key\"]_??=_3}","Output":"=== RUN   TestOptionResultOperators/func_f(m_map[string]int?)_{m[\"key\"]_??=_3}\n","OutputType":"frame"}
{"Time":"2026-10-03T22:47:17.753252-03:00","Action":"output","Package":"cmd/compile/internal/types2","Test":"TestOptionResultOperators/func_f(m_map[string]int?)_{m[\"key\"]_??=_3}","Output":"--- PASS: TestOptionResultOperators/func_f(m_map[string]int?)_{m[\"key\"]_??=_3} (0.00s)\n","OutputType":"frame"}
{"Time":"2026-10-03T22:47:17.75326-03:00","Action":"pass","Package":"cmd/compile/internal/types2","Test":"TestOptionResultOperators/func_f(m_map[string]int?)_{m[\"key\"]_??=_3}","Elapsed":0}
{"Time":"2026-10-03T22:47:17.753271-03:00","Action":"run","Package":"cmd/compile/internal/types2","Test":"TestOptionResultOperators/func_makeOption()_int?_{return_(int?)(nil)};func_f(){makeOption()_??=_3}"}
{"Time":"2026-10-03T22:47:17.753278-03:00","Action":"output","Package":"cmd/compile/internal/types2","Test":"TestOptionResultOperators/func_makeOption()_int?_{return_(int?)(nil)};func_f(){makeOption()_??=_3}","Output":"=== RUN   TestOptionResultOperators/func_makeOption()_int?_{return_(int?)(nil)};func_f(){makeOption()_??=_3}\n","OutputType":"frame"}
{"Time":"2026-10-03T22:47:17.753334-03:00","Action":"output","Package":"cmd/compile/internal/types2","Test":"TestOptionResultOperators/func_makeOption()_int?_{return_(int?)(nil)};func_f(){makeOption()_??=_3}","Output":"--- PASS: TestOptionResultOperators/func_makeOption()_int?_{return_(int?)(nil)};func_f(){makeOption()_??=_3} (0.00s)\n","OutputType":"frame"}
{"Time":"2026-10-03T22:47:17.753349-03:00","Action":"pass","Package":"cmd/compile/internal/types2","Test":"TestOptionResultOperators/func_makeOption()_int?_{return_(int?)(nil)};func_f(){makeOption()_??=_3}","Elapsed":0}
{"Time":"2026-10-03T22:47:17.753358-03:00","Action":"run","Package":"cmd/compile/internal/types2","Test":"TestOptionResultOperators/func_f(){var_x_int?;x_??=_(int?)((int)(3))}"}
{"Time":"2026-10-03T22:47:17.753366-03:00","Action":"output","Package":"cmd/compile/internal/types2","Test":"TestOptionResultOperators/func_f(){var_x_int?;x_??=_(int?)((int)(3))}","Output":"=== RUN   TestOptionResultOperators/func_f(){var_x_int?;x_??=_(int?)((int)(3))}\n","OutputType":"frame"}
{"Time":"2026-10-03T22:47:17.753444-03:00","Action":"output","Package":"cmd/compile/internal/types2","Test":"TestOptionResultOperators/func_f(){var_x_int?;x_??=_(int?)((int)(3))}","Output":"--- PASS: TestOptionResultOperators/func_f(){var_x_int?;x_??=_(int?)((int)(3))} (0.00s)\n","OutputType":"frame"}
{"Time":"2026-10-03T22:47:17.753458-03:00","Action":"pass","Package":"cmd/compile/internal/types2","Test":"TestOptionResultOperators/func_f(){var_x_int?;x_??=_(int?)((int)(3))}","Elapsed":0}
{"Time":"2026-10-03T22:47:17.753469-03:00","Action":"run","Package":"cmd/compile/internal/types2","Test":"TestOptionResultOperators/type_User_struct{Name_string};func_f(x_User?)_string{return_x?.Name_??_\"none\"}"}
{"Time":"2026-10-03T22:47:17.753487-03:00","Action":"output","Package":"cmd/compile/internal/types2","Test":"TestOptionResultOperators/type_User_struct{Name_string};func_f(x_User?)_string{return_x?.Name_??_\"none\"}","Output":"=== RUN   TestOptionResultOperators/type_User_struct{Name_string};func_f(x_User?)_string{return_x?.Name_??_\"none\"}\n","OutputType":"frame"}
{"Time":"2026-10-03T22:47:17.753503-03:00","Action":"output","Package":"cmd/compile/internal/types2","Test":"TestOptionResultOperators/type_User_struct{Name_string};func_f(x_User?)_string{return_x?.Name_??_\"none\"}","Output":"--- PASS: TestOptionResultOperators/type_User_struct{Name_string};func_f(x_User?)_string{return_x?.Name_??_\"none\"} (0.00s)\n","OutputType":"frame"}
{"Time":"2026-10-03T22:47:17.753511-03:00","Action":"pass","Package":"cmd/compile/internal/types2","Test":"TestOptionResultOperators/type_User_struct{Name_string};func_f(x_User?)_string{return_x?.Name_??_\"none\"}","Elapsed":0}
{"Time":"2026-10-03T22:47:17.753525-03:00","Action":"run","Package":"cmd/compile/internal/types2","Test":"TestOptionResultOperators/type_User_struct{Name_string};func_f(x_User?)_any{return_x?.Name}"}
{"Time":"2026-10-03T22:47:17.753532-03:00","Action":"output","Package":"cmd/compile/internal/types2","Test":"TestOptionResultOperators/type_User_struct{Name_string};func_f(x_User?)_any{return_x?.Name}","Output":"=== RUN   TestOptionResultOperators/type_User_struct{Name_string};func_f(x_User?)_any{return_x?.Name}\n","OutputType":"frame"}
{"Time":"2026-10-03T22:47:17.753541-03:00","Action":"output","Package":"cmd/compile/internal/types2","Test":"TestOptionResultOperators/type_User_struct{Name_string};func_f(x_User?)_any{return_x?.Name}","Output":"--- PASS: TestOptionResultOperators/type_User_struct{Name_string};func_f(x_User?)_any{return_x?.Name} (0.00s)\n","OutputType":"frame"}
{"Time":"2026-10-03T22:47:17.753548-03:00","Action":"pass","Package":"cmd/compile/internal/types2","Test":"TestOptionResultOperators/type_User_struct{Name_string};func_f(x_User?)_any{return_x?.Name}","Elapsed":0}
{"Time":"2026-10-03T22:47:17.753555-03:00","Action":"run","Package":"cmd/compile/internal/types2","Test":"TestOptionResultOperators/func_f(x_Result[int,string])_Result[string,string]_{n:=x!;return_Result[string,string].Ok(string(rune(n)))}"}
{"Time":"2026-10-03T22:47:17.753562-03:00","Action":"output","Package":"cmd/compile/internal/types2","Test":"TestOptionResultOperators/func_f(x_Result[int,string])_Result[string,string]_{n:=x!;return_Result[string,string].Ok(string(rune(n)))}","Output":"=== RUN   TestOptionResultOperators/func_f(x_Result[int,string])_Result[string,string]_{n:=x!;return_Result[string,string].Ok(string(rune(n)))}\n","OutputType":"frame"}
{"Time":"2026-10-03T22:47:17.753627-03:00","Action":"output","Package":"cmd/compile/internal/types2","Test":"TestOptionResultOperators/func_f(x_Result[int,string])_Result[string,string]_{n:=x!;return_Result[string,string].Ok(string(rune(n)))}","Output":"--- PASS: TestOptionResultOperators/func_f(x_Result[int,string])_Result[string,string]_{n:=x!;return_Result[string,string].Ok(string(rune(n)))} (0.00s)\n","OutputType":"frame"}
{"Time":"2026-10-03T22:47:17.753638-03:00","Action":"pass","Package":"cmd/compile/internal/types2","Test":"TestOptionResultOperators/func_f(x_Result[int,string])_Result[string,string]_{n:=x!;return_Result[string,string].Ok(string(rune(n)))}","Elapsed":0}
{"Time":"2026-10-03T22:47:17.753645-03:00","Action":"run","Package":"cmd/compile/internal/types2","Test":"TestOptionResultOperators/func_f(x_Result[int,string])_int_{return_x_or_e_{panic(e)}}"}
{"Time":"2026-10-03T22:47:17.753652-03:00","Action":"output","Package":"cmd/compile/internal/types2","Test":"TestOptionResultOperators/func_f(x_Result[int,string])_int_{return_x_or_e_{panic(e)}}","Output":"=== RUN   TestOptionResultOperators/func_f(x_Result[int,string])_int_{return_x_or_e_{panic(e)}}\n","OutputType":"frame"}
{"Time":"2026-10-03T22:47:17.753678-03:00","Action":"output","Package":"cmd/compile/internal/types2","Test":"TestOptionResultOperators/func_f(x_Result[int,string])_int_{return_x_or_e_{panic(e)}}","Output":"--- PASS: TestOptionResultOperators/func_f(x_Result[int,string])_int_{return_x_or_e_{panic(e)}} (0.00s)\n","OutputType":"frame"}
{"Time":"2026-10-03T22:47:17.753694-03:00","Action":"pass","Package":"cmd/compile/internal/types2","Test":"TestOptionResultOperators/func_f(x_Result[int,string])_int_{return_x_or_e_{panic(e)}}","Elapsed":0}
{"Time":"2026-10-03T22:47:17.753702-03:00","Action":"run","Package":"cmd/compile/internal/types2","Test":"TestOptionResultOperators/func_f(x_Result[int,error])_Result[int,any]_{n:=x!;return_Result[int,any].Ok(n)}"}
{"Time":"2026-10-03T22:47:17.753709-03:00","Action":"output","Package":"cmd/compile/internal/types2","Test":"TestOptionResultOperators/func_f(x_Result[int,error])_Result[int,any]_{n:=x!;return_Result[int,any].Ok(n)}","Output":"=== RUN   TestOptionResultOperators/func_f(x_Result[int,error])_Result[int,any]_{n:=x!;return_Result[int,any].Ok(n)}\n","OutputType":"frame"}
{"Time":"2026-10-03T22:47:17.753764-03:00","Action":"output","Package":"cmd/compile/internal/types2","Test":"TestOptionResultOperators/func_f(x_Result[int,error])_Result[int,any]_{n:=x!;return_Result[int,any].Ok(n)}","Output":"--- PASS: TestOptionResultOperators/func_f(x_Result[int,error])_Result[int,any]_{n:=x!;return_Result[int,any].Ok(n)} (0.00s)\n","OutputType":"frame"}
{"Time":"2026-10-03T22:47:17.753775-03:00","Action":"pass","Package":"cmd/compile/internal/types2","Test":"TestOptionResultOperators/func_f(x_Result[int,error])_Result[int,any]_{n:=x!;return_Result[int,any].Ok(n)}","Elapsed":0}
{"Time":"2026-10-03T22:47:17.753781-03:00","Action":"run","Package":"cmd/compile/internal/types2","Test":"TestOptionResultOperators/type_Counter_struct{};func(c_*Counter)Increment(){};func_f(x_Counter?){x?.Increment()}"}
{"Time":"2026-10-03T22:47:17.753788-03:00","Action":"output","Package":"cmd/compile/internal/types2","Test":"TestOptionResultOperators/type_Counter_struct{};func(c_*Counter)Increment(){};func_f(x_Counter?){x?.Increment()}","Output":"=== RUN   TestOptionResultOperators/type_Counter_struct{};func(c_*Counter)Increment(){};func_f(x_Counter?){x?.Increment()}\n","OutputType":"frame"}
{"Time":"2026-10-03T22:47:17.753824-03:00","Action":"output","Package":"cmd/compile/internal/types2","Test":"TestOptionResultOperators/type_Counter_struct{};func(c_*Counter)Increment(){};func_f(x_Counter?){x?.Increment()}","Output":"--- PASS: TestOptionResultOperators/type_Counter_struct{};func(c_*Counter)Increment(){};func_f(x_Counter?){x?.Increment()} (0.00s)\n","OutputType":"frame"}
{"Time":"2026-10-03T22:47:17.753835-03:00","Action":"pass","Package":"cmd/compile/internal/types2","Test":"TestOptionResultOperators/type_Counter_struct{};func(c_*Counter)Increment(){};func_f(x_Counter?){x?.Increment()}","Elapsed":0}
{"Time":"2026-10-03T22:47:17.753845-03:00","Action":"run","Package":"cmd/compile/internal/types2","Test":"TestOptionResultOperators/type_Counter_struct{};func(c_*Counter)Increment(){};func_f(x_(*Counter)?){x?.Increment()}"}
{"Time":"2026-10-03T22:47:17.753851-03:00","Action":"output","Package":"cmd/compile/internal/types2","Test":"TestOptionResultOperators/type_Counter_struct{};func(c_*Counter)Increment(){};func_f(x_(*Counter)?){x?.Increment()}","Output":"=== RUN   TestOptionResultOperators/type_Counter_struct{};func(c_*Counter)Increment(){};func_f(x_(*Counter)?){x?.Increment()}\n","OutputType":"frame"}
{"Time":"2026-10-03T22:47:17.753934-03:00","Action":"output","Package":"cmd/compile/internal/types2","Test":"TestOptionResultOperators/type_Counter_struct{};func(c_*Counter)Increment(){};func_f(x_(*Counter)?){x?.Increment()}","Output":"--- PASS: TestOptionResultOperators/type_Counter_struct{};func(c_*Counter)Increment(){};func_f(x_(*Counter)?){x?.Increment()} (0.00s)\n","OutputType":"frame"}
{"Time":"2026-10-03T22:47:17.753943-03:00","Action":"pass","Package":"cmd/compile/internal/types2","Test":"TestOptionResultOperators/type_Counter_struct{};func(c_*Counter)Increment(){};func_f(x_(*Counter)?){x?.Increment()}","Elapsed":0}
{"Time":"2026-10-03T22:47:17.753955-03:00","Action":"run","Package":"cmd/compile/internal/types2","Test":"TestOptionResultOperators/func_f(x_int?)_int_{return_x?}"}
{"Time":"2026-10-03T22:47:17.75396-03:00","Action":"output","Package":"cmd/compile/internal/types2","Test":"TestOptionResultOperators/func_f(x_int?)_int_{return_x?}","Output":"=== RUN   TestOptionResultOperators/func_f(x_int?)_int_{return_x?}\n","OutputType":"frame"}
{"Time":"2026-10-03T22:47:17.753968-03:00","Action":"output","Package":"cmd/compile/internal/types2","Test":"TestOptionResultOperators/func_f(x_int?)_int_{return_x?}","Output":"--- PASS: TestOptionResultOperators/func_f(x_int?)_int_{return_x?} (0.00s)\n","OutputType":"frame"}
{"Time":"2026-10-03T22:47:17.753973-03:00","Action":"pass","Package":"cmd/compile/internal/types2","Test":"TestOptionResultOperators/func_f(x_int?)_int_{return_x?}","Elapsed":0}
{"Time":"2026-10-03T22:47:17.75398-03:00","Action":"run","Package":"cmd/compile/internal/types2","Test":"TestOptionResultOperators/func_f(x_Result[int,string])_int_{return_x!}"}
{"Time":"2026-10-03T22:47:17.753985-03:00","Action":"output","Package":"cmd/compile/internal/types2","Test":"TestOptionResultOperators/func_f(x_Result[int,string])_int_{return_x!}","Output":"=== RUN   TestOptionResultOperators/func_f(x_Result[int,string])_int_{return_x!}\n","OutputType":"frame"}
{"Time":"2026-10-03T22:47:17.754061-03:00","Action":"output","Package":"cmd/compile/internal/types2","Test":"TestOptionResultOperators/func_f(x_Result[int,string])_int_{return_x!}","Output":"--- PASS: TestOptionResultOperators/func_f(x_Result[int,string])_int_{return_x!} (0.00s)\n","OutputType":"frame"}
{"Time":"2026-10-03T22:47:17.75407-03:00","Action":"pass","Package":"cmd/compile/internal/types2","Test":"TestOptionResultOperators/func_f(x_Result[int,string])_int_{return_x!}","Elapsed":0}
{"Time":"2026-10-03T22:47:17.754075-03:00","Action":"run","Package":"cmd/compile/internal/types2","Test":"TestOptionResultOperators/func_f(x_Result[int,string])_Result[int,error]_{n:=x!;return_Result[int,error].Ok(n)}"}
{"Time":"2026-10-03T22:47:17.754081-03:00","Action":"output","Package":"cmd/compile/internal/types2","Test":"TestOptionResultOperators/func_f(x_Result[int,string])_Result[int,error]_{n:=x!;return_Result[int,error].Ok(n)}","Output":"=== RUN   TestOptionResultOperators/func_f(x_Result[int,string])_Result[int,error]_{n:=x!;return_Result[int,error].Ok(n)}\n","OutputType":"frame"}
{"Time":"2026-10-03T22:47:17.754172-03:00","Action":"output","Package":"cmd/compile/internal/types2","Test":"TestOptionResultOperators/func_f(x_Result[int,string])_Result[int,error]_{n:=x!;return_Result[int,error].Ok(n)}","Output":"--- PASS: TestOptionResultOperators/func_f(x_Result[int,string])_Result[int,error]_{n:=x!;return_Result[int,error].Ok(n)} (0.00s)\n","OutputType":"frame"}
{"Time":"2026-10-03T22:47:17.754181-03:00","Action":"pass","Package":"cmd/compile/internal/types2","Test":"TestOptionResultOperators/func_f(x_Result[int,string])_Result[int,error]_{n:=x!;return_Result[int,error].Ok(n)}","Elapsed":0}
{"Time":"2026-10-03T22:47:17.754187-03:00","Action":"run","Package":"cmd/compile/internal/types2","Test":"TestOptionResultOperators/func_f(x_Result[int,string])_int_{return_x_or_e_{__=_e}}"}
{"Time":"2026-10-03T22:47:17.754192-03:00","Action":"output","Package":"cmd/compile/internal/types2","Test":"TestOptionResultOperators/func_f(x_Result[int,string])_int_{return_x_or_e_{__=_e}}","Output":"=== RUN   TestOptionResultOperators/func_f(x_Result[int,string])_int_{return_x_or_e_{__=_e}}\n","OutputType":"frame"}
{"Time":"2026-10-03T22:47:17.754215-03:00","Action":"output","Package":"cmd/compile/internal/types2","Test":"TestOptionResultOperators/func_f(x_Result[int,string])_int_{return_x_or_e_{__=_e}}","Output":"--- PASS: TestOptionResultOperators/func_f(x_Result[int,string])_int_{return_x_or_e_{__=_e}} (0.00s)\n","OutputType":"frame"}
{"Time":"2026-10-03T22:47:17.754223-03:00","Action":"pass","Package":"cmd/compile/internal/types2","Test":"TestOptionResultOperators/func_f(x_Result[int,string])_int_{return_x_or_e_{__=_e}}","Elapsed":0}
{"Time":"2026-10-03T22:47:17.754235-03:00","Action":"run","Package":"cmd/compile/internal/types2","Test":"TestOptionResultOperators/func_f(x_Result[int,string])_int_{return_x_??_0}"}
{"Time":"2026-10-03T22:47:17.75424-03:00","Action":"output","Package":"cmd/compile/internal/types2","Test":"TestOptionResultOperators/func_f(x_Result[int,string])_int_{return_x_??_0}","Output":"=== RUN   TestOptionResultOperators/func_f(x_Result[int,string])_int_{return_x_??_0}\n","OutputType":"frame"}
{"Time":"2026-10-03T22:47:17.754265-03:00","Action":"output","Package":"cmd/compile/internal/types2","Test":"TestOptionResultOperators/func_f(x_Result[int,string])_int_{return_x_??_0}","Output":"--- PASS: TestOptionResultOperators/func_f(x_Result[int,string])_int_{return_x_??_0} (0.00s)\n","OutputType":"frame"}
{"Time":"2026-10-03T22:47:17.754277-03:00","Action":"pass","Package":"cmd/compile/internal/types2","Test":"TestOptionResultOperators/func_f(x_Result[int,string])_int_{return_x_??_0}","Elapsed":0}
{"Time":"2026-10-03T22:47:17.754283-03:00","Action":"run","Package":"cmd/compile/internal/types2","Test":"TestOptionResultOperators/type_Option[T_any]_struct{value_T};func_f(x_Option[int])_Option[int]_{__=_x?;return_x}"}
{"Time":"2026-10-03T22:47:17.754291-03:00","Action":"output","Package":"cmd/compile/internal/types2","Test":"TestOptionResultOperators/type_Option[T_any]_struct{value_T};func_f(x_Option[int])_Option[int]_{__=_x?;return_x}","Output":"=== RUN   TestOptionResultOperators/type_Option[T_any]_struct{value_T};func_f(x_Option[int])_Option[int]_{__=_x?;return_x}\n","OutputType":"frame"}
{"Time":"2026-10-03T22:47:17.754381-03:00","Action":"output","Package":"cmd/compile/internal/types2","Test":"TestOptionResultOperators/type_Option[T_any]_struct{value_T};func_f(x_Option[int])_Option[int]_{__=_x?;return_x}","Output":"--- PASS: TestOptionResultOperators/type_Option[T_any]_struct{value_T};func_f(x_Option[int])_Option[int]_{__=_x?;return_x} (0.00s)\n","OutputType":"frame"}
{"Time":"2026-10-03T22:47:17.754392-03:00","Action":"pass","Package":"cmd/compile/internal/types2","Test":"TestOptionResultOperators/type_Option[T_any]_struct{value_T};func_f(x_Option[int])_Option[int]_{__=_x?;return_x}","Elapsed":0}
{"Time":"2026-10-03T22:47:17.754398-03:00","Action":"output","Package":"cmd/compile/internal/types2","Test":"TestOptionResultOperators","Output":"--- PASS: TestOptionResultOperators (0.00s)\n","OutputType":"frame"}
{"Time":"2026-10-03T22:47:17.754405-03:00","Action":"pass","Package":"cmd/compile/internal/types2","Test":"TestOptionResultOperators","Elapsed":0}
{"Time":"2026-10-03T22:47:17.754537-03:00","Action":"output","Package":"cmd/compile/internal/types2","Output":"PASS\n","OutputType":"frame"}
{"Time":"2026-10-03T22:47:17.755367-03:00","Action":"output","Package":"cmd/compile/internal/types2","Output":"ok  \tcmd/compile/internal/types2\t0.237s\n"}
{"Time":"2026-10-03T22:47:17.755392-03:00","Action":"pass","Package":"cmd/compile/internal/types2","Elapsed":0.238}
{"Time":"2026-10-03T22:47:17.816752-03:00","Action":"output","Package":"go/types","Test":"TestGenerate","Output":"--- PASS: TestGenerate (0.07s)\n","OutputType":"frame"}
{"Time":"2026-10-03T22:47:17.816783-03:00","Action":"pass","Package":"go/types","Test":"TestGenerate","Elapsed":0.07}
{"Time":"2026-10-03T22:47:17.816927-03:00","Action":"run","Package":"go/types","Test":"TestOptionContextTypes"}
{"Time":"2026-10-03T22:47:17.816933-03:00","Action":"output","Package":"go/types","Test":"TestOptionContextTypes","Output":"=== RUN   TestOptionContextTypes\n","OutputType":"frame"}
{"Time":"2026-10-03T22:47:17.817646-03:00","Action":"output","Package":"go/types","Test":"TestOptionContextTypes","Output":"--- PASS: TestOptionContextTypes (0.00s)\n","OutputType":"frame"}
{"Time":"2026-10-03T22:47:17.817651-03:00","Action":"pass","Package":"go/types","Test":"TestOptionContextTypes","Elapsed":0}
{"Time":"2026-10-03T22:47:17.817654-03:00","Action":"run","Package":"go/types","Test":"TestOptionContextInvalid"}
{"Time":"2026-10-03T22:47:17.817667-03:00","Action":"output","Package":"go/types","Test":"TestOptionContextInvalid","Output":"=== RUN   TestOptionContextInvalid\n","OutputType":"frame"}
{"Time":"2026-10-03T22:47:17.817671-03:00","Action":"run","Package":"go/types","Test":"TestOptionContextInvalid/var___=_.Ok(1)"}
{"Time":"2026-10-03T22:47:17.817674-03:00","Action":"output","Package":"go/types","Test":"TestOptionContextInvalid/var___=_.Ok(1)","Output":"=== RUN   TestOptionContextInvalid/var___=_.Ok(1)\n","OutputType":"frame"}
{"Time":"2026-10-03T22:47:17.817684-03:00","Action":"output","Package":"go/types","Test":"TestOptionContextInvalid/var___=_.Ok(1)","Output":"--- PASS: TestOptionContextInvalid/var___=_.Ok(1) (0.00s)\n","OutputType":"frame"}
{"Time":"2026-10-03T22:47:17.817687-03:00","Action":"pass","Package":"go/types","Test":"TestOptionContextInvalid/var___=_.Ok(1)","Elapsed":0}
{"Time":"2026-10-03T22:47:17.817693-03:00","Action":"run","Package":"go/types","Test":"TestOptionContextInvalid/var___=_.None"}
{"Time":"2026-10-03T22:47:17.817696-03:00","Action":"output","Package":"go/types","Test":"TestOptionContextInvalid/var___=_.None","Output":"=== RUN   TestOptionContextInvalid/var___=_.None\n","OutputType":"frame"}
{"Time":"2026-10-03T22:47:17.817699-03:00","Action":"output","Package":"go/types","Test":"TestOptionContextInvalid/var___=_.None","Output":"--- PASS: TestOptionContextInvalid/var___=_.None (0.00s)\n","OutputType":"frame"}
{"Time":"2026-10-03T22:47:17.817709-03:00","Action":"pass","Package":"go/types","Test":"TestOptionContextInvalid/var___=_.None","Elapsed":0}
{"Time":"2026-10-03T22:47:17.817712-03:00","Action":"run","Package":"go/types","Test":"TestOptionContextInvalid/var___int_=_.Some(1)"}
{"Time":"2026-10-03T22:47:17.817715-03:00","Action":"output","Package":"go/types","Test":"TestOptionContextInvalid/var___int_=_.Some(1)","Output":"=== RUN   TestOptionContextInvalid/var___int_=_.Some(1)\n","OutputType":"frame"}
{"Time":"2026-10-03T22:47:17.817721-03:00","Action":"output","Package":"go/types","Test":"TestOptionContextInvalid/var___int_=_.Some(1)","Output":"--- PASS: TestOptionContextInvalid/var___int_=_.Some(1) (0.00s)\n","OutputType":"frame"}
{"Time":"2026-10-03T22:47:17.817724-03:00","Action":"pass","Package":"go/types","Test":"TestOptionContextInvalid/var___int_=_.Some(1)","Elapsed":0}
{"Time":"2026-10-03T22:47:17.81773-03:00","Action":"run","Package":"go/types","Test":"TestOptionContextInvalid/type_Other_enum_{_default_Ok(int)_};_var___Other_=_.Ok(1)"}
{"Time":"2026-10-03T22:47:17.817733-03:00","Action":"output","Package":"go/types","Test":"TestOptionContextInvalid/type_Other_enum_{_default_Ok(int)_};_var___Other_=_.Ok(1)","Output":"=== RUN   TestOptionContextInvalid/type_Other_enum_{_default_Ok(int)_};_var___Other_=_.Ok(1)\n","OutputType":"frame"}
{"Time":"2026-10-03T22:47:17.817747-03:00","Action":"output","Package":"go/types","Test":"TestOptionContextInvalid/type_Other_enum_{_default_Ok(int)_};_var___Other_=_.Ok(1)","Output":"--- PASS: TestOptionContextInvalid/type_Other_enum_{_default_Ok(int)_};_var___Other_=_.Ok(1) (0.00s)\n","OutputType":"frame"}
{"Time":"2026-10-03T22:47:17.817755-03:00","Action":"pass","Package":"go/types","Test":"TestOptionContextInvalid/type_Other_enum_{_default_Ok(int)_};_var___Other_=_.Ok(1)","Elapsed":0}
{"Time":"2026-10-03T22:47:17.817759-03:00","Action":"run","Package":"go/types","Test":"TestOptionContextInvalid/type_Option[T_any]_struct{};_var___Option[int]_=_.Some(1)"}
{"Time":"2026-10-03T22:47:17.817762-03:00","Action":"output","Package":"go/types","Test":"TestOptionContextInvalid/type_Option[T_any]_struct{};_var___Option[int]_=_.Some(1)","Output":"=== RUN   TestOptionContextInvalid/type_Option[T_any]_struct{};_var___Option[int]_=_.Some(1)\n","OutputType":"frame"}
{"Time":"2026-10-03T22:47:17.817766-03:00","Action":"output","Package":"go/types","Test":"TestOptionContextInvalid/type_Option[T_any]_struct{};_var___Option[int]_=_.Some(1)","Output":"--- PASS: TestOptionContextInvalid/type_Option[T_any]_struct{};_var___Option[int]_=_.Some(1) (0.00s)\n","OutputType":"frame"}
{"Time":"2026-10-03T22:47:17.817774-03:00","Action":"pass","Package":"go/types","Test":"TestOptionContextInvalid/type_Option[T_any]_struct{};_var___Option[int]_=_.Some(1)","Elapsed":0}
{"Time":"2026-10-03T22:47:17.817782-03:00","Action":"run","Package":"go/types","Test":"TestOptionContextInvalid/var___int?_=_.Ok(1)"}
{"Time":"2026-10-03T22:47:17.817785-03:00","Action":"output","Package":"go/types","Test":"TestOptionContextInvalid/var___int?_=_.Ok(1)","Output":"=== RUN   TestOptionContextInvalid/var___int?_=_.Ok(1)\n","OutputType":"frame"}
{"Time":"2026-10-03T22:47:17.817789-03:00","Action":"output","Package":"go/types","Test":"TestOptionContextInvalid/var___int?_=_.Ok(1)","Output":"--- PASS: TestOptionContextInvalid/var___int?_=_.Ok(1) (0.00s)\n","OutputType":"frame"}
{"Time":"2026-10-03T22:47:17.817791-03:00","Action":"pass","Package":"go/types","Test":"TestOptionContextInvalid/var___int?_=_.Ok(1)","Elapsed":0}
{"Time":"2026-10-03T22:47:17.817794-03:00","Action":"run","Package":"go/types","Test":"TestOptionContextInvalid/var___Result[int,error]_=_.None"}
{"Time":"2026-10-03T22:47:17.817796-03:00","Action":"output","Package":"go/types","Test":"TestOptionContextInvalid/var___Result[int,error]_=_.None","Output":"=== RUN   TestOptionContextInvalid/var___Result[int,error]_=_.None\n","OutputType":"frame"}
{"Time":"2026-10-03T22:47:17.817804-03:00","Action":"output","Package":"go/types","Test":"TestOptionContextInvalid/var___Result[int,error]_=_.None","Output":"--- PASS: TestOptionContextInvalid/var___Result[int,error]_=_.None (0.00s)\n","OutputType":"frame"}
{"Time":"2026-10-03T22:47:17.817807-03:00","Action":"pass","Package":"go/types","Test":"TestOptionContextInvalid/var___Result[int,error]_=_.None","Elapsed":0}
{"Time":"2026-10-03T22:47:17.81781-03:00","Action":"run","Package":"go/types","Test":"TestOptionContextInvalid/var___int?_=_.Some(nil)"}
{"Time":"2026-10-03T22:47:17.817812-03:00","Action":"output","Package":"go/types","Test":"TestOptionContextInvalid/var___int?_=_.Some(nil)","Output":"=== RUN   TestOptionContextInvalid/var___int?_=_.Some(nil)\n","OutputType":"frame"}
{"Time":"2026-10-03T22:47:17.817817-03:00","Action":"output","Package":"go/types","Test":"TestOptionContextInvalid/var___int?_=_.Some(nil)","Output":"--- PASS: TestOptionContextInvalid/var___int?_=_.Some(nil) (0.00s)\n","OutputType":"frame"}
{"Time":"2026-10-03T22:47:17.81782-03:00","Action":"pass","Package":"go/types","Test":"TestOptionContextInvalid/var___int?_=_.Some(nil)","Elapsed":0}
{"Time":"2026-10-03T22:47:17.817823-03:00","Action":"run","Package":"go/types","Test":"TestOptionContextInvalid/var___int?_=_.Some"}
{"Time":"2026-10-03T22:47:17.817825-03:00","Action":"output","Package":"go/types","Test":"TestOptionContextInvalid/var___int?_=_.Some","Output":"=== RUN   TestOptionContextInvalid/var___int?_=_.Some\n","OutputType":"frame"}
{"Time":"2026-10-03T22:47:17.817834-03:00","Action":"output","Package":"go/types","Test":"TestOptionContextInvalid/var___int?_=_.Some","Output":"--- PASS: TestOptionContextInvalid/var___int?_=_.Some (0.00s)\n","OutputType":"frame"}
{"Time":"2026-10-03T22:47:17.817837-03:00","Action":"pass","Package":"go/types","Test":"TestOptionContextInvalid/var___int?_=_.Some","Elapsed":0}
{"Time":"2026-10-03T22:47:17.81784-03:00","Action":"run","Package":"go/types","Test":"TestOptionContextInvalid/var___int?_=_.Some(1,_2)"}
{"Time":"2026-10-03T22:47:17.817842-03:00","Action":"output","Package":"go/types","Test":"TestOptionContextInvalid/var___int?_=_.Some(1,_2)","Output":"=== RUN   TestOptionContextInvalid/var___int?_=_.Some(1,_2)\n","OutputType":"frame"}
{"Time":"2026-10-03T22:47:17.817845-03:00","Action":"output","Package":"go/types","Test":"TestOptionContextInvalid/var___int?_=_.Some(1,_2)","Output":"--- PASS: TestOptionContextInvalid/var___int?_=_.Some(1,_2) (0.00s)\n","OutputType":"frame"}
{"Time":"2026-10-03T22:47:17.817848-03:00","Action":"pass","Package":"go/types","Test":"TestOptionContextInvalid/var___int?_=_.Some(1,_2)","Elapsed":0}
{"Time":"2026-10-03T22:47:17.817851-03:00","Action":"run","Package":"go/types","Test":"TestOptionContextInvalid/var___int?_=_.None()"}
{"Time":"2026-10-03T22:47:17.817856-03:00","Action":"output","Package":"go/types","Test":"TestOptionContextInvalid/var___int?_=_.None()","Output":"=== RUN   TestOptionContextInvalid/var___int?_=_.None()\n","OutputType":"frame"}
{"Time":"2026-10-03T22:47:17.817859-03:00","Action":"output","Package":"go/types","Test":"TestOptionContextInvalid/var___int?_=_.None()","Output":"--- PASS: TestOptionContextInvalid/var___int?_=_.None() (0.00s)\n","OutputType":"frame"}
{"Time":"2026-10-03T22:47:17.817862-03:00","Action":"pass","Package":"go/types","Test":"TestOptionContextInvalid/var___int?_=_.None()","Elapsed":0}
{"Time":"2026-10-03T22:47:17.817869-03:00","Action":"run","Package":"go/types","Test":"TestOptionContextInvalid/var___int?_=_\"wrong\""}
{"Time":"2026-10-03T22:47:17.817871-03:00","Action":"output","Package":"go/types","Test":"TestOptionContextInvalid/var___int?_=_\"wrong\"","Output":"=== RUN   TestOptionContextInvalid/var___int?_=_\"wrong\"\n","OutputType":"frame"}
{"Time":"2026-10-03T22:47:17.817877-03:00","Action":"output","Package":"go/types","Test":"TestOptionContextInvalid/var___int?_=_\"wrong\"","Output":"--- PASS: TestOptionContextInvalid/var___int?_=_\"wrong\" (0.00s)\n","OutputType":"frame"}
{"Time":"2026-10-03T22:47:17.817881-03:00","Action":"pass","Package":"go/types","Test":"TestOptionContextInvalid/var___int?_=_\"wrong\"","Elapsed":0}
{"Time":"2026-10-03T22:47:17.817883-03:00","Action":"run","Package":"go/types","Test":"TestOptionContextInvalid/var___(int?)?_=_1"}
{"Time":"2026-10-03T22:47:17.817886-03:00","Action":"output","Package":"go/types","Test":"TestOptionContextInvalid/var___(int?)?_=_1","Output":"=== RUN   TestOptionContextInvalid/var___(int?)?_=_1\n","OutputType":"frame"}
{"Time":"2026-10-03T22:47:17.817892-03:00","Action":"output","Package":"go/types","Test":"TestOptionContextInvalid/var___(int?)?_=_1","Output":"--- PASS: TestOptionContextInvalid/var___(int?)?_=_1 (0.00s)\n","OutputType":"frame"}
{"Time":"2026-10-03T22:47:17.817896-03:00","Action":"pass","Package":"go/types","Test":"TestOptionContextInvalid/var___(int?)?_=_1","Elapsed":0}
{"Time":"2026-10-03T22:47:17.81791-03:00","Action":"run","Package":"go/types","Test":"TestOptionContextInvalid/func_f[T_any](x_T?)_{}_;_func_g()_{_f(.Some(1))_}"}
{"Time":"2026-10-03T22:47:17.817913-03:00","Action":"output","Package":"go/types","Test":"TestOptionContextInvalid/func_f[T_any](x_T?)_{}_;_func_g()_{_f(.Some(1))_}","Output":"=== RUN   TestOptionContextInvalid/func_f[T_any](x_T?)_{}_;_func_g()_{_f(.Some(1))_}\n","OutputType":"frame"}
{"Time":"2026-10-03T22:47:17.817942-03:00","Action":"output","Package":"go/types","Test":"TestOptionContextInvalid/func_f[T_any](x_T?)_{}_;_func_g()_{_f(.Some(1))_}","Output":"--- PASS: TestOptionContextInvalid/func_f[T_any](x_T?)_{}_;_func_g()_{_f(.Some(1))_} (0.00s)\n","OutputType":"frame"}
{"Time":"2026-10-03T22:47:17.817946-03:00","Action":"pass","Package":"go/types","Test":"TestOptionContextInvalid/func_f[T_any](x_T?)_{}_;_func_g()_{_f(.Some(1))_}","Elapsed":0}
{"Time":"2026-10-03T22:47:17.817949-03:00","Action":"run","Package":"go/types","Test":"TestOptionContextInvalid/func_f[T_any](x_T?)_{}_;_func_g()_{_f(1)_}"}
{"Time":"2026-10-03T22:47:17.817952-03:00","Action":"output","Package":"go/types","Test":"TestOptionContextInvalid/func_f[T_any](x_T?)_{}_;_func_g()_{_f(1)_}","Output":"=== RUN   TestOptionContextInvalid/func_f[T_any](x_T?)_{}_;_func_g()_{_f(1)_}\n","OutputType":"frame"}
{"Time":"2026-10-03T22:47:17.817971-03:00","Action":"output","Package":"go/types","Test":"TestOptionContextInvalid/func_f[T_any](x_T?)_{}_;_func_g()_{_f(1)_}","Output":"--- PASS: TestOptionContextInvalid/func_f[T_any](x_T?)_{}_;_func_g()_{_f(1)_} (0.00s)\n","OutputType":"frame"}
{"Time":"2026-10-03T22:47:17.817975-03:00","Action":"pass","Package":"go/types","Test":"TestOptionContextInvalid/func_f[T_any](x_T?)_{}_;_func_g()_{_f(1)_}","Elapsed":0}
{"Time":"2026-10-03T22:47:17.817978-03:00","Action":"run","Package":"go/types","Test":"TestOptionContextInvalid/func_f[T,E_any](x_T,_r_Result[T,E])_{}_;_func_g()_{_f(1,_.Ok(2))_}"}
{"Time":"2026-10-03T22:47:17.817983-03:00","Action":"output","Package":"go/types","Test":"TestOptionContextInvalid/func_f[T,E_any](x_T,_r_Result[T,E])_{}_;_func_g()_{_f(1,_.Ok(2))_}","Output":"=== RUN   TestOptionContextInvalid/func_f[T,E_any](x_T,_r_Result[T,E])_{}_;_func_g()_{_f(1,_.Ok(2))_}\n","OutputType":"frame"}
{"Time":"2026-10-03T22:47:17.818009-03:00","Action":"output","Package":"go/types","Test":"TestOptionContextInvalid/func_f[T,E_any](x_T,_r_Result[T,E])_{}_;_func_g()_{_f(1,_.Ok(2))_}","Output":"--- PASS: TestOptionContextInvalid/func_f[T,E_any](x_T,_r_Result[T,E])_{}_;_func_g()_{_f(1,_.Ok(2))_} (0.00s)\n","OutputType":"frame"}
{"Time":"2026-10-03T22:47:17.818018-03:00","Action":"pass","Package":"go/types","Test":"TestOptionContextInvalid/func_f[T,E_any](x_T,_r_Result[T,E])_{}_;_func_g()_{_f(1,_.Ok(2))_}","Elapsed":0}
{"Time":"2026-10-03T22:47:17.818029-03:00","Action":"run","Package":"go/types","Test":"TestOptionContextInvalid/func_pair()(int,int)_{_return_1,2_};_func_f(a_int?,_b_int)_{};_func_g(){f(pair())}"}
{"Time":"2026-10-03T22:47:17.818033-03:00","Action":"output","Package":"go/types","Test":"TestOptionContextInvalid/func_pair()(int,int)_{_return_1,2_};_func_f(a_int?,_b_int)_{};_func_g(){f(pair())}","Output":"=== RUN   TestOptionContextInvalid/func_pair()(int,int)_{_return_1,2_};_func_f(a_int?,_b_int)_{};_func_g(){f(pair())}\n","OutputType":"frame"}
{"Time":"2026-10-03T22:47:17.818037-03:00","Action":"output","Package":"go/types","Test":"TestOptionContextInvalid/func_pair()(int,int)_{_return_1,2_};_func_f(a_int?,_b_int)_{};_func_g(){f(pair())}","Output":"--- PASS: TestOptionContextInvalid/func_pair()(int,int)_{_return_1,2_};_func_f(a_int?,_b_int)_{};_func_g(){f(pair())} (0.00s)\n","OutputType":"frame"}
{"Time":"2026-10-03T22:47:17.818041-03:00","Action":"pass","Package":"go/types","Test":"TestOptionContextInvalid/func_pair()(int,int)_{_return_1,2_};_func_f(a_int?,_b_int)_{};_func_g(){f(pair())}","Elapsed":0}
{"Time":"2026-10-03T22:47:17.818044-03:00","Action":"run","Package":"go/types","Test":"TestOptionContextInvalid/func_pair()(int,int)_{_return_1,2_};_var_a_int?;_var_b_int;_func_g(){_a,b_=_pair()_}"}
{"Time":"2026-10-03T22:47:17.818047-03:00","Action":"output","Package":"go/types","Test":"TestOptionContextInvalid/func_pair()(int,int)_{_return_1,2_};_var_a_int?;_var_b_int;_func_g(){_a,b_=_pair()_}","Output":"=== RUN   TestOptionContextInvalid/func_pair()(int,int)_{_return_1,2_};_var_a_int?;_var_b_int;_func_g(){_a,b_=_pair()_}\n","OutputType":"frame"}
{"Time":"2026-10-03T22:47:17.818057-03:00","Action":"output","Package":"go/types","Test":"TestOptionContextInvalid/func_pair()(int,int)_{_return_1,2_};_var_a_int?;_var_b_int;_func_g(){_a,b_=_pair()_}","Output":"--- PASS: TestOptionContextInvalid/func_pair()(int,int)_{_return_1,2_};_var_a_int?;_var_b_int;_func_g(){_a,b_=_pair()_} (0.00s)\n","OutputType":"frame"}
{"Time":"2026-10-03T22:47:17.81806-03:00","Action":"pass","Package":"go/types","Test":"TestOptionContextInvalid/func_pair()(int,int)_{_return_1,2_};_var_a_int?;_var_b_int;_func_g(){_a,b_=_pair()_}","Elapsed":0}
{"Time":"2026-10-03T22:47:17.818064-03:00","Action":"run","Package":"go/types","Test":"TestOptionContextInvalid/func_pair()(int,int)_{_return_1,2_};_func_f()(int?,int){_return_pair()_}"}
{"Time":"2026-10-03T22:47:17.818067-03:00","Action":"output","Package":"go/types","Test":"TestOptionContextInvalid/func_pair()(int,int)_{_return_1,2_};_func_f()(int?,int){_return_pair()_}","Output":"=== RUN   TestOptionContextInvalid/func_pair()(int,int)_{_return_1,2_};_func_f()(int?,int){_return_pair()_}\n","OutputType":"frame"}
{"Time":"2026-10-03T22:47:17.818077-03:00","Action":"output","Package":"go/types","Test":"TestOptionContextInvalid/func_pair()(int,int)_{_return_1,2_};_func_f()(int?,int){_return_pair()_}","Output":"--- PASS: TestOptionContextInvalid/func_pair()(int,int)_{_return_1,2_};_func_f()(int?,int){_return_pair()_} (0.00s)\n","OutputType":"frame"}
{"Time":"2026-10-03T22:47:17.81808-03:00","Action":"pass","Package":"go/types","Test":"TestOptionContextInvalid/func_pair()(int,int)_{_return_1,2_};_func_f()(int?,int){_return_pair()_}","Elapsed":0}
{"Time":"2026-10-03T22:47:17.818089-03:00","Action":"run","Package":"go/types","Test":"TestOptionContextInvalid/var_m_map[int]int;_var_o_int?;_var_b_bool;_func_f(){o,b_=_m[1]}"}
{"Time":"2026-10-03T22:47:17.818091-03:00","Action":"output","Package":"go/types","Test":"TestOptionContextInvalid/var_m_map[int]int;_var_o_int?;_var_b_bool;_func_f(){o,b_=_m[1]}","Output":"=== RUN   TestOptionContextInvalid/var_m_map[int]int;_var_o_int?;_var_b_bool;_func_f(){o,b_=_m[1]}\n","OutputType":"frame"}
{"Time":"2026-10-03T22:47:17.818095-03:00","Action":"output","Package":"go/types","Test":"TestOptionContextInvalid/var_m_map[int]int;_var_o_int?;_var_b_bool;_func_f(){o,b_=_m[1]}","Output":"--- PASS: TestOptionContextInvalid/var_m_map[int]int;_var_o_int?;_var_b_bool;_func_f(){o,b_=_m[1]} (0.00s)\n","OutputType":"frame"}
{"Time":"2026-10-03T22:47:17.818099-03:00","Action":"pass","Package":"go/types","Test":"TestOptionContextInvalid/var_m_map[int]int;_var_o_int?;_var_b_bool;_func_f(){o,b_=_m[1]}","Elapsed":0}
{"Time":"2026-10-03T22:47:17.818102-03:00","Action":"output","Package":"go/types","Test":"TestOptionContextInvalid","Output":"--- PASS: TestOptionContextInvalid (0.00s)\n","OutputType":"frame"}
{"Time":"2026-10-03T22:47:17.818104-03:00","Action":"pass","Package":"go/types","Test":"TestOptionContextInvalid","Elapsed":0}
{"Time":"2026-10-03T22:47:17.818107-03:00","Action":"run","Package":"go/types","Test":"TestOptionResultOperators"}
{"Time":"2026-10-03T22:47:17.81811-03:00","Action":"output","Package":"go/types","Test":"TestOptionResultOperators","Output":"=== RUN   TestOptionResultOperators\n","OutputType":"frame"}
{"Time":"2026-10-03T22:47:17.818112-03:00","Action":"run","Package":"go/types","Test":"TestOptionResultOperators/type_User_struct{Name_string};type_Node_struct{User_User?};func_f(x_*Node)string{return_x?.User?.Name_??_\"none\"}"}
{"Time":"2026-10-03T22:47:17.818115-03:00","Action":"output","Package":"go/types","Test":"TestOptionResultOperators/type_User_struct{Name_string};type_Node_struct{User_User?};func_f(x_*Node)string{return_x?.User?.Name_??_\"none\"}","Output":"=== RUN   TestOptionResultOperators/type_User_struct{Name_string};type_Node_struct{User_User?};func_f(x_*Node)string{return_x?.User?.Name_??_\"none\"}\n","OutputType":"frame"}
{"Time":"2026-10-03T22:47:17.818149-03:00","Action":"output","Package":"go/types","Test":"TestOptionResultOperators/type_User_struct{Name_string};type_Node_struct{User_User?};func_f(x_*Node)string{return_x?.User?.Name_??_\"none\"}","Output":"--- PASS: TestOptionResultOperators/type_User_struct{Name_string};type_Node_struct{User_User?};func_f(x_*Node)string{return_x?.User?.Name_??_\"none\"} (0.00s)\n","OutputType":"frame"}
{"Time":"2026-10-03T22:47:17.818154-03:00","Action":"pass","Package":"go/types","Test":"TestOptionResultOperators/type_User_struct{Name_string};type_Node_struct{User_User?};func_f(x_*Node)string{return_x?.User?.Name_??_\"none\"}","Elapsed":0}
{"Time":"2026-10-03T22:47:17.818156-03:00","Action":"run","Package":"go/types","Test":"TestOptionResultOperators/type_User_struct{Name_string};type_Node_struct{User_*User};func_f(x_Node?)string{return_x?.User?.Name_??_\"none\"}"}
{"Time":"2026-10-03T22:47:17.818159-03:00","Action":"output","Package":"go/types","Test":"TestOptionResultOperators/type_User_struct{Name_string};type_Node_struct{User_*User};func_f(x_Node?)string{return_x?.User?.Name_??_\"none\"}","Output":"=== RUN   TestOptionResultOperators/type_User_struct{Name_string};type_Node_struct{User_*User};func_f(x_Node?)string{return_x?.User?.Name_??_\"none\"}\n","OutputType":"frame"}
{"Time":"2026-10-03T22:47:17.818164-03:00","Action":"output","Package":"go/types","Test":"TestOptionResultOperators/type_User_struct{Name_string};type_Node_struct{User_*User};func_f(x_Node?)string{return_x?.User?.Name_??_\"none\"}","Output":"--- PASS: TestOptionResultOperators/type_User_struct{Name_string};type_Node_struct{User_*User};func_f(x_Node?)string{return_x?.User?.Name_??_\"none\"} (0.00s)\n","OutputType":"frame"}
{"Time":"2026-10-03T22:47:17.81817-03:00","Action":"pass","Package":"go/types","Test":"TestOptionResultOperators/type_User_struct{Name_string};type_Node_struct{User_*User};func_f(x_Node?)string{return_x?.User?.Name_??_\"none\"}","Elapsed":0}
{"Time":"2026-10-03T22:47:17.818173-03:00","Action":"run","Package":"go/types","Test":"TestOptionResultOperators/type_User_struct{Name_string};func_f(x_(*User)?)string{return_(x_??_nil)?.Name_??_\"none\"}"}
{"Time":"2026-10-03T22:47:17.818175-03:00","Action":"output","Package":"go/types","Test":"TestOptionResultOperators/type_User_struct{Name_string};func_f(x_(*User)?)string{return_(x_??_nil)?.Name_??_\"none\"}","Output":"=== RUN   TestOptionResultOperators/type_User_struct{Name_string};func_f(x_(*User)?)string{return_(x_??_nil)?.Name_??_\"none\"}\n","OutputType":"frame"}
{"Time":"2026-10-03T22:47:17.818186-03:00","Action":"output","Package":"go/types","Test":"TestOptionResultOperators/type_User_struct{Name_string};func_f(x_(*User)?)string{return_(x_??_nil)?.Name_??_\"none\"}","Output":"--- PASS: TestOptionResultOperators/type_User_struct{Name_string};func_f(x_(*User)?)string{return_(x_??_nil)?.Name_??_\"none\"} (0.00s)\n","OutputType":"frame"}
{"Time":"2026-10-03T22:47:17.818189-03:00","Action":"pass","Package":"go/types","Test":"TestOptionResultOperators/type_User_struct{Name_string};func_f(x_(*User)?)string{return_(x_??_nil)?.Name_??_\"none\"}","Elapsed":0}
{"Time":"2026-10-03T22:47:17.818192-03:00","Action":"run","Package":"go/types","Test":"TestOptionResultOperators/type_User_struct{Name_string};type_Node_struct{User_User?};func_f(x_*Node)string{var_value_User?;if_x!=nil{value=x.User};return_value?.Name_??_\"none\"}"}
{"Time":"2026-10-03T22:47:17.818195-03:00","Action":"output","Package":"go/types","Test":"TestOptionResultOperators/type_User_struct{Name_string};type_Node_struct{User_User?};func_f(x_*Node)string{var_value_User?;if_x!=nil{value=x.User};return_value?.Name_??_\"none\"}","Output":"=== RUN   TestOptionResultOperators/type_User_struct{Name_string};type_Node_struct{User_User?};func_f(x_*Node)string{var_value_User?;if_x!=nil{value=x.User};return_value?.Name_??_\"none\"}\n","OutputType":"frame"}
{"Time":"2026-10-03T22:47:17.818212-03:00","Action":"output","Package":"go/types","Test":"TestOptionResultOperators/type_User_struct{Name_string};type_Node_struct{User_User?};func_f(x_*Node)string{var_value_User?;if_x!=nil{value=x.User};return_value?.Name_??_\"none\"}","Output":"--- PASS: TestOptionResultOperators/type_User_struct{Name_string};type_Node_struct{User_User?};func_f(x_*Node)string{var_value_User?;if_x!=nil{value=x.User};return_value?.Name_??_\"none\"} (0.00s)\n","OutputType":"frame"}
{"Time":"2026-10-03T22:47:17.818217-03:00","Action":"pass","Package":"go/types","Test":"TestOptionResultOperators/type_User_struct{Name_string};type_Node_struct{User_User?};func_f(x_*Node)string{var_value_User?;if_x!=nil{value=x.User};return_value?.Name_??_\"none\"}","Elapsed":0}
{"Time":"2026-10-03T22:47:17.81822-03:00","Action":"run","Package":"go/types","Test":"TestOptionResultOperators/func_f(x_int?)_string?_{_n:=x?;_return_(string?)((string)(string(rune(n))))_}"}
{"Time":"2026-10-03T22:47:17.818223-03:00","Action":"output","Package":"go/types","Test":"TestOptionResultOperators/func_f(x_int?)_string?_{_n:=x?;_return_(string?)((string)(string(rune(n))))_}","Output":"=== RUN   TestOptionResultOperators/func_f(x_int?)_string?_{_n:=x?;_return_(string?)((string)(string(rune(n))))_}\n","OutputType":"frame"}
{"Time":"2026-10-03T22:47:17.818232-03:00","Action":"output","Package":"go/types","Test":"TestOptionResultOperators/func_f(x_int?)_string?_{_n:=x?;_return_(string?)((string)(string(rune(n))))_}","Output":"--- PASS: TestOptionResultOperators/func_f(x_int?)_string?_{_n:=x?;_return_(string?)((string)(string(rune(n))))_} (0.00s)\n","OutputType":"frame"}
{"Time":"2026-10-03T22:47:17.818235-03:00","Action":"pass","Package":"go/types","Test":"TestOptionResultOperators/func_f(x_int?)_string?_{_n:=x?;_return_(string?)((string)(string(rune(n))))_}","Elapsed":0}
{"Time":"2026-10-03T22:47:17.818239-03:00","Action":"run","Package":"go/types","Test":"TestOptionResultOperators/func_f(x_int?)_int_{return_x_??_3}"}
{"Time":"2026-10-03T22:47:17.818241-03:00","Action":"output","Package":"go/types","Test":"TestOptionResultOperators/func_f(x_int?)_int_{return_x_??_3}","Output":"=== RUN   TestOptionResultOperators/func_f(x_int?)_int_{return_x_??_3}\n","OutputType":"frame"}
{"Time":"2026-10-03T22:47:17.818252-03:00","Action":"output","Package":"go/types","Test":"TestOptionResultOperators/func_f(x_int?)_int_{return_x_??_3}","Output":"--- PASS: TestOptionResultOperators/func_f(x_int?)_int_{return_x_??_3} (0.00s)\n","OutputType":"frame"}
{"Time":"2026-10-03T22:47:17.818255-03:00","Action":"pass","Package":"go/types","Test":"TestOptionResultOperators/func_f(x_int?)_int_{return_x_??_3}","Elapsed":0}
{"Time":"2026-10-03T22:47:17.818257-03:00","Action":"run","Package":"go/types","Test":"TestOptionResultOperators/func_f(){var_x_int?;x_??=_3}"}
{"Time":"2026-10-03T22:47:17.81826-03:00","Action":"output","Package":"go/types","Test":"TestOptionResultOperators/func_f(){var_x_int?;x_??=_3}","Output":"=== RUN   TestOptionResultOperators/func_f(){var_x_int?;x_??=_3}\n","OutputType":"frame"}
{"Time":"2026-10-03T22:47:17.818263-03:00","Action":"output","Package":"go/types","Test":"TestOptionResultOperators/func_f(){var_x_int?;x_??=_3}","Output":"--- PASS: TestOptionResultOperators/func_f(){var_x_int?;x_??=_3} (0.00s)\n","OutputType":"frame"}
{"Time":"2026-10-03T22:47:17.818266-03:00","Action":"pass","Package":"go/types","Test":"TestOptionResultOperators/func_f(){var_x_int?;x_??=_3}","Elapsed":0}
{"Time":"2026-10-03T22:47:17.818268-03:00","Action":"run","Package":"go/types","Test":"TestOptionResultOperators/func_f(m_map[string]int?)_{m[\"key\"]_??=_3}"}
{"Time":"2026-10-03T22:47:17.81827-03:00","Action":"output","Package":"go/types","Test":"TestOptionResultOperators/func_f(m_map[string]int?)_{m[\"key\"]_??=_3}","Output":"=== RUN   TestOptionResultOperators/func_f(m_map[string]int?)_{m[\"key\"]_??=_3}\n","OutputType":"frame"}
{"Time":"2026-10-03T22:47:17.818274-03:00","Action":"output","Package":"go/types","Test":"TestOptionResultOperators/func_f(m_map[string]int?)_{m[\"key\"]_??=_3}","Output":"--- PASS: TestOptionResultOperators/func_f(m_map[string]int?)_{m[\"key\"]_??=_3} (0.00s)\n","OutputType":"frame"}
{"Time":"2026-10-03T22:47:17.818276-03:00","Action":"pass","Package":"go/types","Test":"TestOptionResultOperators/func_f(m_map[string]int?)_{m[\"key\"]_??=_3}","Elapsed":0}
{"Time":"2026-10-03T22:47:17.818279-03:00","Action":"run","Package":"go/types","Test":"TestOptionResultOperators/func_makeOption()_int?_{return_(int?)(nil)};func_f(){makeOption()_??=_3}"}
{"Time":"2026-10-03T22:47:17.818281-03:00","Action":"output","Package":"go/types","Test":"TestOptionResultOperators/func_makeOption()_int?_{return_(int?)(nil)};func_f(){makeOption()_??=_3}","Output":"=== RUN   TestOptionResultOperators/func_makeOption()_int?_{return_(int?)(nil)};func_f(){makeOption()_??=_3}\n","OutputType":"frame"}
{"Time":"2026-10-03T22:47:17.818296-03:00","Action":"output","Package":"go/types","Test":"TestOptionResultOperators/func_makeOption()_int?_{return_(int?)(nil)};func_f(){makeOption()_??=_3}","Output":"--- PASS: TestOptionResultOperators/func_makeOption()_int?_{return_(int?)(nil)};func_f(){makeOption()_??=_3} (0.00s)\n","OutputType":"frame"}
{"Time":"2026-10-03T22:47:17.818299-03:00","Action":"pass","Package":"go/types","Test":"TestOptionResultOperators/func_makeOption()_int?_{return_(int?)(nil)};func_f(){makeOption()_??=_3}","Elapsed":0}
{"Time":"2026-10-03T22:47:17.818302-03:00","Action":"run","Package":"go/types","Test":"TestOptionResultOperators/func_f(){var_x_int?;x_??=_(int?)((int)(3))}"}
{"Time":"2026-10-03T22:47:17.818304-03:00","Action":"output","Package":"go/types","Test":"TestOptionResultOperators/func_f(){var_x_int?;x_??=_(int?)((int)(3))}","Output":"=== RUN   TestOptionResultOperators/func_f(){var_x_int?;x_??=_(int?)((int)(3))}\n","OutputType":"frame"}
{"Time":"2026-10-03T22:47:17.818316-03:00","Action":"output","Package":"go/types","Test":"TestOptionResultOperators/func_f(){var_x_int?;x_??=_(int?)((int)(3))}","Output":"--- PASS: TestOptionResultOperators/func_f(){var_x_int?;x_??=_(int?)((int)(3))} (0.00s)\n","OutputType":"frame"}
{"Time":"2026-10-03T22:47:17.818319-03:00","Action":"pass","Package":"go/types","Test":"TestOptionResultOperators/func_f(){var_x_int?;x_??=_(int?)((int)(3))}","Elapsed":0}
{"Time":"2026-10-03T22:47:17.818322-03:00","Action":"run","Package":"go/types","Test":"TestOptionResultOperators/type_User_struct{Name_string};func_f(x_User?)_string{return_x?.Name_??_\"none\"}"}
{"Time":"2026-10-03T22:47:17.818328-03:00","Action":"output","Package":"go/types","Test":"TestOptionResultOperators/type_User_struct{Name_string};func_f(x_User?)_string{return_x?.Name_??_\"none\"}","Output":"=== RUN   TestOptionResultOperators/type_User_struct{Name_string};func_f(x_User?)_string{return_x?.Name_??_\"none\"}\n","OutputType":"frame"}
{"Time":"2026-10-03T22:47:17.818334-03:00","Action":"output","Package":"go/types","Test":"TestOptionResultOperators/type_User_struct{Name_string};func_f(x_User?)_string{return_x?.Name_??_\"none\"}","Output":"--- PASS: TestOptionResultOperators/type_User_struct{Name_string};func_f(x_User?)_string{return_x?.Name_??_\"none\"} (0.00s)\n","OutputType":"frame"}
{"Time":"2026-10-03T22:47:17.818337-03:00","Action":"pass","Package":"go/types","Test":"TestOptionResultOperators/type_User_struct{Name_string};func_f(x_User?)_string{return_x?.Name_??_\"none\"}","Elapsed":0}
{"Time":"2026-10-03T22:47:17.818343-03:00","Action":"run","Package":"go/types","Test":"TestOptionResultOperators/type_User_struct{Name_string};func_f(x_User?)_any{return_x?.Name}"}
{"Time":"2026-10-03T22:47:17.818346-03:00","Action":"output","Package":"go/types","Test":"TestOptionResultOperators/type_User_struct{Name_string};func_f(x_User?)_any{return_x?.Name}","Output":"=== RUN   TestOptionResultOperators/type_User_struct{Name_string};func_f(x_User?)_any{return_x?.Name}\n","OutputType":"frame"}
{"Time":"2026-10-03T22:47:17.818352-03:00","Action":"output","Package":"go/types","Test":"TestOptionResultOperators/type_User_struct{Name_string};func_f(x_User?)_any{return_x?.Name}","Output":"--- PASS: TestOptionResultOperators/type_User_struct{Name_string};func_f(x_User?)_any{return_x?.Name} (0.00s)\n","OutputType":"frame"}
{"Time":"2026-10-03T22:47:17.818355-03:00","Action":"pass","Package":"go/types","Test":"TestOptionResultOperators/type_User_struct{Name_string};func_f(x_User?)_any{return_x?.Name}","Elapsed":0}
{"Time":"2026-10-03T22:47:17.818358-03:00","Action":"run","Package":"go/types","Test":"TestOptionResultOperators/func_f(x_Result[int,string])_Result[string,string]_{n:=x!;return_Result[string,string].Ok(string(rune(n)))}"}
{"Time":"2026-10-03T22:47:17.818361-03:00","Action":"output","Package":"go/types","Test":"TestOptionResultOperators/func_f(x_Result[int,string])_Result[string,string]_{n:=x!;return_Result[string,string].Ok(string(rune(n)))}","Output":"=== RUN   TestOptionResultOperators/func_f(x_Result[int,string])_Result[string,string]_{n:=x!;return_Result[string,string].Ok(string(rune(n)))}\n","OutputType":"frame"}
{"Time":"2026-10-03T22:47:17.818378-03:00","Action":"output","Package":"go/types","Test":"TestOptionResultOperators/func_f(x_Result[int,string])_Result[string,string]_{n:=x!;return_Result[string,string].Ok(string(rune(n)))}","Output":"--- PASS: TestOptionResultOperators/func_f(x_Result[int,string])_Result[string,string]_{n:=x!;return_Result[string,string].Ok(string(rune(n)))} (0.00s)\n","OutputType":"frame"}
{"Time":"2026-10-03T22:47:17.81838-03:00","Action":"pass","Package":"go/types","Test":"TestOptionResultOperators/func_f(x_Result[int,string])_Result[string,string]_{n:=x!;return_Result[string,string].Ok(string(rune(n)))}","Elapsed":0}
{"Time":"2026-10-03T22:47:17.818383-03:00","Action":"run","Package":"go/types","Test":"TestOptionResultOperators/func_f(x_Result[int,string])_int_{return_x_or_e_{panic(e)}}"}
{"Time":"2026-10-03T22:47:17.818386-03:00","Action":"output","Package":"go/types","Test":"TestOptionResultOperators/func_f(x_Result[int,string])_int_{return_x_or_e_{panic(e)}}","Output":"=== RUN   TestOptionResultOperators/func_f(x_Result[int,string])_int_{return_x_or_e_{panic(e)}}\n","OutputType":"frame"}
{"Time":"2026-10-03T22:47:17.818398-03:00","Action":"output","Package":"go/types","Test":"TestOptionResultOperators/func_f(x_Result[int,string])_int_{return_x_or_e_{panic(e)}}","Output":"--- PASS: TestOptionResultOperators/func_f(x_Result[int,string])_int_{return_x_or_e_{panic(e)}} (0.00s)\n","OutputType":"frame"}
{"Time":"2026-10-03T22:47:17.818401-03:00","Action":"pass","Package":"go/types","Test":"TestOptionResultOperators/func_f(x_Result[int,string])_int_{return_x_or_e_{panic(e)}}","Elapsed":0}
{"Time":"2026-10-03T22:47:17.818404-03:00","Action":"run","Package":"go/types","Test":"TestOptionResultOperators/func_f(x_Result[int,error])_Result[int,any]_{n:=x!;return_Result[int,any].Ok(n)}"}
{"Time":"2026-10-03T22:47:17.818406-03:00","Action":"output","Package":"go/types","Test":"TestOptionResultOperators/func_f(x_Result[int,error])_Result[int,any]_{n:=x!;return_Result[int,any].Ok(n)}","Output":"=== RUN   TestOptionResultOperators/func_f(x_Result[int,error])_Result[int,any]_{n:=x!;return_Result[int,any].Ok(n)}\n","OutputType":"frame"}
{"Time":"2026-10-03T22:47:17.818422-03:00","Action":"output","Package":"go/types","Test":"TestOptionResultOperators/func_f(x_Result[int,error])_Result[int,any]_{n:=x!;return_Result[int,any].Ok(n)}","Output":"--- PASS: TestOptionResultOperators/func_f(x_Result[int,error])_Result[int,any]_{n:=x!;return_Result[int,any].Ok(n)} (0.00s)\n","OutputType":"frame"}
{"Time":"2026-10-03T22:47:17.818425-03:00","Action":"pass","Package":"go/types","Test":"TestOptionResultOperators/func_f(x_Result[int,error])_Result[int,any]_{n:=x!;return_Result[int,any].Ok(n)}","Elapsed":0}
{"Time":"2026-10-03T22:47:17.818431-03:00","Action":"run","Package":"go/types","Test":"TestOptionResultOperators/type_Counter_struct{};func(c_*Counter)Increment(){};func_f(x_Counter?){x?.Increment()}"}
{"Time":"2026-10-03T22:47:17.818434-03:00","Action":"output","Package":"go/types","Test":"TestOptionResultOperators/type_Counter_struct{};func(c_*Counter)Increment(){};func_f(x_Counter?){x?.Increment()}","Output":"=== RUN   TestOptionResultOperators/type_Counter_struct{};func(c_*Counter)Increment(){};func_f(x_Counter?){x?.Increment()}\n","OutputType":"frame"}
{"Time":"2026-10-03T22:47:17.818444-03:00","Action":"output","Package":"go/types","Test":"TestOptionResultOperators/type_Counter_struct{};func(c_*Counter)Increment(){};func_f(x_Counter?){x?.Increment()}","Output":"--- PASS: TestOptionResultOperators/type_Counter_struct{};func(c_*Counter)Increment(){};func_f(x_Counter?){x?.Increment()} (0.00s)\n","OutputType":"frame"}
{"Time":"2026-10-03T22:47:17.818447-03:00","Action":"pass","Package":"go/types","Test":"TestOptionResultOperators/type_Counter_struct{};func(c_*Counter)Increment(){};func_f(x_Counter?){x?.Increment()}","Elapsed":0}
{"Time":"2026-10-03T22:47:17.81845-03:00","Action":"run","Package":"go/types","Test":"TestOptionResultOperators/type_Counter_struct{};func(c_*Counter)Increment(){};func_f(x_(*Counter)?){x?.Increment()}"}
{"Time":"2026-10-03T22:47:17.818453-03:00","Action":"output","Package":"go/types","Test":"TestOptionResultOperators/type_Counter_struct{};func(c_*Counter)Increment(){};func_f(x_(*Counter)?){x?.Increment()}","Output":"=== RUN   TestOptionResultOperators/type_Counter_struct{};func(c_*Counter)Increment(){};func_f(x_(*Counter)?){x?.Increment()}\n","OutputType":"frame"}
{"Time":"2026-10-03T22:47:17.818463-03:00","Action":"output","Package":"go/types","Test":"TestOptionResultOperators/type_Counter_struct{};func(c_*Counter)Increment(){};func_f(x_(*Counter)?){x?.Increment()}","Output":"--- PASS: TestOptionResultOperators/type_Counter_struct{};func(c_*Counter)Increment(){};func_f(x_(*Counter)?){x?.Increment()} (0.00s)\n","OutputType":"frame"}
{"Time":"2026-10-03T22:47:17.818466-03:00","Action":"pass","Package":"go/types","Test":"TestOptionResultOperators/type_Counter_struct{};func(c_*Counter)Increment(){};func_f(x_(*Counter)?){x?.Increment()}","Elapsed":0}
{"Time":"2026-10-03T22:47:17.818469-03:00","Action":"run","Package":"go/types","Test":"TestOptionResultOperators/func_f(x_int?)_int_{return_x?}"}
{"Time":"2026-10-03T22:47:17.818471-03:00","Action":"output","Package":"go/types","Test":"TestOptionResultOperators/func_f(x_int?)_int_{return_x?}","Output":"=== RUN   TestOptionResultOperators/func_f(x_int?)_int_{return_x?}\n","OutputType":"frame"}
{"Time":"2026-10-03T22:47:17.818507-03:00","Action":"output","Package":"go/types","Test":"TestOptionResultOperators/func_f(x_int?)_int_{return_x?}","Output":"--- PASS: TestOptionResultOperators/func_f(x_int?)_int_{return_x?} (0.00s)\n","OutputType":"frame"}
{"Time":"2026-10-03T22:47:17.818511-03:00","Action":"pass","Package":"go/types","Test":"TestOptionResultOperators/func_f(x_int?)_int_{return_x?}","Elapsed":0}
{"Time":"2026-10-03T22:47:17.818514-03:00","Action":"run","Package":"go/types","Test":"TestOptionResultOperators/func_f(x_Result[int,string])_int_{return_x!}"}
{"Time":"2026-10-03T22:47:17.818516-03:00","Action":"output","Package":"go/types","Test":"TestOptionResultOperators/func_f(x_Result[int,string])_int_{return_x!}","Output":"=== RUN   TestOptionResultOperators/func_f(x_Result[int,string])_int_{return_x!}\n","OutputType":"frame"}
{"Time":"2026-10-03T22:47:17.818523-03:00","Action":"output","Package":"go/types","Test":"TestOptionResultOperators/func_f(x_Result[int,string])_int_{return_x!}","Output":"--- PASS: TestOptionResultOperators/func_f(x_Result[int,string])_int_{return_x!} (0.00s)\n","OutputType":"frame"}
{"Time":"2026-10-03T22:47:17.818526-03:00","Action":"pass","Package":"go/types","Test":"TestOptionResultOperators/func_f(x_Result[int,string])_int_{return_x!}","Elapsed":0}
{"Time":"2026-10-03T22:47:17.818529-03:00","Action":"run","Package":"go/types","Test":"TestOptionResultOperators/func_f(x_Result[int,string])_Result[int,error]_{n:=x!;return_Result[int,error].Ok(n)}"}
{"Time":"2026-10-03T22:47:17.818532-03:00","Action":"output","Package":"go/types","Test":"TestOptionResultOperators/func_f(x_Result[int,string])_Result[int,error]_{n:=x!;return_Result[int,error].Ok(n)}","Output":"=== RUN   TestOptionResultOperators/func_f(x_Result[int,string])_Result[int,error]_{n:=x!;return_Result[int,error].Ok(n)}\n","OutputType":"frame"}
{"Time":"2026-10-03T22:47:17.818575-03:00","Action":"output","Package":"go/types","Test":"TestOptionResultOperators/func_f(x_Result[int,string])_Result[int,error]_{n:=x!;return_Result[int,error].Ok(n)}","Output":"--- PASS: TestOptionResultOperators/func_f(x_Result[int,string])_Result[int,error]_{n:=x!;return_Result[int,error].Ok(n)} (0.00s)\n","OutputType":"frame"}
{"Time":"2026-10-03T22:47:17.818578-03:00","Action":"pass","Package":"go/types","Test":"TestOptionResultOperators/func_f(x_Result[int,string])_Result[int,error]_{n:=x!;return_Result[int,error].Ok(n)}","Elapsed":0}
{"Time":"2026-10-03T22:47:17.818581-03:00","Action":"run","Package":"go/types","Test":"TestOptionResultOperators/func_f(x_Result[int,string])_int_{return_x_or_e_{__=_e}}"}
{"Time":"2026-10-03T22:47:17.818584-03:00","Action":"output","Package":"go/types","Test":"TestOptionResultOperators/func_f(x_Result[int,string])_int_{return_x_or_e_{__=_e}}","Output":"=== RUN   TestOptionResultOperators/func_f(x_Result[int,string])_int_{return_x_or_e_{__=_e}}\n","OutputType":"frame"}
{"Time":"2026-10-03T22:47:17.818601-03:00","Action":"output","Package":"go/types","Test":"TestOptionResultOperators/func_f(x_Result[int,string])_int_{return_x_or_e_{__=_e}}","Output":"--- PASS: TestOptionResultOperators/func_f(x_Result[int,string])_int_{return_x_or_e_{__=_e}} (0.00s)\n","OutputType":"frame"}
{"Time":"2026-10-03T22:47:17.818605-03:00","Action":"pass","Package":"go/types","Test":"TestOptionResultOperators/func_f(x_Result[int,string])_int_{return_x_or_e_{__=_e}}","Elapsed":0}
{"Time":"2026-10-03T22:47:17.818607-03:00","Action":"run","Package":"go/types","Test":"TestOptionResultOperators/func_f(x_Result[int,string])_int_{return_x_??_0}"}
{"Time":"2026-10-03T22:47:17.81861-03:00","Action":"output","Package":"go/types","Test":"TestOptionResultOperators/func_f(x_Result[int,string])_int_{return_x_??_0}","Output":"=== RUN   TestOptionResultOperators/func_f(x_Result[int,string])_int_{return_x_??_0}\n","OutputType":"frame"}
{"Time":"2026-10-03T22:47:17.818626-03:00","Action":"output","Package":"go/types","Test":"TestOptionResultOperators/func_f(x_Result[int,string])_int_{return_x_??_0}","Output":"--- PASS: TestOptionResultOperators/func_f(x_Result[int,string])_int_{return_x_??_0} (0.00s)\n","OutputType":"frame"}
{"Time":"2026-10-03T22:47:17.818629-03:00","Action":"pass","Package":"go/types","Test":"TestOptionResultOperators/func_f(x_Result[int,string])_int_{return_x_??_0}","Elapsed":0}
{"Time":"2026-10-03T22:47:17.818632-03:00","Action":"run","Package":"go/types","Test":"TestOptionResultOperators/type_Option[T_any]_struct{value_T};func_f(x_Option[int])_Option[int]_{__=_x?;return_x}"}
{"Time":"2026-10-03T22:47:17.818634-03:00","Action":"output","Package":"go/types","Test":"TestOptionResultOperators/type_Option[T_any]_struct{value_T};func_f(x_Option[int])_Option[int]_{__=_x?;return_x}","Output":"=== RUN   TestOptionResultOperators/type_Option[T_any]_struct{value_T};func_f(x_Option[int])_Option[int]_{__=_x?;return_x}\n","OutputType":"frame"}
{"Time":"2026-10-03T22:47:17.818655-03:00","Action":"output","Package":"go/types","Test":"TestOptionResultOperators/type_Option[T_any]_struct{value_T};func_f(x_Option[int])_Option[int]_{__=_x?;return_x}","Output":"--- PASS: TestOptionResultOperators/type_Option[T_any]_struct{value_T};func_f(x_Option[int])_Option[int]_{__=_x?;return_x} (0.00s)\n","OutputType":"frame"}
{"Time":"2026-10-03T22:47:17.818658-03:00","Action":"pass","Package":"go/types","Test":"TestOptionResultOperators/type_Option[T_any]_struct{value_T};func_f(x_Option[int])_Option[int]_{__=_x?;return_x}","Elapsed":0}
{"Time":"2026-10-03T22:47:17.818661-03:00","Action":"output","Package":"go/types","Test":"TestOptionResultOperators","Output":"--- PASS: TestOptionResultOperators (0.00s)\n","OutputType":"frame"}
{"Time":"2026-10-03T22:47:17.818664-03:00","Action":"pass","Package":"go/types","Test":"TestOptionResultOperators","Elapsed":0}
{"Time":"2026-10-03T22:47:17.81888-03:00","Action":"output","Package":"go/types","Output":"PASS\n","OutputType":"frame"}
{"Time":"2026-10-03T22:47:17.819429-03:00","Action":"output","Package":"go/types","Output":"ok  \tgo/types\t0.300s\n"}
{"Time":"2026-10-03T22:47:17.819437-03:00","Action":"pass","Package":"go/types","Elapsed":0.3}
