{"Time":"2026-10-03T22:46:27.645741-03:00","Action":"start","Package":"golang.org/x/tools/go/ssa"}
{"Time":"2026-10-03T22:46:27.924321-03:00","Action":"run","Package":"golang.org/x/tools/go/ssa","Test":"TestGonAlternatives"}
{"Time":"2026-10-03T22:46:27.924404-03:00","Action":"output","Package":"golang.org/x/tools/go/ssa","Test":"TestGonAlternatives","Output":"=== RUN   TestGonAlternatives\n","OutputType":"frame"}
{"Time":"2026-10-03T22:46:27.924472-03:00","Action":"run","Package":"golang.org/x/tools/go/ssa","Test":"TestGonAlternatives/legacy"}
{"Time":"2026-10-03T22:46:27.924493-03:00","Action":"output","Package":"golang.org/x/tools/go/ssa","Test":"TestGonAlternatives/legacy","Output":"=== RUN   TestGonAlternatives/legacy\n","OutputType":"frame"}
{"Time":"2026-10-03T22:46:28.328617-03:00","Action":"output","Package":"golang.org/x/tools/go/ssa","Test":"TestGonAlternatives/legacy","Output":"PASS\n"}
{"Time":"2026-10-03T22:46:28.329155-03:00","Action":"output","Package":"golang.org/x/tools/go/ssa","Test":"TestGonAlternatives/legacy","Output":"--- PASS: TestGonAlternatives/legacy (0.40s)\n","OutputType":"frame"}
{"Time":"2026-10-03T22:46:28.329171-03:00","Action":"pass","Package":"golang.org/x/tools/go/ssa","Test":"TestGonAlternatives/legacy","Elapsed":0.4}
{"Time":"2026-10-03T22:46:28.329191-03:00","Action":"run","Package":"golang.org/x/tools/go/ssa","Test":"TestGonAlternatives/modern"}
{"Time":"2026-10-03T22:46:28.329195-03:00","Action":"output","Package":"golang.org/x/tools/go/ssa","Test":"TestGonAlternatives/modern","Output":"=== RUN   TestGonAlternatives/modern\n","OutputType":"frame"}
{"Time":"2026-10-03T22:46:28.623448-03:00","Action":"output","Package":"golang.org/x/tools/go/ssa","Test":"TestGonAlternatives/modern","Output":"PASS\n"}
{"Time":"2026-10-03T22:46:28.624244-03:00","Action":"output","Package":"golang.org/x/tools/go/ssa","Test":"TestGonAlternatives/modern","Output":"--- PASS: TestGonAlternatives/modern (0.30s)\n","OutputType":"frame"}
{"Time":"2026-10-03T22:46:28.624275-03:00","Action":"pass","Package":"golang.org/x/tools/go/ssa","Test":"TestGonAlternatives/modern","Elapsed":0.3}
{"Time":"2026-10-03T22:46:28.624289-03:00","Action":"output","Package":"golang.org/x/tools/go/ssa","Test":"TestGonAlternatives","Output":"--- PASS: TestGonAlternatives (0.70s)\n","OutputType":"frame"}
{"Time":"2026-10-03T22:46:28.624298-03:00","Action":"pass","Package":"golang.org/x/tools/go/ssa","Test":"TestGonAlternatives","Elapsed":0.7}
{"Time":"2026-10-03T22:46:28.624319-03:00","Action":"run","Package":"golang.org/x/tools/go/ssa","Test":"TestGonSyntaxSimplification"}
{"Time":"2026-10-03T22:46:28.624327-03:00","Action":"output","Package":"golang.org/x/tools/go/ssa","Test":"TestGonSyntaxSimplification","Output":"=== RUN   TestGonSyntaxSimplification\n","OutputType":"frame"}
{"Time":"2026-10-03T22:46:28.624342-03:00","Action":"run","Package":"golang.org/x/tools/go/ssa","Test":"TestGonSyntaxSimplification/legacy"}
{"Time":"2026-10-03T22:46:28.624349-03:00","Action":"output","Package":"golang.org/x/tools/go/ssa","Test":"TestGonSyntaxSimplification/legacy","Output":"=== RUN   TestGonSyntaxSimplification/legacy\n","OutputType":"frame"}
{"Time":"2026-10-03T22:46:29.005082-03:00","Action":"output","Package":"golang.org/x/tools/go/ssa","Test":"TestGonSyntaxSimplification/legacy","Output":"PASS\n"}
{"Time":"2026-10-03T22:46:29.005587-03:00","Action":"output","Package":"golang.org/x/tools/go/ssa","Test":"TestGonSyntaxSimplification/legacy","Output":"--- PASS: TestGonSyntaxSimplification/legacy (0.38s)\n","OutputType":"frame"}
{"Time":"2026-10-03T22:46:29.005605-03:00","Action":"pass","Package":"golang.org/x/tools/go/ssa","Test":"TestGonSyntaxSimplification/legacy","Elapsed":0.38}
{"Time":"2026-10-03T22:46:29.005612-03:00","Action":"run","Package":"golang.org/x/tools/go/ssa","Test":"TestGonSyntaxSimplification/modern"}
{"Time":"2026-10-03T22:46:29.005616-03:00","Action":"output","Package":"golang.org/x/tools/go/ssa","Test":"TestGonSyntaxSimplification/modern","Output":"=== RUN   TestGonSyntaxSimplification/modern\n","OutputType":"frame"}
{"Time":"2026-10-03T22:46:29.29798-03:00","Action":"output","Package":"golang.org/x/tools/go/ssa","Test":"TestGonSyntaxSimplification/modern","Output":"PASS\n"}
{"Time":"2026-10-03T22:46:29.298909-03:00","Action":"output","Package":"golang.org/x/tools/go/ssa","Test":"TestGonSyntaxSimplification/modern","Output":"--- PASS: TestGonSyntaxSimplification/modern (0.29s)\n","OutputType":"frame"}
{"Time":"2026-10-03T22:46:29.298929-03:00","Action":"pass","Package":"golang.org/x/tools/go/ssa","Test":"TestGonSyntaxSimplification/modern","Elapsed":0.29}
{"Time":"2026-10-03T22:46:29.298943-03:00","Action":"output","Package":"golang.org/x/tools/go/ssa","Test":"TestGonSyntaxSimplification","Output":"--- PASS: TestGonSyntaxSimplification (0.67s)\n","OutputType":"frame"}
{"Time":"2026-10-03T22:46:29.298963-03:00","Action":"pass","Package":"golang.org/x/tools/go/ssa","Test":"TestGonSyntaxSimplification","Elapsed":0.67}
{"Time":"2026-10-03T22:46:29.298973-03:00","Action":"run","Package":"golang.org/x/tools/go/ssa","Test":"TestGonConditional"}
{"Time":"2026-10-03T22:46:29.29898-03:00","Action":"output","Package":"golang.org/x/tools/go/ssa","Test":"TestGonConditional","Output":"=== RUN   TestGonConditional\n","OutputType":"frame"}
{"Time":"2026-10-03T22:46:29.299049-03:00","Action":"run","Package":"golang.org/x/tools/go/ssa","Test":"TestGonConditional/conditional_legacy"}
{"Time":"2026-10-03T22:46:29.299058-03:00","Action":"output","Package":"golang.org/x/tools/go/ssa","Test":"TestGonConditional/conditional_legacy","Output":"=== RUN   TestGonConditional/conditional_legacy\n","OutputType":"frame"}
{"Time":"2026-10-03T22:46:29.305458-03:00","Action":"output","Package":"golang.org/x/tools/go/ssa","Test":"TestGonConditional/conditional_legacy","Output":"gon conditional pair passed\n"}
{"Time":"2026-10-03T22:46:29.305484-03:00","Action":"output","Package":"golang.org/x/tools/go/ssa","Test":"TestGonConditional/conditional_legacy","Output":"--- PASS: TestGonConditional/conditional_legacy (0.01s)\n","OutputType":"frame"}
{"Time":"2026-10-03T22:46:29.305493-03:00","Action":"pass","Package":"golang.org/x/tools/go/ssa","Test":"TestGonConditional/conditional_legacy","Elapsed":0.01}
{"Time":"2026-10-03T22:46:29.305501-03:00","Action":"run","Package":"golang.org/x/tools/go/ssa","Test":"TestGonConditional/conditional_modern"}
{"Time":"2026-10-03T22:46:29.305506-03:00","Action":"output","Package":"golang.org/x/tools/go/ssa","Test":"TestGonConditional/conditional_modern","Output":"=== RUN   TestGonConditional/conditional_modern\n","OutputType":"frame"}
{"Time":"2026-10-03T22:46:29.309713-03:00","Action":"output","Package":"golang.org/x/tools/go/ssa","Test":"TestGonConditional/conditional_modern","Output":"gon conditional pair passed\n"}
{"Time":"2026-10-03T22:46:29.309735-03:00","Action":"output","Package":"golang.org/x/tools/go/ssa","Test":"TestGonConditional/conditional_modern","Output":"--- PASS: TestGonConditional/conditional_modern (0.00s)\n","OutputType":"frame"}
{"Time":"2026-10-03T22:46:29.309765-03:00","Action":"pass","Package":"golang.org/x/tools/go/ssa","Test":"TestGonConditional/conditional_modern","Elapsed":0}
{"Time":"2026-10-03T22:46:29.309775-03:00","Action":"output","Package":"golang.org/x/tools/go/ssa","Test":"TestGonConditional","Output":"--- PASS: TestGonConditional (0.01s)\n","OutputType":"frame"}
{"Time":"2026-10-03T22:46:29.309783-03:00","Action":"pass","Package":"golang.org/x/tools/go/ssa","Test":"TestGonConditional","Elapsed":0.01}
{"Time":"2026-10-03T22:46:29.309836-03:00","Action":"run","Package":"golang.org/x/tools/go/ssa","Test":"TestGonConditionalBlocks"}
{"Time":"2026-10-03T22:46:29.309856-03:00","Action":"output","Package":"golang.org/x/tools/go/ssa","Test":"TestGonConditionalBlocks","Output":"=== RUN   TestGonConditionalBlocks\n","OutputType":"frame"}
{"Time":"2026-10-03T22:46:29.310214-03:00","Action":"output","Package":"golang.org/x/tools/go/ssa","Test":"TestGonConditionalBlocks","Output":"--- PASS: TestGonConditionalBlocks (0.00s)\n","OutputType":"frame"}
{"Time":"2026-10-03T22:46:29.310226-03:00","Action":"pass","Package":"golang.org/x/tools/go/ssa","Test":"TestGonConditionalBlocks","Elapsed":0}
{"Time":"2026-10-03T22:46:29.310254-03:00","Action":"run","Package":"golang.org/x/tools/go/ssa","Test":"TestGonFeatures"}
{"Time":"2026-10-03T22:46:29.310261-03:00","Action":"output","Package":"golang.org/x/tools/go/ssa","Test":"TestGonFeatures","Output":"=== RUN   TestGonFeatures\n","OutputType":"frame"}
{"Time":"2026-10-03T22:46:29.310268-03:00","Action":"run","Package":"golang.org/x/tools/go/ssa","Test":"TestGonFeatures/legacy"}
{"Time":"2026-10-03T22:46:29.310279-03:00","Action":"output","Package":"golang.org/x/tools/go/ssa","Test":"TestGonFeatures/legacy","Output":"=== RUN   TestGonFeatures/legacy\n","OutputType":"frame"}
{"Time":"2026-10-03T22:46:29.716202-03:00","Action":"output","Package":"golang.org/x/tools/go/ssa","Test":"TestGonFeatures/legacy","Output":"PASS\n"}
{"Time":"2026-10-03T22:46:29.71682-03:00","Action":"output","Package":"golang.org/x/tools/go/ssa","Test":"TestGonFeatures/legacy","Output":"--- PASS: TestGonFeatures/legacy (0.41s)\n","OutputType":"frame"}
{"Time":"2026-10-03T22:46:29.716832-03:00","Action":"pass","Package":"golang.org/x/tools/go/ssa","Test":"TestGonFeatures/legacy","Elapsed":0.41}
{"Time":"2026-10-03T22:46:29.716844-03:00","Action":"run","Package":"golang.org/x/tools/go/ssa","Test":"TestGonFeatures/modern"}
{"Time":"2026-10-03T22:46:29.716848-03:00","Action":"output","Package":"golang.org/x/tools/go/ssa","Test":"TestGonFeatures/modern","Output":"=== RUN   TestGonFeatures/modern\n","OutputType":"frame"}
{"Time":"2026-10-03T22:46:30.016154-03:00","Action":"output","Package":"golang.org/x/tools/go/ssa","Test":"TestGonFeatures/modern","Output":"PASS\n"}
{"Time":"2026-10-03T22:46:30.016724-03:00","Action":"output","Package":"golang.org/x/tools/go/ssa","Test":"TestGonFeatures/modern","Output":"--- PASS: TestGonFeatures/modern (0.30s)\n","OutputType":"frame"}
{"Time":"2026-10-03T22:46:30.016736-03:00","Action":"pass","Package":"golang.org/x/tools/go/ssa","Test":"TestGonFeatures/modern","Elapsed":0.3}
{"Time":"2026-10-03T22:46:30.016747-03:00","Action":"output","Package":"golang.org/x/tools/go/ssa","Test":"TestGonFeatures","Output":"--- PASS: TestGonFeatures (0.71s)\n","OutputType":"frame"}
{"Time":"2026-10-03T22:46:30.016758-03:00","Action":"pass","Package":"golang.org/x/tools/go/ssa","Test":"TestGonFeatures","Elapsed":0.71}
{"Time":"2026-10-03T22:46:30.016764-03:00","Action":"run","Package":"golang.org/x/tools/go/ssa","Test":"TestGonErrorFlow"}
{"Time":"2026-10-03T22:46:30.016768-03:00","Action":"output","Package":"golang.org/x/tools/go/ssa","Test":"TestGonErrorFlow","Output":"=== RUN   TestGonErrorFlow\n","OutputType":"frame"}
{"Time":"2026-10-03T22:46:30.016772-03:00","Action":"run","Package":"golang.org/x/tools/go/ssa","Test":"TestGonErrorFlow/legacy"}
{"Time":"2026-10-03T22:46:30.016776-03:00","Action":"output","Package":"golang.org/x/tools/go/ssa","Test":"TestGonErrorFlow/legacy","Output":"=== RUN   TestGonErrorFlow/legacy\n","OutputType":"frame"}
{"Time":"2026-10-03T22:46:30.018724-03:00","Action":"output","Package":"golang.org/x/tools/go/ssa","Test":"TestGonErrorFlow/legacy","Output":"gon analysis pair passed\n"}
{"Time":"2026-10-03T22:46:30.018731-03:00","Action":"output","Package":"golang.org/x/tools/go/ssa","Test":"TestGonErrorFlow/legacy","Output":"--- PASS: TestGonErrorFlow/legacy (0.00s)\n","OutputType":"frame"}
{"Time":"2026-10-03T22:46:30.018735-03:00","Action":"pass","Package":"golang.org/x/tools/go/ssa","Test":"TestGonErrorFlow/legacy","Elapsed":0}
{"Time":"2026-10-03T22:46:30.018739-03:00","Action":"run","Package":"golang.org/x/tools/go/ssa","Test":"TestGonErrorFlow/modern"}
{"Time":"2026-10-03T22:46:30.018742-03:00","Action":"output","Package":"golang.org/x/tools/go/ssa","Test":"TestGonErrorFlow/modern","Output":"=== RUN   TestGonErrorFlow/modern\n","OutputType":"frame"}
{"Time":"2026-10-03T22:46:30.020436-03:00","Action":"output","Package":"golang.org/x/tools/go/ssa","Test":"TestGonErrorFlow/modern","Output":"gon analysis pair passed\n"}
{"Time":"2026-10-03T22:46:30.020477-03:00","Action":"output","Package":"golang.org/x/tools/go/ssa","Test":"TestGonErrorFlow/modern","Output":"--- PASS: TestGonErrorFlow/modern (0.00s)\n","OutputType":"frame"}
{"Time":"2026-10-03T22:46:30.020526-03:00","Action":"pass","Package":"golang.org/x/tools/go/ssa","Test":"TestGonErrorFlow/modern","Elapsed":0}
{"Time":"2026-10-03T22:46:30.020535-03:00","Action":"output","Package":"golang.org/x/tools/go/ssa","Test":"TestGonErrorFlow","Output":"--- PASS: TestGonErrorFlow (0.00s)\n","OutputType":"frame"}
{"Time":"2026-10-03T22:46:30.020541-03:00","Action":"pass","Package":"golang.org/x/tools/go/ssa","Test":"TestGonErrorFlow","Elapsed":0}
{"Time":"2026-10-03T22:46:30.020546-03:00","Action":"run","Package":"golang.org/x/tools/go/ssa","Test":"TestGonNamedArguments"}
{"Time":"2026-10-03T22:46:30.02055-03:00","Action":"output","Package":"golang.org/x/tools/go/ssa","Test":"TestGonNamedArguments","Output":"=== RUN   TestGonNamedArguments\n","OutputType":"frame"}
{"Time":"2026-10-03T22:46:30.020555-03:00","Action":"run","Package":"golang.org/x/tools/go/ssa","Test":"TestGonNamedArguments/legacy"}
{"Time":"2026-10-03T22:46:30.020559-03:00","Action":"output","Package":"golang.org/x/tools/go/ssa","Test":"TestGonNamedArguments/legacy","Output":"=== RUN   TestGonNamedArguments/legacy\n","OutputType":"frame"}
{"Time":"2026-10-03T22:46:30.401046-03:00","Action":"output","Package":"golang.org/x/tools/go/ssa","Test":"TestGonNamedArguments/legacy","Output":"PASS\n"}
{"Time":"2026-10-03T22:46:30.401608-03:00","Action":"output","Package":"golang.org/x/tools/go/ssa","Test":"TestGonNamedArguments/legacy","Output":"--- PASS: TestGonNamedArguments/legacy (0.38s)\n","OutputType":"frame"}
{"Time":"2026-10-03T22:46:30.401621-03:00","Action":"pass","Package":"golang.org/x/tools/go/ssa","Test":"TestGonNamedArguments/legacy","Elapsed":0.38}
{"Time":"2026-10-03T22:46:30.401626-03:00","Action":"run","Package":"golang.org/x/tools/go/ssa","Test":"TestGonNamedArguments/modern"}
{"Time":"2026-10-03T22:46:30.40163-03:00","Action":"output","Package":"golang.org/x/tools/go/ssa","Test":"TestGonNamedArguments/modern","Output":"=== RUN   TestGonNamedArguments/modern\n","OutputType":"frame"}
{"Time":"2026-10-03T22:46:30.698891-03:00","Action":"output","Package":"golang.org/x/tools/go/ssa","Test":"TestGonNamedArguments/modern","Output":"PASS\n"}
{"Time":"2026-10-03T22:46:30.699865-03:00","Action":"output","Package":"golang.org/x/tools/go/ssa","Test":"TestGonNamedArguments/modern","Output":"--- PASS: TestGonNamedArguments/modern (0.30s)\n","OutputType":"frame"}
{"Time":"2026-10-03T22:46:30.699907-03:00","Action":"pass","Package":"golang.org/x/tools/go/ssa","Test":"TestGonNamedArguments/modern","Elapsed":0.3}
{"Time":"2026-10-03T22:46:30.699922-03:00","Action":"output","Package":"golang.org/x/tools/go/ssa","Test":"TestGonNamedArguments","Output":"--- PASS: TestGonNamedArguments (0.68s)\n","OutputType":"frame"}
{"Time":"2026-10-03T22:46:30.69993-03:00","Action":"pass","Package":"golang.org/x/tools/go/ssa","Test":"TestGonNamedArguments","Elapsed":0.68}
{"Time":"2026-10-03T22:46:30.699939-03:00","Action":"output","Package":"golang.org/x/tools/go/ssa","Output":"PASS\n","OutputType":"frame"}
{"Time":"2026-10-03T22:46:30.701151-03:00","Action":"output","Package":"golang.org/x/tools/go/ssa","Output":"ok  \tgolang.org/x/tools/go/ssa\t3.055s\n"}
{"Time":"2026-10-03T22:46:30.701171-03:00","Action":"pass","Package":"golang.org/x/tools/go/ssa","Elapsed":3.055}
