{"Time":"2026-10-03T22:46:04.192783-03:00","Action":"start","Package":"honnef.co/go/tools/analysis/code"}
{"Time":"2026-10-03T22:46:04.192915-03:00","Action":"start","Package":"honnef.co/go/tools/go/ast/astutil"}
{"Time":"2026-10-03T22:46:04.192973-03:00","Action":"start","Package":"honnef.co/go/tools/go/types/typeutil"}
{"Time":"2026-10-03T22:46:04.410157-03:00","Action":"run","Package":"honnef.co/go/tools/go/types/typeutil","Test":"TestGonOptionalUnify"}
{"Time":"2026-10-03T22:46:04.410353-03:00","Action":"output","Package":"honnef.co/go/tools/go/types/typeutil","Test":"TestGonOptionalUnify","Output":"=== RUN   TestGonOptionalUnify\n","OutputType":"frame"}
{"Time":"2026-10-03T22:46:04.410484-03:00","Action":"output","Package":"honnef.co/go/tools/go/types/typeutil","Test":"TestGonOptionalUnify","Output":"--- PASS: TestGonOptionalUnify (0.00s)\n","OutputType":"frame"}
{"Time":"2026-10-03T22:46:04.410501-03:00","Action":"pass","Package":"honnef.co/go/tools/go/types/typeutil","Test":"TestGonOptionalUnify","Elapsed":0}
{"Time":"2026-10-03T22:46:04.410591-03:00","Action":"output","Package":"honnef.co/go/tools/go/types/typeutil","Output":"PASS\n","OutputType":"frame"}
{"Time":"2026-10-03T22:46:04.411032-03:00","Action":"output","Package":"honnef.co/go/tools/go/types/typeutil","Output":"ok  \thonnef.co/go/tools/go/types/typeutil\t0.218s\n"}
{"Time":"2026-10-03T22:46:04.411063-03:00","Action":"pass","Package":"honnef.co/go/tools/go/types/typeutil","Elapsed":0.218}
{"Time":"2026-10-03T22:46:04.436551-03:00","Action":"run","Package":"honnef.co/go/tools/go/ast/astutil","Test":"TestGonTransformSafety"}
{"Time":"2026-10-03T22:46:04.436581-03:00","Action":"output","Package":"honnef.co/go/tools/go/ast/astutil","Test":"TestGonTransformSafety","Output":"=== RUN   TestGonTransformSafety\n","OutputType":"frame"}
{"Time":"2026-10-03T22:46:04.436653-03:00","Action":"output","Package":"honnef.co/go/tools/go/ast/astutil","Test":"TestGonTransformSafety","Output":"--- PASS: TestGonTransformSafety (0.00s)\n","OutputType":"frame"}
{"Time":"2026-10-03T22:46:04.436659-03:00","Action":"pass","Package":"honnef.co/go/tools/go/ast/astutil","Test":"TestGonTransformSafety","Elapsed":0}
{"Time":"2026-10-03T22:46:04.436665-03:00","Action":"output","Package":"honnef.co/go/tools/go/ast/astutil","Output":"PASS\n","OutputType":"frame"}
{"Time":"2026-10-03T22:46:04.437069-03:00","Action":"output","Package":"honnef.co/go/tools/go/ast/astutil","Output":"ok  \thonnef.co/go/tools/go/ast/astutil\t0.244s\n"}
{"Time":"2026-10-03T22:46:04.43708-03:00","Action":"pass","Package":"honnef.co/go/tools/go/ast/astutil","Elapsed":0.244}
{"Time":"2026-10-03T22:46:04.477082-03:00","Action":"run","Package":"honnef.co/go/tools/analysis/code","Test":"TestGonEffects"}
{"Time":"2026-10-03T22:46:04.477129-03:00","Action":"output","Package":"honnef.co/go/tools/analysis/code","Test":"TestGonEffects","Output":"=== RUN   TestGonEffects\n","OutputType":"frame"}
{"Time":"2026-10-03T22:46:04.477465-03:00","Action":"output","Package":"honnef.co/go/tools/analysis/code","Test":"TestGonEffects","Output":"--- PASS: TestGonEffects (0.00s)\n","OutputType":"frame"}
{"Time":"2026-10-03T22:46:04.477478-03:00","Action":"pass","Package":"honnef.co/go/tools/analysis/code","Test":"TestGonEffects","Elapsed":0}
{"Time":"2026-10-03T22:46:04.477488-03:00","Action":"output","Package":"honnef.co/go/tools/analysis/code","Output":"PASS\n","OutputType":"frame"}
{"Time":"2026-10-03T22:46:04.478154-03:00","Action":"output","Package":"honnef.co/go/tools/analysis/code","Output":"ok  \thonnef.co/go/tools/analysis/code\t0.285s\n"}
{"Time":"2026-10-03T22:46:04.478172-03:00","Action":"pass","Package":"honnef.co/go/tools/analysis/code","Elapsed":0.285}
