{"Time":"2026-10-03T22:45:58.694739-03:00","Action":"start","Package":"golang.org/x/tools/go/ast/inspector"}
{"Time":"2026-10-03T22:45:58.694839-03:00","Action":"start","Package":"golang.org/x/tools/go/ast/astutil"}
{"Time":"2026-10-03T22:45:58.694879-03:00","Action":"start","Package":"golang.org/x/tools/go/ast/edge"}
{"Time":"2026-10-03T22:45:58.784935-03:00","Action":"start","Package":"golang.org/x/tools/go/cfg"}
{"Time":"2026-10-03T22:45:58.889986-03:00","Action":"output","Package":"golang.org/x/tools/go/ast/edge","Output":"testing: warning: no tests to run\n"}
{"Time":"2026-10-03T22:45:58.89006-03:00","Action":"output","Package":"golang.org/x/tools/go/ast/edge","Output":"PASS\n","OutputType":"frame"}
{"Time":"2026-10-03T22:45:58.890335-03:00","Action":"output","Package":"golang.org/x/tools/go/ast/edge","Output":"ok  \tgolang.org/x/tools/go/ast/edge\t0.195s [no tests to run]\n"}
{"Time":"2026-10-03T22:45:58.890351-03:00","Action":"pass","Package":"golang.org/x/tools/go/ast/edge","Elapsed":0.195}
{"Time":"2026-10-03T22:45:58.892113-03:00","Action":"run","Package":"golang.org/x/tools/go/ast/astutil","Test":"TestCondExpr"}
{"Time":"2026-10-03T22:45:58.892127-03:00","Action":"output","Package":"golang.org/x/tools/go/ast/astutil","Test":"TestCondExpr","Output":"=== RUN   TestCondExpr\n","OutputType":"frame"}
{"Time":"2026-10-03T22:45:58.892404-03:00","Action":"output","Package":"golang.org/x/tools/go/ast/astutil","Test":"TestCondExpr","Output":"--- PASS: TestCondExpr (0.00s)\n","OutputType":"frame"}
{"Time":"2026-10-03T22:45:58.892415-03:00","Action":"pass","Package":"golang.org/x/tools/go/ast/astutil","Test":"TestCondExpr","Elapsed":0}
{"Time":"2026-10-03T22:45:58.892419-03:00","Action":"run","Package":"golang.org/x/tools/go/ast/astutil","Test":"TestCondExprMissingElse"}
{"Time":"2026-10-03T22:45:58.892423-03:00","Action":"output","Package":"golang.org/x/tools/go/ast/astutil","Test":"TestCondExprMissingElse","Output":"=== RUN   TestCondExprMissingElse\n","OutputType":"frame"}
{"Time":"2026-10-03T22:45:58.89246-03:00","Action":"output","Package":"golang.org/x/tools/go/ast/astutil","Test":"TestCondExprMissingElse","Output":"--- PASS: TestCondExprMissingElse (0.00s)\n","OutputType":"frame"}
{"Time":"2026-10-03T22:45:58.892467-03:00","Action":"pass","Package":"golang.org/x/tools/go/ast/astutil","Test":"TestCondExprMissingElse","Elapsed":0}
{"Time":"2026-10-03T22:45:58.892471-03:00","Action":"run","Package":"golang.org/x/tools/go/ast/astutil","Test":"TestGonFeatureRewrites"}
{"Time":"2026-10-03T22:45:58.892474-03:00","Action":"output","Package":"golang.org/x/tools/go/ast/astutil","Test":"TestGonFeatureRewrites","Output":"=== RUN   TestGonFeatureRewrites\n","OutputType":"frame"}
{"Time":"2026-10-03T22:45:58.89253-03:00","Action":"output","Package":"golang.org/x/tools/go/ast/astutil","Test":"TestGonFeatureRewrites","Output":"--- PASS: TestGonFeatureRewrites (0.00s)\n","OutputType":"frame"}
{"Time":"2026-10-03T22:45:58.892535-03:00","Action":"pass","Package":"golang.org/x/tools/go/ast/astutil","Test":"TestGonFeatureRewrites","Elapsed":0}
{"Time":"2026-10-03T22:45:58.892571-03:00","Action":"run","Package":"golang.org/x/tools/go/ast/astutil","Test":"TestGonAlternativesReplacement"}
{"Time":"2026-10-03T22:45:58.892578-03:00","Action":"output","Package":"golang.org/x/tools/go/ast/astutil","Test":"TestGonAlternativesReplacement","Output":"=== RUN   TestGonAlternativesReplacement\n","OutputType":"frame"}
{"Time":"2026-10-03T22:45:58.892619-03:00","Action":"output","Package":"golang.org/x/tools/go/ast/astutil","Test":"TestGonAlternativesReplacement","Output":"--- PASS: TestGonAlternativesReplacement (0.00s)\n","OutputType":"frame"}
{"Time":"2026-10-03T22:45:58.892627-03:00","Action":"pass","Package":"golang.org/x/tools/go/ast/astutil","Test":"TestGonAlternativesReplacement","Elapsed":0}
{"Time":"2026-10-03T22:45:58.892637-03:00","Action":"output","Package":"golang.org/x/tools/go/ast/astutil","Output":"PASS\n","OutputType":"frame"}
{"Time":"2026-10-03T22:45:58.892967-03:00","Action":"output","Package":"golang.org/x/tools/go/ast/astutil","Output":"ok  \tgolang.org/x/tools/go/ast/astutil\t0.198s\n"}
{"Time":"2026-10-03T22:45:58.892989-03:00","Action":"pass","Package":"golang.org/x/tools/go/ast/astutil","Elapsed":0.198}
{"Time":"2026-10-03T22:45:58.918731-03:00","Action":"start","Package":"golang.org/x/tools/refactor/satisfy"}
{"Time":"2026-10-03T22:45:58.920729-03:00","Action":"start","Package":"golang.org/x/tools/internal/typesinternal"}
{"Time":"2026-10-03T22:45:58.933306-03:00","Action":"run","Package":"golang.org/x/tools/go/ast/inspector","Test":"TestGonAlternativesInventory"}
{"Time":"2026-10-03T22:45:58.933363-03:00","Action":"output","Package":"golang.org/x/tools/go/ast/inspector","Test":"TestGonAlternativesInventory","Output":"=== RUN   TestGonAlternativesInventory\n","OutputType":"frame"}
{"Time":"2026-10-03T22:45:58.933375-03:00","Action":"output","Package":"golang.org/x/tools/go/ast/inspector","Test":"TestGonAlternativesInventory","Output":"--- PASS: TestGonAlternativesInventory (0.00s)\n","OutputType":"frame"}
{"Time":"2026-10-03T22:45:58.933381-03:00","Action":"pass","Package":"golang.org/x/tools/go/ast/inspector","Test":"TestGonAlternativesInventory","Elapsed":0}
{"Time":"2026-10-03T22:45:58.933387-03:00","Action":"run","Package":"golang.org/x/tools/go/ast/inspector","Test":"TestCondExpr"}
{"Time":"2026-10-03T22:45:58.933391-03:00","Action":"output","Package":"golang.org/x/tools/go/ast/inspector","Test":"TestCondExpr","Output":"=== RUN   TestCondExpr\n","OutputType":"frame"}
{"Time":"2026-10-03T22:45:58.933397-03:00","Action":"output","Package":"golang.org/x/tools/go/ast/inspector","Test":"TestCondExpr","Output":"--- PASS: TestCondExpr (0.00s)\n","OutputType":"frame"}
{"Time":"2026-10-03T22:45:58.933402-03:00","Action":"pass","Package":"golang.org/x/tools/go/ast/inspector","Test":"TestCondExpr","Elapsed":0}
{"Time":"2026-10-03T22:45:58.933406-03:00","Action":"run","Package":"golang.org/x/tools/go/ast/inspector","Test":"TestErrorHandling"}
{"Time":"2026-10-03T22:45:58.93341-03:00","Action":"output","Package":"golang.org/x/tools/go/ast/inspector","Test":"TestErrorHandling","Output":"=== RUN   TestErrorHandling\n","OutputType":"frame"}
{"Time":"2026-10-03T22:45:58.933421-03:00","Action":"output","Package":"golang.org/x/tools/go/ast/inspector","Test":"TestErrorHandling","Output":"--- PASS: TestErrorHandling (0.00s)\n","OutputType":"frame"}
{"Time":"2026-10-03T22:45:58.933426-03:00","Action":"pass","Package":"golang.org/x/tools/go/ast/inspector","Test":"TestErrorHandling","Elapsed":0}
{"Time":"2026-10-03T22:45:58.93343-03:00","Action":"run","Package":"golang.org/x/tools/go/ast/inspector","Test":"TestGonFeatureEdges"}
{"Time":"2026-10-03T22:45:58.933433-03:00","Action":"output","Package":"golang.org/x/tools/go/ast/inspector","Test":"TestGonFeatureEdges","Output":"=== RUN   TestGonFeatureEdges\n","OutputType":"frame"}
{"Time":"2026-10-03T22:45:58.933449-03:00","Action":"output","Package":"golang.org/x/tools/go/ast/inspector","Test":"TestGonFeatureEdges","Output":"--- PASS: TestGonFeatureEdges (0.00s)\n","OutputType":"frame"}
{"Time":"2026-10-03T22:45:58.933454-03:00","Action":"pass","Package":"golang.org/x/tools/go/ast/inspector","Test":"TestGonFeatureEdges","Elapsed":0}
{"Time":"2026-10-03T22:45:58.933487-03:00","Action":"run","Package":"golang.org/x/tools/go/ast/inspector","Test":"TestInspectAllNodes"}
{"Time":"2026-10-03T22:45:58.933492-03:00","Action":"output","Package":"golang.org/x/tools/go/ast/inspector","Test":"TestInspectAllNodes","Output":"=== RUN   TestInspectAllNodes\n","OutputType":"frame"}
{"Time":"2026-10-03T22:45:58.936719-03:00","Action":"output","Package":"golang.org/x/tools/go/ast/inspector","Test":"TestInspectAllNodes","Output":"--- PASS: TestInspectAllNodes (0.00s)\n","OutputType":"frame"}
{"Time":"2026-10-03T22:45:58.936739-03:00","Action":"pass","Package":"golang.org/x/tools/go/ast/inspector","Test":"TestInspectAllNodes","Elapsed":0}
{"Time":"2026-10-03T22:45:58.936747-03:00","Action":"output","Package":"golang.org/x/tools/go/ast/inspector","Output":"PASS\n","OutputType":"frame"}
{"Time":"2026-10-03T22:45:58.937375-03:00","Action":"output","Package":"golang.org/x/tools/go/ast/inspector","Output":"ok  \tgolang.org/x/tools/go/ast/inspector\t0.242s\n"}
{"Time":"2026-10-03T22:45:58.937412-03:00","Action":"pass","Package":"golang.org/x/tools/go/ast/inspector","Elapsed":0.243}
{"Time":"2026-10-03T22:45:59.025949-03:00","Action":"run","Package":"golang.org/x/tools/go/cfg","Test":"TestGonAlternatives"}
{"Time":"2026-10-03T22:45:59.026019-03:00","Action":"output","Package":"golang.org/x/tools/go/cfg","Test":"TestGonAlternatives","Output":"=== RUN   TestGonAlternatives\n","OutputType":"frame"}
{"Time":"2026-10-03T22:45:59.02605-03:00","Action":"run","Package":"golang.org/x/tools/go/cfg","Test":"TestGonAlternatives/__=_Option[int].None?;_panic(0)"}
{"Time":"2026-10-03T22:45:59.026056-03:00","Action":"output","Package":"golang.org/x/tools/go/cfg","Test":"TestGonAlternatives/__=_Option[int].None?;_panic(0)","Output":"=== RUN   TestGonAlternatives/__=_Option[int].None?;_panic(0)\n","OutputType":"frame"}
{"Time":"2026-10-03T22:45:59.026272-03:00","Action":"output","Package":"golang.org/x/tools/go/cfg","Test":"TestGonAlternatives/__=_Option[int].None?;_panic(0)","Output":"--- PASS: TestGonAlternatives/__=_Option[int].None?;_panic(0) (0.00s)\n","OutputType":"frame"}
{"Time":"2026-10-03T22:45:59.02628-03:00","Action":"pass","Package":"golang.org/x/tools/go/cfg","Test":"TestGonAlternatives/__=_Option[int].None?;_panic(0)","Elapsed":0}
{"Time":"2026-10-03T22:45:59.026287-03:00","Action":"run","Package":"golang.org/x/tools/go/cfg","Test":"TestGonAlternatives/__=_switch_value_{_case_Event.A_=\u003e_fail()?;_default_=\u003e_1_};_panic(0)"}
{"Time":"2026-10-03T22:45:59.026292-03:00","Action":"output","Package":"golang.org/x/tools/go/cfg","Test":"TestGonAlternatives/__=_switch_value_{_case_Event.A_=\u003e_fail()?;_default_=\u003e_1_};_panic(0)","Output":"=== RUN   TestGonAlternatives/__=_switch_value_{_case_Event.A_=\u003e_fail()?;_default_=\u003e_1_};_panic(0)\n","OutputType":"frame"}
{"Time":"2026-10-03T22:45:59.026309-03:00","Action":"output","Package":"golang.org/x/tools/go/cfg","Test":"TestGonAlternatives/__=_switch_value_{_case_Event.A_=\u003e_fail()?;_default_=\u003e_1_};_panic(0)","Output":"--- PASS: TestGonAlternatives/__=_switch_value_{_case_Event.A_=\u003e_fail()?;_default_=\u003e_1_};_panic(0) (0.00s)\n","OutputType":"frame"}
{"Time":"2026-10-03T22:45:59.026315-03:00","Action":"pass","Package":"golang.org/x/tools/go/cfg","Test":"TestGonAlternatives/__=_switch_value_{_case_Event.A_=\u003e_fail()?;_default_=\u003e_1_};_panic(0)","Elapsed":0}
{"Time":"2026-10-03T22:45:59.02632-03:00","Action":"run","Package":"golang.org/x/tools/go/cfg","Test":"TestGonAlternatives/switch_value_{_case_Event.A_=\u003e_{_return_};_default_=\u003e_{_panic(0)_}_}"}
{"Time":"2026-10-03T22:45:59.026324-03:00","Action":"output","Package":"golang.org/x/tools/go/cfg","Test":"TestGonAlternatives/switch_value_{_case_Event.A_=\u003e_{_return_};_default_=\u003e_{_panic(0)_}_}","Output":"=== RUN   TestGonAlternatives/switch_value_{_case_Event.A_=\u003e_{_return_};_default_=\u003e_{_panic(0)_}_}\n","OutputType":"frame"}
{"Time":"2026-10-03T22:45:59.02633-03:00","Action":"output","Package":"golang.org/x/tools/go/cfg","Test":"TestGonAlternatives/switch_value_{_case_Event.A_=\u003e_{_return_};_default_=\u003e_{_panic(0)_}_}","Output":"--- PASS: TestGonAlternatives/switch_value_{_case_Event.A_=\u003e_{_return_};_default_=\u003e_{_panic(0)_}_} (0.00s)\n","OutputType":"frame"}
{"Time":"2026-10-03T22:45:59.026334-03:00","Action":"pass","Package":"golang.org/x/tools/go/cfg","Test":"TestGonAlternatives/switch_value_{_case_Event.A_=\u003e_{_return_};_default_=\u003e_{_panic(0)_}_}","Elapsed":0}
{"Time":"2026-10-03T22:45:59.02634-03:00","Action":"run","Package":"golang.org/x/tools/go/cfg","Test":"TestGonAlternatives/switch_value_{_case_Event.A_if_guard()_=\u003e_{_panic(0)_};_default_=\u003e_{_panic(0)_}_}"}
{"Time":"2026-10-03T22:45:59.026343-03:00","Action":"output","Package":"golang.org/x/tools/go/cfg","Test":"TestGonAlternatives/switch_value_{_case_Event.A_if_guard()_=\u003e_{_panic(0)_};_default_=\u003e_{_panic(0)_}_}","Output":"=== RUN   TestGonAlternatives/switch_value_{_case_Event.A_if_guard()_=\u003e_{_panic(0)_};_default_=\u003e_{_panic(0)_}_}\n","OutputType":"frame"}
{"Time":"2026-10-03T22:45:59.026358-03:00","Action":"output","Package":"golang.org/x/tools/go/cfg","Test":"TestGonAlternatives/switch_value_{_case_Event.A_if_guard()_=\u003e_{_panic(0)_};_default_=\u003e_{_panic(0)_}_}","Output":"--- PASS: TestGonAlternatives/switch_value_{_case_Event.A_if_guard()_=\u003e_{_panic(0)_};_default_=\u003e_{_panic(0)_}_} (0.00s)\n","OutputType":"frame"}
{"Time":"2026-10-03T22:45:59.026366-03:00","Action":"pass","Package":"golang.org/x/tools/go/cfg","Test":"TestGonAlternatives/switch_value_{_case_Event.A_if_guard()_=\u003e_{_panic(0)_};_default_=\u003e_{_panic(0)_}_}","Elapsed":0}
{"Time":"2026-10-03T22:45:59.02637-03:00","Action":"run","Package":"golang.org/x/tools/go/cfg","Test":"TestGonAlternatives/L:_switch_value_{_case_Event.A_=\u003e_{_break_L_};_default_=\u003e_{_panic(0)_}_};_panic(0)"}
{"Time":"2026-10-03T22:45:59.026374-03:00","Action":"output","Package":"golang.org/x/tools/go/cfg","Test":"TestGonAlternatives/L:_switch_value_{_case_Event.A_=\u003e_{_break_L_};_default_=\u003e_{_panic(0)_}_};_panic(0)","Output":"=== RUN   TestGonAlternatives/L:_switch_value_{_case_Event.A_=\u003e_{_break_L_};_default_=\u003e_{_panic(0)_}_};_panic(0)\n","OutputType":"frame"}
{"Time":"2026-10-03T22:45:59.026398-03:00","Action":"output","Package":"golang.org/x/tools/go/cfg","Test":"TestGonAlternatives/L:_switch_value_{_case_Event.A_=\u003e_{_break_L_};_default_=\u003e_{_panic(0)_}_};_panic(0)","Output":"--- PASS: TestGonAlternatives/L:_switch_value_{_case_Event.A_=\u003e_{_break_L_};_default_=\u003e_{_panic(0)_}_};_panic(0) (0.00s)\n","OutputType":"frame"}
{"Time":"2026-10-03T22:45:59.026404-03:00","Action":"pass","Package":"golang.org/x/tools/go/cfg","Test":"TestGonAlternatives/L:_switch_value_{_case_Event.A_=\u003e_{_break_L_};_default_=\u003e_{_panic(0)_}_};_panic(0)","Elapsed":0}
{"Time":"2026-10-03T22:45:59.026417-03:00","Action":"output","Package":"golang.org/x/tools/go/cfg","Test":"TestGonAlternatives","Output":"--- PASS: TestGonAlternatives (0.00s)\n","OutputType":"frame"}
{"Time":"2026-10-03T22:45:59.026423-03:00","Action":"pass","Package":"golang.org/x/tools/go/cfg","Test":"TestGonAlternatives","Elapsed":0}
{"Time":"2026-10-03T22:45:59.026427-03:00","Action":"run","Package":"golang.org/x/tools/go/cfg","Test":"TestCondExprControlFlow"}
{"Time":"2026-10-03T22:45:59.026431-03:00","Action":"output","Package":"golang.org/x/tools/go/cfg","Test":"TestCondExprControlFlow","Output":"=== RUN   TestCondExprControlFlow\n","OutputType":"frame"}
{"Time":"2026-10-03T22:45:59.02645-03:00","Action":"run","Package":"golang.org/x/tools/go/cfg","Test":"TestCondExprControlFlow/__=_if_c_{_1_}_else_{_2_};_panic(0)"}
{"Time":"2026-10-03T22:45:59.026454-03:00","Action":"output","Package":"golang.org/x/tools/go/cfg","Test":"TestCondExprControlFlow/__=_if_c_{_1_}_else_{_2_};_panic(0)","Output":"=== RUN   TestCondExprControlFlow/__=_if_c_{_1_}_else_{_2_};_panic(0)\n","OutputType":"frame"}
{"Time":"2026-10-03T22:45:59.026468-03:00","Action":"output","Package":"golang.org/x/tools/go/cfg","Test":"TestCondExprControlFlow/__=_if_c_{_1_}_else_{_2_};_panic(0)","Output":"--- PASS: TestCondExprControlFlow/__=_if_c_{_1_}_else_{_2_};_panic(0) (0.00s)\n","OutputType":"frame"}
{"Time":"2026-10-03T22:45:59.026473-03:00","Action":"pass","Package":"golang.org/x/tools/go/cfg","Test":"TestCondExprControlFlow/__=_if_c_{_1_}_else_{_2_};_panic(0)","Elapsed":0}
{"Time":"2026-10-03T22:45:59.026477-03:00","Action":"run","Package":"golang.org/x/tools/go/cfg","Test":"TestCondExprControlFlow/panic(if_c_{_1_}_else_{_2_})"}
{"Time":"2026-10-03T22:45:59.026481-03:00","Action":"output","Package":"golang.org/x/tools/go/cfg","Test":"TestCondExprControlFlow/panic(if_c_{_1_}_else_{_2_})","Output":"=== RUN   TestCondExprControlFlow/panic(if_c_{_1_}_else_{_2_})\n","OutputType":"frame"}
{"Time":"2026-10-03T22:45:59.026493-03:00","Action":"output","Package":"golang.org/x/tools/go/cfg","Test":"TestCondExprControlFlow/panic(if_c_{_1_}_else_{_2_})","Output":"--- PASS: TestCondExprControlFlow/panic(if_c_{_1_}_else_{_2_}) (0.00s)\n","OutputType":"frame"}
{"Time":"2026-10-03T22:45:59.026503-03:00","Action":"pass","Package":"golang.org/x/tools/go/cfg","Test":"TestCondExprControlFlow/panic(if_c_{_1_}_else_{_2_})","Elapsed":0}
{"Time":"2026-10-03T22:45:59.026508-03:00","Action":"run","Package":"golang.org/x/tools/go/cfg","Test":"TestCondExprControlFlow/return_if_c_{_1_}_else_{_2_}"}
{"Time":"2026-10-03T22:45:59.026511-03:00","Action":"output","Package":"golang.org/x/tools/go/cfg","Test":"TestCondExprControlFlow/return_if_c_{_1_}_else_{_2_}","Output":"=== RUN   TestCondExprControlFlow/return_if_c_{_1_}_else_{_2_}\n","OutputType":"frame"}
{"Time":"2026-10-03T22:45:59.026516-03:00","Action":"output","Package":"golang.org/x/tools/go/cfg","Test":"TestCondExprControlFlow/return_if_c_{_1_}_else_{_2_}","Output":"--- PASS: TestCondExprControlFlow/return_if_c_{_1_}_else_{_2_} (0.00s)\n","OutputType":"frame"}
{"Time":"2026-10-03T22:45:59.026519-03:00","Action":"pass","Package":"golang.org/x/tools/go/cfg","Test":"TestCondExprControlFlow/return_if_c_{_1_}_else_{_2_}","Elapsed":0}
{"Time":"2026-10-03T22:45:59.026523-03:00","Action":"run","Package":"golang.org/x/tools/go/cfg","Test":"TestCondExprControlFlow/__=_if_c_{_f()!_}_else_{_0_};_panic(0)"}
{"Time":"2026-10-03T22:45:59.026527-03:00","Action":"output","Package":"golang.org/x/tools/go/cfg","Test":"TestCondExprControlFlow/__=_if_c_{_f()!_}_else_{_0_};_panic(0)","Output":"=== RUN   TestCondExprControlFlow/__=_if_c_{_f()!_}_else_{_0_};_panic(0)\n","OutputType":"frame"}
{"Time":"2026-10-03T22:45:59.026532-03:00","Action":"output","Package":"golang.org/x/tools/go/cfg","Test":"TestCondExprControlFlow/__=_if_c_{_f()!_}_else_{_0_};_panic(0)","Output":"--- PASS: TestCondExprControlFlow/__=_if_c_{_f()!_}_else_{_0_};_panic(0) (0.00s)\n","OutputType":"frame"}
{"Time":"2026-10-03T22:45:59.026536-03:00","Action":"pass","Package":"golang.org/x/tools/go/cfg","Test":"TestCondExprControlFlow/__=_if_c_{_f()!_}_else_{_0_};_panic(0)","Elapsed":0}
{"Time":"2026-10-03T22:45:59.02654-03:00","Action":"run","Package":"golang.org/x/tools/go/cfg","Test":"TestCondExprControlFlow/__=_if_c_{_0_}_else_{_f()_or_err_{_return_}_};_panic(0)"}
{"Time":"2026-10-03T22:45:59.026543-03:00","Action":"output","Package":"golang.org/x/tools/go/cfg","Test":"TestCondExprControlFlow/__=_if_c_{_0_}_else_{_f()_or_err_{_return_}_};_panic(0)","Output":"=== RUN   TestCondExprControlFlow/__=_if_c_{_0_}_else_{_f()_or_err_{_return_}_};_panic(0)\n","OutputType":"frame"}
{"Time":"2026-10-03T22:45:59.026557-03:00","Action":"output","Package":"golang.org/x/tools/go/cfg","Test":"TestCondExprControlFlow/__=_if_c_{_0_}_else_{_f()_or_err_{_return_}_};_panic(0)","Output":"--- PASS: TestCondExprControlFlow/__=_if_c_{_0_}_else_{_f()_or_err_{_return_}_};_panic(0) (0.00s)\n","OutputType":"frame"}
{"Time":"2026-10-03T22:45:59.026563-03:00","Action":"pass","Package":"golang.org/x/tools/go/cfg","Test":"TestCondExprControlFlow/__=_if_c_{_0_}_else_{_f()_or_err_{_return_}_};_panic(0)","Elapsed":0}
{"Time":"2026-10-03T22:45:59.026568-03:00","Action":"run","Package":"golang.org/x/tools/go/cfg","Test":"TestCondExprControlFlow/__=_if_c_{_f()_or_err_{_panic(err)_}_}_else_{_g()_or_err_{_panic(err)_}_};_panic(0)"}
{"Time":"2026-10-03T22:45:59.026572-03:00","Action":"output","Package":"golang.org/x/tools/go/cfg","Test":"TestCondExprControlFlow/__=_if_c_{_f()_or_err_{_panic(err)_}_}_else_{_g()_or_err_{_panic(err)_}_};_panic(0)","Output":"=== RUN   TestCondExprControlFlow/__=_if_c_{_f()_or_err_{_panic(err)_}_}_else_{_g()_or_err_{_panic(err)_}_};_panic(0)\n","OutputType":"frame"}
{"Time":"2026-10-03T22:45:59.026583-03:00","Action":"output","Package":"golang.org/x/tools/go/cfg","Test":"TestCondExprControlFlow/__=_if_c_{_f()_or_err_{_panic(err)_}_}_else_{_g()_or_err_{_panic(err)_}_};_panic(0)","Output":"--- PASS: TestCondExprControlFlow/__=_if_c_{_f()_or_err_{_panic(err)_}_}_else_{_g()_or_err_{_panic(err)_}_};_panic(0) (0.00s)\n","OutputType":"frame"}
{"Time":"2026-10-03T22:45:59.026587-03:00","Action":"pass","Package":"golang.org/x/tools/go/cfg","Test":"TestCondExprControlFlow/__=_if_c_{_f()_or_err_{_panic(err)_}_}_else_{_g()_or_err_{_panic(err)_}_};_panic(0)","Elapsed":0}
{"Time":"2026-10-03T22:45:59.026595-03:00","Action":"run","Package":"golang.org/x/tools/go/cfg","Test":"TestCondExprControlFlow/__=_if_f()!_{_1_}_else_{_2_};_panic(0)"}
{"Time":"2026-10-03T22:45:59.026599-03:00","Action":"output","Package":"golang.org/x/tools/go/cfg","Test":"TestCondExprControlFlow/__=_if_f()!_{_1_}_else_{_2_};_panic(0)","Output":"=== RUN   TestCondExprControlFlow/__=_if_f()!_{_1_}_else_{_2_};_panic(0)\n","OutputType":"frame"}
{"Time":"2026-10-03T22:45:59.026603-03:00","Action":"output","Package":"golang.org/x/tools/go/cfg","Test":"TestCondExprControlFlow/__=_if_f()!_{_1_}_else_{_2_};_panic(0)","Output":"--- PASS: TestCondExprControlFlow/__=_if_f()!_{_1_}_else_{_2_};_panic(0) (0.00s)\n","OutputType":"frame"}
{"Time":"2026-10-03T22:45:59.026607-03:00","Action":"pass","Package":"golang.org/x/tools/go/cfg","Test":"TestCondExprControlFlow/__=_if_f()!_{_1_}_else_{_2_};_panic(0)","Elapsed":0}
{"Time":"2026-10-03T22:45:59.026611-03:00","Action":"run","Package":"golang.org/x/tools/go/cfg","Test":"TestCondExprControlFlow/__=_g(1,_if_c_{_f()!_}_else_{_0_});_panic(0)"}
{"Time":"2026-10-03T22:45:59.026615-03:00","Action":"output","Package":"golang.org/x/tools/go/cfg","Test":"TestCondExprControlFlow/__=_g(1,_if_c_{_f()!_}_else_{_0_});_panic(0)","Output":"=== RUN   TestCondExprControlFlow/__=_g(1,_if_c_{_f()!_}_else_{_0_});_panic(0)\n","OutputType":"frame"}
{"Time":"2026-10-03T22:45:59.02662-03:00","Action":"output","Package":"golang.org/x/tools/go/cfg","Test":"TestCondExprControlFlow/__=_g(1,_if_c_{_f()!_}_else_{_0_});_panic(0)","Output":"--- PASS: TestCondExprControlFlow/__=_g(1,_if_c_{_f()!_}_else_{_0_});_panic(0) (0.00s)\n","OutputType":"frame"}
{"Time":"2026-10-03T22:45:59.026624-03:00","Action":"pass","Package":"golang.org/x/tools/go/cfg","Test":"TestCondExprControlFlow/__=_g(1,_if_c_{_f()!_}_else_{_0_});_panic(0)","Elapsed":0}
{"Time":"2026-10-03T22:45:59.026628-03:00","Action":"run","Package":"golang.org/x/tools/go/cfg","Test":"TestCondExprControlFlow/__=_if_c_{_g(if_d_{_f()!_}_else_{_0_})_}_else_{_0_};_panic(0)"}
{"Time":"2026-10-03T22:45:59.026632-03:00","Action":"output","Package":"golang.org/x/tools/go/cfg","Test":"TestCondExprControlFlow/__=_if_c_{_g(if_d_{_f()!_}_else_{_0_})_}_else_{_0_};_panic(0)","Output":"=== RUN   TestCondExprControlFlow/__=_if_c_{_g(if_d_{_f()!_}_else_{_0_})_}_else_{_0_};_panic(0)\n","OutputType":"frame"}
{"Time":"2026-10-03T22:45:59.026645-03:00","Action":"output","Package":"golang.org/x/tools/go/cfg","Test":"TestCondExprControlFlow/__=_if_c_{_g(if_d_{_f()!_}_else_{_0_})_}_else_{_0_};_panic(0)","Output":"--- PASS: TestCondExprControlFlow/__=_if_c_{_g(if_d_{_f()!_}_else_{_0_})_}_else_{_0_};_panic(0) (0.00s)\n","OutputType":"frame"}
{"Time":"2026-10-03T22:45:59.02665-03:00","Action":"pass","Package":"golang.org/x/tools/go/cfg","Test":"TestCondExprControlFlow/__=_if_c_{_g(if_d_{_f()!_}_else_{_0_})_}_else_{_0_};_panic(0)","Elapsed":0}
{"Time":"2026-10-03T22:45:59.026654-03:00","Action":"run","Package":"golang.org/x/tools/go/cfg","Test":"TestCondExprControlFlow/__=_if_c_{_func()_int_{_f()!;_return_0_}_}_else_{_nil_};_panic(0)"}
{"Time":"2026-10-03T22:45:59.026658-03:00","Action":"output","Package":"golang.org/x/tools/go/cfg","Test":"TestCondExprControlFlow/__=_if_c_{_func()_int_{_f()!;_return_0_}_}_else_{_nil_};_panic(0)","Output":"=== RUN   TestCondExprControlFlow/__=_if_c_{_func()_int_{_f()!;_return_0_}_}_else_{_nil_};_panic(0)\n","OutputType":"frame"}
{"Time":"2026-10-03T22:45:59.026671-03:00","Action":"output","Package":"golang.org/x/tools/go/cfg","Test":"TestCondExprControlFlow/__=_if_c_{_func()_int_{_f()!;_return_0_}_}_else_{_nil_};_panic(0)","Output":"--- PASS: TestCondExprControlFlow/__=_if_c_{_func()_int_{_f()!;_return_0_}_}_else_{_nil_};_panic(0) (0.00s)\n","OutputType":"frame"}
{"Time":"2026-10-03T22:45:59.026676-03:00","Action":"pass","Package":"golang.org/x/tools/go/cfg","Test":"TestCondExprControlFlow/__=_if_c_{_func()_int_{_f()!;_return_0_}_}_else_{_nil_};_panic(0)","Elapsed":0}
{"Time":"2026-10-03T22:45:59.026683-03:00","Action":"run","Package":"golang.org/x/tools/go/cfg","Test":"TestCondExprControlFlow/defer_g(if_c_{_f()!_}_else_{_0_});_panic(0)"}
{"Time":"2026-10-03T22:45:59.026687-03:00","Action":"output","Package":"golang.org/x/tools/go/cfg","Test":"TestCondExprControlFlow/defer_g(if_c_{_f()!_}_else_{_0_});_panic(0)","Output":"=== RUN   TestCondExprControlFlow/defer_g(if_c_{_f()!_}_else_{_0_});_panic(0)\n","OutputType":"frame"}
{"Time":"2026-10-03T22:45:59.026694-03:00","Action":"output","Package":"golang.org/x/tools/go/cfg","Test":"TestCondExprControlFlow/defer_g(if_c_{_f()!_}_else_{_0_});_panic(0)","Output":"--- PASS: TestCondExprControlFlow/defer_g(if_c_{_f()!_}_else_{_0_});_panic(0) (0.00s)\n","OutputType":"frame"}
{"Time":"2026-10-03T22:45:59.026699-03:00","Action":"pass","Package":"golang.org/x/tools/go/cfg","Test":"TestCondExprControlFlow/defer_g(if_c_{_f()!_}_else_{_0_});_panic(0)","Elapsed":0}
{"Time":"2026-10-03T22:45:59.026703-03:00","Action":"output","Package":"golang.org/x/tools/go/cfg","Test":"TestCondExprControlFlow","Output":"--- PASS: TestCondExprControlFlow (0.00s)\n","OutputType":"frame"}
{"Time":"2026-10-03T22:45:59.026707-03:00","Action":"pass","Package":"golang.org/x/tools/go/cfg","Test":"TestCondExprControlFlow","Elapsed":0}
{"Time":"2026-10-03T22:45:59.026711-03:00","Action":"run","Package":"golang.org/x/tools/go/cfg","Test":"TestCondExprBlocks"}
{"Time":"2026-10-03T22:45:59.026714-03:00","Action":"output","Package":"golang.org/x/tools/go/cfg","Test":"TestCondExprBlocks","Output":"=== RUN   TestCondExprBlocks\n","OutputType":"frame"}
{"Time":"2026-10-03T22:45:59.026822-03:00","Action":"output","Package":"golang.org/x/tools/go/cfg","Test":"TestCondExprBlocks","Output":"--- PASS: TestCondExprBlocks (0.00s)\n","OutputType":"frame"}
{"Time":"2026-10-03T22:45:59.026827-03:00","Action":"pass","Package":"golang.org/x/tools/go/cfg","Test":"TestCondExprBlocks","Elapsed":0}
{"Time":"2026-10-03T22:45:59.026831-03:00","Action":"run","Package":"golang.org/x/tools/go/cfg","Test":"TestErrorHandlingControlFlow"}
{"Time":"2026-10-03T22:45:59.026835-03:00","Action":"output","Package":"golang.org/x/tools/go/cfg","Test":"TestErrorHandlingControlFlow","Output":"=== RUN   TestErrorHandlingControlFlow\n","OutputType":"frame"}
{"Time":"2026-10-03T22:45:59.026839-03:00","Action":"run","Package":"golang.org/x/tools/go/cfg","Test":"TestErrorHandlingControlFlow/f()!;_panic(0)"}
{"Time":"2026-10-03T22:45:59.026842-03:00","Action":"output","Package":"golang.org/x/tools/go/cfg","Test":"TestErrorHandlingControlFlow/f()!;_panic(0)","Output":"=== RUN   TestErrorHandlingControlFlow/f()!;_panic(0)\n","OutputType":"frame"}
{"Time":"2026-10-03T22:45:59.026878-03:00","Action":"output","Package":"golang.org/x/tools/go/cfg","Test":"TestErrorHandlingControlFlow/f()!;_panic(0)","Output":"--- PASS: TestErrorHandlingControlFlow/f()!;_panic(0) (0.00s)\n","OutputType":"frame"}
{"Time":"2026-10-03T22:45:59.026888-03:00","Action":"pass","Package":"golang.org/x/tools/go/cfg","Test":"TestErrorHandlingControlFlow/f()!;_panic(0)","Elapsed":0}
{"Time":"2026-10-03T22:45:59.026895-03:00","Action":"run","Package":"golang.org/x/tools/go/cfg","Test":"TestErrorHandlingControlFlow/f()_or_err_{_return_};_panic(0)"}
{"Time":"2026-10-03T22:45:59.026899-03:00","Action":"output","Package":"golang.org/x/tools/go/cfg","Test":"TestErrorHandlingControlFlow/f()_or_err_{_return_};_panic(0)","Output":"=== RUN   TestErrorHandlingControlFlow/f()_or_err_{_return_};_panic(0)\n","OutputType":"frame"}
{"Time":"2026-10-03T22:45:59.026904-03:00","Action":"output","Package":"golang.org/x/tools/go/cfg","Test":"TestErrorHandlingControlFlow/f()_or_err_{_return_};_panic(0)","Output":"--- PASS: TestErrorHandlingControlFlow/f()_or_err_{_return_};_panic(0) (0.00s)\n","OutputType":"frame"}
{"Time":"2026-10-03T22:45:59.02691-03:00","Action":"pass","Package":"golang.org/x/tools/go/cfg","Test":"TestErrorHandlingControlFlow/f()_or_err_{_return_};_panic(0)","Elapsed":0}
{"Time":"2026-10-03T22:45:59.026919-03:00","Action":"run","Package":"golang.org/x/tools/go/cfg","Test":"TestErrorHandlingControlFlow/f()_or_err_{_panic(err)_};_panic(0)"}
{"Time":"2026-10-03T22:45:59.026923-03:00","Action":"output","Package":"golang.org/x/tools/go/cfg","Test":"TestErrorHandlingControlFlow/f()_or_err_{_panic(err)_};_panic(0)","Output":"=== RUN   TestErrorHandlingControlFlow/f()_or_err_{_panic(err)_};_panic(0)\n","OutputType":"frame"}
{"Time":"2026-10-03T22:45:59.026931-03:00","Action":"output","Package":"golang.org/x/tools/go/cfg","Test":"TestErrorHandlingControlFlow/f()_or_err_{_panic(err)_};_panic(0)","Output":"--- PASS: TestErrorHandlingControlFlow/f()_or_err_{_panic(err)_};_panic(0) (0.00s)\n","OutputType":"frame"}
{"Time":"2026-10-03T22:45:59.026936-03:00","Action":"pass","Package":"golang.org/x/tools/go/cfg","Test":"TestErrorHandlingControlFlow/f()_or_err_{_panic(err)_};_panic(0)","Elapsed":0}
{"Time":"2026-10-03T22:45:59.02694-03:00","Action":"run","Package":"golang.org/x/tools/go/cfg","Test":"TestErrorHandlingControlFlow/f()_or_err_{};_return"}
{"Time":"2026-10-03T22:45:59.026944-03:00","Action":"output","Package":"golang.org/x/tools/go/cfg","Test":"TestErrorHandlingControlFlow/f()_or_err_{};_return","Output":"=== RUN   TestErrorHandlingControlFlow/f()_or_err_{};_return\n","OutputType":"frame"}
{"Time":"2026-10-03T22:45:59.026949-03:00","Action":"output","Package":"golang.org/x/tools/go/cfg","Test":"TestErrorHandlingControlFlow/f()_or_err_{};_return","Output":"--- PASS: TestErrorHandlingControlFlow/f()_or_err_{};_return (0.00s)\n","OutputType":"frame"}
{"Time":"2026-10-03T22:45:59.026953-03:00","Action":"pass","Package":"golang.org/x/tools/go/cfg","Test":"TestErrorHandlingControlFlow/f()_or_err_{};_return","Elapsed":0}
{"Time":"2026-10-03T22:45:59.026957-03:00","Action":"run","Package":"golang.org/x/tools/go/cfg","Test":"TestErrorHandlingControlFlow/__=_func()_{_f()!_};_panic(0)"}
{"Time":"2026-10-03T22:45:59.026961-03:00","Action":"output","Package":"golang.org/x/tools/go/cfg","Test":"TestErrorHandlingControlFlow/__=_func()_{_f()!_};_panic(0)","Output":"=== RUN   TestErrorHandlingControlFlow/__=_func()_{_f()!_};_panic(0)\n","OutputType":"frame"}
{"Time":"2026-10-03T22:45:59.026966-03:00","Action":"output","Package":"golang.org/x/tools/go/cfg","Test":"TestErrorHandlingControlFlow/__=_func()_{_f()!_};_panic(0)","Output":"--- PASS: TestErrorHandlingControlFlow/__=_func()_{_f()!_};_panic(0) (0.00s)\n","OutputType":"frame"}
{"Time":"2026-10-03T22:45:59.02697-03:00","Action":"pass","Package":"golang.org/x/tools/go/cfg","Test":"TestErrorHandlingControlFlow/__=_func()_{_f()!_};_panic(0)","Elapsed":0}
{"Time":"2026-10-03T22:45:59.026975-03:00","Action":"run","Package":"golang.org/x/tools/go/cfg","Test":"TestErrorHandlingControlFlow/g(f()!)!;_panic(0)"}
{"Time":"2026-10-03T22:45:59.026979-03:00","Action":"output","Package":"golang.org/x/tools/go/cfg","Test":"TestErrorHandlingControlFlow/g(f()!)!;_panic(0)","Output":"=== RUN   TestErrorHandlingControlFlow/g(f()!)!;_panic(0)\n","OutputType":"frame"}
{"Time":"2026-10-03T22:45:59.026984-03:00","Action":"output","Package":"golang.org/x/tools/go/cfg","Test":"TestErrorHandlingControlFlow/g(f()!)!;_panic(0)","Output":"--- PASS: TestErrorHandlingControlFlow/g(f()!)!;_panic(0) (0.00s)\n","OutputType":"frame"}
{"Time":"2026-10-03T22:45:59.026988-03:00","Action":"pass","Package":"golang.org/x/tools/go/cfg","Test":"TestErrorHandlingControlFlow/g(f()!)!;_panic(0)","Elapsed":0}
{"Time":"2026-10-03T22:45:59.026992-03:00","Action":"output","Package":"golang.org/x/tools/go/cfg","Test":"TestErrorHandlingControlFlow","Output":"--- PASS: TestErrorHandlingControlFlow (0.00s)\n","OutputType":"frame"}
{"Time":"2026-10-03T22:45:59.026996-03:00","Action":"pass","Package":"golang.org/x/tools/go/cfg","Test":"TestErrorHandlingControlFlow","Elapsed":0}
{"Time":"2026-10-03T22:45:59.027-03:00","Action":"run","Package":"golang.org/x/tools/go/cfg","Test":"TestGonFeatureControlFlow"}
{"Time":"2026-10-03T22:45:59.027004-03:00","Action":"output","Package":"golang.org/x/tools/go/cfg","Test":"TestGonFeatureControlFlow","Output":"=== RUN   TestGonFeatureControlFlow\n","OutputType":"frame"}
{"Time":"2026-10-03T22:45:59.027012-03:00","Action":"run","Package":"golang.org/x/tools/go/cfg","Test":"TestGonFeatureControlFlow/var_f_func()_error_=_()_=\u003e_{_g()!;_return_nil_};_panic(0)"}
{"Time":"2026-10-03T22:45:59.027016-03:00","Action":"output","Package":"golang.org/x/tools/go/cfg","Test":"TestGonFeatureControlFlow/var_f_func()_error_=_()_=\u003e_{_g()!;_return_nil_};_panic(0)","Output":"=== RUN   TestGonFeatureControlFlow/var_f_func()_error_=_()_=\u003e_{_g()!;_return_nil_};_panic(0)\n","OutputType":"frame"}
{"Time":"2026-10-03T22:45:59.027021-03:00","Action":"output","Package":"golang.org/x/tools/go/cfg","Test":"TestGonFeatureControlFlow/var_f_func()_error_=_()_=\u003e_{_g()!;_return_nil_};_panic(0)","Output":"--- PASS: TestGonFeatureControlFlow/var_f_func()_error_=_()_=\u003e_{_g()!;_return_nil_};_panic(0) (0.00s)\n","OutputType":"frame"}
{"Time":"2026-10-03T22:45:59.027025-03:00","Action":"pass","Package":"golang.org/x/tools/go/cfg","Test":"TestGonFeatureControlFlow/var_f_func()_error_=_()_=\u003e_{_g()!;_return_nil_};_panic(0)","Elapsed":0}
{"Time":"2026-10-03T22:45:59.027029-03:00","Action":"run","Package":"golang.org/x/tools/go/cfg","Test":"TestGonFeatureControlFlow/var_f_func()_error_=_()_=\u003e_g()!;_panic(0)"}
{"Time":"2026-10-03T22:45:59.027033-03:00","Action":"output","Package":"golang.org/x/tools/go/cfg","Test":"TestGonFeatureControlFlow/var_f_func()_error_=_()_=\u003e_g()!;_panic(0)","Output":"=== RUN   TestGonFeatureControlFlow/var_f_func()_error_=_()_=\u003e_g()!;_panic(0)\n","OutputType":"frame"}
{"Time":"2026-10-03T22:45:59.027038-03:00","Action":"output","Package":"golang.org/x/tools/go/cfg","Test":"TestGonFeatureControlFlow/var_f_func()_error_=_()_=\u003e_g()!;_panic(0)","Output":"--- PASS: TestGonFeatureControlFlow/var_f_func()_error_=_()_=\u003e_g()!;_panic(0) (0.00s)\n","OutputType":"frame"}
{"Time":"2026-10-03T22:45:59.027041-03:00","Action":"pass","Package":"golang.org/x/tools/go/cfg","Test":"TestGonFeatureControlFlow/var_f_func()_error_=_()_=\u003e_g()!;_panic(0)","Elapsed":0}
{"Time":"2026-10-03T22:45:59.027045-03:00","Action":"run","Package":"golang.org/x/tools/go/cfg","Test":"TestGonFeatureControlFlow/__=_p?.M(g()!);_panic(0)"}
{"Time":"2026-10-03T22:45:59.027048-03:00","Action":"output","Package":"golang.org/x/tools/go/cfg","Test":"TestGonFeatureControlFlow/__=_p?.M(g()!);_panic(0)","Output":"=== RUN   TestGonFeatureControlFlow/__=_p?.M(g()!);_panic(0)\n","OutputType":"frame"}
{"Time":"2026-10-03T22:45:59.027053-03:00","Action":"output","Package":"golang.org/x/tools/go/cfg","Test":"TestGonFeatureControlFlow/__=_p?.M(g()!);_panic(0)","Output":"--- PASS: TestGonFeatureControlFlow/__=_p?.M(g()!);_panic(0) (0.00s)\n","OutputType":"frame"}
{"Time":"2026-10-03T22:45:59.027057-03:00","Action":"pass","Package":"golang.org/x/tools/go/cfg","Test":"TestGonFeatureControlFlow/__=_p?.M(g()!);_panic(0)","Elapsed":0}
{"Time":"2026-10-03T22:45:59.02706-03:00","Action":"run","Package":"golang.org/x/tools/go/cfg","Test":"TestGonFeatureControlFlow/__=_p?.M(g()_or_err_{_panic(err)_});_panic(0)"}
{"Time":"2026-10-03T22:45:59.027064-03:00","Action":"output","Package":"golang.org/x/tools/go/cfg","Test":"TestGonFeatureControlFlow/__=_p?.M(g()_or_err_{_panic(err)_});_panic(0)","Output":"=== RUN   TestGonFeatureControlFlow/__=_p?.M(g()_or_err_{_panic(err)_});_panic(0)\n","OutputType":"frame"}
{"Time":"2026-10-03T22:45:59.027069-03:00","Action":"output","Package":"golang.org/x/tools/go/cfg","Test":"TestGonFeatureControlFlow/__=_p?.M(g()_or_err_{_panic(err)_});_panic(0)","Output":"--- PASS: TestGonFeatureControlFlow/__=_p?.M(g()_or_err_{_panic(err)_});_panic(0) (0.00s)\n","OutputType":"frame"}
{"Time":"2026-10-03T22:45:59.027073-03:00","Action":"pass","Package":"golang.org/x/tools/go/cfg","Test":"TestGonFeatureControlFlow/__=_p?.M(g()_or_err_{_panic(err)_});_panic(0)","Elapsed":0}
{"Time":"2026-10-03T22:45:59.027076-03:00","Action":"run","Package":"golang.org/x/tools/go/cfg","Test":"TestGonFeatureControlFlow/__=_p_??_g()!;_panic(0)"}
{"Time":"2026-10-03T22:45:59.027083-03:00","Action":"output","Package":"golang.org/x/tools/go/cfg","Test":"TestGonFeatureControlFlow/__=_p_??_g()!;_panic(0)","Output":"=== RUN   TestGonFeatureControlFlow/__=_p_??_g()!;_panic(0)\n","OutputType":"frame"}
{"Time":"2026-10-03T22:45:59.027088-03:00","Action":"output","Package":"golang.org/x/tools/go/cfg","Test":"TestGonFeatureControlFlow/__=_p_??_g()!;_panic(0)","Output":"--- PASS: TestGonFeatureControlFlow/__=_p_??_g()!;_panic(0) (0.00s)\n","OutputType":"frame"}
{"Time":"2026-10-03T22:45:59.027092-03:00","Action":"pass","Package":"golang.org/x/tools/go/cfg","Test":"TestGonFeatureControlFlow/__=_p_??_g()!;_panic(0)","Elapsed":0}
{"Time":"2026-10-03T22:45:59.027095-03:00","Action":"run","Package":"golang.org/x/tools/go/cfg","Test":"TestGonFeatureControlFlow/p_??=_g()!;_panic(0)"}
{"Time":"2026-10-03T22:45:59.027099-03:00","Action":"output","Package":"golang.org/x/tools/go/cfg","Test":"TestGonFeatureControlFlow/p_??=_g()!;_panic(0)","Output":"=== RUN   TestGonFeatureControlFlow/p_??=_g()!;_panic(0)\n","OutputType":"frame"}
{"Time":"2026-10-03T22:45:59.027105-03:00","Action":"output","Package":"golang.org/x/tools/go/cfg","Test":"TestGonFeatureControlFlow/p_??=_g()!;_panic(0)","Output":"--- PASS: TestGonFeatureControlFlow/p_??=_g()!;_panic(0) (0.00s)\n","OutputType":"frame"}
{"Time":"2026-10-03T22:45:59.02711-03:00","Action":"pass","Package":"golang.org/x/tools/go/cfg","Test":"TestGonFeatureControlFlow/p_??=_g()!;_panic(0)","Elapsed":0}
{"Time":"2026-10-03T22:45:59.027113-03:00","Action":"run","Package":"golang.org/x/tools/go/cfg","Test":"TestGonFeatureControlFlow/__=_**p_??_g()!;_panic(0)"}
{"Time":"2026-10-03T22:45:59.027117-03:00","Action":"output","Package":"golang.org/x/tools/go/cfg","Test":"TestGonFeatureControlFlow/__=_**p_??_g()!;_panic(0)","Output":"=== RUN   TestGonFeatureControlFlow/__=_**p_??_g()!;_panic(0)\n","OutputType":"frame"}
{"Time":"2026-10-03T22:45:59.027127-03:00","Action":"output","Package":"golang.org/x/tools/go/cfg","Test":"TestGonFeatureControlFlow/__=_**p_??_g()!;_panic(0)","Output":"--- PASS: TestGonFeatureControlFlow/__=_**p_??_g()!;_panic(0) (0.00s)\n","OutputType":"frame"}
{"Time":"2026-10-03T22:45:59.027132-03:00","Action":"pass","Package":"golang.org/x/tools/go/cfg","Test":"TestGonFeatureControlFlow/__=_**p_??_g()!;_panic(0)","Elapsed":0}
{"Time":"2026-10-03T22:45:59.027136-03:00","Action":"output","Package":"golang.org/x/tools/go/cfg","Test":"TestGonFeatureControlFlow","Output":"--- PASS: TestGonFeatureControlFlow (0.00s)\n","OutputType":"frame"}
{"Time":"2026-10-03T22:45:59.027139-03:00","Action":"pass","Package":"golang.org/x/tools/go/cfg","Test":"TestGonFeatureControlFlow","Elapsed":0}
{"Time":"2026-10-03T22:45:59.027143-03:00","Action":"run","Package":"golang.org/x/tools/go/cfg","Test":"TestGonNilAbsentPaths"}
{"Time":"2026-10-03T22:45:59.027147-03:00","Action":"output","Package":"golang.org/x/tools/go/cfg","Test":"TestGonNilAbsentPaths","Output":"=== RUN   TestGonNilAbsentPaths\n","OutputType":"frame"}
{"Time":"2026-10-03T22:45:59.027159-03:00","Action":"output","Package":"golang.org/x/tools/go/cfg","Test":"TestGonNilAbsentPaths","Output":"--- PASS: TestGonNilAbsentPaths (0.00s)\n","OutputType":"frame"}
{"Time":"2026-10-03T22:45:59.027163-03:00","Action":"pass","Package":"golang.org/x/tools/go/cfg","Test":"TestGonNilAbsentPaths","Elapsed":0}
{"Time":"2026-10-03T22:45:59.027167-03:00","Action":"run","Package":"golang.org/x/tools/go/cfg","Test":"TestGonOptionalTypeControlFlow"}
{"Time":"2026-10-03T22:45:59.027171-03:00","Action":"output","Package":"golang.org/x/tools/go/cfg","Test":"TestGonOptionalTypeControlFlow","Output":"=== RUN   TestGonOptionalTypeControlFlow\n","OutputType":"frame"}
{"Time":"2026-10-03T22:45:59.027662-03:00","Action":"output","Package":"golang.org/x/tools/go/cfg","Test":"TestGonOptionalTypeControlFlow","Output":"--- PASS: TestGonOptionalTypeControlFlow (0.00s)\n","OutputType":"frame"}
{"Time":"2026-10-03T22:45:59.027668-03:00","Action":"pass","Package":"golang.org/x/tools/go/cfg","Test":"TestGonOptionalTypeControlFlow","Elapsed":0}
{"Time":"2026-10-03T22:45:59.027675-03:00","Action":"output","Package":"golang.org/x/tools/go/cfg","Output":"PASS\n","OutputType":"frame"}
{"Time":"2026-10-03T22:45:59.028154-03:00","Action":"output","Package":"golang.org/x/tools/go/cfg","Output":"ok  \tgolang.org/x/tools/go/cfg\t0.243s\n"}
{"Time":"2026-10-03T22:45:59.028162-03:00","Action":"pass","Package":"golang.org/x/tools/go/cfg","Elapsed":0.243}
{"Time":"2026-10-03T22:45:59.149171-03:00","Action":"run","Package":"golang.org/x/tools/refactor/satisfy","Test":"TestCondExpr"}
{"Time":"2026-10-03T22:45:59.149219-03:00","Action":"output","Package":"golang.org/x/tools/refactor/satisfy","Test":"TestCondExpr","Output":"=== RUN   TestCondExpr\n","OutputType":"frame"}
{"Time":"2026-10-03T22:45:59.150062-03:00","Action":"output","Package":"golang.org/x/tools/refactor/satisfy","Test":"TestCondExpr","Output":"--- PASS: TestCondExpr (0.00s)\n","OutputType":"frame"}
{"Time":"2026-10-03T22:45:59.150075-03:00","Action":"pass","Package":"golang.org/x/tools/refactor/satisfy","Test":"TestCondExpr","Elapsed":0}
{"Time":"2026-10-03T22:45:59.150086-03:00","Action":"run","Package":"golang.org/x/tools/refactor/satisfy","Test":"TestErrorHandling"}
{"Time":"2026-10-03T22:45:59.150095-03:00","Action":"output","Package":"golang.org/x/tools/refactor/satisfy","Test":"TestErrorHandling","Output":"=== RUN   TestErrorHandling\n","OutputType":"frame"}
{"Time":"2026-10-03T22:45:59.150111-03:00","Action":"run","Package":"golang.org/x/tools/internal/typesinternal","Test":"TestErrorCodes"}
{"Time":"2026-10-03T22:45:59.15013-03:00","Action":"output","Package":"golang.org/x/tools/internal/typesinternal","Test":"TestErrorCodes","Output":"=== RUN   TestErrorCodes\n","OutputType":"frame"}
{"Time":"2026-10-03T22:45:59.150245-03:00","Action":"output","Package":"golang.org/x/tools/refactor/satisfy","Test":"TestErrorHandling","Output":"--- PASS: TestErrorHandling (0.00s)\n","OutputType":"frame"}
{"Time":"2026-10-03T22:45:59.150255-03:00","Action":"pass","Package":"golang.org/x/tools/refactor/satisfy","Test":"TestErrorHandling","Elapsed":0}
{"Time":"2026-10-03T22:45:59.150264-03:00","Action":"run","Package":"golang.org/x/tools/refactor/satisfy","Test":"TestGonFeatureConstraints"}
{"Time":"2026-10-03T22:45:59.15027-03:00","Action":"output","Package":"golang.org/x/tools/refactor/satisfy","Test":"TestGonFeatureConstraints","Output":"=== RUN   TestGonFeatureConstraints\n","OutputType":"frame"}
{"Time":"2026-10-03T22:45:59.150346-03:00","Action":"output","Package":"golang.org/x/tools/internal/typesinternal","Test":"TestErrorCodes","Output":"    errorcode_test.go:22: unskip this test to verify the correctness of errorcode.go for the current Go version\n"}
{"Time":"2026-10-03T22:45:59.150359-03:00","Action":"output","Package":"golang.org/x/tools/internal/typesinternal","Test":"TestErrorCodes","Output":"--- SKIP: TestErrorCodes (0.00s)\n","OutputType":"frame"}
{"Time":"2026-10-03T22:45:59.150372-03:00","Action":"skip","Package":"golang.org/x/tools/internal/typesinternal","Test":"TestErrorCodes","Elapsed":0}
{"Time":"2026-10-03T22:45:59.150378-03:00","Action":"run","Package":"golang.org/x/tools/internal/typesinternal","Test":"TestGonErrorCodes"}
{"Time":"2026-10-03T22:45:59.150384-03:00","Action":"output","Package":"golang.org/x/tools/internal/typesinternal","Test":"TestGonErrorCodes","Output":"=== RUN   TestGonErrorCodes\n","OutputType":"frame"}
{"Time":"2026-10-03T22:45:59.150409-03:00","Action":"output","Package":"golang.org/x/tools/refactor/satisfy","Test":"TestGonFeatureConstraints","Output":"--- PASS: TestGonFeatureConstraints (0.00s)\n","OutputType":"frame"}
{"Time":"2026-10-03T22:45:59.150418-03:00","Action":"pass","Package":"golang.org/x/tools/refactor/satisfy","Test":"TestGonFeatureConstraints","Elapsed":0}
{"Time":"2026-10-03T22:45:59.150424-03:00","Action":"run","Package":"golang.org/x/tools/refactor/satisfy","Test":"TestGonAlternatives"}
{"Time":"2026-10-03T22:45:59.150429-03:00","Action":"output","Package":"golang.org/x/tools/refactor/satisfy","Test":"TestGonAlternatives","Output":"=== RUN   TestGonAlternatives\n","OutputType":"frame"}
{"Time":"2026-10-03T22:45:59.150945-03:00","Action":"output","Package":"golang.org/x/tools/refactor/satisfy","Test":"TestGonAlternatives","Output":"--- PASS: TestGonAlternatives (0.00s)\n","OutputType":"frame"}
{"Time":"2026-10-03T22:45:59.150954-03:00","Action":"pass","Package":"golang.org/x/tools/refactor/satisfy","Test":"TestGonAlternatives","Elapsed":0}
{"Time":"2026-10-03T22:45:59.150993-03:00","Action":"output","Package":"golang.org/x/tools/refactor/satisfy","Output":"PASS\n","OutputType":"frame"}
{"Time":"2026-10-03T22:45:59.151724-03:00","Action":"output","Package":"golang.org/x/tools/refactor/satisfy","Output":"ok  \tgolang.org/x/tools/refactor/satisfy\t0.233s\n"}
{"Time":"2026-10-03T22:45:59.151737-03:00","Action":"pass","Package":"golang.org/x/tools/refactor/satisfy","Elapsed":0.233}
{"Time":"2026-10-03T22:45:59.152627-03:00","Action":"output","Package":"golang.org/x/tools/internal/typesinternal","Test":"TestGonErrorCodes","Output":"--- PASS: TestGonErrorCodes (0.00s)\n","OutputType":"frame"}
{"Time":"2026-10-03T22:45:59.152658-03:00","Action":"pass","Package":"golang.org/x/tools/internal/typesinternal","Test":"TestGonErrorCodes","Elapsed":0}
{"Time":"2026-10-03T22:45:59.152669-03:00","Action":"run","Package":"golang.org/x/tools/internal/typesinternal","Test":"TestGonNoEffects"}
{"Time":"2026-10-03T22:45:59.152677-03:00","Action":"output","Package":"golang.org/x/tools/internal/typesinternal","Test":"TestGonNoEffects","Output":"=== RUN   TestGonNoEffects\n","OutputType":"frame"}
{"Time":"2026-10-03T22:45:59.152725-03:00","Action":"output","Package":"golang.org/x/tools/internal/typesinternal","Test":"TestGonNoEffects","Output":"--- PASS: TestGonNoEffects (0.00s)\n","OutputType":"frame"}
{"Time":"2026-10-03T22:45:59.152735-03:00","Action":"pass","Package":"golang.org/x/tools/internal/typesinternal","Test":"TestGonNoEffects","Elapsed":0}
{"Time":"2026-10-03T22:45:59.152742-03:00","Action":"run","Package":"golang.org/x/tools/internal/typesinternal","Test":"TestGonEnumZeroValue"}
{"Time":"2026-10-03T22:45:59.15275-03:00","Action":"output","Package":"golang.org/x/tools/internal/typesinternal","Test":"TestGonEnumZeroValue","Output":"=== RUN   TestGonEnumZeroValue\n","OutputType":"frame"}
{"Time":"2026-10-03T22:45:59.152845-03:00","Action":"run","Package":"golang.org/x/tools/internal/typesinternal","Test":"TestGonEnumZeroValue/Result[int,_error]"}
{"Time":"2026-10-03T22:45:59.152855-03:00","Action":"output","Package":"golang.org/x/tools/internal/typesinternal","Test":"TestGonEnumZeroValue/Result[int,_error]","Output":"=== RUN   TestGonEnumZeroValue/Result[int,_error]\n","OutputType":"frame"}
{"Time":"2026-10-03T22:45:59.153295-03:00","Action":"output","Package":"golang.org/x/tools/internal/typesinternal","Test":"TestGonEnumZeroValue/Result[int,_error]","Output":"--- PASS: TestGonEnumZeroValue/Result[int,_error] (0.00s)\n","OutputType":"frame"}
{"Time":"2026-10-03T22:45:59.153311-03:00","Action":"pass","Package":"golang.org/x/tools/internal/typesinternal","Test":"TestGonEnumZeroValue/Result[int,_error]","Elapsed":0}
{"Time":"2026-10-03T22:45:59.153319-03:00","Action":"run","Package":"golang.org/x/tools/internal/typesinternal","Test":"TestGonEnumZeroValue/int?"}
{"Time":"2026-10-03T22:45:59.153325-03:00","Action":"output","Package":"golang.org/x/tools/internal/typesinternal","Test":"TestGonEnumZeroValue/int?","Output":"=== RUN   TestGonEnumZeroValue/int?\n","OutputType":"frame"}
{"Time":"2026-10-03T22:45:59.153422-03:00","Action":"output","Package":"golang.org/x/tools/internal/typesinternal","Test":"TestGonEnumZeroValue/int?","Output":"--- PASS: TestGonEnumZeroValue/int? (0.00s)\n","OutputType":"frame"}
{"Time":"2026-10-03T22:45:59.153433-03:00","Action":"pass","Package":"golang.org/x/tools/internal/typesinternal","Test":"TestGonEnumZeroValue/int?","Elapsed":0}
{"Time":"2026-10-03T22:45:59.153439-03:00","Action":"run","Package":"golang.org/x/tools/internal/typesinternal","Test":"TestGonEnumZeroValue/lib.Unit"}
{"Time":"2026-10-03T22:45:59.153444-03:00","Action":"output","Package":"golang.org/x/tools/internal/typesinternal","Test":"TestGonEnumZeroValue/lib.Unit","Output":"=== RUN   TestGonEnumZeroValue/lib.Unit\n","OutputType":"frame"}
{"Time":"2026-10-03T22:45:59.15347-03:00","Action":"output","Package":"golang.org/x/tools/internal/typesinternal","Test":"TestGonEnumZeroValue/lib.Unit","Output":"--- PASS: TestGonEnumZeroValue/lib.Unit (0.00s)\n","OutputType":"frame"}
{"Time":"2026-10-03T22:45:59.153478-03:00","Action":"pass","Package":"golang.org/x/tools/internal/typesinternal","Test":"TestGonEnumZeroValue/lib.Unit","Elapsed":0}
{"Time":"2026-10-03T22:45:59.153484-03:00","Action":"run","Package":"golang.org/x/tools/internal/typesinternal","Test":"TestGonEnumZeroValue/lib.Pos"}
{"Time":"2026-10-03T22:45:59.153489-03:00","Action":"output","Package":"golang.org/x/tools/internal/typesinternal","Test":"TestGonEnumZeroValue/lib.Pos","Output":"=== RUN   TestGonEnumZeroValue/lib.Pos\n","OutputType":"frame"}
{"Time":"2026-10-03T22:45:59.153498-03:00","Action":"output","Package":"golang.org/x/tools/internal/typesinternal","Test":"TestGonEnumZeroValue/lib.Pos","Output":"--- PASS: TestGonEnumZeroValue/lib.Pos (0.00s)\n","OutputType":"frame"}
{"Time":"2026-10-03T22:45:59.153505-03:00","Action":"pass","Package":"golang.org/x/tools/internal/typesinternal","Test":"TestGonEnumZeroValue/lib.Pos","Elapsed":0}
{"Time":"2026-10-03T22:45:59.15351-03:00","Action":"run","Package":"golang.org/x/tools/internal/typesinternal","Test":"TestGonEnumZeroValue/lib.Record"}
{"Time":"2026-10-03T22:45:59.153514-03:00","Action":"output","Package":"golang.org/x/tools/internal/typesinternal","Test":"TestGonEnumZeroValue/lib.Record","Output":"=== RUN   TestGonEnumZeroValue/lib.Record\n","OutputType":"frame"}
{"Time":"2026-10-03T22:45:59.153541-03:00","Action":"output","Package":"golang.org/x/tools/internal/typesinternal","Test":"TestGonEnumZeroValue/lib.Record","Output":"--- PASS: TestGonEnumZeroValue/lib.Record (0.00s)\n","OutputType":"frame"}
{"Time":"2026-10-03T22:45:59.15355-03:00","Action":"pass","Package":"golang.org/x/tools/internal/typesinternal","Test":"TestGonEnumZeroValue/lib.Record","Elapsed":0}
{"Time":"2026-10-03T22:45:59.153555-03:00","Action":"run","Package":"golang.org/x/tools/internal/typesinternal","Test":"TestGonEnumZeroValue/lib.Alias"}
{"Time":"2026-10-03T22:45:59.15356-03:00","Action":"output","Package":"golang.org/x/tools/internal/typesinternal","Test":"TestGonEnumZeroValue/lib.Alias","Output":"=== RUN   TestGonEnumZeroValue/lib.Alias\n","OutputType":"frame"}
{"Time":"2026-10-03T22:45:59.153584-03:00","Action":"output","Package":"golang.org/x/tools/internal/typesinternal","Test":"TestGonEnumZeroValue/lib.Alias","Output":"--- PASS: TestGonEnumZeroValue/lib.Alias (0.00s)\n","OutputType":"frame"}
{"Time":"2026-10-03T22:45:59.15359-03:00","Action":"pass","Package":"golang.org/x/tools/internal/typesinternal","Test":"TestGonEnumZeroValue/lib.Alias","Elapsed":0}
{"Time":"2026-10-03T22:45:59.153596-03:00","Action":"run","Package":"golang.org/x/tools/internal/typesinternal","Test":"TestGonEnumZeroValue/lib.Generic[int]"}
{"Time":"2026-10-03T22:45:59.153601-03:00","Action":"output","Package":"golang.org/x/tools/internal/typesinternal","Test":"TestGonEnumZeroValue/lib.Generic[int]","Output":"=== RUN   TestGonEnumZeroValue/lib.Generic[int]\n","OutputType":"frame"}
{"Time":"2026-10-03T22:45:59.153645-03:00","Action":"output","Package":"golang.org/x/tools/internal/typesinternal","Test":"TestGonEnumZeroValue/lib.Generic[int]","Output":"--- PASS: TestGonEnumZeroValue/lib.Generic[int] (0.00s)\n","OutputType":"frame"}
{"Time":"2026-10-03T22:45:59.153653-03:00","Action":"pass","Package":"golang.org/x/tools/internal/typesinternal","Test":"TestGonEnumZeroValue/lib.Generic[int]","Elapsed":0}
{"Time":"2026-10-03T22:45:59.153658-03:00","Action":"output","Package":"golang.org/x/tools/internal/typesinternal","Test":"TestGonEnumZeroValue","Output":"--- PASS: TestGonEnumZeroValue (0.00s)\n","OutputType":"frame"}
{"Time":"2026-10-03T22:45:59.153663-03:00","Action":"pass","Package":"golang.org/x/tools/internal/typesinternal","Test":"TestGonEnumZeroValue","Elapsed":0}
{"Time":"2026-10-03T22:45:59.153676-03:00","Action":"output","Package":"golang.org/x/tools/internal/typesinternal","Output":"PASS\n","OutputType":"frame"}
{"Time":"2026-10-03T22:45:59.154265-03:00","Action":"output","Package":"golang.org/x/tools/internal/typesinternal","Output":"ok  \tgolang.org/x/tools/internal/typesinternal\t0.233s\n"}
{"Time":"2026-10-03T22:45:59.154276-03:00","Action":"pass","Package":"golang.org/x/tools/internal/typesinternal","Elapsed":0.234}
