npm warn Unknown user config "always-auth". This will stop working in the next major version of npm. See `npm help npmrc` for supported config options.

> gon@0.1.0 package
> vsce package --no-dependencies --allow-missing-repository -o ../gon-0.1.0.vsix

Executing prepublish script 'npm run vscode:prepublish'...
npm warn Unknown env config "always-auth". This will stop working in the next major version of npm. See `npm help npmrc` for supported config options.
npm warn Unknown user config "always-auth". This will stop working in the next major version of npm. See `npm help npmrc` for supported config options.

> gon@0.1.0 vscode:prepublish
> npm run compile

npm warn Unknown env config "always-auth". This will stop working in the next major version of npm. See `npm help npmrc` for supported config options.
npm warn Unknown user config "always-auth". This will stop working in the next major version of npm. See `npm help npmrc` for supported config options.

> gon@0.1.0 compile
> npm run typecheck && esbuild src/gon/extension.ts --bundle --outfile=dist/gonMain.js --external:vscode --format=cjs --platform=node

npm warn Unknown env config "always-auth". This will stop working in the next major version of npm. See `npm help npmrc` for supported config options.
npm warn Unknown user config "always-auth". This will stop working in the next major version of npm. See `npm help npmrc` for supported config options.

> gon@0.1.0 typecheck
> tsc -p tsconfig.gon.json --noEmit


  dist/gonMain.js  986.5kb

⚡ Done in 72ms
 INFO  Files included in the VSIX:
gon-0.1.0.vsix
├─ [Content_Types].xml
├─ extension.vsixmanifest
└─ extension/
   ├─ LICENSE.txt [50.74 KB]
   ├─ changelog.md [0.79 KB]
   ├─ package.json [17.17 KB]
   ├─ readme.md [9.09 KB]
   ├─ dist/
   │  └─ gonMain.js [986.51 KB]
   ├─ languages/
   │  └─ gon.language-configuration.json [1.52 KB]
   ├─ media/
   │  ├─ go-logo-blue.png [2.87 KB]
   │  └─ gon_logo.png [996.52 KB]
   ├─ snippets/
   │  ├─ go.json [8.62 KB]
   │  └─ gon.json [2.34 KB]
   └─ syntaxes/
      └─ gon.tmLanguage.json [1.77 KB]

 DONE  Packaged: ../gon-0.1.0.vsix (13 files, 1.12 MB)
