baseline: go version go1.27.1 darwin/arm64; target: js/wasm
ok: errorhandling legacy on js/wasm
ok: errorhandling modern on js/wasm
ok: errorhandling no-inline on js/wasm
ok: conditional legacy on js/wasm
ok: conditional modern on js/wasm
ok: conditional no-inline on js/wasm
ok: lambda legacy on js/wasm
ok: lambda modern on js/wasm
ok: lambda no-inline on js/wasm
ok: nullsafety legacy on js/wasm
ok: nullsafety modern on js/wasm
ok: nullsafety no-inline on js/wasm
ok: enums/matching/Option/Result legacy on js/wasm
ok: enums/matching/Option/Result modern on js/wasm
ok: enums/matching/Option/Result no-inline on js/wasm
ok: namedarguments legacy on js/wasm
ok: namedarguments modern on js/wasm
ok: namedarguments no-inline on js/wasm
ok: optional-syntax legacy on js/wasm
ok: optional-syntax modern on js/wasm
ok: optional-syntax no-inline on js/wasm
ok: optional-boundaries legacy on js/wasm
ok: optional-boundaries modern on js/wasm
ok: optional-boundaries no-inline on js/wasm
